D:\source\repos\LYBTZYZS\src\Backend\Services\LYBT.WebAPI\LYBT.WebAPI.csproj : warning NU1608: 检测到的包版本在依赖项约束之外: AutoMapper.Extensions.Microsoft.DependencyInjection 12.0.1 需要 AutoMapper (= 12.0.1)，但版本 AutoMapper 15.0.1 已解决。
D:\source\repos\LYBTZYZS\src\Backend\Modules\LYBT.Module.Consultation\LYBT.Module.Consultation.csproj : warning NU1603: LYBT.Module.Consultation 依赖于 Microsoft.Extensions.DependencyInjection.Abstractions (>= 8.0.5)，但没有找到 Microsoft.Extensions.DependencyInjection.Abstractions 8.0.5。已改为解析 Microsoft.Extensions.DependencyInjection.Abstractions 9.0.0。
D:\source\repos\LYBTZYZS\src\Backend\Modules\LYBT.Module.Consultation\LYBT.Module.Consultation.csproj : warning NU1603: LYBT.Module.Consultation 依赖于 Microsoft.Extensions.Logging.Abstractions (>= 8.0.5)，但没有找到 Microsoft.Extensions.Logging.Abstractions 8.0.5。已改为解析 Microsoft.Extensions.Logging.Abstractions 9.0.0。
D:\source\repos\LYBTZYZS\src\Backend\Modules\LYBT.Module.Consultation\LYBT.Module.Consultation.csproj : warning NU1608: 检测到的包版本在依赖项约束之外: AutoMapper.Extensions.Microsoft.DependencyInjection 12.0.1 需要 AutoMapper (= 12.0.1)，但版本 AutoMapper 13.0.1 已解决。
  LYBT.Shared.Models -> D:\source\repos\LYBTZYZS\src\Shared\LYBT.Shared.Models\bin\Debug\net8.0\LYBT.Shared.Models.dll
  LYBT.Models -> D:\source\repos\LYBTZYZS\src\Backend\Core\BIN\Debug\net8.0\LYBT.Models.dll
  LYBT.Shared.Utilities -> D:\source\repos\LYBTZYZS\src\BIN\Debug\net8.0\LYBT.Shared.Utilities.dll
  LYBT.Infrastructure -> D:\source\repos\LYBTZYZS\src\Backend\Core\BIN\Debug\net8.0\LYBT.Infrastructure.dll
  LYBT.Module.Patients -> D:\source\repos\LYBTZYZS\src\Backend\Modules\BIN\Debug\net8.0\LYBT.Module.Patients.dll
  LYBT.Module.Users -> D:\source\repos\LYBTZYZS\src\Backend\Modules\BIN\Debug\net8.0\LYBT.Module.Users.dll
  LYBT.Module.Herbs -> D:\source\repos\LYBTZYZS\src\Backend\Modules\BIN\Debug\net8.0\LYBT.Module.Herbs.dll
D:\source\repos\LYBTZYZS\src\Backend\Modules\LYBT.Module.TreatmentRoom\Services\TreatmentRoomService.cs(385,47): warning CS1998: 此异步方法缺少 "await" 运算符，将以同步方式运行。请考虑使用 "await" 运算符等待非阻止的 API 调用，或者使用 "await Task.Run(...)" 在后台线程上执行占用大量 CPU 的工作。 [D:\source\repos\LYBTZYZS\src\Backend\Modules\LYBT.Module.TreatmentRoom\LYBT.Module.TreatmentRoom.csproj]
  LYBT.Module.Queueing -> D:\source\repos\LYBTZYZS\src\Backend\Modules\BIN\Debug\net8.0\LYBT.Module.Queueing.dll
  LYBT.Module.Auth -> D:\source\repos\LYBTZYZS\src\Backend\Modules\BIN\Debug\net8.0\LYBT.Module.Auth.dll
  LYBT.Module.Doctors -> D:\source\repos\LYBTZYZS\src\Backend\Modules\BIN\Debug\net8.0\LYBT.Module.Doctors.dll
  LYBT.Module.TreatmentRoom -> D:\source\repos\LYBTZYZS\src\Backend\Modules\BIN\Debug\net8.0\LYBT.Module.TreatmentRoom.dll
  LYBT.Module.Consultation -> D:\source\repos\LYBTZYZS\src\Backend\Modules\LYBT.Module.Consultation\bin\Debug\net8.0\LYBT.Module.Consultation.dll
D:\source\repos\LYBTZYZS\src\Backend\Modules\LYBT.Module.Pharmacy\Services\PharmacyService.cs(97,54): error CS0246: 未能找到类型或命名空间名“PharmacyDispenseDto”(是否缺少 using 指令或程序集引用?) [D:\source\repos\LYBTZYZS\src\Backend\Modules\LYBT.Module.Pharmacy\LYBT.Module.Pharmacy.csproj]
D:\source\repos\LYBTZYZS\src\Backend\Modules\LYBT.Module.Prescriptions\Services\PrescriptionService.cs(229,29): warning CS8601: 可能的 null 引用赋值。 [D:\source\repos\LYBTZYZS\src\Backend\Modules\LYBT.Module.Prescriptions\LYBT.Module.Prescriptions.csproj]
D:\source\repos\LYBTZYZS\src\Backend\Modules\LYBT.Module.Prescriptions\Services\IntelligentPrescriptionService.cs(203,57): warning CS1998: 此异步方法缺少 "await" 运算符，将以同步方式运行。请考虑使用 "await" 运算符等待非阻止的 API 调用，或者使用 "await Task.Run(...)" 在后台线程上执行占用大量 CPU 的工作。 [D:\source\repos\LYBTZYZS\src\Backend\Modules\LYBT.Module.Prescriptions\LYBT.Module.Prescriptions.csproj]
D:\source\repos\LYBTZYZS\src\Backend\Modules\LYBT.Module.Prescriptions\Services\PrescriptionService.cs(300,14): error CS0131: 赋值号左边必须是变量、属性或索引器 [D:\source\repos\LYBTZYZS\src\Backend\Modules\LYBT.Module.Prescriptions\LYBT.Module.Prescriptions.csproj]
D:\source\repos\LYBTZYZS\src\Backend\Modules\LYBT.Module.Prescriptions\Services\PrescriptionService.cs(301,14): error CS0131: 赋值号左边必须是变量、属性或索引器 [D:\source\repos\LYBTZYZS\src\Backend\Modules\LYBT.Module.Prescriptions\LYBT.Module.Prescriptions.csproj]
D:\source\repos\LYBTZYZS\src\Backend\Modules\LYBT.Module.Registration\Services\RegistrationService.cs(75,47): error CS0117: “RegistrationStatus”未包含“Pending”的定义 [D:\source\repos\LYBTZYZS\src\Backend\Modules\LYBT.Module.Registration\LYBT.Module.Registration.csproj]
D:\source\repos\LYBTZYZS\src\Backend\Modules\LYBT.Module.Registration\Repositories\RegistrationRepository.cs(104,61): error CS1061: “RegistrationModel”未包含“CreatedAt”的定义，并且找不到可接受第一个“RegistrationModel”类型参数的可访问扩展方法“CreatedAt”(是否缺少 using 指令或程序集引用?) [D:\source\repos\LYBTZYZS\src\Backend\Modules\LYBT.Module.Registration\LYBT.Module.Registration.csproj]
D:\source\repos\LYBTZYZS\src\Backend\Modules\LYBT.Module.Registration\Services\RegistrationService.cs(160,88): error CS0117: “RegistrationStatus”未包含“Pending”的定义 [D:\source\repos\LYBTZYZS\src\Backend\Modules\LYBT.Module.Registration\LYBT.Module.Registration.csproj]
D:\source\repos\LYBTZYZS\src\Backend\Modules\LYBT.Module.Registration\Services\RegistrationService.cs(161,91): error CS0117: “RegistrationStatus”未包含“Processing”的定义 [D:\source\repos\LYBTZYZS\src\Backend\Modules\LYBT.Module.Registration\LYBT.Module.Registration.csproj]
D:\source\repos\LYBTZYZS\src\Backend\Modules\LYBT.Module.Registration\Services\RegistrationService.cs(172,83): error CS0117: “RegistrationStatus”未包含“Pending”的定义 [D:\source\repos\LYBTZYZS\src\Backend\Modules\LYBT.Module.Registration\LYBT.Module.Registration.csproj]
D:\source\repos\LYBTZYZS\src\Backend\Modules\LYBT.Module.Registration\Services\RegistrationService.cs(176,54): error CS0117: “RegistrationStatus”未包含“Processing”的定义 [D:\source\repos\LYBTZYZS\src\Backend\Modules\LYBT.Module.Registration\LYBT.Module.Registration.csproj]
D:\source\repos\LYBTZYZS\src\Backend\Modules\LYBT.Module.Registration\Services\RegistrationService.cs(192,83): error CS0117: “RegistrationStatus”未包含“Processing”的定义 [D:\source\repos\LYBTZYZS\src\Backend\Modules\LYBT.Module.Registration\LYBT.Module.Registration.csproj]
D:\source\repos\LYBTZYZS\src\Backend\Modules\LYBT.Module.Registration\Services\RegistrationService.cs(212,92): error CS0117: “RegistrationStatus”未包含“Processing”的定义 [D:\source\repos\LYBTZYZS\src\Backend\Modules\LYBT.Module.Registration\LYBT.Module.Registration.csproj]
D:\source\repos\LYBTZYZS\src\Backend\Modules\LYBT.Module.Registration\Services\RegistrationService.cs(222,60): error CS0117: “RegistrationStatus”未包含“Pending”的定义 [D:\source\repos\LYBTZYZS\src\Backend\Modules\LYBT.Module.Registration\LYBT.Module.Registration.csproj]

生成失败。

D:\source\repos\LYBTZYZS\src\Backend\Services\LYBT.WebAPI\LYBT.WebAPI.csproj : warning NU1608: 检测到的包版本在依赖项约束之外: AutoMapper.Extensions.Microsoft.DependencyInjection 12.0.1 需要 AutoMapper (= 12.0.1)，但版本 AutoMapper 15.0.1 已解决。
D:\source\repos\LYBTZYZS\src\Backend\Modules\LYBT.Module.Consultation\LYBT.Module.Consultation.csproj : warning NU1603: LYBT.Module.Consultation 依赖于 Microsoft.Extensions.DependencyInjection.Abstractions (>= 8.0.5)，但没有找到 Microsoft.Extensions.DependencyInjection.Abstractions 8.0.5。已改为解析 Microsoft.Extensions.DependencyInjection.Abstractions 9.0.0。
D:\source\repos\LYBTZYZS\src\Backend\Modules\LYBT.Module.Consultation\LYBT.Module.Consultation.csproj : warning NU1603: LYBT.Module.Consultation 依赖于 Microsoft.Extensions.Logging.Abstractions (>= 8.0.5)，但没有找到 Microsoft.Extensions.Logging.Abstractions 8.0.5。已改为解析 Microsoft.Extensions.Logging.Abstractions 9.0.0。
D:\source\repos\LYBTZYZS\src\Backend\Modules\LYBT.Module.Consultation\LYBT.Module.Consultation.csproj : warning NU1608: 检测到的包版本在依赖项约束之外: AutoMapper.Extensions.Microsoft.DependencyInjection 12.0.1 需要 AutoMapper (= 12.0.1)，但版本 AutoMapper 13.0.1 已解决。
D:\source\repos\LYBTZYZS\src\Backend\Modules\LYBT.Module.TreatmentRoom\Services\TreatmentRoomService.cs(385,47): warning CS1998: 此异步方法缺少 "await" 运算符，将以同步方式运行。请考虑使用 "await" 运算符等待非阻止的 API 调用，或者使用 "await Task.Run(...)" 在后台线程上执行占用大量 CPU 的工作。 [D:\source\repos\LYBTZYZS\src\Backend\Modules\LYBT.Module.TreatmentRoom\LYBT.Module.TreatmentRoom.csproj]
D:\source\repos\LYBTZYZS\src\Backend\Modules\LYBT.Module.Prescriptions\Services\PrescriptionService.cs(229,29): warning CS8601: 可能的 null 引用赋值。 [D:\source\repos\LYBTZYZS\src\Backend\Modules\LYBT.Module.Prescriptions\LYBT.Module.Prescriptions.csproj]
D:\source\repos\LYBTZYZS\src\Backend\Modules\LYBT.Module.Prescriptions\Services\IntelligentPrescriptionService.cs(203,57): warning CS1998: 此异步方法缺少 "await" 运算符，将以同步方式运行。请考虑使用 "await" 运算符等待非阻止的 API 调用，或者使用 "await Task.Run(...)" 在后台线程上执行占用大量 CPU 的工作。 [D:\source\repos\LYBTZYZS\src\Backend\Modules\LYBT.Module.Prescriptions\LYBT.Module.Prescriptions.csproj]
D:\source\repos\LYBTZYZS\src\Backend\Modules\LYBT.Module.Pharmacy\Services\PharmacyService.cs(97,54): error CS0246: 未能找到类型或命名空间名“PharmacyDispenseDto”(是否缺少 using 指令或程序集引用?) [D:\source\repos\LYBTZYZS\src\Backend\Modules\LYBT.Module.Pharmacy\LYBT.Module.Pharmacy.csproj]
D:\source\repos\LYBTZYZS\src\Backend\Modules\LYBT.Module.Prescriptions\Services\PrescriptionService.cs(300,14): error CS0131: 赋值号左边必须是变量、属性或索引器 [D:\source\repos\LYBTZYZS\src\Backend\Modules\LYBT.Module.Prescriptions\LYBT.Module.Prescriptions.csproj]
D:\source\repos\LYBTZYZS\src\Backend\Modules\LYBT.Module.Prescriptions\Services\PrescriptionService.cs(301,14): error CS0131: 赋值号左边必须是变量、属性或索引器 [D:\source\repos\LYBTZYZS\src\Backend\Modules\LYBT.Module.Prescriptions\LYBT.Module.Prescriptions.csproj]
D:\source\repos\LYBTZYZS\src\Backend\Modules\LYBT.Module.Registration\Services\RegistrationService.cs(75,47): error CS0117: “RegistrationStatus”未包含“Pending”的定义 [D:\source\repos\LYBTZYZS\src\Backend\Modules\LYBT.Module.Registration\LYBT.Module.Registration.csproj]
D:\source\repos\LYBTZYZS\src\Backend\Modules\LYBT.Module.Registration\Repositories\RegistrationRepository.cs(104,61): error CS1061: “RegistrationModel”未包含“CreatedAt”的定义，并且找不到可接受第一个“RegistrationModel”类型参数的可访问扩展方法“CreatedAt”(是否缺少 using 指令或程序集引用?) [D:\source\repos\LYBTZYZS\src\Backend\Modules\LYBT.Module.Registration\LYBT.Module.Registration.csproj]
D:\source\repos\LYBTZYZS\src\Backend\Modules\LYBT.Module.Registration\Services\RegistrationService.cs(160,88): error CS0117: “RegistrationStatus”未包含“Pending”的定义 [D:\source\repos\LYBTZYZS\src\Backend\Modules\LYBT.Module.Registration\LYBT.Module.Registration.csproj]
D:\source\repos\LYBTZYZS\src\Backend\Modules\LYBT.Module.Registration\Services\RegistrationService.cs(161,91): error CS0117: “RegistrationStatus”未包含“Processing”的定义 [D:\source\repos\LYBTZYZS\src\Backend\Modules\LYBT.Module.Registration\LYBT.Module.Registration.csproj]
D:\source\repos\LYBTZYZS\src\Backend\Modules\LYBT.Module.Registration\Services\RegistrationService.cs(172,83): error CS0117: “RegistrationStatus”未包含“Pending”的定义 [D:\source\repos\LYBTZYZS\src\Backend\Modules\LYBT.Module.Registration\LYBT.Module.Registration.csproj]
D:\source\repos\LYBTZYZS\src\Backend\Modules\LYBT.Module.Registration\Services\RegistrationService.cs(176,54): error CS0117: “RegistrationStatus”未包含“Processing”的定义 [D:\source\repos\LYBTZYZS\src\Backend\Modules\LYBT.Module.Registration\LYBT.Module.Registration.csproj]
D:\source\repos\LYBTZYZS\src\Backend\Modules\LYBT.Module.Registration\Services\RegistrationService.cs(192,83): error CS0117: “RegistrationStatus”未包含“Processing”的定义 [D:\source\repos\LYBTZYZS\src\Backend\Modules\LYBT.Module.Registration\LYBT.Module.Registration.csproj]
D:\source\repos\LYBTZYZS\src\Backend\Modules\LYBT.Module.Registration\Services\RegistrationService.cs(212,92): error CS0117: “RegistrationStatus”未包含“Processing”的定义 [D:\source\repos\LYBTZYZS\src\Backend\Modules\LYBT.Module.Registration\LYBT.Module.Registration.csproj]
D:\source\repos\LYBTZYZS\src\Backend\Modules\LYBT.Module.Registration\Services\RegistrationService.cs(222,60): error CS0117: “RegistrationStatus”未包含“Pending”的定义 [D:\source\repos\LYBTZYZS\src\Backend\Modules\LYBT.Module.Registration\LYBT.Module.Registration.csproj]
    7 个警告
    12 个错误

已用时间 00:00:02.73
