  正在确定要还原的项目…
  所有项目均是最新的，无法还原。
  LYBT.Shared.Models -> D:\source\repos\LYBTZYZS\src\Shared\LYBT.Shared.Models\bin\Debug\net8.0\LYBT.Shared.Models.dll
  LYBT.Models -> D:\source\repos\LYBTZYZS\src\Backend\Core\BIN\Debug\net8.0\LYBT.Models.dll
  LYBT.Shared.Utilities -> D:\source\repos\LYBTZYZS\src\BIN\Debug\net8.0\LYBT.Shared.Utilities.dll
  LYBT.Infrastructure -> D:\source\repos\LYBTZYZS\src\Backend\Core\BIN\Debug\net8.0\LYBT.Infrastructure.dll
  LYBT.Module.MedicalCase -> D:\source\repos\LYBTZYZS\src\Backend\Modules\LYBT.Module.MedicalCase\bin\Debug\net8.0\LYBT.Module.MedicalCase.dll
  LYBT.Module.Herbs -> D:\source\repos\LYBTZYZS\src\Backend\Modules\BIN\Debug\net8.0\LYBT.Module.Herbs.dll
  LYBT.Module.Users -> D:\source\repos\LYBTZYZS\src\Backend\Modules\BIN\Debug\net8.0\LYBT.Module.Users.dll
D:\source\repos\LYBTZYZS\src\Frontend\Desktop\Core\Caching\MemoryCacheService.cs(5,22): error CS0234: 命名空间“System.Runtime”中不存在类型或命名空间名“Caching”(是否缺少程序集引用?) [D:\source\repos\LYBTZYZS\src\Frontend\Desktop\Core\LYBT.WPF.Client.Core_p5hancuu_wpftmp.csproj]
D:\source\repos\LYBTZYZS\src\Frontend\Desktop\Core\Extensions\PollyExtensions.cs(4,7): error CS0246: 未能找到类型或命名空间名“Polly”(是否缺少 using 指令或程序集引用?) [D:\source\repos\LYBTZYZS\src\Frontend\Desktop\Core\LYBT.WPF.Client.Core_p5hancuu_wpftmp.csproj]
D:\source\repos\LYBTZYZS\src\Frontend\Desktop\Core\Extensions\PollyExtensions.cs(5,7): error CS0246: 未能找到类型或命名空间名“Polly”(是否缺少 using 指令或程序集引用?) [D:\source\repos\LYBTZYZS\src\Frontend\Desktop\Core\LYBT.WPF.Client.Core_p5hancuu_wpftmp.csproj]
D:\source\repos\LYBTZYZS\src\Frontend\Desktop\Core\Http\HttpClientFactory.cs(11,7): error CS0246: 未能找到类型或命名空间名“Polly”(是否缺少 using 指令或程序集引用?) [D:\source\repos\LYBTZYZS\src\Frontend\Desktop\Core\LYBT.WPF.Client.Core_p5hancuu_wpftmp.csproj]
D:\source\repos\LYBTZYZS\src\Frontend\Desktop\Core\Http\HttpClientFactory.cs(12,7): error CS0246: 未能找到类型或命名空间名“Polly”(是否缺少 using 指令或程序集引用?) [D:\source\repos\LYBTZYZS\src\Frontend\Desktop\Core\LYBT.WPF.Client.Core_p5hancuu_wpftmp.csproj]
D:\source\repos\LYBTZYZS\src\Frontend\Desktop\Core\Http\HttpClientFactory.cs(13,7): error CS0246: 未能找到类型或命名空间名“Polly”(是否缺少 using 指令或程序集引用?) [D:\source\repos\LYBTZYZS\src\Frontend\Desktop\Core\LYBT.WPF.Client.Core_p5hancuu_wpftmp.csproj]
D:\source\repos\LYBTZYZS\src\Frontend\Desktop\Core\Http\HttpClientFactory.cs(14,7): error CS0246: 未能找到类型或命名空间名“Polly”(是否缺少 using 指令或程序集引用?) [D:\source\repos\LYBTZYZS\src\Frontend\Desktop\Core\LYBT.WPF.Client.Core_p5hancuu_wpftmp.csproj]
D:\source\repos\LYBTZYZS\src\Frontend\Desktop\Core\Services\BaseApiService.cs(7,7): error CS0246: 未能找到类型或命名空间名“Polly”(是否缺少 using 指令或程序集引用?) [D:\source\repos\LYBTZYZS\src\Frontend\Desktop\Core\LYBT.WPF.Client.Core_p5hancuu_wpftmp.csproj]
D:\source\repos\LYBTZYZS\src\Frontend\Desktop\Core\Services\BaseApiService.cs(8,7): error CS0246: 未能找到类型或命名空间名“Polly”(是否缺少 using 指令或程序集引用?) [D:\source\repos\LYBTZYZS\src\Frontend\Desktop\Core\LYBT.WPF.Client.Core_p5hancuu_wpftmp.csproj]
D:\source\repos\LYBTZYZS\src\Frontend\Desktop\Core\Services\BaseApiService.cs(9,7): error CS0246: 未能找到类型或命名空间名“Polly”(是否缺少 using 指令或程序集引用?) [D:\source\repos\LYBTZYZS\src\Frontend\Desktop\Core\LYBT.WPF.Client.Core_p5hancuu_wpftmp.csproj]
D:\source\repos\LYBTZYZS\src\Frontend\Desktop\Core\Async\AsyncOptimization.cs(271,26): error CS0246: 未能找到类型或命名空间名“BlockingCollection<>”(是否缺少 using 指令或程序集引用?) [D:\source\repos\LYBTZYZS\src\Frontend\Desktop\Core\LYBT.WPF.Client.Core_p5hancuu_wpftmp.csproj]
D:\source\repos\LYBTZYZS\src\Frontend\Desktop\Core\Async\AsyncOptimization.cs(336,26): error CS0246: 未能找到类型或命名空间名“ConcurrentDictionary<,>”(是否缺少 using 指令或程序集引用?) [D:\source\repos\LYBTZYZS\src\Frontend\Desktop\Core\LYBT.WPF.Client.Core_p5hancuu_wpftmp.csproj]
D:\source\repos\LYBTZYZS\src\Frontend\Desktop\Core\Exceptions\SpecificExceptions.cs(39,18): error CS0101: 命名空间“LYBT.WPF.Client.Core.Exceptions”已经包含“AuthenticationException”的定义 [D:\source\repos\LYBTZYZS\src\Frontend\Desktop\Core\LYBT.WPF.Client.Core_p5hancuu_wpftmp.csproj]
D:\source\repos\LYBTZYZS\src\Frontend\Desktop\Core\Exceptions\SpecificExceptions.cs(100,18): error CS0101: 命名空间“LYBT.WPF.Client.Core.Exceptions”已经包含“BusinessException”的定义 [D:\source\repos\LYBTZYZS\src\Frontend\Desktop\Core\LYBT.WPF.Client.Core_p5hancuu_wpftmp.csproj]
D:\source\repos\LYBTZYZS\src\Frontend\Desktop\Core\Exceptions\SpecificExceptions.cs(9,18): error CS0101: 命名空间“LYBT.WPF.Client.Core.Exceptions”已经包含“NetworkException”的定义 [D:\source\repos\LYBTZYZS\src\Frontend\Desktop\Core\LYBT.WPF.Client.Core_p5hancuu_wpftmp.csproj]
D:\source\repos\LYBTZYZS\src\Frontend\Desktop\Core\Exceptions\ValidationException.cs(11,18): error CS0101: 命名空间“LYBT.WPF.Client.Core.Exceptions”已经包含“ValidationException”的定义 [D:\source\repos\LYBTZYZS\src\Frontend\Desktop\Core\LYBT.WPF.Client.Core_p5hancuu_wpftmp.csproj]
D:\source\repos\LYBTZYZS\src\Frontend\Desktop\Core\Exceptions\ApplicationException.cs(114,30): warning CS0672: 成员“ApplicationException.GetObjectData(SerializationInfo, StreamingContext)”将重写过时的成员“Exception.GetObjectData(SerializationInfo, StreamingContext)”。请向“ApplicationException.GetObjectData(SerializationInfo, StreamingContext)”中添加 Obsolete 特性。 [D:\source\repos\LYBTZYZS\src\Frontend\Desktop\Core\LYBT.WPF.Client.Core_p5hancuu_wpftmp.csproj]
D:\source\repos\LYBTZYZS\src\Frontend\Desktop\Core\Exceptions\AuthenticationException.cs(9,18): error CS0263: “AuthenticationException”的分部声明一定不能指定不同的基类 [D:\source\repos\LYBTZYZS\src\Frontend\Desktop\Core\LYBT.WPF.Client.Core_p5hancuu_wpftmp.csproj]
D:\source\repos\LYBTZYZS\src\Frontend\Desktop\Core\Exceptions\SpecificExceptions.cs(44,74): warning CS8625: 无法将 null 字面量转换为非 null 的引用类型。 [D:\source\repos\LYBTZYZS\src\Frontend\Desktop\Core\LYBT.WPF.Client.Core_p5hancuu_wpftmp.csproj]
D:\source\repos\LYBTZYZS\src\Frontend\Desktop\Core\Exceptions\BusinessException.cs(9,18): error CS0263: “BusinessException”的分部声明一定不能指定不同的基类 [D:\source\repos\LYBTZYZS\src\Frontend\Desktop\Core\LYBT.WPF.Client.Core_p5hancuu_wpftmp.csproj]
D:\source\repos\LYBTZYZS\src\Frontend\Desktop\Core\Exceptions\SpecificExceptions.cs(105,72): warning CS8625: 无法将 null 字面量转换为非 null 的引用类型。 [D:\source\repos\LYBTZYZS\src\Frontend\Desktop\Core\LYBT.WPF.Client.Core_p5hancuu_wpftmp.csproj]
D:\source\repos\LYBTZYZS\src\Frontend\Desktop\Core\Exceptions\NetworkException.cs(10,18): error CS0263: “NetworkException”的分部声明一定不能指定不同的基类 [D:\source\repos\LYBTZYZS\src\Frontend\Desktop\Core\LYBT.WPF.Client.Core_p5hancuu_wpftmp.csproj]
D:\source\repos\LYBTZYZS\src\Frontend\Desktop\Core\Exceptions\SpecificExceptions.cs(67,83): warning CS8625: 无法将 null 字面量转换为非 null 的引用类型。 [D:\source\repos\LYBTZYZS\src\Frontend\Desktop\Core\LYBT.WPF.Client.Core_p5hancuu_wpftmp.csproj]
D:\source\repos\LYBTZYZS\src\Frontend\Desktop\Core\Exceptions\SpecificExceptions.cs(80,18): error CS0263: “ValidationException”的分部声明一定不能指定不同的基类 [D:\source\repos\LYBTZYZS\src\Frontend\Desktop\Core\LYBT.WPF.Client.Core_p5hancuu_wpftmp.csproj]
D:\source\repos\LYBTZYZS\src\Frontend\Desktop\Core\Exceptions\SpecificExceptions.cs(14,67): warning CS8625: 无法将 null 字面量转换为非 null 的引用类型。 [D:\source\repos\LYBTZYZS\src\Frontend\Desktop\Core\LYBT.WPF.Client.Core_p5hancuu_wpftmp.csproj]
D:\source\repos\LYBTZYZS\src\Frontend\Desktop\Core\Exceptions\SpecificExceptions.cs(124,72): warning CS8625: 无法将 null 字面量转换为非 null 的引用类型。 [D:\source\repos\LYBTZYZS\src\Frontend\Desktop\Core\LYBT.WPF.Client.Core_p5hancuu_wpftmp.csproj]
D:\source\repos\LYBTZYZS\src\Frontend\Desktop\Core\Exceptions\SpecificExceptions.cs(124,97): warning CS8625: 无法将 null 字面量转换为非 null 的引用类型。 [D:\source\repos\LYBTZYZS\src\Frontend\Desktop\Core\LYBT.WPF.Client.Core_p5hancuu_wpftmp.csproj]
D:\source\repos\LYBTZYZS\src\Frontend\Desktop\Core\Exceptions\SpecificExceptions.cs(149,74): warning CS8625: 无法将 null 字面量转换为非 null 的引用类型。 [D:\source\repos\LYBTZYZS\src\Frontend\Desktop\Core\LYBT.WPF.Client.Core_p5hancuu_wpftmp.csproj]
D:\source\repos\LYBTZYZS\src\Frontend\Desktop\Core\Exceptions\SpecificExceptions.cs(168,86): warning CS8625: 无法将 null 字面量转换为非 null 的引用类型。 [D:\source\repos\LYBTZYZS\src\Frontend\Desktop\Core\LYBT.WPF.Client.Core_p5hancuu_wpftmp.csproj]
D:\source\repos\LYBTZYZS\src\Frontend\Desktop\Core\Exceptions\SpecificExceptions.cs(188,73): warning CS8625: 无法将 null 字面量转换为非 null 的引用类型。 [D:\source\repos\LYBTZYZS\src\Frontend\Desktop\Core\LYBT.WPF.Client.Core_p5hancuu_wpftmp.csproj]
D:\source\repos\LYBTZYZS\src\Frontend\Desktop\Core\Exceptions\SpecificExceptions.cs(188,97): warning CS8625: 无法将 null 字面量转换为非 null 的引用类型。 [D:\source\repos\LYBTZYZS\src\Frontend\Desktop\Core\LYBT.WPF.Client.Core_p5hancuu_wpftmp.csproj]
D:\source\repos\LYBTZYZS\src\Frontend\Desktop\Core\Exceptions\SpecificExceptions.cs(207,80): warning CS8625: 无法将 null 字面量转换为非 null 的引用类型。 [D:\source\repos\LYBTZYZS\src\Frontend\Desktop\Core\LYBT.WPF.Client.Core_p5hancuu_wpftmp.csproj]
D:\source\repos\LYBTZYZS\src\Frontend\Desktop\Core\Exceptions\SpecificExceptions.cs(207,106): warning CS8625: 无法将 null 字面量转换为非 null 的引用类型。 [D:\source\repos\LYBTZYZS\src\Frontend\Desktop\Core\LYBT.WPF.Client.Core_p5hancuu_wpftmp.csproj]
D:\source\repos\LYBTZYZS\src\Frontend\Desktop\Core\Exceptions\SpecificExceptions.cs(86,71): warning CS8625: 无法将 null 字面量转换为非 null 的引用类型。 [D:\source\repos\LYBTZYZS\src\Frontend\Desktop\Core\LYBT.WPF.Client.Core_p5hancuu_wpftmp.csproj]
D:\source\repos\LYBTZYZS\src\Frontend\Desktop\Core\Memory\WeakEventManager.cs(228,18): error CS0101: 命名空间“LYBT.WPF.Client.Core.Memory”已经包含“WeakEventManager”的定义 [D:\source\repos\LYBTZYZS\src\Frontend\Desktop\Core\LYBT.WPF.Client.Core_p5hancuu_wpftmp.csproj]
D:\source\repos\LYBTZYZS\src\Frontend\Desktop\Core\Memory\WeakEventManager.cs(12,18): error CS0264: “WeakEventManager<TEventArgs>”的分部声明必须具有顺序相同的相同类型参数名 [D:\source\repos\LYBTZYZS\src\Frontend\Desktop\Core\LYBT.WPF.Client.Core_p5hancuu_wpftmp.csproj]
D:\source\repos\LYBTZYZS\src\Frontend\Desktop\Core\Memory\WeakEventManager.cs(228,52): error CS0699: “WeakEventManager<TEventArgs>”未定义类型参数“TDelegate” [D:\source\repos\LYBTZYZS\src\Frontend\Desktop\Core\LYBT.WPF.Client.Core_p5hancuu_wpftmp.csproj]
D:\source\repos\LYBTZYZS\src\Frontend\Desktop\Core\Memory\WeakEventManager.cs(12,18): error CS0265: “WeakEventManager<TEventArgs>”的分部声明对类型参数“TEventArgs”具有不一致的约束 [D:\source\repos\LYBTZYZS\src\Frontend\Desktop\Core\LYBT.WPF.Client.Core_p5hancuu_wpftmp.csproj]
D:\source\repos\LYBTZYZS\src\Frontend\Desktop\Core\Mvvm\AsyncRelayCommand.cs(140,59): error CS0535: “AsyncRelayCommand<T>”不实现接口成员“IAsyncCommand.ExecuteAsync(object?)” [D:\source\repos\LYBTZYZS\src\Frontend\Desktop\Core\LYBT.WPF.Client.Core_p5hancuu_wpftmp.csproj]
D:\source\repos\LYBTZYZS\src\Frontend\Desktop\Core\Http\HttpClientFactory.cs(295,17): error CS0246: 未能找到类型或命名空间名“IAsyncPolicy<>”(是否缺少 using 指令或程序集引用?) [D:\source\repos\LYBTZYZS\src\Frontend\Desktop\Core\LYBT.WPF.Client.Core_p5hancuu_wpftmp.csproj]
D:\source\repos\LYBTZYZS\src\Frontend\Desktop\Core\Memory\WeakEventManager.cs(236,32): error CS0246: 未能找到类型或命名空间名“TDelegate”(是否缺少 using 指令或程序集引用?) [D:\source\repos\LYBTZYZS\src\Frontend\Desktop\Core\LYBT.WPF.Client.Core_p5hancuu_wpftmp.csproj]
D:\source\repos\LYBTZYZS\src\Frontend\Desktop\Core\Http\HttpClientFactory.cs(279,26): error CS0246: 未能找到类型或命名空间名“IAsyncPolicy<>”(是否缺少 using 指令或程序集引用?) [D:\source\repos\LYBTZYZS\src\Frontend\Desktop\Core\LYBT.WPF.Client.Core_p5hancuu_wpftmp.csproj]
D:\source\repos\LYBTZYZS\src\Frontend\Desktop\Core\Memory\WeakEventManager.cs(251,35): error CS0246: 未能找到类型或命名空间名“TDelegate”(是否缺少 using 指令或程序集引用?) [D:\source\repos\LYBTZYZS\src\Frontend\Desktop\Core\LYBT.WPF.Client.Core_p5hancuu_wpftmp.csproj]
D:\source\repos\LYBTZYZS\src\Frontend\Desktop\Core\Http\HttpClientFactory.cs(363,53): warning CS8714: 类型“TKey”不能用作泛型类型或方法“ConcurrentDictionary<TKey, TValue>”中的类型参数“TKey”。类型参数“TKey”的为 Null 性与 "notnull" 约束不匹配。 [D:\source\repos\LYBTZYZS\src\Frontend\Desktop\Core\LYBT.WPF.Client.Core_p5hancuu_wpftmp.csproj]
D:\source\repos\LYBTZYZS\src\Frontend\Desktop\Core\Interfaces\Services\IUserService.cs(14,22): error CS0101: 命名空间“LYBT.WPF.Client.Core.Interfaces.Services”已经包含“IUserService”的定义 [D:\source\repos\LYBTZYZS\src\Frontend\Desktop\Core\LYBT.WPF.Client.Core_p5hancuu_wpftmp.csproj]
D:\source\repos\LYBTZYZS\src\Frontend\Desktop\Core\Interfaces\Services\IPatientService.cs(13,22): error CS0101: 命名空间“LYBT.WPF.Client.Core.Interfaces.Services”已经包含“IPatientService”的定义 [D:\source\repos\LYBTZYZS\src\Frontend\Desktop\Core\LYBT.WPF.Client.Core_p5hancuu_wpftmp.csproj]
D:\source\repos\LYBTZYZS\src\Frontend\Desktop\Core\Interfaces\Services\IConsultationService.cs(15,22): error CS0101: 命名空间“LYBT.WPF.Client.Core.Interfaces.Services”已经包含“IConsultationService”的定义 [D:\source\repos\LYBTZYZS\src\Frontend\Desktop\Core\LYBT.WPF.Client.Core_p5hancuu_wpftmp.csproj]
D:\source\repos\LYBTZYZS\src\Frontend\Desktop\Core\Interfaces\Services\IHerbService.cs(15,22): error CS0101: 命名空间“LYBT.WPF.Client.Core.Interfaces.Services”已经包含“IHerbService”的定义 [D:\source\repos\LYBTZYZS\src\Frontend\Desktop\Core\LYBT.WPF.Client.Core_p5hancuu_wpftmp.csproj]
D:\source\repos\LYBTZYZS\src\Frontend\Desktop\Core\Memory\WeakEventManager.cs(265,28): error CS0246: 未能找到类型或命名空间名“TDelegate”(是否缺少 using 指令或程序集引用?) [D:\source\repos\LYBTZYZS\src\Frontend\Desktop\Core\LYBT.WPF.Client.Core_p5hancuu_wpftmp.csproj]
D:\source\repos\LYBTZYZS\src\Frontend\Desktop\Core\Caching\MemoryCacheService.cs(46,16): error CS0246: 未能找到类型或命名空间名“CacheItemPriority”(是否缺少 using 指令或程序集引用?) [D:\source\repos\LYBTZYZS\src\Frontend\Desktop\Core\LYBT.WPF.Client.Core_p5hancuu_wpftmp.csproj]
D:\source\repos\LYBTZYZS\src\Frontend\Desktop\Core\Caching\MemoryCacheService.cs(66,39): error CS0246: 未能找到类型或命名空间名“CacheEntryRemovedReason”(是否缺少 using 指令或程序集引用?) [D:\source\repos\LYBTZYZS\src\Frontend\Desktop\Core\LYBT.WPF.Client.Core_p5hancuu_wpftmp.csproj]
D:\source\repos\LYBTZYZS\src\Frontend\Desktop\Core\Caching\MemoryCacheService.cs(148,26): error CS0246: 未能找到类型或命名空间名“MemoryCache”(是否缺少 using 指令或程序集引用?) [D:\source\repos\LYBTZYZS\src\Frontend\Desktop\Core\LYBT.WPF.Client.Core_p5hancuu_wpftmp.csproj]
D:\source\repos\LYBTZYZS\src\Frontend\Desktop\Core\Extensions\PollyExtensions.cs(17,23): error CS0246: 未能找到类型或命名空间名“IAsyncPolicy<>”(是否缺少 using 指令或程序集引用?) [D:\source\repos\LYBTZYZS\src\Frontend\Desktop\Core\LYBT.WPF.Client.Core_p5hancuu_wpftmp.csproj]
D:\source\repos\LYBTZYZS\src\Frontend\Desktop\Core\Extensions\PollyExtensions.cs(35,23): error CS0246: 未能找到类型或命名空间名“IAsyncPolicy<>”(是否缺少 using 指令或程序集引用?) [D:\source\repos\LYBTZYZS\src\Frontend\Desktop\Core\LYBT.WPF.Client.Core_p5hancuu_wpftmp.csproj]
D:\source\repos\LYBTZYZS\src\Frontend\Desktop\Core\Extensions\PollyExtensions.cs(61,23): error CS0246: 未能找到类型或命名空间名“IAsyncPolicy<>”(是否缺少 using 指令或程序集引用?) [D:\source\repos\LYBTZYZS\src\Frontend\Desktop\Core\LYBT.WPF.Client.Core_p5hancuu_wpftmp.csproj]
D:\source\repos\LYBTZYZS\src\Frontend\Desktop\Core\Extensions\PollyExtensions.cs(76,23): error CS0246: 未能找到类型或命名空间名“IAsyncPolicy<>”(是否缺少 using 指令或程序集引用?) [D:\source\repos\LYBTZYZS\src\Frontend\Desktop\Core\LYBT.WPF.Client.Core_p5hancuu_wpftmp.csproj]
D:\source\repos\LYBTZYZS\src\Frontend\Desktop\Core\Extensions\PollyExtensions.cs(102,23): error CS0246: 未能找到类型或命名空间名“IAsyncPolicy<>”(是否缺少 using 指令或程序集引用?) [D:\source\repos\LYBTZYZS\src\Frontend\Desktop\Core\LYBT.WPF.Client.Core_p5hancuu_wpftmp.csproj]
D:\source\repos\LYBTZYZS\src\Frontend\Desktop\Core\Extensions\PollyExtensions.cs(105,45): warning CS8625: 无法将 null 字面量转换为非 null 的引用类型。 [D:\source\repos\LYBTZYZS\src\Frontend\Desktop\Core\LYBT.WPF.Client.Core_p5hancuu_wpftmp.csproj]
D:\source\repos\LYBTZYZS\src\Frontend\Desktop\Core\Interfaces\Services\IHerbService.cs(46,29): error CS0111: 类型“IHerbService”已定义了一个名为“DeleteHerbAsync”的具有相同参数类型的成员 [D:\source\repos\LYBTZYZS\src\Frontend\Desktop\Core\LYBT.WPF.Client.Core_p5hancuu_wpftmp.csproj]
D:\source\repos\LYBTZYZS\src\Frontend\Desktop\Core\Services\BaseApiService.cs(121,30): error CS0246: 未能找到类型或命名空间名“ServiceResult<>”(是否缺少 using 指令或程序集引用?) [D:\source\repos\LYBTZYZS\src\Frontend\Desktop\Core\LYBT.WPF.Client.Core_p5hancuu_wpftmp.csproj]
D:\source\repos\LYBTZYZS\src\Frontend\Desktop\Core\Services\ErrorClassifier.cs(29,16): error CS0104: “ApplicationException”是“LYBT.WPF.Client.Core.Exceptions.ApplicationException”和“System.ApplicationException”之间的不明确的引用 [D:\source\repos\LYBTZYZS\src\Frontend\Desktop\Core\LYBT.WPF.Client.Core_p5hancuu_wpftmp.csproj]
D:\source\repos\LYBTZYZS\src\Frontend\Desktop\Core\Validation\ValidationBase.cs(327,50): error CS0246: 未能找到类型或命名空间名“IValidatorSelector”(是否缺少 using 指令或程序集引用?) [D:\source\repos\LYBTZYZS\src\Frontend\Desktop\Core\LYBT.WPF.Client.Core_p5hancuu_wpftmp.csproj]
D:\source\repos\LYBTZYZS\src\Frontend\Desktop\Core\Services\ErrorClassifier.cs(283,9): error CS0104: “ApplicationException”是“LYBT.WPF.Client.Core.Exceptions.ApplicationException”和“System.ApplicationException”之间的不明确的引用 [D:\source\repos\LYBTZYZS\src\Frontend\Desktop\Core\LYBT.WPF.Client.Core_p5hancuu_wpftmp.csproj]
D:\source\repos\LYBTZYZS\src\Frontend\Desktop\Core\Services\ErrorClassifier.cs(161,58): error CS1069: 未能在命名空间“System.Data.SqlClient”中找到类型名“SqlException”。此类型已转发到程序集“System.Data.SqlClient, Version=0.0.0.0, Culture=neutral, PublicKeyToken=b03f5f7f11d50a3a”。请考虑添加对该程序集的引用。 [D:\source\repos\LYBTZYZS\src\Frontend\Desktop\Core\LYBT.WPF.Client.Core_p5hancuu_wpftmp.csproj]
D:\source\repos\LYBTZYZS\src\Frontend\Desktop\Core\Services\ErrorClassifier.cs(183,17): error CS0104: “ApplicationException”是“LYBT.WPF.Client.Core.Exceptions.ApplicationException”和“System.ApplicationException”之间的不明确的引用 [D:\source\repos\LYBTZYZS\src\Frontend\Desktop\Core\LYBT.WPF.Client.Core_p5hancuu_wpftmp.csproj]
D:\source\repos\LYBTZYZS\src\Frontend\Desktop\Core\Services\GlobalExceptionHandler.cs(241,35): error CS0104: “ApplicationException”是“LYBT.WPF.Client.Core.Exceptions.ApplicationException”和“System.ApplicationException”之间的不明确的引用 [D:\source\repos\LYBTZYZS\src\Frontend\Desktop\Core\LYBT.WPF.Client.Core_p5hancuu_wpftmp.csproj]
D:\source\repos\LYBTZYZS\src\Frontend\Desktop\Core\Services\GlobalExceptionHandler.cs(258,39): error CS0104: “ApplicationException”是“LYBT.WPF.Client.Core.Exceptions.ApplicationException”和“System.ApplicationException”之间的不明确的引用 [D:\source\repos\LYBTZYZS\src\Frontend\Desktop\Core\LYBT.WPF.Client.Core_p5hancuu_wpftmp.csproj]
D:\source\repos\LYBTZYZS\src\Frontend\Desktop\Core\Services\GlobalExceptionHandler.cs(277,44): error CS0104: “ApplicationException”是“LYBT.WPF.Client.Core.Exceptions.ApplicationException”和“System.ApplicationException”之间的不明确的引用 [D:\source\repos\LYBTZYZS\src\Frontend\Desktop\Core\LYBT.WPF.Client.Core_p5hancuu_wpftmp.csproj]
D:\source\repos\LYBTZYZS\src\Frontend\Desktop\Core\Services\GlobalExceptionHandler.cs(291,46): error CS0104: “ApplicationException”是“LYBT.WPF.Client.Core.Exceptions.ApplicationException”和“System.ApplicationException”之间的不明确的引用 [D:\source\repos\LYBTZYZS\src\Frontend\Desktop\Core\LYBT.WPF.Client.Core_p5hancuu_wpftmp.csproj]
D:\source\repos\LYBTZYZS\src\Frontend\Desktop\Core\Services\GlobalExceptionHandler.cs(313,57): error CS0104: “ApplicationException”是“LYBT.WPF.Client.Core.Exceptions.ApplicationException”和“System.ApplicationException”之间的不明确的引用 [D:\source\repos\LYBTZYZS\src\Frontend\Desktop\Core\LYBT.WPF.Client.Core_p5hancuu_wpftmp.csproj]
D:\source\repos\LYBTZYZS\src\Frontend\Desktop\Core\Services\GlobalExceptionHandler.cs(344,48): error CS0104: “ApplicationException”是“LYBT.WPF.Client.Core.Exceptions.ApplicationException”和“System.ApplicationException”之间的不明确的引用 [D:\source\repos\LYBTZYZS\src\Frontend\Desktop\Core\LYBT.WPF.Client.Core_p5hancuu_wpftmp.csproj]
D:\source\repos\LYBTZYZS\src\Frontend\Desktop\Core\Services\GlobalExceptionHandler.cs(363,58): error CS0104: “ApplicationException”是“LYBT.WPF.Client.Core.Exceptions.ApplicationException”和“System.ApplicationException”之间的不明确的引用 [D:\source\repos\LYBTZYZS\src\Frontend\Desktop\Core\LYBT.WPF.Client.Core_p5hancuu_wpftmp.csproj]
D:\source\repos\LYBTZYZS\src\Frontend\Desktop\Core\Services\BaseApiService.cs(19,28): error CS0246: 未能找到类型或命名空间名“IAsyncPolicy<>”(是否缺少 using 指令或程序集引用?) [D:\source\repos\LYBTZYZS\src\Frontend\Desktop\Core\LYBT.WPF.Client.Core_p5hancuu_wpftmp.csproj]
D:\source\repos\LYBTZYZS\src\Frontend\Desktop\Core\Services\BaseApiService.cs(20,28): error CS0246: 未能找到类型或命名空间名“IAsyncPolicy<>”(是否缺少 using 指令或程序集引用?) [D:\source\repos\LYBTZYZS\src\Frontend\Desktop\Core\LYBT.WPF.Client.Core_p5hancuu_wpftmp.csproj]
D:\source\repos\LYBTZYZS\src\Frontend\Desktop\Core\Services\BaseApiService.cs(21,28): error CS0246: 未能找到类型或命名空间名“IAsyncPolicy<>”(是否缺少 using 指令或程序集引用?) [D:\source\repos\LYBTZYZS\src\Frontend\Desktop\Core\LYBT.WPF.Client.Core_p5hancuu_wpftmp.csproj]
D:\source\repos\LYBTZYZS\src\Frontend\Desktop\Core\Services\BaseApiService.cs(22,28): error CS0246: 未能找到类型或命名空间名“IAsyncPolicy<>”(是否缺少 using 指令或程序集引用?) [D:\source\repos\LYBTZYZS\src\Frontend\Desktop\Core\LYBT.WPF.Client.Core_p5hancuu_wpftmp.csproj]
D:\source\repos\LYBTZYZS\src\Frontend\Desktop\Core\Logging\LoggingInterfaces.cs(21,69): warning CS8625: 无法将 null 字面量转换为非 null 的引用类型。 [D:\source\repos\LYBTZYZS\src\Frontend\Desktop\Core\LYBT.WPF.Client.Core_p5hancuu_wpftmp.csproj]
D:\source\repos\LYBTZYZS\src\Frontend\Desktop\Core\Logging\LoggingInterfaces.cs(29,31): warning CS8625: 无法将 null 字面量转换为非 null 的引用类型。 [D:\source\repos\LYBTZYZS\src\Frontend\Desktop\Core\LYBT.WPF.Client.Core_p5hancuu_wpftmp.csproj]
D:\source\repos\LYBTZYZS\src\Frontend\Desktop\Core\Logging\LoggingInterfaces.cs(29,55): warning CS8625: 无法将 null 字面量转换为非 null 的引用类型。 [D:\source\repos\LYBTZYZS\src\Frontend\Desktop\Core\LYBT.WPF.Client.Core_p5hancuu_wpftmp.csproj]
D:\source\repos\LYBTZYZS\src\Frontend\Desktop\Core\Logging\LoggingInterfaces.cs(34,68): warning CS8625: 无法将 null 字面量转换为非 null 的引用类型。 [D:\source\repos\LYBTZYZS\src\Frontend\Desktop\Core\LYBT.WPF.Client.Core_p5hancuu_wpftmp.csproj]
D:\source\repos\LYBTZYZS\src\Frontend\Desktop\Core\Redux\StateViewModel.cs(291,16): error CS0246: 未能找到类型或命名空间名“ObservableCollection<>”(是否缺少 using 指令或程序集引用?) [D:\source\repos\LYBTZYZS\src\Frontend\Desktop\Core\LYBT.WPF.Client.Core_p5hancuu_wpftmp.csproj]
D:\source\repos\LYBTZYZS\src\Frontend\Desktop\Core\Redux\StateStore.cs(380,45): error CS0452: 类型“TState”必须是引用类型才能用作泛型类型或方法“StateStore<TState>”中的参数“TState” [D:\source\repos\LYBTZYZS\src\Frontend\Desktop\Core\LYBT.WPF.Client.Core_p5hancuu_wpftmp.csproj]
D:\source\repos\LYBTZYZS\src\Frontend\Desktop\Core\Redux\StateStore.cs(384,53): error CS0452: 类型“TState”必须是引用类型才能用作泛型类型或方法“StateStore<TState>”中的参数“TState” [D:\source\repos\LYBTZYZS\src\Frontend\Desktop\Core\LYBT.WPF.Client.Core_p5hancuu_wpftmp.csproj]
D:\source\repos\LYBTZYZS\src\Frontend\Desktop\Core\Redux\StateViewModel.cs(286,26): error CS0246: 未能找到类型或命名空间名“ObservableCollection<>”(是否缺少 using 指令或程序集引用?) [D:\source\repos\LYBTZYZS\src\Frontend\Desktop\Core\LYBT.WPF.Client.Core_p5hancuu_wpftmp.csproj]
D:\source\repos\LYBTZYZS\src\Frontend\Desktop\Core\Logging\StructuredLoggingService.cs(82,76): warning CS8625: 无法将 null 字面量转换为非 null 的引用类型。 [D:\source\repos\LYBTZYZS\src\Frontend\Desktop\Core\LYBT.WPF.Client.Core_p5hancuu_wpftmp.csproj]
D:\source\repos\LYBTZYZS\src\Frontend\Desktop\Core\Logging\StructuredLoggingService.cs(127,31): warning CS8625: 无法将 null 字面量转换为非 null 的引用类型。 [D:\source\repos\LYBTZYZS\src\Frontend\Desktop\Core\LYBT.WPF.Client.Core_p5hancuu_wpftmp.csproj]
D:\source\repos\LYBTZYZS\src\Frontend\Desktop\Core\Logging\StructuredLoggingService.cs(127,55): warning CS8625: 无法将 null 字面量转换为非 null 的引用类型。 [D:\source\repos\LYBTZYZS\src\Frontend\Desktop\Core\LYBT.WPF.Client.Core_p5hancuu_wpftmp.csproj]
D:\source\repos\LYBTZYZS\src\Frontend\Desktop\Core\Logging\StructuredLoggingService.cs(183,75): warning CS8625: 无法将 null 字面量转换为非 null 的引用类型。 [D:\source\repos\LYBTZYZS\src\Frontend\Desktop\Core\LYBT.WPF.Client.Core_p5hancuu_wpftmp.csproj]
  LYBT.Module.Patients -> D:\source\repos\LYBTZYZS\src\Backend\Modules\BIN\Debug\net8.0\LYBT.Module.Patients.dll
  LYBT.Module.Formula -> D:\source\repos\LYBTZYZS\src\Backend\Modules\LYBT.Module.Formula\bin\Debug\net8.0\LYBT.Module.Formula.dll
  LYBT.Module.Consultation -> D:\source\repos\LYBTZYZS\src\Backend\Modules\LYBT.Module.Consultation\bin\Debug\net8.0\LYBT.Module.Consultation.dll
  LYBT.Module.Auth -> D:\source\repos\LYBTZYZS\src\Backend\Modules\BIN\Debug\net8.0\LYBT.Module.Auth.dll
  LYBT.Module.Prescriptions -> D:\source\repos\LYBTZYZS\src\Backend\Modules\LYBT.Module.Prescriptions\bin\Debug\net8.0\LYBT.Module.Prescriptions.dll
D:\source\repos\LYBTZYZS\src\Backend\Services\LYBT.WebAPI\Controllers\StandardizedUsersController.cs(322,24): warning CS0108: “UserDetailDto.PinYinCode”隐藏继承的成员“UserDto.PinYinCode”。如果是有意隐藏，请使用关键字 new。 [D:\source\repos\LYBTZYZS\src\Backend\Services\LYBT.WebAPI\LYBT.WebAPI.csproj]
D:\source\repos\LYBTZYZS\src\Backend\Services\LYBT.WebAPI\Controllers\StandardizedUsersController.cs(323,26): warning CS0108: “UserDetailDto.LastLoginTime”隐藏继承的成员“UserDto.LastLoginTime”。如果是有意隐藏，请使用关键字 new。 [D:\source\repos\LYBTZYZS\src\Backend\Services\LYBT.WebAPI\LYBT.WebAPI.csproj]
D:\source\repos\LYBTZYZS\src\Backend\Services\LYBT.WebAPI\Controllers\StandardizedUsersController.cs(324,25): warning CS0108: “UserDetailDto.CreateTime”隐藏继承的成员“UserDto.CreateTime”。如果是有意隐藏，请使用关键字 new。 [D:\source\repos\LYBTZYZS\src\Backend\Services\LYBT.WebAPI\LYBT.WebAPI.csproj]
D:\source\repos\LYBTZYZS\src\Backend\Services\LYBT.WebAPI\Controllers\HerbImportExportController.cs(131,49): warning CS1998: 此异步方法缺少 "await" 运算符，将以同步方式运行。请考虑使用 "await" 运算符等待非阻止的 API 调用，或者使用 "await Task.Run(...)" 在后台线程上执行占用大量 CPU 的工作。 [D:\source\repos\LYBTZYZS\src\Backend\Services\LYBT.WebAPI\LYBT.WebAPI.csproj]
D:\source\repos\LYBTZYZS\src\Backend\Services\LYBT.WebAPI\Controllers\HerbImportExportController.cs(237,58): warning CS1998: 此异步方法缺少 "await" 运算符，将以同步方式运行。请考虑使用 "await" 运算符等待非阻止的 API 调用，或者使用 "await Task.Run(...)" 在后台线程上执行占用大量 CPU 的工作。 [D:\source\repos\LYBTZYZS\src\Backend\Services\LYBT.WebAPI\LYBT.WebAPI.csproj]
D:\source\repos\LYBTZYZS\src\Backend\Services\LYBT.WebAPI\Services\ClinicConfigService.cs(31,16): warning CS8618: 在退出构造函数时，不可为 null 的 字段 "_cachedConfig" 必须包含非 null 值。请考虑添加 "required" 修饰符或将该 字段 声明为可为 null。 [D:\source\repos\LYBTZYZS\src\Backend\Services\LYBT.WebAPI\LYBT.WebAPI.csproj]
D:\source\repos\LYBTZYZS\src\Backend\Services\LYBT.WebAPI\Services\ClinicConfigService.cs(46,20): warning CS8603: 可能返回 null 引用。 [D:\source\repos\LYBTZYZS\src\Backend\Services\LYBT.WebAPI\LYBT.WebAPI.csproj]
D:\source\repos\LYBTZYZS\src\Backend\Services\LYBT.WebAPI\Services\ClinicConfigService.cs(66,20): warning CS8603: 可能返回 null 引用。 [D:\source\repos\LYBTZYZS\src\Backend\Services\LYBT.WebAPI\LYBT.WebAPI.csproj]
D:\source\repos\LYBTZYZS\src\Backend\Services\LYBT.WebAPI\Services\ClinicConfigService.cs(100,37): warning CS8601: 可能的 null 引用赋值。 [D:\source\repos\LYBTZYZS\src\Backend\Services\LYBT.WebAPI\LYBT.WebAPI.csproj]
D:\source\repos\LYBTZYZS\src\Backend\Services\LYBT.WebAPI\Services\ClinicConfigService.cs(148,31): warning CS8618: 在退出构造函数时，不可为 null 的 属性 "ClinicSettings" 必须包含非 null 值。请考虑添加 "required" 修饰符或将该 属性 声明为可为 null。 [D:\source\repos\LYBTZYZS\src\Backend\Services\LYBT.WebAPI\LYBT.WebAPI.csproj]
D:\source\repos\LYBTZYZS\src\Backend\Services\LYBT.WebAPI\Services\ClinicConfigService.cs(153,26): warning CS8618: 在退出构造函数时，不可为 null 的 属性 "Basic" 必须包含非 null 值。请考虑添加 "required" 修饰符或将该 属性 声明为可为 null。 [D:\source\repos\LYBTZYZS\src\Backend\Services\LYBT.WebAPI\LYBT.WebAPI.csproj]
D:\source\repos\LYBTZYZS\src\Backend\Services\LYBT.WebAPI\Services\ClinicConfigService.cs(154,37): warning CS8618: 在退出构造函数时，不可为 null 的 属性 "Prescription" 必须包含非 null 值。请考虑添加 "required" 修饰符或将该 属性 声明为可为 null。 [D:\source\repos\LYBTZYZS\src\Backend\Services\LYBT.WebAPI\LYBT.WebAPI.csproj]
D:\source\repos\LYBTZYZS\src\Backend\Services\LYBT.WebAPI\Services\ClinicConfigService.cs(155,29): warning CS8618: 在退出构造函数时，不可为 null 的 属性 "Pricing" 必须包含非 null 值。请考虑添加 "required" 修饰符或将该 属性 声明为可为 null。 [D:\source\repos\LYBTZYZS\src\Backend\Services\LYBT.WebAPI\LYBT.WebAPI.csproj]
D:\source\repos\LYBTZYZS\src\Backend\Services\LYBT.WebAPI\Services\ClinicConfigService.cs(156,31): warning CS8618: 在退出构造函数时，不可为 null 的 属性 "System" 必须包含非 null 值。请考虑添加 "required" 修饰符或将该 属性 声明为可为 null。 [D:\source\repos\LYBTZYZS\src\Backend\Services\LYBT.WebAPI\LYBT.WebAPI.csproj]
D:\source\repos\LYBTZYZS\src\Backend\Services\LYBT.WebAPI\Services\ClinicConfigService.cs(157,30): warning CS8618: 在退出构造函数时，不可为 null 的 属性 "PrintTemplate" 必须包含非 null 值。请考虑添加 "required" 修饰符或将该 属性 声明为可为 null。 [D:\source\repos\LYBTZYZS\src\Backend\Services\LYBT.WebAPI\LYBT.WebAPI.csproj]
D:\source\repos\LYBTZYZS\src\Backend\Services\LYBT.WebAPI\Services\ClinicConfigService.cs(158,30): warning CS8618: 在退出构造函数时，不可为 null 的 属性 "BusinessRules" 必须包含非 null 值。请考虑添加 "required" 修饰符或将该 属性 声明为可为 null。 [D:\source\repos\LYBTZYZS\src\Backend\Services\LYBT.WebAPI\LYBT.WebAPI.csproj]
D:\source\repos\LYBTZYZS\src\Backend\Services\LYBT.WebAPI\Services\ClinicConfigService.cs(159,25): warning CS8618: 在退出构造函数时，不可为 null 的 属性 "Features" 必须包含非 null 值。请考虑添加 "required" 修饰符或将该 属性 声明为可为 null。 [D:\source\repos\LYBTZYZS\src\Backend\Services\LYBT.WebAPI\LYBT.WebAPI.csproj]
D:\source\repos\LYBTZYZS\src\Backend\Services\LYBT.WebAPI\Services\ClinicConfigService.cs(164,23): warning CS8618: 在退出构造函数时，不可为 null 的 属性 "Name" 必须包含非 null 值。请考虑添加 "required" 修饰符或将该 属性 声明为可为 null。 [D:\source\repos\LYBTZYZS\src\Backend\Services\LYBT.WebAPI\LYBT.WebAPI.csproj]
D:\source\repos\LYBTZYZS\src\Backend\Services\LYBT.WebAPI\Services\ClinicConfigService.cs(165,23): warning CS8618: 在退出构造函数时，不可为 null 的 属性 "Address" 必须包含非 null 值。请考虑添加 "required" 修饰符或将该 属性 声明为可为 null。 [D:\source\repos\LYBTZYZS\src\Backend\Services\LYBT.WebAPI\LYBT.WebAPI.csproj]
D:\source\repos\LYBTZYZS\src\Backend\Services\LYBT.WebAPI\Services\ClinicConfigService.cs(166,23): warning CS8618: 在退出构造函数时，不可为 null 的 属性 "Phone" 必须包含非 null 值。请考虑添加 "required" 修饰符或将该 属性 声明为可为 null。 [D:\source\repos\LYBTZYZS\src\Backend\Services\LYBT.WebAPI\LYBT.WebAPI.csproj]
D:\source\repos\LYBTZYZS\src\Backend\Services\LYBT.WebAPI\Services\ClinicConfigService.cs(167,23): warning CS8618: 在退出构造函数时，不可为 null 的 属性 "Email" 必须包含非 null 值。请考虑添加 "required" 修饰符或将该 属性 声明为可为 null。 [D:\source\repos\LYBTZYZS\src\Backend\Services\LYBT.WebAPI\LYBT.WebAPI.csproj]
D:\source\repos\LYBTZYZS\src\Backend\Services\LYBT.WebAPI\Services\ClinicConfigService.cs(168,23): warning CS8618: 在退出构造函数时，不可为 null 的 属性 "Logo" 必须包含非 null 值。请考虑添加 "required" 修饰符或将该 属性 声明为可为 null。 [D:\source\repos\LYBTZYZS\src\Backend\Services\LYBT.WebAPI\LYBT.WebAPI.csproj]
D:\source\repos\LYBTZYZS\src\Backend\Services\LYBT.WebAPI\Services\ClinicConfigService.cs(169,23): warning CS8618: 在退出构造函数时，不可为 null 的 属性 "Slogan" 必须包含非 null 值。请考虑添加 "required" 修饰符或将该 属性 声明为可为 null。 [D:\source\repos\LYBTZYZS\src\Backend\Services\LYBT.WebAPI\LYBT.WebAPI.csproj]
D:\source\repos\LYBTZYZS\src\Backend\Services\LYBT.WebAPI\Services\ClinicConfigService.cs(174,23): warning CS8618: 在退出构造函数时，不可为 null 的 属性 "Prefix" 必须包含非 null 值。请考虑添加 "required" 修饰符或将该 属性 声明为可为 null。 [D:\source\repos\LYBTZYZS\src\Backend\Services\LYBT.WebAPI\LYBT.WebAPI.csproj]
D:\source\repos\LYBTZYZS\src\Backend\Services\LYBT.WebAPI\Services\ClinicConfigService.cs(176,23): warning CS8618: 在退出构造函数时，不可为 null 的 属性 "DefaultUsage" 必须包含非 null 值。请考虑添加 "required" 修饰符或将该 属性 声明为可为 null。 [D:\source\repos\LYBTZYZS\src\Backend\Services\LYBT.WebAPI\LYBT.WebAPI.csproj]
D:\source\repos\LYBTZYZS\src\Backend\Services\LYBT.WebAPI\Services\ClinicConfigService.cs(185,23): warning CS8618: 在退出构造函数时，不可为 null 的 属性 "Currency" 必须包含非 null 值。请考虑添加 "required" 修饰符或将该 属性 声明为可为 null。 [D:\source\repos\LYBTZYZS\src\Backend\Services\LYBT.WebAPI\LYBT.WebAPI.csproj]
D:\source\repos\LYBTZYZS\src\Backend\Services\LYBT.WebAPI\Services\ClinicConfigService.cs(186,23): warning CS8618: 在退出构造函数时，不可为 null 的 属性 "CurrencySymbol" 必须包含非 null 值。请考虑添加 "required" 修饰符或将该 属性 声明为可为 null。 [D:\source\repos\LYBTZYZS\src\Backend\Services\LYBT.WebAPI\LYBT.WebAPI.csproj]
D:\source\repos\LYBTZYZS\src\Backend\Services\LYBT.WebAPI\Services\ClinicConfigService.cs(187,30): warning CS8618: 在退出构造函数时，不可为 null 的 属性 "DefaultDiscountRules" 必须包含非 null 值。请考虑添加 "required" 修饰符或将该 属性 声明为可为 null。 [D:\source\repos\LYBTZYZS\src\Backend\Services\LYBT.WebAPI\LYBT.WebAPI.csproj]
D:\source\repos\LYBTZYZS\src\Backend\Services\LYBT.WebAPI\Services\ClinicConfigService.cs(192,30): warning CS8618: 在退出构造函数时，不可为 null 的 属性 "Doctor" 必须包含非 null 值。请考虑添加 "required" 修饰符或将该 属性 声明为可为 null。 [D:\source\repos\LYBTZYZS\src\Backend\Services\LYBT.WebAPI\LYBT.WebAPI.csproj]
D:\source\repos\LYBTZYZS\src\Backend\Services\LYBT.WebAPI\Services\ClinicConfigService.cs(193,30): warning CS8618: 在退出构造函数时，不可为 null 的 属性 "ChiefDoctor" 必须包含非 null 值。请考虑添加 "required" 修饰符或将该 属性 声明为可为 null。 [D:\source\repos\LYBTZYZS\src\Backend\Services\LYBT.WebAPI\LYBT.WebAPI.csproj]
D:\source\repos\LYBTZYZS\src\Backend\Services\LYBT.WebAPI\Services\ClinicConfigService.cs(194,30): warning CS8618: 在退出构造函数时，不可为 null 的 属性 "Admin" 必须包含非 null 值。请考虑添加 "required" 修饰符或将该 属性 声明为可为 null。 [D:\source\repos\LYBTZYZS\src\Backend\Services\LYBT.WebAPI\LYBT.WebAPI.csproj]
D:\source\repos\LYBTZYZS\src\Backend\Services\LYBT.WebAPI\Services\ClinicConfigService.cs(205,23): warning CS8618: 在退出构造函数时，不可为 null 的 属性 "SystemName" 必须包含非 null 值。请考虑添加 "required" 修饰符或将该 属性 声明为可为 null。 [D:\source\repos\LYBTZYZS\src\Backend\Services\LYBT.WebAPI\LYBT.WebAPI.csproj]
D:\source\repos\LYBTZYZS\src\Backend\Services\LYBT.WebAPI\Services\ClinicConfigService.cs(206,23): warning CS8618: 在退出构造函数时，不可为 null 的 属性 "Version" 必须包含非 null 值。请考虑添加 "required" 修饰符或将该 属性 声明为可为 null。 [D:\source\repos\LYBTZYZS\src\Backend\Services\LYBT.WebAPI\LYBT.WebAPI.csproj]
D:\source\repos\LYBTZYZS\src\Backend\Services\LYBT.WebAPI\Services\ClinicConfigService.cs(214,23): warning CS8618: 在退出构造函数时，不可为 null 的 属性 "PageSize" 必须包含非 null 值。请考虑添加 "required" 修饰符或将该 属性 声明为可为 null。 [D:\source\repos\LYBTZYZS\src\Backend\Services\LYBT.WebAPI\LYBT.WebAPI.csproj]
D:\source\repos\LYBTZYZS\src\Backend\Services\LYBT.WebAPI\Services\ClinicConfigService.cs(215,23): warning CS8618: 在退出构造函数时，不可为 null 的 属性 "Orientation" 必须包含非 null 值。请考虑添加 "required" 修饰符或将该 属性 声明为可为 null。 [D:\source\repos\LYBTZYZS\src\Backend\Services\LYBT.WebAPI\LYBT.WebAPI.csproj]
D:\source\repos\LYBTZYZS\src\Backend\Services\LYBT.WebAPI\Services\ClinicConfigService.cs(220,23): warning CS8618: 在退出构造函数时，不可为 null 的 属性 "FontFamily" 必须包含非 null 值。请考虑添加 "required" 修饰符或将该 属性 声明为可为 null。 [D:\source\repos\LYBTZYZS\src\Backend\Services\LYBT.WebAPI\LYBT.WebAPI.csproj]
D:\source\repos\LYBTZYZS\src\Backend\Services\LYBT.WebAPI\Extensions\UnifiedApplicationInitialization.cs(211,31): warning CS1998: 此异步方法缺少 "await" 运算符，将以同步方式运行。请考虑使用 "await" 运算符等待非阻止的 API 调用，或者使用 "await Task.Run(...)" 在后台线程上执行占用大量 CPU 的工作。 [D:\source\repos\LYBTZYZS\src\Backend\Services\LYBT.WebAPI\LYBT.WebAPI.csproj]
D:\source\repos\LYBTZYZS\src\Backend\Services\LYBT.WebAPI\Controllers\PatientsController.cs(143,28): warning CS8619: 类型“ActionResult<ApiResponse<List<PatientDetailDto>?>>”的值中引用类型的为 Null 性与目标类型“ActionResult<ApiResponse<List<PatientDetailDto>>>”不匹配。 [D:\source\repos\LYBTZYZS\src\Backend\Services\LYBT.WebAPI\LYBT.WebAPI.csproj]
D:\source\repos\LYBTZYZS\src\Backend\Services\LYBT.WebAPI\Controllers\PrescriptionsController.cs(169,24): warning CS8619: 类型“ActionResult<ApiResponse<PrescriptionDetailDto?>>”的值中引用类型的为 Null 性与目标类型“ActionResult<ApiResponse<PrescriptionDetailDto>>”不匹配。 [D:\source\repos\LYBTZYZS\src\Backend\Services\LYBT.WebAPI\LYBT.WebAPI.csproj]
D:\source\repos\LYBTZYZS\src\Backend\Services\LYBT.WebAPI\Controllers\PrescriptionsController.cs(225,24): warning CS8619: 类型“ActionResult<ApiResponse<PrescriptionDetailDto?>>”的值中引用类型的为 Null 性与目标类型“ActionResult<ApiResponse<PrescriptionDetailDto>>”不匹配。 [D:\source\repos\LYBTZYZS\src\Backend\Services\LYBT.WebAPI\LYBT.WebAPI.csproj]
D:\source\repos\LYBTZYZS\src\Backend\Services\LYBT.WebAPI\Controllers\PatientsController.cs(411,24): warning CS8619: 类型“ActionResult<ApiResponse<PatientDetailDto?>>”的值中引用类型的为 Null 性与目标类型“ActionResult<ApiResponse<PatientDetailDto>>”不匹配。 [D:\source\repos\LYBTZYZS\src\Backend\Services\LYBT.WebAPI\LYBT.WebAPI.csproj]
  LYBT.WebAPI -> D:\source\repos\LYBTZYZS\src\Backend\Services\LYBT.WebAPI\bin\Debug\net8.0\LYBT.WebAPI.dll

生成失败。

D:\source\repos\LYBTZYZS\src\Frontend\Desktop\Core\Exceptions\ApplicationException.cs(114,30): warning CS0672: 成员“ApplicationException.GetObjectData(SerializationInfo, StreamingContext)”将重写过时的成员“Exception.GetObjectData(SerializationInfo, StreamingContext)”。请向“ApplicationException.GetObjectData(SerializationInfo, StreamingContext)”中添加 Obsolete 特性。 [D:\source\repos\LYBTZYZS\src\Frontend\Desktop\Core\LYBT.WPF.Client.Core_p5hancuu_wpftmp.csproj]
D:\source\repos\LYBTZYZS\src\Frontend\Desktop\Core\Exceptions\SpecificExceptions.cs(44,74): warning CS8625: 无法将 null 字面量转换为非 null 的引用类型。 [D:\source\repos\LYBTZYZS\src\Frontend\Desktop\Core\LYBT.WPF.Client.Core_p5hancuu_wpftmp.csproj]
D:\source\repos\LYBTZYZS\src\Frontend\Desktop\Core\Exceptions\SpecificExceptions.cs(105,72): warning CS8625: 无法将 null 字面量转换为非 null 的引用类型。 [D:\source\repos\LYBTZYZS\src\Frontend\Desktop\Core\LYBT.WPF.Client.Core_p5hancuu_wpftmp.csproj]
D:\source\repos\LYBTZYZS\src\Frontend\Desktop\Core\Exceptions\SpecificExceptions.cs(67,83): warning CS8625: 无法将 null 字面量转换为非 null 的引用类型。 [D:\source\repos\LYBTZYZS\src\Frontend\Desktop\Core\LYBT.WPF.Client.Core_p5hancuu_wpftmp.csproj]
D:\source\repos\LYBTZYZS\src\Frontend\Desktop\Core\Exceptions\SpecificExceptions.cs(14,67): warning CS8625: 无法将 null 字面量转换为非 null 的引用类型。 [D:\source\repos\LYBTZYZS\src\Frontend\Desktop\Core\LYBT.WPF.Client.Core_p5hancuu_wpftmp.csproj]
D:\source\repos\LYBTZYZS\src\Frontend\Desktop\Core\Exceptions\SpecificExceptions.cs(124,72): warning CS8625: 无法将 null 字面量转换为非 null 的引用类型。 [D:\source\repos\LYBTZYZS\src\Frontend\Desktop\Core\LYBT.WPF.Client.Core_p5hancuu_wpftmp.csproj]
D:\source\repos\LYBTZYZS\src\Frontend\Desktop\Core\Exceptions\SpecificExceptions.cs(124,97): warning CS8625: 无法将 null 字面量转换为非 null 的引用类型。 [D:\source\repos\LYBTZYZS\src\Frontend\Desktop\Core\LYBT.WPF.Client.Core_p5hancuu_wpftmp.csproj]
D:\source\repos\LYBTZYZS\src\Frontend\Desktop\Core\Exceptions\SpecificExceptions.cs(149,74): warning CS8625: 无法将 null 字面量转换为非 null 的引用类型。 [D:\source\repos\LYBTZYZS\src\Frontend\Desktop\Core\LYBT.WPF.Client.Core_p5hancuu_wpftmp.csproj]
D:\source\repos\LYBTZYZS\src\Frontend\Desktop\Core\Exceptions\SpecificExceptions.cs(168,86): warning CS8625: 无法将 null 字面量转换为非 null 的引用类型。 [D:\source\repos\LYBTZYZS\src\Frontend\Desktop\Core\LYBT.WPF.Client.Core_p5hancuu_wpftmp.csproj]
D:\source\repos\LYBTZYZS\src\Frontend\Desktop\Core\Exceptions\SpecificExceptions.cs(188,73): warning CS8625: 无法将 null 字面量转换为非 null 的引用类型。 [D:\source\repos\LYBTZYZS\src\Frontend\Desktop\Core\LYBT.WPF.Client.Core_p5hancuu_wpftmp.csproj]
D:\source\repos\LYBTZYZS\src\Frontend\Desktop\Core\Exceptions\SpecificExceptions.cs(188,97): warning CS8625: 无法将 null 字面量转换为非 null 的引用类型。 [D:\source\repos\LYBTZYZS\src\Frontend\Desktop\Core\LYBT.WPF.Client.Core_p5hancuu_wpftmp.csproj]
D:\source\repos\LYBTZYZS\src\Frontend\Desktop\Core\Exceptions\SpecificExceptions.cs(207,80): warning CS8625: 无法将 null 字面量转换为非 null 的引用类型。 [D:\source\repos\LYBTZYZS\src\Frontend\Desktop\Core\LYBT.WPF.Client.Core_p5hancuu_wpftmp.csproj]
D:\source\repos\LYBTZYZS\src\Frontend\Desktop\Core\Exceptions\SpecificExceptions.cs(207,106): warning CS8625: 无法将 null 字面量转换为非 null 的引用类型。 [D:\source\repos\LYBTZYZS\src\Frontend\Desktop\Core\LYBT.WPF.Client.Core_p5hancuu_wpftmp.csproj]
D:\source\repos\LYBTZYZS\src\Frontend\Desktop\Core\Exceptions\SpecificExceptions.cs(86,71): warning CS8625: 无法将 null 字面量转换为非 null 的引用类型。 [D:\source\repos\LYBTZYZS\src\Frontend\Desktop\Core\LYBT.WPF.Client.Core_p5hancuu_wpftmp.csproj]
D:\source\repos\LYBTZYZS\src\Frontend\Desktop\Core\Http\HttpClientFactory.cs(363,53): warning CS8714: 类型“TKey”不能用作泛型类型或方法“ConcurrentDictionary<TKey, TValue>”中的类型参数“TKey”。类型参数“TKey”的为 Null 性与 "notnull" 约束不匹配。 [D:\source\repos\LYBTZYZS\src\Frontend\Desktop\Core\LYBT.WPF.Client.Core_p5hancuu_wpftmp.csproj]
D:\source\repos\LYBTZYZS\src\Frontend\Desktop\Core\Extensions\PollyExtensions.cs(105,45): warning CS8625: 无法将 null 字面量转换为非 null 的引用类型。 [D:\source\repos\LYBTZYZS\src\Frontend\Desktop\Core\LYBT.WPF.Client.Core_p5hancuu_wpftmp.csproj]
D:\source\repos\LYBTZYZS\src\Frontend\Desktop\Core\Logging\LoggingInterfaces.cs(21,69): warning CS8625: 无法将 null 字面量转换为非 null 的引用类型。 [D:\source\repos\LYBTZYZS\src\Frontend\Desktop\Core\LYBT.WPF.Client.Core_p5hancuu_wpftmp.csproj]
D:\source\repos\LYBTZYZS\src\Frontend\Desktop\Core\Logging\LoggingInterfaces.cs(29,31): warning CS8625: 无法将 null 字面量转换为非 null 的引用类型。 [D:\source\repos\LYBTZYZS\src\Frontend\Desktop\Core\LYBT.WPF.Client.Core_p5hancuu_wpftmp.csproj]
D:\source\repos\LYBTZYZS\src\Frontend\Desktop\Core\Logging\LoggingInterfaces.cs(29,55): warning CS8625: 无法将 null 字面量转换为非 null 的引用类型。 [D:\source\repos\LYBTZYZS\src\Frontend\Desktop\Core\LYBT.WPF.Client.Core_p5hancuu_wpftmp.csproj]
D:\source\repos\LYBTZYZS\src\Frontend\Desktop\Core\Logging\LoggingInterfaces.cs(34,68): warning CS8625: 无法将 null 字面量转换为非 null 的引用类型。 [D:\source\repos\LYBTZYZS\src\Frontend\Desktop\Core\LYBT.WPF.Client.Core_p5hancuu_wpftmp.csproj]
D:\source\repos\LYBTZYZS\src\Frontend\Desktop\Core\Logging\StructuredLoggingService.cs(82,76): warning CS8625: 无法将 null 字面量转换为非 null 的引用类型。 [D:\source\repos\LYBTZYZS\src\Frontend\Desktop\Core\LYBT.WPF.Client.Core_p5hancuu_wpftmp.csproj]
D:\source\repos\LYBTZYZS\src\Frontend\Desktop\Core\Logging\StructuredLoggingService.cs(127,31): warning CS8625: 无法将 null 字面量转换为非 null 的引用类型。 [D:\source\repos\LYBTZYZS\src\Frontend\Desktop\Core\LYBT.WPF.Client.Core_p5hancuu_wpftmp.csproj]
D:\source\repos\LYBTZYZS\src\Frontend\Desktop\Core\Logging\StructuredLoggingService.cs(127,55): warning CS8625: 无法将 null 字面量转换为非 null 的引用类型。 [D:\source\repos\LYBTZYZS\src\Frontend\Desktop\Core\LYBT.WPF.Client.Core_p5hancuu_wpftmp.csproj]
D:\source\repos\LYBTZYZS\src\Frontend\Desktop\Core\Logging\StructuredLoggingService.cs(183,75): warning CS8625: 无法将 null 字面量转换为非 null 的引用类型。 [D:\source\repos\LYBTZYZS\src\Frontend\Desktop\Core\LYBT.WPF.Client.Core_p5hancuu_wpftmp.csproj]
D:\source\repos\LYBTZYZS\src\Backend\Services\LYBT.WebAPI\Controllers\StandardizedUsersController.cs(322,24): warning CS0108: “UserDetailDto.PinYinCode”隐藏继承的成员“UserDto.PinYinCode”。如果是有意隐藏，请使用关键字 new。 [D:\source\repos\LYBTZYZS\src\Backend\Services\LYBT.WebAPI\LYBT.WebAPI.csproj]
D:\source\repos\LYBTZYZS\src\Backend\Services\LYBT.WebAPI\Controllers\StandardizedUsersController.cs(323,26): warning CS0108: “UserDetailDto.LastLoginTime”隐藏继承的成员“UserDto.LastLoginTime”。如果是有意隐藏，请使用关键字 new。 [D:\source\repos\LYBTZYZS\src\Backend\Services\LYBT.WebAPI\LYBT.WebAPI.csproj]
D:\source\repos\LYBTZYZS\src\Backend\Services\LYBT.WebAPI\Controllers\StandardizedUsersController.cs(324,25): warning CS0108: “UserDetailDto.CreateTime”隐藏继承的成员“UserDto.CreateTime”。如果是有意隐藏，请使用关键字 new。 [D:\source\repos\LYBTZYZS\src\Backend\Services\LYBT.WebAPI\LYBT.WebAPI.csproj]
D:\source\repos\LYBTZYZS\src\Backend\Services\LYBT.WebAPI\Controllers\HerbImportExportController.cs(131,49): warning CS1998: 此异步方法缺少 "await" 运算符，将以同步方式运行。请考虑使用 "await" 运算符等待非阻止的 API 调用，或者使用 "await Task.Run(...)" 在后台线程上执行占用大量 CPU 的工作。 [D:\source\repos\LYBTZYZS\src\Backend\Services\LYBT.WebAPI\LYBT.WebAPI.csproj]
D:\source\repos\LYBTZYZS\src\Backend\Services\LYBT.WebAPI\Controllers\HerbImportExportController.cs(237,58): warning CS1998: 此异步方法缺少 "await" 运算符，将以同步方式运行。请考虑使用 "await" 运算符等待非阻止的 API 调用，或者使用 "await Task.Run(...)" 在后台线程上执行占用大量 CPU 的工作。 [D:\source\repos\LYBTZYZS\src\Backend\Services\LYBT.WebAPI\LYBT.WebAPI.csproj]
D:\source\repos\LYBTZYZS\src\Backend\Services\LYBT.WebAPI\Services\ClinicConfigService.cs(31,16): warning CS8618: 在退出构造函数时，不可为 null 的 字段 "_cachedConfig" 必须包含非 null 值。请考虑添加 "required" 修饰符或将该 字段 声明为可为 null。 [D:\source\repos\LYBTZYZS\src\Backend\Services\LYBT.WebAPI\LYBT.WebAPI.csproj]
D:\source\repos\LYBTZYZS\src\Backend\Services\LYBT.WebAPI\Services\ClinicConfigService.cs(46,20): warning CS8603: 可能返回 null 引用。 [D:\source\repos\LYBTZYZS\src\Backend\Services\LYBT.WebAPI\LYBT.WebAPI.csproj]
D:\source\repos\LYBTZYZS\src\Backend\Services\LYBT.WebAPI\Services\ClinicConfigService.cs(66,20): warning CS8603: 可能返回 null 引用。 [D:\source\repos\LYBTZYZS\src\Backend\Services\LYBT.WebAPI\LYBT.WebAPI.csproj]
D:\source\repos\LYBTZYZS\src\Backend\Services\LYBT.WebAPI\Services\ClinicConfigService.cs(100,37): warning CS8601: 可能的 null 引用赋值。 [D:\source\repos\LYBTZYZS\src\Backend\Services\LYBT.WebAPI\LYBT.WebAPI.csproj]
D:\source\repos\LYBTZYZS\src\Backend\Services\LYBT.WebAPI\Services\ClinicConfigService.cs(148,31): warning CS8618: 在退出构造函数时，不可为 null 的 属性 "ClinicSettings" 必须包含非 null 值。请考虑添加 "required" 修饰符或将该 属性 声明为可为 null。 [D:\source\repos\LYBTZYZS\src\Backend\Services\LYBT.WebAPI\LYBT.WebAPI.csproj]
D:\source\repos\LYBTZYZS\src\Backend\Services\LYBT.WebAPI\Services\ClinicConfigService.cs(153,26): warning CS8618: 在退出构造函数时，不可为 null 的 属性 "Basic" 必须包含非 null 值。请考虑添加 "required" 修饰符或将该 属性 声明为可为 null。 [D:\source\repos\LYBTZYZS\src\Backend\Services\LYBT.WebAPI\LYBT.WebAPI.csproj]
D:\source\repos\LYBTZYZS\src\Backend\Services\LYBT.WebAPI\Services\ClinicConfigService.cs(154,37): warning CS8618: 在退出构造函数时，不可为 null 的 属性 "Prescription" 必须包含非 null 值。请考虑添加 "required" 修饰符或将该 属性 声明为可为 null。 [D:\source\repos\LYBTZYZS\src\Backend\Services\LYBT.WebAPI\LYBT.WebAPI.csproj]
D:\source\repos\LYBTZYZS\src\Backend\Services\LYBT.WebAPI\Services\ClinicConfigService.cs(155,29): warning CS8618: 在退出构造函数时，不可为 null 的 属性 "Pricing" 必须包含非 null 值。请考虑添加 "required" 修饰符或将该 属性 声明为可为 null。 [D:\source\repos\LYBTZYZS\src\Backend\Services\LYBT.WebAPI\LYBT.WebAPI.csproj]
D:\source\repos\LYBTZYZS\src\Backend\Services\LYBT.WebAPI\Services\ClinicConfigService.cs(156,31): warning CS8618: 在退出构造函数时，不可为 null 的 属性 "System" 必须包含非 null 值。请考虑添加 "required" 修饰符或将该 属性 声明为可为 null。 [D:\source\repos\LYBTZYZS\src\Backend\Services\LYBT.WebAPI\LYBT.WebAPI.csproj]
D:\source\repos\LYBTZYZS\src\Backend\Services\LYBT.WebAPI\Services\ClinicConfigService.cs(157,30): warning CS8618: 在退出构造函数时，不可为 null 的 属性 "PrintTemplate" 必须包含非 null 值。请考虑添加 "required" 修饰符或将该 属性 声明为可为 null。 [D:\source\repos\LYBTZYZS\src\Backend\Services\LYBT.WebAPI\LYBT.WebAPI.csproj]
D:\source\repos\LYBTZYZS\src\Backend\Services\LYBT.WebAPI\Services\ClinicConfigService.cs(158,30): warning CS8618: 在退出构造函数时，不可为 null 的 属性 "BusinessRules" 必须包含非 null 值。请考虑添加 "required" 修饰符或将该 属性 声明为可为 null。 [D:\source\repos\LYBTZYZS\src\Backend\Services\LYBT.WebAPI\LYBT.WebAPI.csproj]
D:\source\repos\LYBTZYZS\src\Backend\Services\LYBT.WebAPI\Services\ClinicConfigService.cs(159,25): warning CS8618: 在退出构造函数时，不可为 null 的 属性 "Features" 必须包含非 null 值。请考虑添加 "required" 修饰符或将该 属性 声明为可为 null。 [D:\source\repos\LYBTZYZS\src\Backend\Services\LYBT.WebAPI\LYBT.WebAPI.csproj]
D:\source\repos\LYBTZYZS\src\Backend\Services\LYBT.WebAPI\Services\ClinicConfigService.cs(164,23): warning CS8618: 在退出构造函数时，不可为 null 的 属性 "Name" 必须包含非 null 值。请考虑添加 "required" 修饰符或将该 属性 声明为可为 null。 [D:\source\repos\LYBTZYZS\src\Backend\Services\LYBT.WebAPI\LYBT.WebAPI.csproj]
D:\source\repos\LYBTZYZS\src\Backend\Services\LYBT.WebAPI\Services\ClinicConfigService.cs(165,23): warning CS8618: 在退出构造函数时，不可为 null 的 属性 "Address" 必须包含非 null 值。请考虑添加 "required" 修饰符或将该 属性 声明为可为 null。 [D:\source\repos\LYBTZYZS\src\Backend\Services\LYBT.WebAPI\LYBT.WebAPI.csproj]
D:\source\repos\LYBTZYZS\src\Backend\Services\LYBT.WebAPI\Services\ClinicConfigService.cs(166,23): warning CS8618: 在退出构造函数时，不可为 null 的 属性 "Phone" 必须包含非 null 值。请考虑添加 "required" 修饰符或将该 属性 声明为可为 null。 [D:\source\repos\LYBTZYZS\src\Backend\Services\LYBT.WebAPI\LYBT.WebAPI.csproj]
D:\source\repos\LYBTZYZS\src\Backend\Services\LYBT.WebAPI\Services\ClinicConfigService.cs(167,23): warning CS8618: 在退出构造函数时，不可为 null 的 属性 "Email" 必须包含非 null 值。请考虑添加 "required" 修饰符或将该 属性 声明为可为 null。 [D:\source\repos\LYBTZYZS\src\Backend\Services\LYBT.WebAPI\LYBT.WebAPI.csproj]
D:\source\repos\LYBTZYZS\src\Backend\Services\LYBT.WebAPI\Services\ClinicConfigService.cs(168,23): warning CS8618: 在退出构造函数时，不可为 null 的 属性 "Logo" 必须包含非 null 值。请考虑添加 "required" 修饰符或将该 属性 声明为可为 null。 [D:\source\repos\LYBTZYZS\src\Backend\Services\LYBT.WebAPI\LYBT.WebAPI.csproj]
D:\source\repos\LYBTZYZS\src\Backend\Services\LYBT.WebAPI\Services\ClinicConfigService.cs(169,23): warning CS8618: 在退出构造函数时，不可为 null 的 属性 "Slogan" 必须包含非 null 值。请考虑添加 "required" 修饰符或将该 属性 声明为可为 null。 [D:\source\repos\LYBTZYZS\src\Backend\Services\LYBT.WebAPI\LYBT.WebAPI.csproj]
D:\source\repos\LYBTZYZS\src\Backend\Services\LYBT.WebAPI\Services\ClinicConfigService.cs(174,23): warning CS8618: 在退出构造函数时，不可为 null 的 属性 "Prefix" 必须包含非 null 值。请考虑添加 "required" 修饰符或将该 属性 声明为可为 null。 [D:\source\repos\LYBTZYZS\src\Backend\Services\LYBT.WebAPI\LYBT.WebAPI.csproj]
D:\source\repos\LYBTZYZS\src\Backend\Services\LYBT.WebAPI\Services\ClinicConfigService.cs(176,23): warning CS8618: 在退出构造函数时，不可为 null 的 属性 "DefaultUsage" 必须包含非 null 值。请考虑添加 "required" 修饰符或将该 属性 声明为可为 null。 [D:\source\repos\LYBTZYZS\src\Backend\Services\LYBT.WebAPI\LYBT.WebAPI.csproj]
D:\source\repos\LYBTZYZS\src\Backend\Services\LYBT.WebAPI\Services\ClinicConfigService.cs(185,23): warning CS8618: 在退出构造函数时，不可为 null 的 属性 "Currency" 必须包含非 null 值。请考虑添加 "required" 修饰符或将该 属性 声明为可为 null。 [D:\source\repos\LYBTZYZS\src\Backend\Services\LYBT.WebAPI\LYBT.WebAPI.csproj]
D:\source\repos\LYBTZYZS\src\Backend\Services\LYBT.WebAPI\Services\ClinicConfigService.cs(186,23): warning CS8618: 在退出构造函数时，不可为 null 的 属性 "CurrencySymbol" 必须包含非 null 值。请考虑添加 "required" 修饰符或将该 属性 声明为可为 null。 [D:\source\repos\LYBTZYZS\src\Backend\Services\LYBT.WebAPI\LYBT.WebAPI.csproj]
D:\source\repos\LYBTZYZS\src\Backend\Services\LYBT.WebAPI\Services\ClinicConfigService.cs(187,30): warning CS8618: 在退出构造函数时，不可为 null 的 属性 "DefaultDiscountRules" 必须包含非 null 值。请考虑添加 "required" 修饰符或将该 属性 声明为可为 null。 [D:\source\repos\LYBTZYZS\src\Backend\Services\LYBT.WebAPI\LYBT.WebAPI.csproj]
D:\source\repos\LYBTZYZS\src\Backend\Services\LYBT.WebAPI\Services\ClinicConfigService.cs(192,30): warning CS8618: 在退出构造函数时，不可为 null 的 属性 "Doctor" 必须包含非 null 值。请考虑添加 "required" 修饰符或将该 属性 声明为可为 null。 [D:\source\repos\LYBTZYZS\src\Backend\Services\LYBT.WebAPI\LYBT.WebAPI.csproj]
D:\source\repos\LYBTZYZS\src\Backend\Services\LYBT.WebAPI\Services\ClinicConfigService.cs(193,30): warning CS8618: 在退出构造函数时，不可为 null 的 属性 "ChiefDoctor" 必须包含非 null 值。请考虑添加 "required" 修饰符或将该 属性 声明为可为 null。 [D:\source\repos\LYBTZYZS\src\Backend\Services\LYBT.WebAPI\LYBT.WebAPI.csproj]
D:\source\repos\LYBTZYZS\src\Backend\Services\LYBT.WebAPI\Services\ClinicConfigService.cs(194,30): warning CS8618: 在退出构造函数时，不可为 null 的 属性 "Admin" 必须包含非 null 值。请考虑添加 "required" 修饰符或将该 属性 声明为可为 null。 [D:\source\repos\LYBTZYZS\src\Backend\Services\LYBT.WebAPI\LYBT.WebAPI.csproj]
D:\source\repos\LYBTZYZS\src\Backend\Services\LYBT.WebAPI\Services\ClinicConfigService.cs(205,23): warning CS8618: 在退出构造函数时，不可为 null 的 属性 "SystemName" 必须包含非 null 值。请考虑添加 "required" 修饰符或将该 属性 声明为可为 null。 [D:\source\repos\LYBTZYZS\src\Backend\Services\LYBT.WebAPI\LYBT.WebAPI.csproj]
D:\source\repos\LYBTZYZS\src\Backend\Services\LYBT.WebAPI\Services\ClinicConfigService.cs(206,23): warning CS8618: 在退出构造函数时，不可为 null 的 属性 "Version" 必须包含非 null 值。请考虑添加 "required" 修饰符或将该 属性 声明为可为 null。 [D:\source\repos\LYBTZYZS\src\Backend\Services\LYBT.WebAPI\LYBT.WebAPI.csproj]
D:\source\repos\LYBTZYZS\src\Backend\Services\LYBT.WebAPI\Services\ClinicConfigService.cs(214,23): warning CS8618: 在退出构造函数时，不可为 null 的 属性 "PageSize" 必须包含非 null 值。请考虑添加 "required" 修饰符或将该 属性 声明为可为 null。 [D:\source\repos\LYBTZYZS\src\Backend\Services\LYBT.WebAPI\LYBT.WebAPI.csproj]
D:\source\repos\LYBTZYZS\src\Backend\Services\LYBT.WebAPI\Services\ClinicConfigService.cs(215,23): warning CS8618: 在退出构造函数时，不可为 null 的 属性 "Orientation" 必须包含非 null 值。请考虑添加 "required" 修饰符或将该 属性 声明为可为 null。 [D:\source\repos\LYBTZYZS\src\Backend\Services\LYBT.WebAPI\LYBT.WebAPI.csproj]
D:\source\repos\LYBTZYZS\src\Backend\Services\LYBT.WebAPI\Services\ClinicConfigService.cs(220,23): warning CS8618: 在退出构造函数时，不可为 null 的 属性 "FontFamily" 必须包含非 null 值。请考虑添加 "required" 修饰符或将该 属性 声明为可为 null。 [D:\source\repos\LYBTZYZS\src\Backend\Services\LYBT.WebAPI\LYBT.WebAPI.csproj]
D:\source\repos\LYBTZYZS\src\Backend\Services\LYBT.WebAPI\Extensions\UnifiedApplicationInitialization.cs(211,31): warning CS1998: 此异步方法缺少 "await" 运算符，将以同步方式运行。请考虑使用 "await" 运算符等待非阻止的 API 调用，或者使用 "await Task.Run(...)" 在后台线程上执行占用大量 CPU 的工作。 [D:\source\repos\LYBTZYZS\src\Backend\Services\LYBT.WebAPI\LYBT.WebAPI.csproj]
D:\source\repos\LYBTZYZS\src\Backend\Services\LYBT.WebAPI\Controllers\PatientsController.cs(143,28): warning CS8619: 类型“ActionResult<ApiResponse<List<PatientDetailDto>?>>”的值中引用类型的为 Null 性与目标类型“ActionResult<ApiResponse<List<PatientDetailDto>>>”不匹配。 [D:\source\repos\LYBTZYZS\src\Backend\Services\LYBT.WebAPI\LYBT.WebAPI.csproj]
D:\source\repos\LYBTZYZS\src\Backend\Services\LYBT.WebAPI\Controllers\PrescriptionsController.cs(169,24): warning CS8619: 类型“ActionResult<ApiResponse<PrescriptionDetailDto?>>”的值中引用类型的为 Null 性与目标类型“ActionResult<ApiResponse<PrescriptionDetailDto>>”不匹配。 [D:\source\repos\LYBTZYZS\src\Backend\Services\LYBT.WebAPI\LYBT.WebAPI.csproj]
D:\source\repos\LYBTZYZS\src\Backend\Services\LYBT.WebAPI\Controllers\PrescriptionsController.cs(225,24): warning CS8619: 类型“ActionResult<ApiResponse<PrescriptionDetailDto?>>”的值中引用类型的为 Null 性与目标类型“ActionResult<ApiResponse<PrescriptionDetailDto>>”不匹配。 [D:\source\repos\LYBTZYZS\src\Backend\Services\LYBT.WebAPI\LYBT.WebAPI.csproj]
D:\source\repos\LYBTZYZS\src\Backend\Services\LYBT.WebAPI\Controllers\PatientsController.cs(411,24): warning CS8619: 类型“ActionResult<ApiResponse<PatientDetailDto?>>”的值中引用类型的为 Null 性与目标类型“ActionResult<ApiResponse<PatientDetailDto>>”不匹配。 [D:\source\repos\LYBTZYZS\src\Backend\Services\LYBT.WebAPI\LYBT.WebAPI.csproj]
D:\source\repos\LYBTZYZS\src\Frontend\Desktop\Core\Caching\MemoryCacheService.cs(5,22): error CS0234: 命名空间“System.Runtime”中不存在类型或命名空间名“Caching”(是否缺少程序集引用?) [D:\source\repos\LYBTZYZS\src\Frontend\Desktop\Core\LYBT.WPF.Client.Core_p5hancuu_wpftmp.csproj]
D:\source\repos\LYBTZYZS\src\Frontend\Desktop\Core\Extensions\PollyExtensions.cs(4,7): error CS0246: 未能找到类型或命名空间名“Polly”(是否缺少 using 指令或程序集引用?) [D:\source\repos\LYBTZYZS\src\Frontend\Desktop\Core\LYBT.WPF.Client.Core_p5hancuu_wpftmp.csproj]
D:\source\repos\LYBTZYZS\src\Frontend\Desktop\Core\Extensions\PollyExtensions.cs(5,7): error CS0246: 未能找到类型或命名空间名“Polly”(是否缺少 using 指令或程序集引用?) [D:\source\repos\LYBTZYZS\src\Frontend\Desktop\Core\LYBT.WPF.Client.Core_p5hancuu_wpftmp.csproj]
D:\source\repos\LYBTZYZS\src\Frontend\Desktop\Core\Http\HttpClientFactory.cs(11,7): error CS0246: 未能找到类型或命名空间名“Polly”(是否缺少 using 指令或程序集引用?) [D:\source\repos\LYBTZYZS\src\Frontend\Desktop\Core\LYBT.WPF.Client.Core_p5hancuu_wpftmp.csproj]
D:\source\repos\LYBTZYZS\src\Frontend\Desktop\Core\Http\HttpClientFactory.cs(12,7): error CS0246: 未能找到类型或命名空间名“Polly”(是否缺少 using 指令或程序集引用?) [D:\source\repos\LYBTZYZS\src\Frontend\Desktop\Core\LYBT.WPF.Client.Core_p5hancuu_wpftmp.csproj]
D:\source\repos\LYBTZYZS\src\Frontend\Desktop\Core\Http\HttpClientFactory.cs(13,7): error CS0246: 未能找到类型或命名空间名“Polly”(是否缺少 using 指令或程序集引用?) [D:\source\repos\LYBTZYZS\src\Frontend\Desktop\Core\LYBT.WPF.Client.Core_p5hancuu_wpftmp.csproj]
D:\source\repos\LYBTZYZS\src\Frontend\Desktop\Core\Http\HttpClientFactory.cs(14,7): error CS0246: 未能找到类型或命名空间名“Polly”(是否缺少 using 指令或程序集引用?) [D:\source\repos\LYBTZYZS\src\Frontend\Desktop\Core\LYBT.WPF.Client.Core_p5hancuu_wpftmp.csproj]
D:\source\repos\LYBTZYZS\src\Frontend\Desktop\Core\Services\BaseApiService.cs(7,7): error CS0246: 未能找到类型或命名空间名“Polly”(是否缺少 using 指令或程序集引用?) [D:\source\repos\LYBTZYZS\src\Frontend\Desktop\Core\LYBT.WPF.Client.Core_p5hancuu_wpftmp.csproj]
D:\source\repos\LYBTZYZS\src\Frontend\Desktop\Core\Services\BaseApiService.cs(8,7): error CS0246: 未能找到类型或命名空间名“Polly”(是否缺少 using 指令或程序集引用?) [D:\source\repos\LYBTZYZS\src\Frontend\Desktop\Core\LYBT.WPF.Client.Core_p5hancuu_wpftmp.csproj]
D:\source\repos\LYBTZYZS\src\Frontend\Desktop\Core\Services\BaseApiService.cs(9,7): error CS0246: 未能找到类型或命名空间名“Polly”(是否缺少 using 指令或程序集引用?) [D:\source\repos\LYBTZYZS\src\Frontend\Desktop\Core\LYBT.WPF.Client.Core_p5hancuu_wpftmp.csproj]
D:\source\repos\LYBTZYZS\src\Frontend\Desktop\Core\Async\AsyncOptimization.cs(271,26): error CS0246: 未能找到类型或命名空间名“BlockingCollection<>”(是否缺少 using 指令或程序集引用?) [D:\source\repos\LYBTZYZS\src\Frontend\Desktop\Core\LYBT.WPF.Client.Core_p5hancuu_wpftmp.csproj]
D:\source\repos\LYBTZYZS\src\Frontend\Desktop\Core\Async\AsyncOptimization.cs(336,26): error CS0246: 未能找到类型或命名空间名“ConcurrentDictionary<,>”(是否缺少 using 指令或程序集引用?) [D:\source\repos\LYBTZYZS\src\Frontend\Desktop\Core\LYBT.WPF.Client.Core_p5hancuu_wpftmp.csproj]
D:\source\repos\LYBTZYZS\src\Frontend\Desktop\Core\Exceptions\SpecificExceptions.cs(39,18): error CS0101: 命名空间“LYBT.WPF.Client.Core.Exceptions”已经包含“AuthenticationException”的定义 [D:\source\repos\LYBTZYZS\src\Frontend\Desktop\Core\LYBT.WPF.Client.Core_p5hancuu_wpftmp.csproj]
D:\source\repos\LYBTZYZS\src\Frontend\Desktop\Core\Exceptions\SpecificExceptions.cs(100,18): error CS0101: 命名空间“LYBT.WPF.Client.Core.Exceptions”已经包含“BusinessException”的定义 [D:\source\repos\LYBTZYZS\src\Frontend\Desktop\Core\LYBT.WPF.Client.Core_p5hancuu_wpftmp.csproj]
D:\source\repos\LYBTZYZS\src\Frontend\Desktop\Core\Exceptions\SpecificExceptions.cs(9,18): error CS0101: 命名空间“LYBT.WPF.Client.Core.Exceptions”已经包含“NetworkException”的定义 [D:\source\repos\LYBTZYZS\src\Frontend\Desktop\Core\LYBT.WPF.Client.Core_p5hancuu_wpftmp.csproj]
D:\source\repos\LYBTZYZS\src\Frontend\Desktop\Core\Exceptions\ValidationException.cs(11,18): error CS0101: 命名空间“LYBT.WPF.Client.Core.Exceptions”已经包含“ValidationException”的定义 [D:\source\repos\LYBTZYZS\src\Frontend\Desktop\Core\LYBT.WPF.Client.Core_p5hancuu_wpftmp.csproj]
D:\source\repos\LYBTZYZS\src\Frontend\Desktop\Core\Exceptions\AuthenticationException.cs(9,18): error CS0263: “AuthenticationException”的分部声明一定不能指定不同的基类 [D:\source\repos\LYBTZYZS\src\Frontend\Desktop\Core\LYBT.WPF.Client.Core_p5hancuu_wpftmp.csproj]
D:\source\repos\LYBTZYZS\src\Frontend\Desktop\Core\Exceptions\BusinessException.cs(9,18): error CS0263: “BusinessException”的分部声明一定不能指定不同的基类 [D:\source\repos\LYBTZYZS\src\Frontend\Desktop\Core\LYBT.WPF.Client.Core_p5hancuu_wpftmp.csproj]
D:\source\repos\LYBTZYZS\src\Frontend\Desktop\Core\Exceptions\NetworkException.cs(10,18): error CS0263: “NetworkException”的分部声明一定不能指定不同的基类 [D:\source\repos\LYBTZYZS\src\Frontend\Desktop\Core\LYBT.WPF.Client.Core_p5hancuu_wpftmp.csproj]
D:\source\repos\LYBTZYZS\src\Frontend\Desktop\Core\Exceptions\SpecificExceptions.cs(80,18): error CS0263: “ValidationException”的分部声明一定不能指定不同的基类 [D:\source\repos\LYBTZYZS\src\Frontend\Desktop\Core\LYBT.WPF.Client.Core_p5hancuu_wpftmp.csproj]
D:\source\repos\LYBTZYZS\src\Frontend\Desktop\Core\Memory\WeakEventManager.cs(228,18): error CS0101: 命名空间“LYBT.WPF.Client.Core.Memory”已经包含“WeakEventManager”的定义 [D:\source\repos\LYBTZYZS\src\Frontend\Desktop\Core\LYBT.WPF.Client.Core_p5hancuu_wpftmp.csproj]
D:\source\repos\LYBTZYZS\src\Frontend\Desktop\Core\Memory\WeakEventManager.cs(12,18): error CS0264: “WeakEventManager<TEventArgs>”的分部声明必须具有顺序相同的相同类型参数名 [D:\source\repos\LYBTZYZS\src\Frontend\Desktop\Core\LYBT.WPF.Client.Core_p5hancuu_wpftmp.csproj]
D:\source\repos\LYBTZYZS\src\Frontend\Desktop\Core\Memory\WeakEventManager.cs(228,52): error CS0699: “WeakEventManager<TEventArgs>”未定义类型参数“TDelegate” [D:\source\repos\LYBTZYZS\src\Frontend\Desktop\Core\LYBT.WPF.Client.Core_p5hancuu_wpftmp.csproj]
D:\source\repos\LYBTZYZS\src\Frontend\Desktop\Core\Memory\WeakEventManager.cs(12,18): error CS0265: “WeakEventManager<TEventArgs>”的分部声明对类型参数“TEventArgs”具有不一致的约束 [D:\source\repos\LYBTZYZS\src\Frontend\Desktop\Core\LYBT.WPF.Client.Core_p5hancuu_wpftmp.csproj]
D:\source\repos\LYBTZYZS\src\Frontend\Desktop\Core\Mvvm\AsyncRelayCommand.cs(140,59): error CS0535: “AsyncRelayCommand<T>”不实现接口成员“IAsyncCommand.ExecuteAsync(object?)” [D:\source\repos\LYBTZYZS\src\Frontend\Desktop\Core\LYBT.WPF.Client.Core_p5hancuu_wpftmp.csproj]
D:\source\repos\LYBTZYZS\src\Frontend\Desktop\Core\Http\HttpClientFactory.cs(295,17): error CS0246: 未能找到类型或命名空间名“IAsyncPolicy<>”(是否缺少 using 指令或程序集引用?) [D:\source\repos\LYBTZYZS\src\Frontend\Desktop\Core\LYBT.WPF.Client.Core_p5hancuu_wpftmp.csproj]
D:\source\repos\LYBTZYZS\src\Frontend\Desktop\Core\Memory\WeakEventManager.cs(236,32): error CS0246: 未能找到类型或命名空间名“TDelegate”(是否缺少 using 指令或程序集引用?) [D:\source\repos\LYBTZYZS\src\Frontend\Desktop\Core\LYBT.WPF.Client.Core_p5hancuu_wpftmp.csproj]
D:\source\repos\LYBTZYZS\src\Frontend\Desktop\Core\Http\HttpClientFactory.cs(279,26): error CS0246: 未能找到类型或命名空间名“IAsyncPolicy<>”(是否缺少 using 指令或程序集引用?) [D:\source\repos\LYBTZYZS\src\Frontend\Desktop\Core\LYBT.WPF.Client.Core_p5hancuu_wpftmp.csproj]
D:\source\repos\LYBTZYZS\src\Frontend\Desktop\Core\Memory\WeakEventManager.cs(251,35): error CS0246: 未能找到类型或命名空间名“TDelegate”(是否缺少 using 指令或程序集引用?) [D:\source\repos\LYBTZYZS\src\Frontend\Desktop\Core\LYBT.WPF.Client.Core_p5hancuu_wpftmp.csproj]
D:\source\repos\LYBTZYZS\src\Frontend\Desktop\Core\Interfaces\Services\IUserService.cs(14,22): error CS0101: 命名空间“LYBT.WPF.Client.Core.Interfaces.Services”已经包含“IUserService”的定义 [D:\source\repos\LYBTZYZS\src\Frontend\Desktop\Core\LYBT.WPF.Client.Core_p5hancuu_wpftmp.csproj]
D:\source\repos\LYBTZYZS\src\Frontend\Desktop\Core\Interfaces\Services\IPatientService.cs(13,22): error CS0101: 命名空间“LYBT.WPF.Client.Core.Interfaces.Services”已经包含“IPatientService”的定义 [D:\source\repos\LYBTZYZS\src\Frontend\Desktop\Core\LYBT.WPF.Client.Core_p5hancuu_wpftmp.csproj]
D:\source\repos\LYBTZYZS\src\Frontend\Desktop\Core\Interfaces\Services\IConsultationService.cs(15,22): error CS0101: 命名空间“LYBT.WPF.Client.Core.Interfaces.Services”已经包含“IConsultationService”的定义 [D:\source\repos\LYBTZYZS\src\Frontend\Desktop\Core\LYBT.WPF.Client.Core_p5hancuu_wpftmp.csproj]
D:\source\repos\LYBTZYZS\src\Frontend\Desktop\Core\Interfaces\Services\IHerbService.cs(15,22): error CS0101: 命名空间“LYBT.WPF.Client.Core.Interfaces.Services”已经包含“IHerbService”的定义 [D:\source\repos\LYBTZYZS\src\Frontend\Desktop\Core\LYBT.WPF.Client.Core_p5hancuu_wpftmp.csproj]
D:\source\repos\LYBTZYZS\src\Frontend\Desktop\Core\Memory\WeakEventManager.cs(265,28): error CS0246: 未能找到类型或命名空间名“TDelegate”(是否缺少 using 指令或程序集引用?) [D:\source\repos\LYBTZYZS\src\Frontend\Desktop\Core\LYBT.WPF.Client.Core_p5hancuu_wpftmp.csproj]
D:\source\repos\LYBTZYZS\src\Frontend\Desktop\Core\Caching\MemoryCacheService.cs(46,16): error CS0246: 未能找到类型或命名空间名“CacheItemPriority”(是否缺少 using 指令或程序集引用?) [D:\source\repos\LYBTZYZS\src\Frontend\Desktop\Core\LYBT.WPF.Client.Core_p5hancuu_wpftmp.csproj]
D:\source\repos\LYBTZYZS\src\Frontend\Desktop\Core\Caching\MemoryCacheService.cs(66,39): error CS0246: 未能找到类型或命名空间名“CacheEntryRemovedReason”(是否缺少 using 指令或程序集引用?) [D:\source\repos\LYBTZYZS\src\Frontend\Desktop\Core\LYBT.WPF.Client.Core_p5hancuu_wpftmp.csproj]
D:\source\repos\LYBTZYZS\src\Frontend\Desktop\Core\Caching\MemoryCacheService.cs(148,26): error CS0246: 未能找到类型或命名空间名“MemoryCache”(是否缺少 using 指令或程序集引用?) [D:\source\repos\LYBTZYZS\src\Frontend\Desktop\Core\LYBT.WPF.Client.Core_p5hancuu_wpftmp.csproj]
D:\source\repos\LYBTZYZS\src\Frontend\Desktop\Core\Extensions\PollyExtensions.cs(17,23): error CS0246: 未能找到类型或命名空间名“IAsyncPolicy<>”(是否缺少 using 指令或程序集引用?) [D:\source\repos\LYBTZYZS\src\Frontend\Desktop\Core\LYBT.WPF.Client.Core_p5hancuu_wpftmp.csproj]
D:\source\repos\LYBTZYZS\src\Frontend\Desktop\Core\Extensions\PollyExtensions.cs(35,23): error CS0246: 未能找到类型或命名空间名“IAsyncPolicy<>”(是否缺少 using 指令或程序集引用?) [D:\source\repos\LYBTZYZS\src\Frontend\Desktop\Core\LYBT.WPF.Client.Core_p5hancuu_wpftmp.csproj]
D:\source\repos\LYBTZYZS\src\Frontend\Desktop\Core\Extensions\PollyExtensions.cs(61,23): error CS0246: 未能找到类型或命名空间名“IAsyncPolicy<>”(是否缺少 using 指令或程序集引用?) [D:\source\repos\LYBTZYZS\src\Frontend\Desktop\Core\LYBT.WPF.Client.Core_p5hancuu_wpftmp.csproj]
D:\source\repos\LYBTZYZS\src\Frontend\Desktop\Core\Extensions\PollyExtensions.cs(76,23): error CS0246: 未能找到类型或命名空间名“IAsyncPolicy<>”(是否缺少 using 指令或程序集引用?) [D:\source\repos\LYBTZYZS\src\Frontend\Desktop\Core\LYBT.WPF.Client.Core_p5hancuu_wpftmp.csproj]
D:\source\repos\LYBTZYZS\src\Frontend\Desktop\Core\Extensions\PollyExtensions.cs(102,23): error CS0246: 未能找到类型或命名空间名“IAsyncPolicy<>”(是否缺少 using 指令或程序集引用?) [D:\source\repos\LYBTZYZS\src\Frontend\Desktop\Core\LYBT.WPF.Client.Core_p5hancuu_wpftmp.csproj]
D:\source\repos\LYBTZYZS\src\Frontend\Desktop\Core\Interfaces\Services\IHerbService.cs(46,29): error CS0111: 类型“IHerbService”已定义了一个名为“DeleteHerbAsync”的具有相同参数类型的成员 [D:\source\repos\LYBTZYZS\src\Frontend\Desktop\Core\LYBT.WPF.Client.Core_p5hancuu_wpftmp.csproj]
D:\source\repos\LYBTZYZS\src\Frontend\Desktop\Core\Services\BaseApiService.cs(121,30): error CS0246: 未能找到类型或命名空间名“ServiceResult<>”(是否缺少 using 指令或程序集引用?) [D:\source\repos\LYBTZYZS\src\Frontend\Desktop\Core\LYBT.WPF.Client.Core_p5hancuu_wpftmp.csproj]
D:\source\repos\LYBTZYZS\src\Frontend\Desktop\Core\Services\ErrorClassifier.cs(29,16): error CS0104: “ApplicationException”是“LYBT.WPF.Client.Core.Exceptions.ApplicationException”和“System.ApplicationException”之间的不明确的引用 [D:\source\repos\LYBTZYZS\src\Frontend\Desktop\Core\LYBT.WPF.Client.Core_p5hancuu_wpftmp.csproj]
D:\source\repos\LYBTZYZS\src\Frontend\Desktop\Core\Validation\ValidationBase.cs(327,50): error CS0246: 未能找到类型或命名空间名“IValidatorSelector”(是否缺少 using 指令或程序集引用?) [D:\source\repos\LYBTZYZS\src\Frontend\Desktop\Core\LYBT.WPF.Client.Core_p5hancuu_wpftmp.csproj]
D:\source\repos\LYBTZYZS\src\Frontend\Desktop\Core\Services\ErrorClassifier.cs(283,9): error CS0104: “ApplicationException”是“LYBT.WPF.Client.Core.Exceptions.ApplicationException”和“System.ApplicationException”之间的不明确的引用 [D:\source\repos\LYBTZYZS\src\Frontend\Desktop\Core\LYBT.WPF.Client.Core_p5hancuu_wpftmp.csproj]
D:\source\repos\LYBTZYZS\src\Frontend\Desktop\Core\Services\ErrorClassifier.cs(161,58): error CS1069: 未能在命名空间“System.Data.SqlClient”中找到类型名“SqlException”。此类型已转发到程序集“System.Data.SqlClient, Version=0.0.0.0, Culture=neutral, PublicKeyToken=b03f5f7f11d50a3a”。请考虑添加对该程序集的引用。 [D:\source\repos\LYBTZYZS\src\Frontend\Desktop\Core\LYBT.WPF.Client.Core_p5hancuu_wpftmp.csproj]
D:\source\repos\LYBTZYZS\src\Frontend\Desktop\Core\Services\ErrorClassifier.cs(183,17): error CS0104: “ApplicationException”是“LYBT.WPF.Client.Core.Exceptions.ApplicationException”和“System.ApplicationException”之间的不明确的引用 [D:\source\repos\LYBTZYZS\src\Frontend\Desktop\Core\LYBT.WPF.Client.Core_p5hancuu_wpftmp.csproj]
D:\source\repos\LYBTZYZS\src\Frontend\Desktop\Core\Services\GlobalExceptionHandler.cs(241,35): error CS0104: “ApplicationException”是“LYBT.WPF.Client.Core.Exceptions.ApplicationException”和“System.ApplicationException”之间的不明确的引用 [D:\source\repos\LYBTZYZS\src\Frontend\Desktop\Core\LYBT.WPF.Client.Core_p5hancuu_wpftmp.csproj]
D:\source\repos\LYBTZYZS\src\Frontend\Desktop\Core\Services\GlobalExceptionHandler.cs(258,39): error CS0104: “ApplicationException”是“LYBT.WPF.Client.Core.Exceptions.ApplicationException”和“System.ApplicationException”之间的不明确的引用 [D:\source\repos\LYBTZYZS\src\Frontend\Desktop\Core\LYBT.WPF.Client.Core_p5hancuu_wpftmp.csproj]
D:\source\repos\LYBTZYZS\src\Frontend\Desktop\Core\Services\GlobalExceptionHandler.cs(277,44): error CS0104: “ApplicationException”是“LYBT.WPF.Client.Core.Exceptions.ApplicationException”和“System.ApplicationException”之间的不明确的引用 [D:\source\repos\LYBTZYZS\src\Frontend\Desktop\Core\LYBT.WPF.Client.Core_p5hancuu_wpftmp.csproj]
D:\source\repos\LYBTZYZS\src\Frontend\Desktop\Core\Services\GlobalExceptionHandler.cs(291,46): error CS0104: “ApplicationException”是“LYBT.WPF.Client.Core.Exceptions.ApplicationException”和“System.ApplicationException”之间的不明确的引用 [D:\source\repos\LYBTZYZS\src\Frontend\Desktop\Core\LYBT.WPF.Client.Core_p5hancuu_wpftmp.csproj]
D:\source\repos\LYBTZYZS\src\Frontend\Desktop\Core\Services\GlobalExceptionHandler.cs(313,57): error CS0104: “ApplicationException”是“LYBT.WPF.Client.Core.Exceptions.ApplicationException”和“System.ApplicationException”之间的不明确的引用 [D:\source\repos\LYBTZYZS\src\Frontend\Desktop\Core\LYBT.WPF.Client.Core_p5hancuu_wpftmp.csproj]
D:\source\repos\LYBTZYZS\src\Frontend\Desktop\Core\Services\GlobalExceptionHandler.cs(344,48): error CS0104: “ApplicationException”是“LYBT.WPF.Client.Core.Exceptions.ApplicationException”和“System.ApplicationException”之间的不明确的引用 [D:\source\repos\LYBTZYZS\src\Frontend\Desktop\Core\LYBT.WPF.Client.Core_p5hancuu_wpftmp.csproj]
D:\source\repos\LYBTZYZS\src\Frontend\Desktop\Core\Services\GlobalExceptionHandler.cs(363,58): error CS0104: “ApplicationException”是“LYBT.WPF.Client.Core.Exceptions.ApplicationException”和“System.ApplicationException”之间的不明确的引用 [D:\source\repos\LYBTZYZS\src\Frontend\Desktop\Core\LYBT.WPF.Client.Core_p5hancuu_wpftmp.csproj]
D:\source\repos\LYBTZYZS\src\Frontend\Desktop\Core\Services\BaseApiService.cs(19,28): error CS0246: 未能找到类型或命名空间名“IAsyncPolicy<>”(是否缺少 using 指令或程序集引用?) [D:\source\repos\LYBTZYZS\src\Frontend\Desktop\Core\LYBT.WPF.Client.Core_p5hancuu_wpftmp.csproj]
D:\source\repos\LYBTZYZS\src\Frontend\Desktop\Core\Services\BaseApiService.cs(20,28): error CS0246: 未能找到类型或命名空间名“IAsyncPolicy<>”(是否缺少 using 指令或程序集引用?) [D:\source\repos\LYBTZYZS\src\Frontend\Desktop\Core\LYBT.WPF.Client.Core_p5hancuu_wpftmp.csproj]
D:\source\repos\LYBTZYZS\src\Frontend\Desktop\Core\Services\BaseApiService.cs(21,28): error CS0246: 未能找到类型或命名空间名“IAsyncPolicy<>”(是否缺少 using 指令或程序集引用?) [D:\source\repos\LYBTZYZS\src\Frontend\Desktop\Core\LYBT.WPF.Client.Core_p5hancuu_wpftmp.csproj]
D:\source\repos\LYBTZYZS\src\Frontend\Desktop\Core\Services\BaseApiService.cs(22,28): error CS0246: 未能找到类型或命名空间名“IAsyncPolicy<>”(是否缺少 using 指令或程序集引用?) [D:\source\repos\LYBTZYZS\src\Frontend\Desktop\Core\LYBT.WPF.Client.Core_p5hancuu_wpftmp.csproj]
D:\source\repos\LYBTZYZS\src\Frontend\Desktop\Core\Redux\StateViewModel.cs(291,16): error CS0246: 未能找到类型或命名空间名“ObservableCollection<>”(是否缺少 using 指令或程序集引用?) [D:\source\repos\LYBTZYZS\src\Frontend\Desktop\Core\LYBT.WPF.Client.Core_p5hancuu_wpftmp.csproj]
D:\source\repos\LYBTZYZS\src\Frontend\Desktop\Core\Redux\StateStore.cs(380,45): error CS0452: 类型“TState”必须是引用类型才能用作泛型类型或方法“StateStore<TState>”中的参数“TState” [D:\source\repos\LYBTZYZS\src\Frontend\Desktop\Core\LYBT.WPF.Client.Core_p5hancuu_wpftmp.csproj]
D:\source\repos\LYBTZYZS\src\Frontend\Desktop\Core\Redux\StateStore.cs(384,53): error CS0452: 类型“TState”必须是引用类型才能用作泛型类型或方法“StateStore<TState>”中的参数“TState” [D:\source\repos\LYBTZYZS\src\Frontend\Desktop\Core\LYBT.WPF.Client.Core_p5hancuu_wpftmp.csproj]
D:\source\repos\LYBTZYZS\src\Frontend\Desktop\Core\Redux\StateViewModel.cs(286,26): error CS0246: 未能找到类型或命名空间名“ObservableCollection<>”(是否缺少 using 指令或程序集引用?) [D:\source\repos\LYBTZYZS\src\Frontend\Desktop\Core\LYBT.WPF.Client.Core_p5hancuu_wpftmp.csproj]
    65 个警告
    64 个错误

已用时间 00:00:22.85
