生成启动时间为 2025/8/4 9:12:36。
     1>项目“D:\source\repos\LYBTZYZS\LYBT.Backend.sln”在节点 1 上(Restore 个目标)。
     1>ValidateSolutionConfiguration:
         正在生成解决方案配置“Debug|Any CPU”。
       _GetAllRestoreProjectPathItems:
         正在确定要还原的项目…
       Restore:
         X.509 证书链验证将使用 .NET 选择的默认信任存储进行代码签名。
         X.509 证书链验证将使用 .NET 选择的默认信任存储进行时间戳。
         资产文件未改变。跳过资产文件写入。路径: D:\source\repos\LYBTZYZS\src\Backend\Modules\LYBT.Module.Registration\obj\project.assets.json
         资产文件未改变。跳过资产文件写入。路径: D:\source\repos\LYBTZYZS\src\Backend\Modules\LYBT.Module.Queueing\obj\project.assets.json
         资产文件未改变。跳过资产文件写入。路径: D:\source\repos\LYBTZYZS\src\Backend\Modules\LYBT.Module.Pharmacy\obj\project.assets.json
         资产文件未改变。跳过资产文件写入。路径: D:\source\repos\LYBTZYZS\src\Backend\Modules\LYBT.Module.Billing\obj\project.assets.json
         资产文件未改变。跳过资产文件写入。路径: D:\source\repos\LYBTZYZS\src\Backend\Modules\LYBT.Module.Doctors\obj\project.assets.json
         资产文件未改变。跳过资产文件写入。路径: D:\source\repos\LYBTZYZS\src\Backend\Core\LYBT.Infrastructure\obj\project.assets.json
         资产文件未改变。跳过资产文件写入。路径: D:\source\repos\LYBTZYZS\src\Backend\Modules\LYBT.Module.Herbs\obj\project.assets.json
         资产文件未改变。跳过资产文件写入。路径: D:\source\repos\LYBTZYZS\src\Backend\Modules\LYBT.Module.Auth\obj\project.assets.json
         已还原 D:\source\repos\LYBTZYZS\src\Backend\Modules\LYBT.Module.Registration\LYBT.Module.Registration.csproj (用时 134 毫秒)。
         已还原 D:\source\repos\LYBTZYZS\src\Backend\Modules\LYBT.Module.Doctors\LYBT.Module.Doctors.csproj (用时 92 毫秒)。
         已还原 D:\source\repos\LYBTZYZS\src\Backend\Modules\LYBT.Module.Queueing\LYBT.Module.Queueing.csproj (用时 133 毫秒)。
         已还原 D:\source\repos\LYBTZYZS\src\Backend\Modules\LYBT.Module.Auth\LYBT.Module.Auth.csproj (用时 98 毫秒)。
         已还原 D:\source\repos\LYBTZYZS\src\Backend\Modules\LYBT.Module.Pharmacy\LYBT.Module.Pharmacy.csproj (用时 88 毫秒)。
         已还原 D:\source\repos\LYBTZYZS\src\Backend\Modules\LYBT.Module.Billing\LYBT.Module.Billing.csproj (用时 81 毫秒)。
         已还原 D:\source\repos\LYBTZYZS\src\Backend\Core\LYBT.Infrastructure\LYBT.Infrastructure.csproj (用时 111 毫秒)。
         已还原 D:\source\repos\LYBTZYZS\src\Backend\Modules\LYBT.Module.Herbs\LYBT.Module.Herbs.csproj (用时 97 毫秒)。
         资产文件未改变。跳过资产文件写入。路径: D:\source\repos\LYBTZYZS\src\Backend\Core\LYBT.Models\obj\project.assets.json
         已还原 D:\source\repos\LYBTZYZS\src\Backend\Core\LYBT.Models\LYBT.Models.csproj (用时 1 毫秒)。
         资产文件未改变。跳过资产文件写入。路径: D:\source\repos\LYBTZYZS\src\Shared\LYBT.Shared.Models\obj\project.assets.json
         已还原 D:\source\repos\LYBTZYZS\src\Shared\LYBT.Shared.Models\LYBT.Shared.Models.csproj (用时 0.5 毫秒)。
         资产文件未改变。跳过资产文件写入。路径: D:\source\repos\LYBTZYZS\src\Backend\Modules\LYBT.Module.Users\obj\project.assets.json
         已还原 D:\source\repos\LYBTZYZS\src\Backend\Modules\LYBT.Module.Users\LYBT.Module.Users.csproj (用时 1 毫秒)。
         资产文件未改变。跳过资产文件写入。路径: D:\source\repos\LYBTZYZS\src\Backend\Modules\LYBT.Module.TreatmentRoom\obj\project.assets.json
         已还原 D:\source\repos\LYBTZYZS\src\Backend\Modules\LYBT.Module.TreatmentRoom\LYBT.Module.TreatmentRoom.csproj (用时 1 毫秒)。
         资产文件未改变。跳过资产文件写入。路径: D:\source\repos\LYBTZYZS\src\Backend\Modules\LYBT.Module.Sync\obj\project.assets.json
         已还原 D:\source\repos\LYBTZYZS\src\Backend\Modules\LYBT.Module.Sync\LYBT.Module.Sync.csproj (用时 1 毫秒)。
         资产文件未改变。跳过资产文件写入。路径: D:\source\repos\LYBTZYZS\src\Shared\LYBT.Shared.Utilities\obj\project.assets.json
         已还原 D:\source\repos\LYBTZYZS\src\Shared\LYBT.Shared.Utilities\LYBT.Shared.Utilities.csproj (用时 5 毫秒)。
         资产文件未改变。跳过资产文件写入。路径: D:\source\repos\LYBTZYZS\src\Backend\Services\LYBT.WebAPI\obj\project.assets.json
         已还原 D:\source\repos\LYBTZYZS\src\Backend\Services\LYBT.WebAPI\LYBT.WebAPI.csproj (用时 5 毫秒)。
         资产文件未改变。跳过资产文件写入。路径: D:\source\repos\LYBTZYZS\src\Backend\Modules\LYBT.Module.Prescriptions\obj\project.assets.json
         已还原 D:\source\repos\LYBTZYZS\src\Backend\Modules\LYBT.Module.Prescriptions\LYBT.Module.Prescriptions.csproj (用时 1 毫秒)。
         资产文件未改变。跳过资产文件写入。路径: D:\source\repos\LYBTZYZS\src\Backend\Modules\LYBT.Module.Records\obj\project.assets.json
         已还原 D:\source\repos\LYBTZYZS\src\Backend\Modules\LYBT.Module.Records\LYBT.Module.Records.csproj (用时 2 毫秒)。
         资产文件未改变。跳过资产文件写入。路径: D:\source\repos\LYBTZYZS\src\Backend\Modules\LYBT.Module.Patients\obj\project.assets.json
         已还原 D:\source\repos\LYBTZYZS\src\Backend\Modules\LYBT.Module.Patients\LYBT.Module.Patients.csproj (用时 1 毫秒)。
         资产文件未改变。跳过资产文件写入。路径: D:\source\repos\LYBTZYZS\src\Backend\Modules\LYBT.Module.Diagnostics\obj\project.assets.json
         已还原 D:\source\repos\LYBTZYZS\src\Backend\Modules\LYBT.Module.Diagnostics\LYBT.Module.Diagnostics.csproj (用时 1 毫秒)。
         资产文件未改变。跳过资产文件写入。路径: D:\source\repos\LYBTZYZS\src\Backend\Modules\LYBT.Module.DiagnosisTreatment\obj\project.assets.json
         已还原 D:\source\repos\LYBTZYZS\src\Backend\Modules\LYBT.Module.DiagnosisTreatment\LYBT.Module.DiagnosisTreatment.csproj (用时 2 毫秒)。
         资产文件未改变。跳过资产文件写入。路径: D:\source\repos\LYBTZYZS\src\Backend\Modules\LYBT.Module.FormulaTemplates\obj\project.assets.json
         已还原 D:\source\repos\LYBTZYZS\src\Backend\Modules\LYBT.Module.FormulaTemplates\LYBT.Module.FormulaTemplates.csproj (用时 7 毫秒)。
         
         使用的 NuGet 配置文件:
             C:\Users\player\AppData\Roaming\NuGet\NuGet.Config
             C:\Program Files (x86)\NuGet\Config\Microsoft.VisualStudio.FallbackLocation.config
             C:\Program Files (x86)\NuGet\Config\Microsoft.VisualStudio.Offline.config
         
         使用的源:
             https://api.nuget.org/v3/index.json
             C:\Program Files (x86)\Microsoft SDKs\NuGetPackages\
         所有项目均是最新的，无法还原。
     1>已完成生成项目“D:\source\repos\LYBTZYZS\LYBT.Backend.sln”(Restore 个目标)的操作。
   1:2>节点 1 上的项目“D:\source\repos\LYBTZYZS\LYBT.Backend.sln”(默认目标)。
     1>ValidateSolutionConfiguration:
         正在生成解决方案配置“Debug|Any CPU”。
   1:2>项目“D:\source\repos\LYBTZYZS\LYBT.Backend.sln”(1:2)正在节点 6 上生成“D:\source\repos\LYBTZYZS\src\Backend\Modules\LYBT.Module.Diagnostics\LYBT.Module.Diagnostics.csproj”(4:6) (默认目标)。
   4:6>项目“D:\source\repos\LYBTZYZS\src\Backend\Modules\LYBT.Module.Diagnostics\LYBT.Module.Diagnostics.csproj”(4:6)正在节点 6 上生成“D:\source\repos\LYBTZYZS\src\Shared\LYBT.Shared.Models\LYBT.Shared.Models.csproj”(21:25) (默认目标)。
    21>_GenerateSourceLinkFile:
         Source Link 文件 "obj\Debug\net8.0\LYBT.Shared.Models.sourcelink.json" 是最新的。
       CoreCompile:
       正在跳过目标“CoreCompile”，因为所有输出文件相对于输入文件而言都是最新的。
       GenerateBuildDependencyFile:
       正在跳过目标“GenerateBuildDependencyFile”，因为所有输出文件相对于输入文件而言都是最新的。
       CopyFilesToOutputDirectory:
         LYBT.Shared.Models -> D:\source\repos\LYBTZYZS\src\Shared\LYBT.Shared.Models\bin\Debug\net8.0\LYBT.Shared.Models.dll
    21>已完成生成项目“D:\source\repos\LYBTZYZS\src\Shared\LYBT.Shared.Models\LYBT.Shared.Models.csproj”(默认目标)的操作。
   1:2>项目“D:\source\repos\LYBTZYZS\LYBT.Backend.sln”(1:2)正在节点 5 上生成“D:\source\repos\LYBTZYZS\src\Backend\Core\LYBT.Models\LYBT.Models.csproj”(2:23) (默认目标)。
     2>_GenerateSourceLinkFile:
         Source Link 文件 "obj\Debug\net8.0\LYBT.Models.sourcelink.json" 是最新的。
       CoreCompile:
       正在跳过目标“CoreCompile”，因为所有输出文件相对于输入文件而言都是最新的。
       GenerateBuildDependencyFile:
       正在跳过目标“GenerateBuildDependencyFile”，因为所有输出文件相对于输入文件而言都是最新的。
       CopyFilesToOutputDirectory:
         LYBT.Models -> D:\source\repos\LYBTZYZS\src\Backend\Core\BIN\Debug\net8.0\LYBT.Models.dll
     2>已完成生成项目“D:\source\repos\LYBTZYZS\src\Backend\Core\LYBT.Models\LYBT.Models.csproj”(默认目标)的操作。
   1:2>项目“D:\source\repos\LYBTZYZS\LYBT.Backend.sln”(1:2)正在节点 3 上生成“D:\source\repos\LYBTZYZS\src\Backend\Core\LYBT.Infrastructure\LYBT.Infrastructure.csproj”(5:22) (默认目标)。
  5:22>项目“D:\source\repos\LYBTZYZS\src\Backend\Core\LYBT.Infrastructure\LYBT.Infrastructure.csproj”(5:22)正在节点 7 上生成“D:\source\repos\LYBTZYZS\src\Shared\LYBT.Shared.Utilities\LYBT.Shared.Utilities.csproj”(22:26) (默认目标)。
    22>_GenerateSourceLinkFile:
         Source Link 文件 "obj\Debug\net8.0\LYBT.Shared.Utilities.sourcelink.json" 是最新的。
       CoreCompile:
       正在跳过目标“CoreCompile”，因为所有输出文件相对于输入文件而言都是最新的。
       GenerateBuildDependencyFile:
       正在跳过目标“GenerateBuildDependencyFile”，因为所有输出文件相对于输入文件而言都是最新的。
       CopyFilesToOutputDirectory:
         LYBT.Shared.Utilities -> D:\source\repos\LYBTZYZS\src\BIN\Debug\net8.0\LYBT.Shared.Utilities.dll
    22>已完成生成项目“D:\source\repos\LYBTZYZS\src\Shared\LYBT.Shared.Utilities\LYBT.Shared.Utilities.csproj”(默认目标)的操作。
     5>_GenerateSourceLinkFile:
         Source Link 文件 "obj\Debug\net8.0\LYBT.Infrastructure.sourcelink.json" 是最新的。
       CoreCompile:
       正在跳过目标“CoreCompile”，因为所有输出文件相对于输入文件而言都是最新的。
       GenerateBuildDependencyFile:
       正在跳过目标“GenerateBuildDependencyFile”，因为所有输出文件相对于输入文件而言都是最新的。
       GenerateBuildRuntimeConfigurationFiles:
       正在跳过目标“GenerateBuildRuntimeConfigurationFiles”，因为所有输出文件相对于输入文件而言都是最新的。
       CopyFilesToOutputDirectory:
         LYBT.Infrastructure -> D:\source\repos\LYBTZYZS\src\Backend\Core\BIN\Debug\net8.0\LYBT.Infrastructure.dll
     5>已完成生成项目“D:\source\repos\LYBTZYZS\src\Backend\Core\LYBT.Infrastructure\LYBT.Infrastructure.csproj”(默认目标)的操作。
   1:2>项目“D:\source\repos\LYBTZYZS\LYBT.Backend.sln”(1:2)正在节点 8 上生成“D:\source\repos\LYBTZYZS\src\Backend\Modules\LYBT.Module.Queueing\LYBT.Module.Queueing.csproj”(17:8) (默认目标)。
    17>_GenerateSourceLinkFile:
         Source Link 文件 "obj\Debug\net8.0\LYBT.Module.Queueing.sourcelink.json" 是最新的。
   1:2>项目“D:\source\repos\LYBTZYZS\LYBT.Backend.sln”(1:2)正在节点 7 上生成“D:\source\repos\LYBTZYZS\src\Backend\Modules\LYBT.Module.Auth\LYBT.Module.Auth.csproj”(9:7) (默认目标)。
   9:7>项目“D:\source\repos\LYBTZYZS\src\Backend\Modules\LYBT.Module.Auth\LYBT.Module.Auth.csproj”(9:7)正在节点 7 上生成“D:\source\repos\LYBTZYZS\src\Backend\Modules\LYBT.Module.Users\LYBT.Module.Users.csproj”(20:10) (默认目标)。
    20>_GenerateSourceLinkFile:
         Source Link 文件 "obj\Debug\net8.0\LYBT.Module.Users.sourcelink.json" 是最新的。
       CoreCompile:
       正在跳过目标“CoreCompile”，因为所有输出文件相对于输入文件而言都是最新的。
    17>CoreCompile:
       正在跳过目标“CoreCompile”，因为所有输出文件相对于输入文件而言都是最新的。
    20>GenerateBuildDependencyFile:
       正在跳过目标“GenerateBuildDependencyFile”，因为所有输出文件相对于输入文件而言都是最新的。
       GenerateBuildRuntimeConfigurationFiles:
       正在跳过目标“GenerateBuildRuntimeConfigurationFiles”，因为所有输出文件相对于输入文件而言都是最新的。
       CopyFilesToOutputDirectory:
         LYBT.Module.Users -> D:\source\repos\LYBTZYZS\src\Backend\Modules\BIN\Debug\net8.0\LYBT.Module.Users.dll
    17>GenerateBuildDependencyFile:
       正在跳过目标“GenerateBuildDependencyFile”，因为所有输出文件相对于输入文件而言都是最新的。
    20>已完成生成项目“D:\source\repos\LYBTZYZS\src\Backend\Modules\LYBT.Module.Users\LYBT.Module.Users.csproj”(默认目标)的操作。
    17>GenerateBuildRuntimeConfigurationFiles:
       正在跳过目标“GenerateBuildRuntimeConfigurationFiles”，因为所有输出文件相对于输入文件而言都是最新的。
       CopyFilesToOutputDirectory:
         LYBT.Module.Queueing -> D:\source\repos\LYBTZYZS\src\Backend\Modules\BIN\Debug\net8.0\LYBT.Module.Queueing.dll
    17>已完成生成项目“D:\source\repos\LYBTZYZS\src\Backend\Modules\LYBT.Module.Queueing\LYBT.Module.Queueing.csproj”(默认目标)的操作。
   1:2>项目“D:\source\repos\LYBTZYZS\LYBT.Backend.sln”(1:2)正在节点 2 上生成“D:\source\repos\LYBTZYZS\src\Backend\Modules\LYBT.Module.TreatmentRoom\LYBT.Module.TreatmentRoom.csproj”(19:8) (默认目标)。
    19>_GenerateSourceLinkFile:
         Source Link 文件 "obj\Debug\net8.0\LYBT.Module.TreatmentRoom.sourcelink.json" 是最新的。
     4>_GenerateSourceLinkFile:
         Source Link 文件 "obj\Debug\net8.0\LYBT.Module.Diagnostics.sourcelink.json" 是最新的。
       CoreCompile:
       正在跳过目标“CoreCompile”，因为所有输出文件相对于输入文件而言都是最新的。
    19>CoreCompile:
       正在跳过目标“CoreCompile”，因为所有输出文件相对于输入文件而言都是最新的。
       GenerateBuildDependencyFile:
       正在跳过目标“GenerateBuildDependencyFile”，因为所有输出文件相对于输入文件而言都是最新的。
       GenerateBuildRuntimeConfigurationFiles:
       正在跳过目标“GenerateBuildRuntimeConfigurationFiles”，因为所有输出文件相对于输入文件而言都是最新的。
       CopyFilesToOutputDirectory:
         LYBT.Module.TreatmentRoom -> D:\source\repos\LYBTZYZS\src\Backend\Modules\BIN\Debug\net8.0\LYBT.Module.TreatmentRoom.dll
     4>GenerateBuildDependencyFile:
       正在跳过目标“GenerateBuildDependencyFile”，因为所有输出文件相对于输入文件而言都是最新的。
       GenerateBuildRuntimeConfigurationFiles:
       正在跳过目标“GenerateBuildRuntimeConfigurationFiles”，因为所有输出文件相对于输入文件而言都是最新的。
       CopyFilesToOutputDirectory:
         LYBT.Module.Diagnostics -> D:\source\repos\LYBTZYZS\src\Backend\Modules\LYBT.Module.Diagnostics\bin\Debug\net8.0\LYBT.Module.Diagnostics.dll
   1:2>项目“D:\source\repos\LYBTZYZS\LYBT.Backend.sln”(1:2)正在节点 5 上生成“D:\source\repos\LYBTZYZS\src\Backend\Modules\LYBT.Module.Sync\LYBT.Module.Sync.csproj”(15:7) (默认目标)。
    15>_GenerateSourceLinkFile:
         Source Link 文件 "obj\Debug\net8.0\LYBT.Module.Sync.sourcelink.json" 是最新的。
     4>已完成生成项目“D:\source\repos\LYBTZYZS\src\Backend\Modules\LYBT.Module.Diagnostics\LYBT.Module.Diagnostics.csproj”(默认目标)的操作。
    19>已完成生成项目“D:\source\repos\LYBTZYZS\src\Backend\Modules\LYBT.Module.TreatmentRoom\LYBT.Module.TreatmentRoom.csproj”(默认目标)的操作。
    15>CoreCompile:
       正在跳过目标“CoreCompile”，因为所有输出文件相对于输入文件而言都是最新的。
       GenerateBuildDependencyFile:
       正在跳过目标“GenerateBuildDependencyFile”，因为所有输出文件相对于输入文件而言都是最新的。
       GenerateBuildRuntimeConfigurationFiles:
       正在跳过目标“GenerateBuildRuntimeConfigurationFiles”，因为所有输出文件相对于输入文件而言都是最新的。
       CopyFilesToOutputDirectory:
         LYBT.Module.Sync -> D:\source\repos\LYBTZYZS\src\Backend\Modules\BIN\Debug\net8.0\LYBT.Module.Sync.dll
    15>已完成生成项目“D:\source\repos\LYBTZYZS\src\Backend\Modules\LYBT.Module.Sync\LYBT.Module.Sync.csproj”(默认目标)的操作。
   1:2>项目“D:\source\repos\LYBTZYZS\LYBT.Backend.sln”(1:2)正在节点 8 上生成“D:\source\repos\LYBTZYZS\src\Backend\Modules\LYBT.Module.Herbs\LYBT.Module.Herbs.csproj”(11:15) (默认目标)。
    11>_GenerateSourceLinkFile:
         Source Link 文件 "obj\Debug\net8.0\LYBT.Module.Herbs.sourcelink.json" 是最新的。
       CoreCompile:
       正在跳过目标“CoreCompile”，因为所有输出文件相对于输入文件而言都是最新的。
       GenerateBuildDependencyFile:
       正在跳过目标“GenerateBuildDependencyFile”，因为所有输出文件相对于输入文件而言都是最新的。
       GenerateBuildRuntimeConfigurationFiles:
       正在跳过目标“GenerateBuildRuntimeConfigurationFiles”，因为所有输出文件相对于输入文件而言都是最新的。
       CopyFilesToOutputDirectory:
         LYBT.Module.Herbs -> D:\source\repos\LYBTZYZS\src\Backend\Modules\BIN\Debug\net8.0\LYBT.Module.Herbs.dll
    11>已完成生成项目“D:\source\repos\LYBTZYZS\src\Backend\Modules\LYBT.Module.Herbs\LYBT.Module.Herbs.csproj”(默认目标)的操作。
     9>_GenerateSourceLinkFile:
         Source Link 文件 "obj\Debug\net8.0\LYBT.Module.Auth.sourcelink.json" 是最新的。
       CoreCompile:
       正在跳过目标“CoreCompile”，因为所有输出文件相对于输入文件而言都是最新的。
       GenerateBuildDependencyFile:
       正在跳过目标“GenerateBuildDependencyFile”，因为所有输出文件相对于输入文件而言都是最新的。
       GenerateBuildRuntimeConfigurationFiles:
       正在跳过目标“GenerateBuildRuntimeConfigurationFiles”，因为所有输出文件相对于输入文件而言都是最新的。
       CopyFilesToOutputDirectory:
         LYBT.Module.Auth -> D:\source\repos\LYBTZYZS\src\Backend\Modules\BIN\Debug\net8.0\LYBT.Module.Auth.dll
     9>已完成生成项目“D:\source\repos\LYBTZYZS\src\Backend\Modules\LYBT.Module.Auth\LYBT.Module.Auth.csproj”(默认目标)的操作。
   1:2>项目“D:\source\repos\LYBTZYZS\LYBT.Backend.sln”(1:2)正在节点 8 上生成“D:\source\repos\LYBTZYZS\src\Backend\Modules\LYBT.Module.Billing\LYBT.Module.Billing.csproj”(8:7) (默认目标)。
     8>_GenerateSourceLinkFile:
         Source Link 文件 "obj\Debug\net8.0\LYBT.Module.Billing.sourcelink.json" 是最新的。
       CoreCompile:
       正在跳过目标“CoreCompile”，因为所有输出文件相对于输入文件而言都是最新的。
       GenerateBuildDependencyFile:
       正在跳过目标“GenerateBuildDependencyFile”，因为所有输出文件相对于输入文件而言都是最新的。
       GenerateBuildRuntimeConfigurationFiles:
       正在跳过目标“GenerateBuildRuntimeConfigurationFiles”，因为所有输出文件相对于输入文件而言都是最新的。
       CopyFilesToOutputDirectory:
         LYBT.Module.Billing -> D:\source\repos\LYBTZYZS\src\Backend\Modules\BIN\Debug\net8.0\LYBT.Module.Billing.dll
     8>已完成生成项目“D:\source\repos\LYBTZYZS\src\Backend\Modules\LYBT.Module.Billing\LYBT.Module.Billing.csproj”(默认目标)的操作。
   1:2>项目“D:\source\repos\LYBTZYZS\LYBT.Backend.sln”(1:2)正在节点 6 上生成“D:\source\repos\LYBTZYZS\src\Backend\Modules\LYBT.Module.Pharmacy\LYBT.Module.Pharmacy.csproj”(12:7) (默认目标)。
    12>_GenerateSourceLinkFile:
         Source Link 文件 "obj\Debug\net8.0\LYBT.Module.Pharmacy.sourcelink.json" 是最新的。
       CoreCompile:
       正在跳过目标“CoreCompile”，因为所有输出文件相对于输入文件而言都是最新的。
       GenerateBuildDependencyFile:
       正在跳过目标“GenerateBuildDependencyFile”，因为所有输出文件相对于输入文件而言都是最新的。
       GenerateBuildRuntimeConfigurationFiles:
       正在跳过目标“GenerateBuildRuntimeConfigurationFiles”，因为所有输出文件相对于输入文件而言都是最新的。
       CopyFilesToOutputDirectory:
         LYBT.Module.Pharmacy -> D:\source\repos\LYBTZYZS\src\Backend\Modules\BIN\Debug\net8.0\LYBT.Module.Pharmacy.dll
    12>已完成生成项目“D:\source\repos\LYBTZYZS\src\Backend\Modules\LYBT.Module.Pharmacy\LYBT.Module.Pharmacy.csproj”(默认目标)的操作。
   1:2>项目“D:\source\repos\LYBTZYZS\LYBT.Backend.sln”(1:2)正在节点 4 上生成“D:\source\repos\LYBTZYZS\src\Backend\Modules\LYBT.Module.FormulaTemplates\LYBT.Module.FormulaTemplates.csproj”(3:10) (默认目标)。
     3>_GenerateSourceLinkFile:
         Source Link 文件 "obj\Debug\net8.0\LYBT.Module.FormulaTemplates.sourcelink.json" 是最新的。
       CoreCompile:
       正在跳过目标“CoreCompile”，因为所有输出文件相对于输入文件而言都是最新的。
       GenerateBuildDependencyFile:
       正在跳过目标“GenerateBuildDependencyFile”，因为所有输出文件相对于输入文件而言都是最新的。
       GenerateBuildRuntimeConfigurationFiles:
       正在跳过目标“GenerateBuildRuntimeConfigurationFiles”，因为所有输出文件相对于输入文件而言都是最新的。
       CopyFilesToOutputDirectory:
         LYBT.Module.FormulaTemplates -> D:\source\repos\LYBTZYZS\src\Backend\Modules\BIN\Debug\net8.0\LYBT.Module.FormulaTemplates.dll
     3>已完成生成项目“D:\source\repos\LYBTZYZS\src\Backend\Modules\LYBT.Module.FormulaTemplates\LYBT.Module.FormulaTemplates.csproj”(默认目标)的操作。
   1:2>项目“D:\source\repos\LYBTZYZS\LYBT.Backend.sln”(1:2)正在节点 4 上生成“D:\source\repos\LYBTZYZS\src\Backend\Modules\LYBT.Module.Registration\LYBT.Module.Registration.csproj”(18:7) (默认目标)。
    18>_GenerateSourceLinkFile:
         Source Link 文件 "obj\Debug\net8.0\LYBT.Module.Registration.sourcelink.json" 是最新的。
       CoreCompile:
       正在跳过目标“CoreCompile”，因为所有输出文件相对于输入文件而言都是最新的。
   1:2>项目“D:\source\repos\LYBTZYZS\LYBT.Backend.sln”(1:2)正在节点 5 上生成“D:\source\repos\LYBTZYZS\src\Backend\Modules\LYBT.Module.Prescriptions\LYBT.Module.Prescriptions.csproj”(14:7) (默认目标)。
    14>_GenerateSourceLinkFile:
         Source Link 文件 "obj\Debug\net8.0\LYBT.Module.Prescriptions.sourcelink.json" 是最新的。
       CoreCompile:
       正在跳过目标“CoreCompile”，因为所有输出文件相对于输入文件而言都是最新的。
   1:2>项目“D:\source\repos\LYBTZYZS\LYBT.Backend.sln”(1:2)正在节点 4 上生成“D:\source\repos\LYBTZYZS\src\Backend\Modules\LYBT.Module.DiagnosisTreatment\LYBT.Module.DiagnosisTreatment.csproj”(6:8) (默认目标)。
     6>_GenerateSourceLinkFile:
         Source Link 文件 "obj\Debug\net8.0\LYBT.Module.DiagnosisTreatment.sourcelink.json" 是最新的。
       CoreCompile:
       正在跳过目标“CoreCompile”，因为所有输出文件相对于输入文件而言都是最新的。
       GenerateBuildDependencyFile:
       正在跳过目标“GenerateBuildDependencyFile”，因为所有输出文件相对于输入文件而言都是最新的。
       GenerateBuildRuntimeConfigurationFiles:
       正在跳过目标“GenerateBuildRuntimeConfigurationFiles”，因为所有输出文件相对于输入文件而言都是最新的。
       CopyFilesToOutputDirectory:
         LYBT.Module.DiagnosisTreatment -> D:\source\repos\LYBTZYZS\src\Backend\Modules\BIN\Debug\net8.0\LYBT.Module.DiagnosisTreatment.dll
     6>已完成生成项目“D:\source\repos\LYBTZYZS\src\Backend\Modules\LYBT.Module.DiagnosisTreatment\LYBT.Module.DiagnosisTreatment.csproj”(默认目标)的操作。
    18>GenerateBuildDependencyFile:
       正在跳过目标“GenerateBuildDependencyFile”，因为所有输出文件相对于输入文件而言都是最新的。
       GenerateBuildRuntimeConfigurationFiles:
       正在跳过目标“GenerateBuildRuntimeConfigurationFiles”，因为所有输出文件相对于输入文件而言都是最新的。
       CopyFilesToOutputDirectory:
         LYBT.Module.Registration -> D:\source\repos\LYBTZYZS\src\Backend\Modules\BIN\Debug\net8.0\LYBT.Module.Registration.dll
    18>已完成生成项目“D:\source\repos\LYBTZYZS\src\Backend\Modules\LYBT.Module.Registration\LYBT.Module.Registration.csproj”(默认目标)的操作。
    14>GenerateBuildDependencyFile:
       正在跳过目标“GenerateBuildDependencyFile”，因为所有输出文件相对于输入文件而言都是最新的。
       GenerateBuildRuntimeConfigurationFiles:
       正在跳过目标“GenerateBuildRuntimeConfigurationFiles”，因为所有输出文件相对于输入文件而言都是最新的。
       CopyFilesToOutputDirectory:
         LYBT.Module.Prescriptions -> D:\source\repos\LYBTZYZS\src\Backend\Modules\LYBT.Module.Prescriptions\bin\Debug\net8.0\LYBT.Module.Prescriptions.dll
    14>已完成生成项目“D:\source\repos\LYBTZYZS\src\Backend\Modules\LYBT.Module.Prescriptions\LYBT.Module.Prescriptions.csproj”(默认目标)的操作。
   1:2>项目“D:\source\repos\LYBTZYZS\LYBT.Backend.sln”(1:2)正在节点 3 上生成“D:\source\repos\LYBTZYZS\src\Backend\Modules\LYBT.Module.Patients\LYBT.Module.Patients.csproj”(13:8) (默认目标)。
  13:8>项目“D:\source\repos\LYBTZYZS\src\Backend\Modules\LYBT.Module.Patients\LYBT.Module.Patients.csproj”(13:8)正在节点 3 上生成“D:\source\repos\LYBTZYZS\src\Backend\Modules\LYBT.Module.Records\LYBT.Module.Records.csproj”(16:10) (默认目标)。
    16>_GenerateSourceLinkFile:
         Source Link 文件 "obj\Debug\net8.0\LYBT.Module.Records.sourcelink.json" 是最新的。
       CoreCompile:
       正在跳过目标“CoreCompile”，因为所有输出文件相对于输入文件而言都是最新的。
       GenerateBuildDependencyFile:
       正在跳过目标“GenerateBuildDependencyFile”，因为所有输出文件相对于输入文件而言都是最新的。
       GenerateBuildRuntimeConfigurationFiles:
       正在跳过目标“GenerateBuildRuntimeConfigurationFiles”，因为所有输出文件相对于输入文件而言都是最新的。
       CopyFilesToOutputDirectory:
         LYBT.Module.Records -> D:\source\repos\LYBTZYZS\src\Backend\Modules\BIN\Debug\net8.0\LYBT.Module.Records.dll
    16>已完成生成项目“D:\source\repos\LYBTZYZS\src\Backend\Modules\LYBT.Module.Records\LYBT.Module.Records.csproj”(默认目标)的操作。
    13>_GenerateSourceLinkFile:
         Source Link 文件 "obj\Debug\net8.0\LYBT.Module.Patients.sourcelink.json" 是最新的。
       CoreCompile:
       正在跳过目标“CoreCompile”，因为所有输出文件相对于输入文件而言都是最新的。
       GenerateBuildDependencyFile:
       正在跳过目标“GenerateBuildDependencyFile”，因为所有输出文件相对于输入文件而言都是最新的。
       GenerateBuildRuntimeConfigurationFiles:
       正在跳过目标“GenerateBuildRuntimeConfigurationFiles”，因为所有输出文件相对于输入文件而言都是最新的。
       CopyFilesToOutputDirectory:
         LYBT.Module.Patients -> D:\source\repos\LYBTZYZS\src\Backend\Modules\BIN\Debug\net8.0\LYBT.Module.Patients.dll
    13>已完成生成项目“D:\source\repos\LYBTZYZS\src\Backend\Modules\LYBT.Module.Patients\LYBT.Module.Patients.csproj”(默认目标)的操作。
   1:2>项目“D:\source\repos\LYBTZYZS\LYBT.Backend.sln”(1:2)正在节点 1 上生成“D:\source\repos\LYBTZYZS\src\Backend\Modules\LYBT.Module.Doctors\LYBT.Module.Doctors.csproj”(7:7) (默认目标)。
     7>_GenerateSourceLinkFile:
         Source Link 文件 "obj\Debug\net8.0\LYBT.Module.Doctors.sourcelink.json" 是最新的。
       CoreCompile:
       正在跳过目标“CoreCompile”，因为所有输出文件相对于输入文件而言都是最新的。
       GenerateBuildDependencyFile:
       正在跳过目标“GenerateBuildDependencyFile”，因为所有输出文件相对于输入文件而言都是最新的。
       GenerateBuildRuntimeConfigurationFiles:
       正在跳过目标“GenerateBuildRuntimeConfigurationFiles”，因为所有输出文件相对于输入文件而言都是最新的。
       CopyFilesToOutputDirectory:
         LYBT.Module.Doctors -> D:\source\repos\LYBTZYZS\src\Backend\Modules\BIN\Debug\net8.0\LYBT.Module.Doctors.dll
     7>已完成生成项目“D:\source\repos\LYBTZYZS\src\Backend\Modules\LYBT.Module.Doctors\LYBT.Module.Doctors.csproj”(默认目标)的操作。
   1:2>项目“D:\source\repos\LYBTZYZS\LYBT.Backend.sln”(1:2)正在节点 2 上生成“D:\source\repos\LYBTZYZS\src\Backend\Services\LYBT.WebAPI\LYBT.WebAPI.csproj”(10:6) (默认目标)。
    10>_DiscoverMvcApplicationParts:
       正在跳过目标“_DiscoverMvcApplicationParts”，因为所有输出文件相对于输入文件而言都是最新的。
       _GenerateSourceLinkFile:
         Source Link 文件 "obj\Debug\net8.0\LYBT.WebAPI.sourcelink.json" 是最新的。
       CoreCompile:
       正在跳过目标“CoreCompile”，因为所有输出文件相对于输入文件而言都是最新的。
       _CreateAppHost:
       正在跳过目标“_CreateAppHost”，因为所有输出文件相对于输入文件而言都是最新的。
       _ProcessScopedCssFiles:
       正在跳过目标“_ProcessScopedCssFiles”，因为它没有输出。
       _ProcessScopedCssFiles:
       正在跳过目标“_ProcessScopedCssFiles”，因为它没有输出。
       _BuildCopyStaticWebAssetsPreserveNewest:
       正在跳过目标“_BuildCopyStaticWebAssetsPreserveNewest”，因为它没有输出。
       _CopyFilesMarkedCopyLocal:
         正在将文件从“D:\source\repos\LYBTZYZS\src\Backend\Core\BIN\Debug\net8.0\LYBT.Infrastructure.dll”复制到“D:\source\repos\LYBTZYZS\src\Backend\Services\LYBT.WebAPI\bin\Debug\net8.0\LYBT.Infrastructure.dll”。
         正在将文件从“D:\source\repos\LYBTZYZS\src\Backend\Modules\BIN\Debug\net8.0\LYBT.Module.Auth.dll”复制到“D:\source\repos\LYBTZYZS\src\Backend\Services\LYBT.WebAPI\bin\Debug\net8.0\LYBT.Module.Auth.dll”。
         正在将文件从“D:\source\repos\LYBTZYZS\src\Backend\Modules\BIN\Debug\net8.0\LYBT.Module.Doctors.dll”复制到“D:\source\repos\LYBTZYZS\src\Backend\Services\LYBT.WebAPI\bin\Debug\net8.0\LYBT.Module.Doctors.dll”。
         正在将文件从“D:\source\repos\LYBTZYZS\src\Backend\Modules\BIN\Debug\net8.0\LYBT.Module.DiagnosisTreatment.dll”复制到“D:\source\repos\LYBTZYZS\src\Backend\Services\LYBT.WebAPI\bin\Debug\net8.0\LYBT.Module.DiagnosisTreatment.dll”。
         正在将文件从“D:\source\repos\LYBTZYZS\src\Backend\Modules\BIN\Debug\net8.0\LYBT.Module.Billing.dll”复制到“D:\source\repos\LYBTZYZS\src\Backend\Services\LYBT.WebAPI\bin\Debug\net8.0\LYBT.Module.Billing.dll”。
         正在将文件从“D:\source\repos\LYBTZYZS\src\Backend\Core\BIN\Debug\net8.0\LYBT.Models.dll”复制到“D:\source\repos\LYBTZYZS\src\Backend\Services\LYBT.WebAPI\bin\Debug\net8.0\LYBT.Models.dll”。
    10>C:\Program Files\dotnet\sdk\9.0.302\Microsoft.Common.CurrentVersion.targets(5094,5): warning MSB3026: 无法将“D:\source\repos\LYBTZYZS\src\Backend\Modules\BIN\Debug\net8.0\LYBT.Module.Auth.dll”复制到“bin\Debug\net8.0\LYBT.Module.Auth.dll”。1000 毫秒后将开始第 1 次重试。The process cannot access the file 'D:\source\repos\LYBTZYZS\src\Backend\Services\LYBT.WebAPI\bin\Debug\net8.0\LYBT.Module.Auth.dll' because it is being used by another process. 文件被“  (22824)”锁定。 [D:\source\repos\LYBTZYZS\src\Backend\Services\LYBT.WebAPI\LYBT.WebAPI.csproj]
    10>C:\Program Files\dotnet\sdk\9.0.302\Microsoft.Common.CurrentVersion.targets(5094,5): warning MSB3026: 无法将“D:\source\repos\LYBTZYZS\src\Backend\Modules\BIN\Debug\net8.0\LYBT.Module.DiagnosisTreatment.dll”复制到“bin\Debug\net8.0\LYBT.Module.DiagnosisTreatment.dll”。1000 毫秒后将开始第 1 次重试。The process cannot access the file 'D:\source\repos\LYBTZYZS\src\Backend\Services\LYBT.WebAPI\bin\Debug\net8.0\LYBT.Module.DiagnosisTreatment.dll' because it is being used by another process. 文件被“  (22824)”锁定。 [D:\source\repos\LYBTZYZS\src\Backend\Services\LYBT.WebAPI\LYBT.WebAPI.csproj]
    10>C:\Program Files\dotnet\sdk\9.0.302\Microsoft.Common.CurrentVersion.targets(5094,5): warning MSB3026: 无法将“D:\source\repos\LYBTZYZS\src\Backend\Core\BIN\Debug\net8.0\LYBT.Models.dll”复制到“bin\Debug\net8.0\LYBT.Models.dll”。1000 毫秒后将开始第 1 次重试。The process cannot access the file 'D:\source\repos\LYBTZYZS\src\Backend\Services\LYBT.WebAPI\bin\Debug\net8.0\LYBT.Models.dll' because it is being used by another process. 文件被“  (22824)”锁定。 [D:\source\repos\LYBTZYZS\src\Backend\Services\LYBT.WebAPI\LYBT.WebAPI.csproj]
    10>C:\Program Files\dotnet\sdk\9.0.302\Microsoft.Common.CurrentVersion.targets(5094,5): warning MSB3026: 无法将“D:\source\repos\LYBTZYZS\src\Backend\Modules\BIN\Debug\net8.0\LYBT.Module.Doctors.dll”复制到“bin\Debug\net8.0\LYBT.Module.Doctors.dll”。1000 毫秒后将开始第 1 次重试。The process cannot access the file 'D:\source\repos\LYBTZYZS\src\Backend\Services\LYBT.WebAPI\bin\Debug\net8.0\LYBT.Module.Doctors.dll' because it is being used by another process. 文件被“  (22824)”锁定。 [D:\source\repos\LYBTZYZS\src\Backend\Services\LYBT.WebAPI\LYBT.WebAPI.csproj]
    10>C:\Program Files\dotnet\sdk\9.0.302\Microsoft.Common.CurrentVersion.targets(5094,5): warning MSB3026: 无法将“D:\source\repos\LYBTZYZS\src\Backend\Core\BIN\Debug\net8.0\LYBT.Infrastructure.dll”复制到“bin\Debug\net8.0\LYBT.Infrastructure.dll”。1000 毫秒后将开始第 1 次重试。The process cannot access the file 'D:\source\repos\LYBTZYZS\src\Backend\Services\LYBT.WebAPI\bin\Debug\net8.0\LYBT.Infrastructure.dll' because it is being used by another process. 文件被“  (22824)”锁定。 [D:\source\repos\LYBTZYZS\src\Backend\Services\LYBT.WebAPI\LYBT.WebAPI.csproj]
    10>C:\Program Files\dotnet\sdk\9.0.302\Microsoft.Common.CurrentVersion.targets(5094,5): warning MSB3026: 无法将“D:\source\repos\LYBTZYZS\src\Backend\Modules\BIN\Debug\net8.0\LYBT.Module.Billing.dll”复制到“bin\Debug\net8.0\LYBT.Module.Billing.dll”。1000 毫秒后将开始第 1 次重试。The process cannot access the file 'D:\source\repos\LYBTZYZS\src\Backend\Services\LYBT.WebAPI\bin\Debug\net8.0\LYBT.Module.Billing.dll' because it is being used by another process. 文件被“  (22824)”锁定。 [D:\source\repos\LYBTZYZS\src\Backend\Services\LYBT.WebAPI\LYBT.WebAPI.csproj]
         正在将文件从“D:\source\repos\LYBTZYZS\src\Backend\Core\BIN\Debug\net8.0\LYBT.Models.dll”复制到“D:\source\repos\LYBTZYZS\src\Backend\Services\LYBT.WebAPI\bin\Debug\net8.0\LYBT.Models.dll”。
         正在将文件从“D:\source\repos\LYBTZYZS\src\Backend\Modules\BIN\Debug\net8.0\LYBT.Module.Doctors.dll”复制到“D:\source\repos\LYBTZYZS\src\Backend\Services\LYBT.WebAPI\bin\Debug\net8.0\LYBT.Module.Doctors.dll”。
         正在将文件从“D:\source\repos\LYBTZYZS\src\Backend\Modules\BIN\Debug\net8.0\LYBT.Module.DiagnosisTreatment.dll”复制到“D:\source\repos\LYBTZYZS\src\Backend\Services\LYBT.WebAPI\bin\Debug\net8.0\LYBT.Module.DiagnosisTreatment.dll”。
         正在将文件从“D:\source\repos\LYBTZYZS\src\Backend\Core\BIN\Debug\net8.0\LYBT.Infrastructure.dll”复制到“D:\source\repos\LYBTZYZS\src\Backend\Services\LYBT.WebAPI\bin\Debug\net8.0\LYBT.Infrastructure.dll”。
         正在将文件从“D:\source\repos\LYBTZYZS\src\Backend\Modules\BIN\Debug\net8.0\LYBT.Module.Auth.dll”复制到“D:\source\repos\LYBTZYZS\src\Backend\Services\LYBT.WebAPI\bin\Debug\net8.0\LYBT.Module.Auth.dll”。
         正在将文件从“D:\source\repos\LYBTZYZS\src\Backend\Modules\BIN\Debug\net8.0\LYBT.Module.Billing.dll”复制到“D:\source\repos\LYBTZYZS\src\Backend\Services\LYBT.WebAPI\bin\Debug\net8.0\LYBT.Module.Billing.dll”。
    10>C:\Program Files\dotnet\sdk\9.0.302\Microsoft.Common.CurrentVersion.targets(5094,5): warning MSB3026: 无法将“D:\source\repos\LYBTZYZS\src\Backend\Modules\BIN\Debug\net8.0\LYBT.Module.Billing.dll”复制到“bin\Debug\net8.0\LYBT.Module.Billing.dll”。1000 毫秒后将开始第 2 次重试。The process cannot access the file 'D:\source\repos\LYBTZYZS\src\Backend\Services\LYBT.WebAPI\bin\Debug\net8.0\LYBT.Module.Billing.dll' because it is being used by another process. 文件被“  (22824)”锁定。 [D:\source\repos\LYBTZYZS\src\Backend\Services\LYBT.WebAPI\LYBT.WebAPI.csproj]
    10>C:\Program Files\dotnet\sdk\9.0.302\Microsoft.Common.CurrentVersion.targets(5094,5): warning MSB3026: 无法将“D:\source\repos\LYBTZYZS\src\Backend\Core\BIN\Debug\net8.0\LYBT.Infrastructure.dll”复制到“bin\Debug\net8.0\LYBT.Infrastructure.dll”。1000 毫秒后将开始第 2 次重试。The process cannot access the file 'D:\source\repos\LYBTZYZS\src\Backend\Services\LYBT.WebAPI\bin\Debug\net8.0\LYBT.Infrastructure.dll' because it is being used by another process. 文件被“  (22824)”锁定。 [D:\source\repos\LYBTZYZS\src\Backend\Services\LYBT.WebAPI\LYBT.WebAPI.csproj]
    10>C:\Program Files\dotnet\sdk\9.0.302\Microsoft.Common.CurrentVersion.targets(5094,5): warning MSB3026: 无法将“D:\source\repos\LYBTZYZS\src\Backend\Modules\BIN\Debug\net8.0\LYBT.Module.Auth.dll”复制到“bin\Debug\net8.0\LYBT.Module.Auth.dll”。1000 毫秒后将开始第 2 次重试。The process cannot access the file 'D:\source\repos\LYBTZYZS\src\Backend\Services\LYBT.WebAPI\bin\Debug\net8.0\LYBT.Module.Auth.dll' because it is being used by another process. 文件被“  (22824)”锁定。 [D:\source\repos\LYBTZYZS\src\Backend\Services\LYBT.WebAPI\LYBT.WebAPI.csproj]
    10>C:\Program Files\dotnet\sdk\9.0.302\Microsoft.Common.CurrentVersion.targets(5094,5): warning MSB3026: 无法将“D:\source\repos\LYBTZYZS\src\Backend\Core\BIN\Debug\net8.0\LYBT.Models.dll”复制到“bin\Debug\net8.0\LYBT.Models.dll”。1000 毫秒后将开始第 2 次重试。The process cannot access the file 'D:\source\repos\LYBTZYZS\src\Backend\Services\LYBT.WebAPI\bin\Debug\net8.0\LYBT.Models.dll' because it is being used by another process. 文件被“  (22824)”锁定。 [D:\source\repos\LYBTZYZS\src\Backend\Services\LYBT.WebAPI\LYBT.WebAPI.csproj]
    10>C:\Program Files\dotnet\sdk\9.0.302\Microsoft.Common.CurrentVersion.targets(5094,5): warning MSB3026: 无法将“D:\source\repos\LYBTZYZS\src\Backend\Modules\BIN\Debug\net8.0\LYBT.Module.DiagnosisTreatment.dll”复制到“bin\Debug\net8.0\LYBT.Module.DiagnosisTreatment.dll”。1000 毫秒后将开始第 2 次重试。The process cannot access the file 'D:\source\repos\LYBTZYZS\src\Backend\Services\LYBT.WebAPI\bin\Debug\net8.0\LYBT.Module.DiagnosisTreatment.dll' because it is being used by another process. 文件被“  (22824)”锁定。 [D:\source\repos\LYBTZYZS\src\Backend\Services\LYBT.WebAPI\LYBT.WebAPI.csproj]
    10>C:\Program Files\dotnet\sdk\9.0.302\Microsoft.Common.CurrentVersion.targets(5094,5): warning MSB3026: 无法将“D:\source\repos\LYBTZYZS\src\Backend\Modules\BIN\Debug\net8.0\LYBT.Module.Doctors.dll”复制到“bin\Debug\net8.0\LYBT.Module.Doctors.dll”。1000 毫秒后将开始第 2 次重试。The process cannot access the file 'D:\source\repos\LYBTZYZS\src\Backend\Services\LYBT.WebAPI\bin\Debug\net8.0\LYBT.Module.Doctors.dll' because it is being used by another process. 文件被“  (22824)”锁定。 [D:\source\repos\LYBTZYZS\src\Backend\Services\LYBT.WebAPI\LYBT.WebAPI.csproj]
         正在将文件从“D:\source\repos\LYBTZYZS\src\Backend\Core\BIN\Debug\net8.0\LYBT.Models.dll”复制到“D:\source\repos\LYBTZYZS\src\Backend\Services\LYBT.WebAPI\bin\Debug\net8.0\LYBT.Models.dll”。
         正在将文件从“D:\source\repos\LYBTZYZS\src\Backend\Modules\BIN\Debug\net8.0\LYBT.Module.Auth.dll”复制到“D:\source\repos\LYBTZYZS\src\Backend\Services\LYBT.WebAPI\bin\Debug\net8.0\LYBT.Module.Auth.dll”。
         正在将文件从“D:\source\repos\LYBTZYZS\src\Backend\Core\BIN\Debug\net8.0\LYBT.Infrastructure.dll”复制到“D:\source\repos\LYBTZYZS\src\Backend\Services\LYBT.WebAPI\bin\Debug\net8.0\LYBT.Infrastructure.dll”。
         正在将文件从“D:\source\repos\LYBTZYZS\src\Backend\Modules\BIN\Debug\net8.0\LYBT.Module.DiagnosisTreatment.dll”复制到“D:\source\repos\LYBTZYZS\src\Backend\Services\LYBT.WebAPI\bin\Debug\net8.0\LYBT.Module.DiagnosisTreatment.dll”。
         正在将文件从“D:\source\repos\LYBTZYZS\src\Backend\Modules\BIN\Debug\net8.0\LYBT.Module.Doctors.dll”复制到“D:\source\repos\LYBTZYZS\src\Backend\Services\LYBT.WebAPI\bin\Debug\net8.0\LYBT.Module.Doctors.dll”。
         正在将文件从“D:\source\repos\LYBTZYZS\src\Backend\Modules\BIN\Debug\net8.0\LYBT.Module.Billing.dll”复制到“D:\source\repos\LYBTZYZS\src\Backend\Services\LYBT.WebAPI\bin\Debug\net8.0\LYBT.Module.Billing.dll”。
    10>C:\Program Files\dotnet\sdk\9.0.302\Microsoft.Common.CurrentVersion.targets(5094,5): warning MSB3026: 无法将“D:\source\repos\LYBTZYZS\src\Backend\Core\BIN\Debug\net8.0\LYBT.Models.dll”复制到“bin\Debug\net8.0\LYBT.Models.dll”。1000 毫秒后将开始第 3 次重试。The process cannot access the file 'D:\source\repos\LYBTZYZS\src\Backend\Services\LYBT.WebAPI\bin\Debug\net8.0\LYBT.Models.dll' because it is being used by another process. 文件被“  (22824)”锁定。 [D:\source\repos\LYBTZYZS\src\Backend\Services\LYBT.WebAPI\LYBT.WebAPI.csproj]
    10>C:\Program Files\dotnet\sdk\9.0.302\Microsoft.Common.CurrentVersion.targets(5094,5): warning MSB3026: 无法将“D:\source\repos\LYBTZYZS\src\Backend\Modules\BIN\Debug\net8.0\LYBT.Module.Billing.dll”复制到“bin\Debug\net8.0\LYBT.Module.Billing.dll”。1000 毫秒后将开始第 3 次重试。The process cannot access the file 'D:\source\repos\LYBTZYZS\src\Backend\Services\LYBT.WebAPI\bin\Debug\net8.0\LYBT.Module.Billing.dll' because it is being used by another process. 文件被“  (22824)”锁定。 [D:\source\repos\LYBTZYZS\src\Backend\Services\LYBT.WebAPI\LYBT.WebAPI.csproj]
    10>C:\Program Files\dotnet\sdk\9.0.302\Microsoft.Common.CurrentVersion.targets(5094,5): warning MSB3026: 无法将“D:\source\repos\LYBTZYZS\src\Backend\Modules\BIN\Debug\net8.0\LYBT.Module.DiagnosisTreatment.dll”复制到“bin\Debug\net8.0\LYBT.Module.DiagnosisTreatment.dll”。1000 毫秒后将开始第 3 次重试。The process cannot access the file 'D:\source\repos\LYBTZYZS\src\Backend\Services\LYBT.WebAPI\bin\Debug\net8.0\LYBT.Module.DiagnosisTreatment.dll' because it is being used by another process. 文件被“  (22824)”锁定。 [D:\source\repos\LYBTZYZS\src\Backend\Services\LYBT.WebAPI\LYBT.WebAPI.csproj]
    10>C:\Program Files\dotnet\sdk\9.0.302\Microsoft.Common.CurrentVersion.targets(5094,5): warning MSB3026: 无法将“D:\source\repos\LYBTZYZS\src\Backend\Modules\BIN\Debug\net8.0\LYBT.Module.Auth.dll”复制到“bin\Debug\net8.0\LYBT.Module.Auth.dll”。1000 毫秒后将开始第 3 次重试。The process cannot access the file 'D:\source\repos\LYBTZYZS\src\Backend\Services\LYBT.WebAPI\bin\Debug\net8.0\LYBT.Module.Auth.dll' because it is being used by another process. 文件被“  (22824)”锁定。 [D:\source\repos\LYBTZYZS\src\Backend\Services\LYBT.WebAPI\LYBT.WebAPI.csproj]
    10>C:\Program Files\dotnet\sdk\9.0.302\Microsoft.Common.CurrentVersion.targets(5094,5): warning MSB3026: 无法将“D:\source\repos\LYBTZYZS\src\Backend\Core\BIN\Debug\net8.0\LYBT.Infrastructure.dll”复制到“bin\Debug\net8.0\LYBT.Infrastructure.dll”。1000 毫秒后将开始第 3 次重试。The process cannot access the file 'D:\source\repos\LYBTZYZS\src\Backend\Services\LYBT.WebAPI\bin\Debug\net8.0\LYBT.Infrastructure.dll' because it is being used by another process. 文件被“  (22824)”锁定。 [D:\source\repos\LYBTZYZS\src\Backend\Services\LYBT.WebAPI\LYBT.WebAPI.csproj]
    10>C:\Program Files\dotnet\sdk\9.0.302\Microsoft.Common.CurrentVersion.targets(5094,5): warning MSB3026: 无法将“D:\source\repos\LYBTZYZS\src\Backend\Modules\BIN\Debug\net8.0\LYBT.Module.Doctors.dll”复制到“bin\Debug\net8.0\LYBT.Module.Doctors.dll”。1000 毫秒后将开始第 3 次重试。The process cannot access the file 'D:\source\repos\LYBTZYZS\src\Backend\Services\LYBT.WebAPI\bin\Debug\net8.0\LYBT.Module.Doctors.dll' because it is being used by another process. 文件被“  (22824)”锁定。 [D:\source\repos\LYBTZYZS\src\Backend\Services\LYBT.WebAPI\LYBT.WebAPI.csproj]
         正在将文件从“D:\source\repos\LYBTZYZS\src\Backend\Core\BIN\Debug\net8.0\LYBT.Models.dll”复制到“D:\source\repos\LYBTZYZS\src\Backend\Services\LYBT.WebAPI\bin\Debug\net8.0\LYBT.Models.dll”。
         正在将文件从“D:\source\repos\LYBTZYZS\src\Backend\Core\BIN\Debug\net8.0\LYBT.Infrastructure.dll”复制到“D:\source\repos\LYBTZYZS\src\Backend\Services\LYBT.WebAPI\bin\Debug\net8.0\LYBT.Infrastructure.dll”。
         正在将文件从“D:\source\repos\LYBTZYZS\src\Backend\Modules\BIN\Debug\net8.0\LYBT.Module.Doctors.dll”复制到“D:\source\repos\LYBTZYZS\src\Backend\Services\LYBT.WebAPI\bin\Debug\net8.0\LYBT.Module.Doctors.dll”。
         正在将文件从“D:\source\repos\LYBTZYZS\src\Backend\Modules\BIN\Debug\net8.0\LYBT.Module.Billing.dll”复制到“D:\source\repos\LYBTZYZS\src\Backend\Services\LYBT.WebAPI\bin\Debug\net8.0\LYBT.Module.Billing.dll”。
         正在将文件从“D:\source\repos\LYBTZYZS\src\Backend\Modules\BIN\Debug\net8.0\LYBT.Module.Auth.dll”复制到“D:\source\repos\LYBTZYZS\src\Backend\Services\LYBT.WebAPI\bin\Debug\net8.0\LYBT.Module.Auth.dll”。
         正在将文件从“D:\source\repos\LYBTZYZS\src\Backend\Modules\BIN\Debug\net8.0\LYBT.Module.DiagnosisTreatment.dll”复制到“D:\source\repos\LYBTZYZS\src\Backend\Services\LYBT.WebAPI\bin\Debug\net8.0\LYBT.Module.DiagnosisTreatment.dll”。
    10>C:\Program Files\dotnet\sdk\9.0.302\Microsoft.Common.CurrentVersion.targets(5094,5): warning MSB3026: 无法将“D:\source\repos\LYBTZYZS\src\Backend\Core\BIN\Debug\net8.0\LYBT.Models.dll”复制到“bin\Debug\net8.0\LYBT.Models.dll”。1000 毫秒后将开始第 4 次重试。The process cannot access the file 'D:\source\repos\LYBTZYZS\src\Backend\Services\LYBT.WebAPI\bin\Debug\net8.0\LYBT.Models.dll' because it is being used by another process. 文件被“  (22824)”锁定。 [D:\source\repos\LYBTZYZS\src\Backend\Services\LYBT.WebAPI\LYBT.WebAPI.csproj]
    10>C:\Program Files\dotnet\sdk\9.0.302\Microsoft.Common.CurrentVersion.targets(5094,5): warning MSB3026: 无法将“D:\source\repos\LYBTZYZS\src\Backend\Core\BIN\Debug\net8.0\LYBT.Infrastructure.dll”复制到“bin\Debug\net8.0\LYBT.Infrastructure.dll”。1000 毫秒后将开始第 4 次重试。The process cannot access the file 'D:\source\repos\LYBTZYZS\src\Backend\Services\LYBT.WebAPI\bin\Debug\net8.0\LYBT.Infrastructure.dll' because it is being used by another process. 文件被“  (22824)”锁定。 [D:\source\repos\LYBTZYZS\src\Backend\Services\LYBT.WebAPI\LYBT.WebAPI.csproj]
    10>C:\Program Files\dotnet\sdk\9.0.302\Microsoft.Common.CurrentVersion.targets(5094,5): warning MSB3026: 无法将“D:\source\repos\LYBTZYZS\src\Backend\Modules\BIN\Debug\net8.0\LYBT.Module.DiagnosisTreatment.dll”复制到“bin\Debug\net8.0\LYBT.Module.DiagnosisTreatment.dll”。1000 毫秒后将开始第 4 次重试。The process cannot access the file 'D:\source\repos\LYBTZYZS\src\Backend\Services\LYBT.WebAPI\bin\Debug\net8.0\LYBT.Module.DiagnosisTreatment.dll' because it is being used by another process. 文件被“  (22824)”锁定。 [D:\source\repos\LYBTZYZS\src\Backend\Services\LYBT.WebAPI\LYBT.WebAPI.csproj]
    10>C:\Program Files\dotnet\sdk\9.0.302\Microsoft.Common.CurrentVersion.targets(5094,5): warning MSB3026: 无法将“D:\source\repos\LYBTZYZS\src\Backend\Modules\BIN\Debug\net8.0\LYBT.Module.Doctors.dll”复制到“bin\Debug\net8.0\LYBT.Module.Doctors.dll”。1000 毫秒后将开始第 4 次重试。The process cannot access the file 'D:\source\repos\LYBTZYZS\src\Backend\Services\LYBT.WebAPI\bin\Debug\net8.0\LYBT.Module.Doctors.dll' because it is being used by another process. 文件被“  (22824)”锁定。 [D:\source\repos\LYBTZYZS\src\Backend\Services\LYBT.WebAPI\LYBT.WebAPI.csproj]
    10>C:\Program Files\dotnet\sdk\9.0.302\Microsoft.Common.CurrentVersion.targets(5094,5): warning MSB3026: 无法将“D:\source\repos\LYBTZYZS\src\Backend\Modules\BIN\Debug\net8.0\LYBT.Module.Auth.dll”复制到“bin\Debug\net8.0\LYBT.Module.Auth.dll”。1000 毫秒后将开始第 4 次重试。The process cannot access the file 'D:\source\repos\LYBTZYZS\src\Backend\Services\LYBT.WebAPI\bin\Debug\net8.0\LYBT.Module.Auth.dll' because it is being used by another process. 文件被“  (22824)”锁定。 [D:\source\repos\LYBTZYZS\src\Backend\Services\LYBT.WebAPI\LYBT.WebAPI.csproj]
    10>C:\Program Files\dotnet\sdk\9.0.302\Microsoft.Common.CurrentVersion.targets(5094,5): warning MSB3026: 无法将“D:\source\repos\LYBTZYZS\src\Backend\Modules\BIN\Debug\net8.0\LYBT.Module.Billing.dll”复制到“bin\Debug\net8.0\LYBT.Module.Billing.dll”。1000 毫秒后将开始第 4 次重试。The process cannot access the file 'D:\source\repos\LYBTZYZS\src\Backend\Services\LYBT.WebAPI\bin\Debug\net8.0\LYBT.Module.Billing.dll' because it is being used by another process. 文件被“  (22824)”锁定。 [D:\source\repos\LYBTZYZS\src\Backend\Services\LYBT.WebAPI\LYBT.WebAPI.csproj]
         正在将文件从“D:\source\repos\LYBTZYZS\src\Backend\Core\BIN\Debug\net8.0\LYBT.Models.dll”复制到“D:\source\repos\LYBTZYZS\src\Backend\Services\LYBT.WebAPI\bin\Debug\net8.0\LYBT.Models.dll”。
         正在将文件从“D:\source\repos\LYBTZYZS\src\Backend\Modules\BIN\Debug\net8.0\LYBT.Module.DiagnosisTreatment.dll”复制到“D:\source\repos\LYBTZYZS\src\Backend\Services\LYBT.WebAPI\bin\Debug\net8.0\LYBT.Module.DiagnosisTreatment.dll”。
         正在将文件从“D:\source\repos\LYBTZYZS\src\Backend\Core\BIN\Debug\net8.0\LYBT.Infrastructure.dll”复制到“D:\source\repos\LYBTZYZS\src\Backend\Services\LYBT.WebAPI\bin\Debug\net8.0\LYBT.Infrastructure.dll”。
         正在将文件从“D:\source\repos\LYBTZYZS\src\Backend\Modules\BIN\Debug\net8.0\LYBT.Module.Doctors.dll”复制到“D:\source\repos\LYBTZYZS\src\Backend\Services\LYBT.WebAPI\bin\Debug\net8.0\LYBT.Module.Doctors.dll”。
         正在将文件从“D:\source\repos\LYBTZYZS\src\Backend\Modules\BIN\Debug\net8.0\LYBT.Module.Auth.dll”复制到“D:\source\repos\LYBTZYZS\src\Backend\Services\LYBT.WebAPI\bin\Debug\net8.0\LYBT.Module.Auth.dll”。
         正在将文件从“D:\source\repos\LYBTZYZS\src\Backend\Modules\BIN\Debug\net8.0\LYBT.Module.Billing.dll”复制到“D:\source\repos\LYBTZYZS\src\Backend\Services\LYBT.WebAPI\bin\Debug\net8.0\LYBT.Module.Billing.dll”。
    10>C:\Program Files\dotnet\sdk\9.0.302\Microsoft.Common.CurrentVersion.targets(5094,5): warning MSB3026: 无法将“D:\source\repos\LYBTZYZS\src\Backend\Core\BIN\Debug\net8.0\LYBT.Models.dll”复制到“bin\Debug\net8.0\LYBT.Models.dll”。1000 毫秒后将开始第 5 次重试。The process cannot access the file 'D:\source\repos\LYBTZYZS\src\Backend\Services\LYBT.WebAPI\bin\Debug\net8.0\LYBT.Models.dll' because it is being used by another process. 文件被“  (22824)”锁定。 [D:\source\repos\LYBTZYZS\src\Backend\Services\LYBT.WebAPI\LYBT.WebAPI.csproj]
    10>C:\Program Files\dotnet\sdk\9.0.302\Microsoft.Common.CurrentVersion.targets(5094,5): warning MSB3026: 无法将“D:\source\repos\LYBTZYZS\src\Backend\Core\BIN\Debug\net8.0\LYBT.Infrastructure.dll”复制到“bin\Debug\net8.0\LYBT.Infrastructure.dll”。1000 毫秒后将开始第 5 次重试。The process cannot access the file 'D:\source\repos\LYBTZYZS\src\Backend\Services\LYBT.WebAPI\bin\Debug\net8.0\LYBT.Infrastructure.dll' because it is being used by another process. 文件被“  (22824)”锁定。 [D:\source\repos\LYBTZYZS\src\Backend\Services\LYBT.WebAPI\LYBT.WebAPI.csproj]
    10>C:\Program Files\dotnet\sdk\9.0.302\Microsoft.Common.CurrentVersion.targets(5094,5): warning MSB3026: 无法将“D:\source\repos\LYBTZYZS\src\Backend\Modules\BIN\Debug\net8.0\LYBT.Module.Doctors.dll”复制到“bin\Debug\net8.0\LYBT.Module.Doctors.dll”。1000 毫秒后将开始第 5 次重试。The process cannot access the file 'D:\source\repos\LYBTZYZS\src\Backend\Services\LYBT.WebAPI\bin\Debug\net8.0\LYBT.Module.Doctors.dll' because it is being used by another process. 文件被“  (22824)”锁定。 [D:\source\repos\LYBTZYZS\src\Backend\Services\LYBT.WebAPI\LYBT.WebAPI.csproj]
    10>C:\Program Files\dotnet\sdk\9.0.302\Microsoft.Common.CurrentVersion.targets(5094,5): warning MSB3026: 无法将“D:\source\repos\LYBTZYZS\src\Backend\Modules\BIN\Debug\net8.0\LYBT.Module.DiagnosisTreatment.dll”复制到“bin\Debug\net8.0\LYBT.Module.DiagnosisTreatment.dll”。1000 毫秒后将开始第 5 次重试。The process cannot access the file 'D:\source\repos\LYBTZYZS\src\Backend\Services\LYBT.WebAPI\bin\Debug\net8.0\LYBT.Module.DiagnosisTreatment.dll' because it is being used by another process. 文件被“  (22824)”锁定。 [D:\source\repos\LYBTZYZS\src\Backend\Services\LYBT.WebAPI\LYBT.WebAPI.csproj]
    10>C:\Program Files\dotnet\sdk\9.0.302\Microsoft.Common.CurrentVersion.targets(5094,5): warning MSB3026: 无法将“D:\source\repos\LYBTZYZS\src\Backend\Modules\BIN\Debug\net8.0\LYBT.Module.Billing.dll”复制到“bin\Debug\net8.0\LYBT.Module.Billing.dll”。1000 毫秒后将开始第 5 次重试。The process cannot access the file 'D:\source\repos\LYBTZYZS\src\Backend\Services\LYBT.WebAPI\bin\Debug\net8.0\LYBT.Module.Billing.dll' because it is being used by another process. 文件被“  (22824)”锁定。 [D:\source\repos\LYBTZYZS\src\Backend\Services\LYBT.WebAPI\LYBT.WebAPI.csproj]
    10>C:\Program Files\dotnet\sdk\9.0.302\Microsoft.Common.CurrentVersion.targets(5094,5): warning MSB3026: 无法将“D:\source\repos\LYBTZYZS\src\Backend\Modules\BIN\Debug\net8.0\LYBT.Module.Auth.dll”复制到“bin\Debug\net8.0\LYBT.Module.Auth.dll”。1000 毫秒后将开始第 5 次重试。The process cannot access the file 'D:\source\repos\LYBTZYZS\src\Backend\Services\LYBT.WebAPI\bin\Debug\net8.0\LYBT.Module.Auth.dll' because it is being used by another process. 文件被“  (22824)”锁定。 [D:\source\repos\LYBTZYZS\src\Backend\Services\LYBT.WebAPI\LYBT.WebAPI.csproj]
         正在将文件从“D:\source\repos\LYBTZYZS\src\Backend\Core\BIN\Debug\net8.0\LYBT.Infrastructure.dll”复制到“D:\source\repos\LYBTZYZS\src\Backend\Services\LYBT.WebAPI\bin\Debug\net8.0\LYBT.Infrastructure.dll”。
         正在将文件从“D:\source\repos\LYBTZYZS\src\Backend\Core\BIN\Debug\net8.0\LYBT.Models.dll”复制到“D:\source\repos\LYBTZYZS\src\Backend\Services\LYBT.WebAPI\bin\Debug\net8.0\LYBT.Models.dll”。
         正在将文件从“D:\source\repos\LYBTZYZS\src\Backend\Modules\BIN\Debug\net8.0\LYBT.Module.DiagnosisTreatment.dll”复制到“D:\source\repos\LYBTZYZS\src\Backend\Services\LYBT.WebAPI\bin\Debug\net8.0\LYBT.Module.DiagnosisTreatment.dll”。
         正在将文件从“D:\source\repos\LYBTZYZS\src\Backend\Modules\BIN\Debug\net8.0\LYBT.Module.Doctors.dll”复制到“D:\source\repos\LYBTZYZS\src\Backend\Services\LYBT.WebAPI\bin\Debug\net8.0\LYBT.Module.Doctors.dll”。
         正在将文件从“D:\source\repos\LYBTZYZS\src\Backend\Modules\BIN\Debug\net8.0\LYBT.Module.Billing.dll”复制到“D:\source\repos\LYBTZYZS\src\Backend\Services\LYBT.WebAPI\bin\Debug\net8.0\LYBT.Module.Billing.dll”。
         正在将文件从“D:\source\repos\LYBTZYZS\src\Backend\Modules\BIN\Debug\net8.0\LYBT.Module.Auth.dll”复制到“D:\source\repos\LYBTZYZS\src\Backend\Services\LYBT.WebAPI\bin\Debug\net8.0\LYBT.Module.Auth.dll”。
    10>C:\Program Files\dotnet\sdk\9.0.302\Microsoft.Common.CurrentVersion.targets(5094,5): warning MSB3026: 无法将“D:\source\repos\LYBTZYZS\src\Backend\Core\BIN\Debug\net8.0\LYBT.Infrastructure.dll”复制到“bin\Debug\net8.0\LYBT.Infrastructure.dll”。1000 毫秒后将开始第 6 次重试。The process cannot access the file 'D:\source\repos\LYBTZYZS\src\Backend\Services\LYBT.WebAPI\bin\Debug\net8.0\LYBT.Infrastructure.dll' because it is being used by another process. 文件被“  (22824)”锁定。 [D:\source\repos\LYBTZYZS\src\Backend\Services\LYBT.WebAPI\LYBT.WebAPI.csproj]
    10>C:\Program Files\dotnet\sdk\9.0.302\Microsoft.Common.CurrentVersion.targets(5094,5): warning MSB3026: 无法将“D:\source\repos\LYBTZYZS\src\Backend\Core\BIN\Debug\net8.0\LYBT.Models.dll”复制到“bin\Debug\net8.0\LYBT.Models.dll”。1000 毫秒后将开始第 6 次重试。The process cannot access the file 'D:\source\repos\LYBTZYZS\src\Backend\Services\LYBT.WebAPI\bin\Debug\net8.0\LYBT.Models.dll' because it is being used by another process. 文件被“  (22824)”锁定。 [D:\source\repos\LYBTZYZS\src\Backend\Services\LYBT.WebAPI\LYBT.WebAPI.csproj]
    10>C:\Program Files\dotnet\sdk\9.0.302\Microsoft.Common.CurrentVersion.targets(5094,5): warning MSB3026: 无法将“D:\source\repos\LYBTZYZS\src\Backend\Modules\BIN\Debug\net8.0\LYBT.Module.Doctors.dll”复制到“bin\Debug\net8.0\LYBT.Module.Doctors.dll”。1000 毫秒后将开始第 6 次重试。The process cannot access the file 'D:\source\repos\LYBTZYZS\src\Backend\Services\LYBT.WebAPI\bin\Debug\net8.0\LYBT.Module.Doctors.dll' because it is being used by another process. 文件被“  (22824)”锁定。 [D:\source\repos\LYBTZYZS\src\Backend\Services\LYBT.WebAPI\LYBT.WebAPI.csproj]
    10>C:\Program Files\dotnet\sdk\9.0.302\Microsoft.Common.CurrentVersion.targets(5094,5): warning MSB3026: 无法将“D:\source\repos\LYBTZYZS\src\Backend\Modules\BIN\Debug\net8.0\LYBT.Module.DiagnosisTreatment.dll”复制到“bin\Debug\net8.0\LYBT.Module.DiagnosisTreatment.dll”。1000 毫秒后将开始第 6 次重试。The process cannot access the file 'D:\source\repos\LYBTZYZS\src\Backend\Services\LYBT.WebAPI\bin\Debug\net8.0\LYBT.Module.DiagnosisTreatment.dll' because it is being used by another process. 文件被“  (22824)”锁定。 [D:\source\repos\LYBTZYZS\src\Backend\Services\LYBT.WebAPI\LYBT.WebAPI.csproj]
    10>C:\Program Files\dotnet\sdk\9.0.302\Microsoft.Common.CurrentVersion.targets(5094,5): warning MSB3026: 无法将“D:\source\repos\LYBTZYZS\src\Backend\Modules\BIN\Debug\net8.0\LYBT.Module.Auth.dll”复制到“bin\Debug\net8.0\LYBT.Module.Auth.dll”。1000 毫秒后将开始第 6 次重试。The process cannot access the file 'D:\source\repos\LYBTZYZS\src\Backend\Services\LYBT.WebAPI\bin\Debug\net8.0\LYBT.Module.Auth.dll' because it is being used by another process. 文件被“  (22824)”锁定。 [D:\source\repos\LYBTZYZS\src\Backend\Services\LYBT.WebAPI\LYBT.WebAPI.csproj]
    10>C:\Program Files\dotnet\sdk\9.0.302\Microsoft.Common.CurrentVersion.targets(5094,5): warning MSB3026: 无法将“D:\source\repos\LYBTZYZS\src\Backend\Modules\BIN\Debug\net8.0\LYBT.Module.Billing.dll”复制到“bin\Debug\net8.0\LYBT.Module.Billing.dll”。1000 毫秒后将开始第 6 次重试。The process cannot access the file 'D:\source\repos\LYBTZYZS\src\Backend\Services\LYBT.WebAPI\bin\Debug\net8.0\LYBT.Module.Billing.dll' because it is being used by another process. 文件被“  (22824)”锁定。 [D:\source\repos\LYBTZYZS\src\Backend\Services\LYBT.WebAPI\LYBT.WebAPI.csproj]
         正在将文件从“D:\source\repos\LYBTZYZS\src\Backend\Core\BIN\Debug\net8.0\LYBT.Models.dll”复制到“D:\source\repos\LYBTZYZS\src\Backend\Services\LYBT.WebAPI\bin\Debug\net8.0\LYBT.Models.dll”。
         正在将文件从“D:\source\repos\LYBTZYZS\src\Backend\Core\BIN\Debug\net8.0\LYBT.Infrastructure.dll”复制到“D:\source\repos\LYBTZYZS\src\Backend\Services\LYBT.WebAPI\bin\Debug\net8.0\LYBT.Infrastructure.dll”。
         正在将文件从“D:\source\repos\LYBTZYZS\src\Backend\Modules\BIN\Debug\net8.0\LYBT.Module.Doctors.dll”复制到“D:\source\repos\LYBTZYZS\src\Backend\Services\LYBT.WebAPI\bin\Debug\net8.0\LYBT.Module.Doctors.dll”。
         正在将文件从“D:\source\repos\LYBTZYZS\src\Backend\Modules\BIN\Debug\net8.0\LYBT.Module.DiagnosisTreatment.dll”复制到“D:\source\repos\LYBTZYZS\src\Backend\Services\LYBT.WebAPI\bin\Debug\net8.0\LYBT.Module.DiagnosisTreatment.dll”。
         正在将文件从“D:\source\repos\LYBTZYZS\src\Backend\Modules\BIN\Debug\net8.0\LYBT.Module.Auth.dll”复制到“D:\source\repos\LYBTZYZS\src\Backend\Services\LYBT.WebAPI\bin\Debug\net8.0\LYBT.Module.Auth.dll”。
         正在将文件从“D:\source\repos\LYBTZYZS\src\Backend\Modules\BIN\Debug\net8.0\LYBT.Module.Billing.dll”复制到“D:\source\repos\LYBTZYZS\src\Backend\Services\LYBT.WebAPI\bin\Debug\net8.0\LYBT.Module.Billing.dll”。
    10>C:\Program Files\dotnet\sdk\9.0.302\Microsoft.Common.CurrentVersion.targets(5094,5): warning MSB3026: 无法将“D:\source\repos\LYBTZYZS\src\Backend\Core\BIN\Debug\net8.0\LYBT.Infrastructure.dll”复制到“bin\Debug\net8.0\LYBT.Infrastructure.dll”。1000 毫秒后将开始第 7 次重试。The process cannot access the file 'D:\source\repos\LYBTZYZS\src\Backend\Services\LYBT.WebAPI\bin\Debug\net8.0\LYBT.Infrastructure.dll' because it is being used by another process. 文件被“  (22824)”锁定。 [D:\source\repos\LYBTZYZS\src\Backend\Services\LYBT.WebAPI\LYBT.WebAPI.csproj]
    10>C:\Program Files\dotnet\sdk\9.0.302\Microsoft.Common.CurrentVersion.targets(5094,5): warning MSB3026: 无法将“D:\source\repos\LYBTZYZS\src\Backend\Core\BIN\Debug\net8.0\LYBT.Models.dll”复制到“bin\Debug\net8.0\LYBT.Models.dll”。1000 毫秒后将开始第 7 次重试。The process cannot access the file 'D:\source\repos\LYBTZYZS\src\Backend\Services\LYBT.WebAPI\bin\Debug\net8.0\LYBT.Models.dll' because it is being used by another process. 文件被“  (22824)”锁定。 [D:\source\repos\LYBTZYZS\src\Backend\Services\LYBT.WebAPI\LYBT.WebAPI.csproj]
    10>C:\Program Files\dotnet\sdk\9.0.302\Microsoft.Common.CurrentVersion.targets(5094,5): warning MSB3026: 无法将“D:\source\repos\LYBTZYZS\src\Backend\Modules\BIN\Debug\net8.0\LYBT.Module.Doctors.dll”复制到“bin\Debug\net8.0\LYBT.Module.Doctors.dll”。1000 毫秒后将开始第 7 次重试。The process cannot access the file 'D:\source\repos\LYBTZYZS\src\Backend\Services\LYBT.WebAPI\bin\Debug\net8.0\LYBT.Module.Doctors.dll' because it is being used by another process. 文件被“  (22824)”锁定。 [D:\source\repos\LYBTZYZS\src\Backend\Services\LYBT.WebAPI\LYBT.WebAPI.csproj]
    10>C:\Program Files\dotnet\sdk\9.0.302\Microsoft.Common.CurrentVersion.targets(5094,5): warning MSB3026: 无法将“D:\source\repos\LYBTZYZS\src\Backend\Modules\BIN\Debug\net8.0\LYBT.Module.DiagnosisTreatment.dll”复制到“bin\Debug\net8.0\LYBT.Module.DiagnosisTreatment.dll”。1000 毫秒后将开始第 7 次重试。The process cannot access the file 'D:\source\repos\LYBTZYZS\src\Backend\Services\LYBT.WebAPI\bin\Debug\net8.0\LYBT.Module.DiagnosisTreatment.dll' because it is being used by another process. 文件被“  (22824)”锁定。 [D:\source\repos\LYBTZYZS\src\Backend\Services\LYBT.WebAPI\LYBT.WebAPI.csproj]
    10>C:\Program Files\dotnet\sdk\9.0.302\Microsoft.Common.CurrentVersion.targets(5094,5): warning MSB3026: 无法将“D:\source\repos\LYBTZYZS\src\Backend\Modules\BIN\Debug\net8.0\LYBT.Module.Billing.dll”复制到“bin\Debug\net8.0\LYBT.Module.Billing.dll”。1000 毫秒后将开始第 7 次重试。The process cannot access the file 'D:\source\repos\LYBTZYZS\src\Backend\Services\LYBT.WebAPI\bin\Debug\net8.0\LYBT.Module.Billing.dll' because it is being used by another process. 文件被“  (22824)”锁定。 [D:\source\repos\LYBTZYZS\src\Backend\Services\LYBT.WebAPI\LYBT.WebAPI.csproj]
    10>C:\Program Files\dotnet\sdk\9.0.302\Microsoft.Common.CurrentVersion.targets(5094,5): warning MSB3026: 无法将“D:\source\repos\LYBTZYZS\src\Backend\Modules\BIN\Debug\net8.0\LYBT.Module.Auth.dll”复制到“bin\Debug\net8.0\LYBT.Module.Auth.dll”。1000 毫秒后将开始第 7 次重试。The process cannot access the file 'D:\source\repos\LYBTZYZS\src\Backend\Services\LYBT.WebAPI\bin\Debug\net8.0\LYBT.Module.Auth.dll' because it is being used by another process. 文件被“  (22824)”锁定。 [D:\source\repos\LYBTZYZS\src\Backend\Services\LYBT.WebAPI\LYBT.WebAPI.csproj]
         正在将文件从“D:\source\repos\LYBTZYZS\src\Backend\Core\BIN\Debug\net8.0\LYBT.Infrastructure.dll”复制到“D:\source\repos\LYBTZYZS\src\Backend\Services\LYBT.WebAPI\bin\Debug\net8.0\LYBT.Infrastructure.dll”。
         正在将文件从“D:\source\repos\LYBTZYZS\src\Backend\Core\BIN\Debug\net8.0\LYBT.Models.dll”复制到“D:\source\repos\LYBTZYZS\src\Backend\Services\LYBT.WebAPI\bin\Debug\net8.0\LYBT.Models.dll”。
         正在将文件从“D:\source\repos\LYBTZYZS\src\Backend\Modules\BIN\Debug\net8.0\LYBT.Module.DiagnosisTreatment.dll”复制到“D:\source\repos\LYBTZYZS\src\Backend\Services\LYBT.WebAPI\bin\Debug\net8.0\LYBT.Module.DiagnosisTreatment.dll”。
         正在将文件从“D:\source\repos\LYBTZYZS\src\Backend\Modules\BIN\Debug\net8.0\LYBT.Module.Doctors.dll”复制到“D:\source\repos\LYBTZYZS\src\Backend\Services\LYBT.WebAPI\bin\Debug\net8.0\LYBT.Module.Doctors.dll”。
         正在将文件从“D:\source\repos\LYBTZYZS\src\Backend\Modules\BIN\Debug\net8.0\LYBT.Module.Auth.dll”复制到“D:\source\repos\LYBTZYZS\src\Backend\Services\LYBT.WebAPI\bin\Debug\net8.0\LYBT.Module.Auth.dll”。
         正在将文件从“D:\source\repos\LYBTZYZS\src\Backend\Modules\BIN\Debug\net8.0\LYBT.Module.Billing.dll”复制到“D:\source\repos\LYBTZYZS\src\Backend\Services\LYBT.WebAPI\bin\Debug\net8.0\LYBT.Module.Billing.dll”。
    10>C:\Program Files\dotnet\sdk\9.0.302\Microsoft.Common.CurrentVersion.targets(5094,5): warning MSB3026: 无法将“D:\source\repos\LYBTZYZS\src\Backend\Core\BIN\Debug\net8.0\LYBT.Infrastructure.dll”复制到“bin\Debug\net8.0\LYBT.Infrastructure.dll”。1000 毫秒后将开始第 8 次重试。The process cannot access the file 'D:\source\repos\LYBTZYZS\src\Backend\Services\LYBT.WebAPI\bin\Debug\net8.0\LYBT.Infrastructure.dll' because it is being used by another process. 文件被“  (22824)”锁定。 [D:\source\repos\LYBTZYZS\src\Backend\Services\LYBT.WebAPI\LYBT.WebAPI.csproj]
    10>C:\Program Files\dotnet\sdk\9.0.302\Microsoft.Common.CurrentVersion.targets(5094,5): warning MSB3026: 无法将“D:\source\repos\LYBTZYZS\src\Backend\Core\BIN\Debug\net8.0\LYBT.Models.dll”复制到“bin\Debug\net8.0\LYBT.Models.dll”。1000 毫秒后将开始第 8 次重试。The process cannot access the file 'D:\source\repos\LYBTZYZS\src\Backend\Services\LYBT.WebAPI\bin\Debug\net8.0\LYBT.Models.dll' because it is being used by another process. 文件被“  (22824)”锁定。 [D:\source\repos\LYBTZYZS\src\Backend\Services\LYBT.WebAPI\LYBT.WebAPI.csproj]
    10>C:\Program Files\dotnet\sdk\9.0.302\Microsoft.Common.CurrentVersion.targets(5094,5): warning MSB3026: 无法将“D:\source\repos\LYBTZYZS\src\Backend\Modules\BIN\Debug\net8.0\LYBT.Module.Doctors.dll”复制到“bin\Debug\net8.0\LYBT.Module.Doctors.dll”。1000 毫秒后将开始第 8 次重试。The process cannot access the file 'D:\source\repos\LYBTZYZS\src\Backend\Services\LYBT.WebAPI\bin\Debug\net8.0\LYBT.Module.Doctors.dll' because it is being used by another process. 文件被“  (22824)”锁定。 [D:\source\repos\LYBTZYZS\src\Backend\Services\LYBT.WebAPI\LYBT.WebAPI.csproj]
    10>C:\Program Files\dotnet\sdk\9.0.302\Microsoft.Common.CurrentVersion.targets(5094,5): warning MSB3026: 无法将“D:\source\repos\LYBTZYZS\src\Backend\Modules\BIN\Debug\net8.0\LYBT.Module.DiagnosisTreatment.dll”复制到“bin\Debug\net8.0\LYBT.Module.DiagnosisTreatment.dll”。1000 毫秒后将开始第 8 次重试。The process cannot access the file 'D:\source\repos\LYBTZYZS\src\Backend\Services\LYBT.WebAPI\bin\Debug\net8.0\LYBT.Module.DiagnosisTreatment.dll' because it is being used by another process. 文件被“  (22824)”锁定。 [D:\source\repos\LYBTZYZS\src\Backend\Services\LYBT.WebAPI\LYBT.WebAPI.csproj]
    10>C:\Program Files\dotnet\sdk\9.0.302\Microsoft.Common.CurrentVersion.targets(5094,5): warning MSB3026: 无法将“D:\source\repos\LYBTZYZS\src\Backend\Modules\BIN\Debug\net8.0\LYBT.Module.Auth.dll”复制到“bin\Debug\net8.0\LYBT.Module.Auth.dll”。1000 毫秒后将开始第 8 次重试。The process cannot access the file 'D:\source\repos\LYBTZYZS\src\Backend\Services\LYBT.WebAPI\bin\Debug\net8.0\LYBT.Module.Auth.dll' because it is being used by another process. 文件被“  (22824)”锁定。 [D:\source\repos\LYBTZYZS\src\Backend\Services\LYBT.WebAPI\LYBT.WebAPI.csproj]
    10>C:\Program Files\dotnet\sdk\9.0.302\Microsoft.Common.CurrentVersion.targets(5094,5): warning MSB3026: 无法将“D:\source\repos\LYBTZYZS\src\Backend\Modules\BIN\Debug\net8.0\LYBT.Module.Billing.dll”复制到“bin\Debug\net8.0\LYBT.Module.Billing.dll”。1000 毫秒后将开始第 8 次重试。The process cannot access the file 'D:\source\repos\LYBTZYZS\src\Backend\Services\LYBT.WebAPI\bin\Debug\net8.0\LYBT.Module.Billing.dll' because it is being used by another process. 文件被“  (22824)”锁定。 [D:\source\repos\LYBTZYZS\src\Backend\Services\LYBT.WebAPI\LYBT.WebAPI.csproj]
         正在将文件从“D:\source\repos\LYBTZYZS\src\Backend\Core\BIN\Debug\net8.0\LYBT.Models.dll”复制到“D:\source\repos\LYBTZYZS\src\Backend\Services\LYBT.WebAPI\bin\Debug\net8.0\LYBT.Models.dll”。
         正在将文件从“D:\source\repos\LYBTZYZS\src\Backend\Core\BIN\Debug\net8.0\LYBT.Infrastructure.dll”复制到“D:\source\repos\LYBTZYZS\src\Backend\Services\LYBT.WebAPI\bin\Debug\net8.0\LYBT.Infrastructure.dll”。
         正在将文件从“D:\source\repos\LYBTZYZS\src\Backend\Modules\BIN\Debug\net8.0\LYBT.Module.Doctors.dll”复制到“D:\source\repos\LYBTZYZS\src\Backend\Services\LYBT.WebAPI\bin\Debug\net8.0\LYBT.Module.Doctors.dll”。
         正在将文件从“D:\source\repos\LYBTZYZS\src\Backend\Modules\BIN\Debug\net8.0\LYBT.Module.DiagnosisTreatment.dll”复制到“D:\source\repos\LYBTZYZS\src\Backend\Services\LYBT.WebAPI\bin\Debug\net8.0\LYBT.Module.DiagnosisTreatment.dll”。
         正在将文件从“D:\source\repos\LYBTZYZS\src\Backend\Modules\BIN\Debug\net8.0\LYBT.Module.Billing.dll”复制到“D:\source\repos\LYBTZYZS\src\Backend\Services\LYBT.WebAPI\bin\Debug\net8.0\LYBT.Module.Billing.dll”。
         正在将文件从“D:\source\repos\LYBTZYZS\src\Backend\Modules\BIN\Debug\net8.0\LYBT.Module.Auth.dll”复制到“D:\source\repos\LYBTZYZS\src\Backend\Services\LYBT.WebAPI\bin\Debug\net8.0\LYBT.Module.Auth.dll”。
    10>C:\Program Files\dotnet\sdk\9.0.302\Microsoft.Common.CurrentVersion.targets(5094,5): warning MSB3026: 无法将“D:\source\repos\LYBTZYZS\src\Backend\Core\BIN\Debug\net8.0\LYBT.Models.dll”复制到“bin\Debug\net8.0\LYBT.Models.dll”。1000 毫秒后将开始第 9 次重试。The process cannot access the file 'D:\source\repos\LYBTZYZS\src\Backend\Services\LYBT.WebAPI\bin\Debug\net8.0\LYBT.Models.dll' because it is being used by another process. 文件被“  (22824)”锁定。 [D:\source\repos\LYBTZYZS\src\Backend\Services\LYBT.WebAPI\LYBT.WebAPI.csproj]
    10>C:\Program Files\dotnet\sdk\9.0.302\Microsoft.Common.CurrentVersion.targets(5094,5): warning MSB3026: 无法将“D:\source\repos\LYBTZYZS\src\Backend\Modules\BIN\Debug\net8.0\LYBT.Module.Doctors.dll”复制到“bin\Debug\net8.0\LYBT.Module.Doctors.dll”。1000 毫秒后将开始第 9 次重试。The process cannot access the file 'D:\source\repos\LYBTZYZS\src\Backend\Services\LYBT.WebAPI\bin\Debug\net8.0\LYBT.Module.Doctors.dll' because it is being used by another process. 文件被“  (22824)”锁定。 [D:\source\repos\LYBTZYZS\src\Backend\Services\LYBT.WebAPI\LYBT.WebAPI.csproj]
    10>C:\Program Files\dotnet\sdk\9.0.302\Microsoft.Common.CurrentVersion.targets(5094,5): warning MSB3026: 无法将“D:\source\repos\LYBTZYZS\src\Backend\Core\BIN\Debug\net8.0\LYBT.Infrastructure.dll”复制到“bin\Debug\net8.0\LYBT.Infrastructure.dll”。1000 毫秒后将开始第 9 次重试。The process cannot access the file 'D:\source\repos\LYBTZYZS\src\Backend\Services\LYBT.WebAPI\bin\Debug\net8.0\LYBT.Infrastructure.dll' because it is being used by another process. 文件被“  (22824)”锁定。 [D:\source\repos\LYBTZYZS\src\Backend\Services\LYBT.WebAPI\LYBT.WebAPI.csproj]
    10>C:\Program Files\dotnet\sdk\9.0.302\Microsoft.Common.CurrentVersion.targets(5094,5): warning MSB3026: 无法将“D:\source\repos\LYBTZYZS\src\Backend\Modules\BIN\Debug\net8.0\LYBT.Module.DiagnosisTreatment.dll”复制到“bin\Debug\net8.0\LYBT.Module.DiagnosisTreatment.dll”。1000 毫秒后将开始第 9 次重试。The process cannot access the file 'D:\source\repos\LYBTZYZS\src\Backend\Services\LYBT.WebAPI\bin\Debug\net8.0\LYBT.Module.DiagnosisTreatment.dll' because it is being used by another process. 文件被“  (22824)”锁定。 [D:\source\repos\LYBTZYZS\src\Backend\Services\LYBT.WebAPI\LYBT.WebAPI.csproj]
    10>C:\Program Files\dotnet\sdk\9.0.302\Microsoft.Common.CurrentVersion.targets(5094,5): warning MSB3026: 无法将“D:\source\repos\LYBTZYZS\src\Backend\Modules\BIN\Debug\net8.0\LYBT.Module.Auth.dll”复制到“bin\Debug\net8.0\LYBT.Module.Auth.dll”。1000 毫秒后将开始第 9 次重试。The process cannot access the file 'D:\source\repos\LYBTZYZS\src\Backend\Services\LYBT.WebAPI\bin\Debug\net8.0\LYBT.Module.Auth.dll' because it is being used by another process. 文件被“  (22824)”锁定。 [D:\source\repos\LYBTZYZS\src\Backend\Services\LYBT.WebAPI\LYBT.WebAPI.csproj]
    10>C:\Program Files\dotnet\sdk\9.0.302\Microsoft.Common.CurrentVersion.targets(5094,5): warning MSB3026: 无法将“D:\source\repos\LYBTZYZS\src\Backend\Modules\BIN\Debug\net8.0\LYBT.Module.Billing.dll”复制到“bin\Debug\net8.0\LYBT.Module.Billing.dll”。1000 毫秒后将开始第 9 次重试。The process cannot access the file 'D:\source\repos\LYBTZYZS\src\Backend\Services\LYBT.WebAPI\bin\Debug\net8.0\LYBT.Module.Billing.dll' because it is being used by another process. 文件被“  (22824)”锁定。 [D:\source\repos\LYBTZYZS\src\Backend\Services\LYBT.WebAPI\LYBT.WebAPI.csproj]
         正在将文件从“D:\source\repos\LYBTZYZS\src\Backend\Core\BIN\Debug\net8.0\LYBT.Infrastructure.dll”复制到“D:\source\repos\LYBTZYZS\src\Backend\Services\LYBT.WebAPI\bin\Debug\net8.0\LYBT.Infrastructure.dll”。
         正在将文件从“D:\source\repos\LYBTZYZS\src\Backend\Core\BIN\Debug\net8.0\LYBT.Models.dll”复制到“D:\source\repos\LYBTZYZS\src\Backend\Services\LYBT.WebAPI\bin\Debug\net8.0\LYBT.Models.dll”。
         正在将文件从“D:\source\repos\LYBTZYZS\src\Backend\Modules\BIN\Debug\net8.0\LYBT.Module.Doctors.dll”复制到“D:\source\repos\LYBTZYZS\src\Backend\Services\LYBT.WebAPI\bin\Debug\net8.0\LYBT.Module.Doctors.dll”。
         正在将文件从“D:\source\repos\LYBTZYZS\src\Backend\Modules\BIN\Debug\net8.0\LYBT.Module.Billing.dll”复制到“D:\source\repos\LYBTZYZS\src\Backend\Services\LYBT.WebAPI\bin\Debug\net8.0\LYBT.Module.Billing.dll”。
         正在将文件从“D:\source\repos\LYBTZYZS\src\Backend\Modules\BIN\Debug\net8.0\LYBT.Module.DiagnosisTreatment.dll”复制到“D:\source\repos\LYBTZYZS\src\Backend\Services\LYBT.WebAPI\bin\Debug\net8.0\LYBT.Module.DiagnosisTreatment.dll”。
         正在将文件从“D:\source\repos\LYBTZYZS\src\Backend\Modules\BIN\Debug\net8.0\LYBT.Module.Auth.dll”复制到“D:\source\repos\LYBTZYZS\src\Backend\Services\LYBT.WebAPI\bin\Debug\net8.0\LYBT.Module.Auth.dll”。
    10>C:\Program Files\dotnet\sdk\9.0.302\Microsoft.Common.CurrentVersion.targets(5094,5): warning MSB3026: 无法将“D:\source\repos\LYBTZYZS\src\Backend\Modules\BIN\Debug\net8.0\LYBT.Module.Doctors.dll”复制到“bin\Debug\net8.0\LYBT.Module.Doctors.dll”。1000 毫秒后将开始第 10 次重试。The process cannot access the file 'D:\source\repos\LYBTZYZS\src\Backend\Services\LYBT.WebAPI\bin\Debug\net8.0\LYBT.Module.Doctors.dll' because it is being used by another process. 文件被“  (22824)”锁定。 [D:\source\repos\LYBTZYZS\src\Backend\Services\LYBT.WebAPI\LYBT.WebAPI.csproj]
    10>C:\Program Files\dotnet\sdk\9.0.302\Microsoft.Common.CurrentVersion.targets(5094,5): warning MSB3026: 无法将“D:\source\repos\LYBTZYZS\src\Backend\Core\BIN\Debug\net8.0\LYBT.Models.dll”复制到“bin\Debug\net8.0\LYBT.Models.dll”。1000 毫秒后将开始第 10 次重试。The process cannot access the file 'D:\source\repos\LYBTZYZS\src\Backend\Services\LYBT.WebAPI\bin\Debug\net8.0\LYBT.Models.dll' because it is being used by another process. 文件被“  (22824)”锁定。 [D:\source\repos\LYBTZYZS\src\Backend\Services\LYBT.WebAPI\LYBT.WebAPI.csproj]
    10>C:\Program Files\dotnet\sdk\9.0.302\Microsoft.Common.CurrentVersion.targets(5094,5): warning MSB3026: 无法将“D:\source\repos\LYBTZYZS\src\Backend\Core\BIN\Debug\net8.0\LYBT.Infrastructure.dll”复制到“bin\Debug\net8.0\LYBT.Infrastructure.dll”。1000 毫秒后将开始第 10 次重试。The process cannot access the file 'D:\source\repos\LYBTZYZS\src\Backend\Services\LYBT.WebAPI\bin\Debug\net8.0\LYBT.Infrastructure.dll' because it is being used by another process. 文件被“  (22824)”锁定。 [D:\source\repos\LYBTZYZS\src\Backend\Services\LYBT.WebAPI\LYBT.WebAPI.csproj]
    10>C:\Program Files\dotnet\sdk\9.0.302\Microsoft.Common.CurrentVersion.targets(5094,5): warning MSB3026: 无法将“D:\source\repos\LYBTZYZS\src\Backend\Modules\BIN\Debug\net8.0\LYBT.Module.DiagnosisTreatment.dll”复制到“bin\Debug\net8.0\LYBT.Module.DiagnosisTreatment.dll”。1000 毫秒后将开始第 10 次重试。The process cannot access the file 'D:\source\repos\LYBTZYZS\src\Backend\Services\LYBT.WebAPI\bin\Debug\net8.0\LYBT.Module.DiagnosisTreatment.dll' because it is being used by another process. 文件被“  (22824)”锁定。 [D:\source\repos\LYBTZYZS\src\Backend\Services\LYBT.WebAPI\LYBT.WebAPI.csproj]
    10>C:\Program Files\dotnet\sdk\9.0.302\Microsoft.Common.CurrentVersion.targets(5094,5): warning MSB3026: 无法将“D:\source\repos\LYBTZYZS\src\Backend\Modules\BIN\Debug\net8.0\LYBT.Module.Billing.dll”复制到“bin\Debug\net8.0\LYBT.Module.Billing.dll”。1000 毫秒后将开始第 10 次重试。The process cannot access the file 'D:\source\repos\LYBTZYZS\src\Backend\Services\LYBT.WebAPI\bin\Debug\net8.0\LYBT.Module.Billing.dll' because it is being used by another process. 文件被“  (22824)”锁定。 [D:\source\repos\LYBTZYZS\src\Backend\Services\LYBT.WebAPI\LYBT.WebAPI.csproj]
    10>C:\Program Files\dotnet\sdk\9.0.302\Microsoft.Common.CurrentVersion.targets(5094,5): warning MSB3026: 无法将“D:\source\repos\LYBTZYZS\src\Backend\Modules\BIN\Debug\net8.0\LYBT.Module.Auth.dll”复制到“bin\Debug\net8.0\LYBT.Module.Auth.dll”。1000 毫秒后将开始第 10 次重试。The process cannot access the file 'D:\source\repos\LYBTZYZS\src\Backend\Services\LYBT.WebAPI\bin\Debug\net8.0\LYBT.Module.Auth.dll' because it is being used by another process. 文件被“  (22824)”锁定。 [D:\source\repos\LYBTZYZS\src\Backend\Services\LYBT.WebAPI\LYBT.WebAPI.csproj]
         正在将文件从“D:\source\repos\LYBTZYZS\src\Backend\Core\BIN\Debug\net8.0\LYBT.Models.dll”复制到“D:\source\repos\LYBTZYZS\src\Backend\Services\LYBT.WebAPI\bin\Debug\net8.0\LYBT.Models.dll”。
         正在将文件从“D:\source\repos\LYBTZYZS\src\Backend\Modules\BIN\Debug\net8.0\LYBT.Module.DiagnosisTreatment.dll”复制到“D:\source\repos\LYBTZYZS\src\Backend\Services\LYBT.WebAPI\bin\Debug\net8.0\LYBT.Module.DiagnosisTreatment.dll”。
         正在将文件从“D:\source\repos\LYBTZYZS\src\Backend\Modules\BIN\Debug\net8.0\LYBT.Module.Doctors.dll”复制到“D:\source\repos\LYBTZYZS\src\Backend\Services\LYBT.WebAPI\bin\Debug\net8.0\LYBT.Module.Doctors.dll”。
         正在将文件从“D:\source\repos\LYBTZYZS\src\Backend\Core\BIN\Debug\net8.0\LYBT.Infrastructure.dll”复制到“D:\source\repos\LYBTZYZS\src\Backend\Services\LYBT.WebAPI\bin\Debug\net8.0\LYBT.Infrastructure.dll”。
         正在将文件从“D:\source\repos\LYBTZYZS\src\Backend\Modules\BIN\Debug\net8.0\LYBT.Module.Auth.dll”复制到“D:\source\repos\LYBTZYZS\src\Backend\Services\LYBT.WebAPI\bin\Debug\net8.0\LYBT.Module.Auth.dll”。
         正在将文件从“D:\source\repos\LYBTZYZS\src\Backend\Modules\BIN\Debug\net8.0\LYBT.Module.Billing.dll”复制到“D:\source\repos\LYBTZYZS\src\Backend\Services\LYBT.WebAPI\bin\Debug\net8.0\LYBT.Module.Billing.dll”。
    10>C:\Program Files\dotnet\sdk\9.0.302\Microsoft.Common.CurrentVersion.targets(5094,5): error MSB3027: 无法将“D:\source\repos\LYBTZYZS\src\Backend\Modules\BIN\Debug\net8.0\LYBT.Module.DiagnosisTreatment.dll”复制到“bin\Debug\net8.0\LYBT.Module.DiagnosisTreatment.dll”。超出了重试计数 10。失败。文件被“  (22824)”锁定。 [D:\source\repos\LYBTZYZS\src\Backend\Services\LYBT.WebAPI\LYBT.WebAPI.csproj]
    10>C:\Program Files\dotnet\sdk\9.0.302\Microsoft.Common.CurrentVersion.targets(5094,5): error MSB3021: 无法将文件“D:\source\repos\LYBTZYZS\src\Backend\Modules\BIN\Debug\net8.0\LYBT.Module.DiagnosisTreatment.dll”复制到“bin\Debug\net8.0\LYBT.Module.DiagnosisTreatment.dll”。The process cannot access the file 'D:\source\repos\LYBTZYZS\src\Backend\Services\LYBT.WebAPI\bin\Debug\net8.0\LYBT.Module.DiagnosisTreatment.dll' because it is being used by another process. [D:\source\repos\LYBTZYZS\src\Backend\Services\LYBT.WebAPI\LYBT.WebAPI.csproj]
    10>C:\Program Files\dotnet\sdk\9.0.302\Microsoft.Common.CurrentVersion.targets(5094,5): error MSB3027: 无法将“D:\source\repos\LYBTZYZS\src\Backend\Core\BIN\Debug\net8.0\LYBT.Models.dll”复制到“bin\Debug\net8.0\LYBT.Models.dll”。超出了重试计数 10。失败。文件被“  (22824)”锁定。 [D:\source\repos\LYBTZYZS\src\Backend\Services\LYBT.WebAPI\LYBT.WebAPI.csproj]
    10>C:\Program Files\dotnet\sdk\9.0.302\Microsoft.Common.CurrentVersion.targets(5094,5): error MSB3021: 无法将文件“D:\source\repos\LYBTZYZS\src\Backend\Core\BIN\Debug\net8.0\LYBT.Models.dll”复制到“bin\Debug\net8.0\LYBT.Models.dll”。The process cannot access the file 'D:\source\repos\LYBTZYZS\src\Backend\Services\LYBT.WebAPI\bin\Debug\net8.0\LYBT.Models.dll' because it is being used by another process. [D:\source\repos\LYBTZYZS\src\Backend\Services\LYBT.WebAPI\LYBT.WebAPI.csproj]
         正在将文件从“D:\source\repos\LYBTZYZS\src\Backend\Modules\BIN\Debug\net8.0\LYBT.Module.Herbs.dll”复制到“D:\source\repos\LYBTZYZS\src\Backend\Services\LYBT.WebAPI\bin\Debug\net8.0\LYBT.Module.Herbs.dll”。
         正在将文件从“D:\source\repos\LYBTZYZS\src\Backend\Modules\BIN\Debug\net8.0\LYBT.Module.FormulaTemplates.dll”复制到“D:\source\repos\LYBTZYZS\src\Backend\Services\LYBT.WebAPI\bin\Debug\net8.0\LYBT.Module.FormulaTemplates.dll”。
    10>C:\Program Files\dotnet\sdk\9.0.302\Microsoft.Common.CurrentVersion.targets(5094,5): error MSB3027: 无法将“D:\source\repos\LYBTZYZS\src\Backend\Core\BIN\Debug\net8.0\LYBT.Infrastructure.dll”复制到“bin\Debug\net8.0\LYBT.Infrastructure.dll”。超出了重试计数 10。失败。文件被“  (22824)”锁定。 [D:\source\repos\LYBTZYZS\src\Backend\Services\LYBT.WebAPI\LYBT.WebAPI.csproj]
    10>C:\Program Files\dotnet\sdk\9.0.302\Microsoft.Common.CurrentVersion.targets(5094,5): error MSB3021: 无法将文件“D:\source\repos\LYBTZYZS\src\Backend\Core\BIN\Debug\net8.0\LYBT.Infrastructure.dll”复制到“bin\Debug\net8.0\LYBT.Infrastructure.dll”。The process cannot access the file 'D:\source\repos\LYBTZYZS\src\Backend\Services\LYBT.WebAPI\bin\Debug\net8.0\LYBT.Infrastructure.dll' because it is being used by another process. [D:\source\repos\LYBTZYZS\src\Backend\Services\LYBT.WebAPI\LYBT.WebAPI.csproj]
         正在将文件从“D:\source\repos\LYBTZYZS\src\Backend\Modules\BIN\Debug\net8.0\LYBT.Module.Patients.dll”复制到“D:\source\repos\LYBTZYZS\src\Backend\Services\LYBT.WebAPI\bin\Debug\net8.0\LYBT.Module.Patients.dll”。
    10>C:\Program Files\dotnet\sdk\9.0.302\Microsoft.Common.CurrentVersion.targets(5094,5): error MSB3027: 无法将“D:\source\repos\LYBTZYZS\src\Backend\Modules\BIN\Debug\net8.0\LYBT.Module.Doctors.dll”复制到“bin\Debug\net8.0\LYBT.Module.Doctors.dll”。超出了重试计数 10。失败。文件被“  (22824)”锁定。 [D:\source\repos\LYBTZYZS\src\Backend\Services\LYBT.WebAPI\LYBT.WebAPI.csproj]
    10>C:\Program Files\dotnet\sdk\9.0.302\Microsoft.Common.CurrentVersion.targets(5094,5): error MSB3021: 无法将文件“D:\source\repos\LYBTZYZS\src\Backend\Modules\BIN\Debug\net8.0\LYBT.Module.Doctors.dll”复制到“bin\Debug\net8.0\LYBT.Module.Doctors.dll”。The process cannot access the file 'D:\source\repos\LYBTZYZS\src\Backend\Services\LYBT.WebAPI\bin\Debug\net8.0\LYBT.Module.Doctors.dll' because it is being used by another process. [D:\source\repos\LYBTZYZS\src\Backend\Services\LYBT.WebAPI\LYBT.WebAPI.csproj]
         正在将文件从“D:\source\repos\LYBTZYZS\src\Backend\Modules\BIN\Debug\net8.0\LYBT.Module.Pharmacy.dll”复制到“D:\source\repos\LYBTZYZS\src\Backend\Services\LYBT.WebAPI\bin\Debug\net8.0\LYBT.Module.Pharmacy.dll”。
    10>C:\Program Files\dotnet\sdk\9.0.302\Microsoft.Common.CurrentVersion.targets(5094,5): error MSB3027: 无法将“D:\source\repos\LYBTZYZS\src\Backend\Modules\BIN\Debug\net8.0\LYBT.Module.Billing.dll”复制到“bin\Debug\net8.0\LYBT.Module.Billing.dll”。超出了重试计数 10。失败。文件被“  (22824)”锁定。 [D:\source\repos\LYBTZYZS\src\Backend\Services\LYBT.WebAPI\LYBT.WebAPI.csproj]
    10>C:\Program Files\dotnet\sdk\9.0.302\Microsoft.Common.CurrentVersion.targets(5094,5): error MSB3021: 无法将文件“D:\source\repos\LYBTZYZS\src\Backend\Modules\BIN\Debug\net8.0\LYBT.Module.Billing.dll”复制到“bin\Debug\net8.0\LYBT.Module.Billing.dll”。The process cannot access the file 'D:\source\repos\LYBTZYZS\src\Backend\Services\LYBT.WebAPI\bin\Debug\net8.0\LYBT.Module.Billing.dll' because it is being used by another process. [D:\source\repos\LYBTZYZS\src\Backend\Services\LYBT.WebAPI\LYBT.WebAPI.csproj]
         正在将文件从“D:\source\repos\LYBTZYZS\src\Backend\Modules\LYBT.Module.Prescriptions\bin\Debug\net8.0\LYBT.Module.Prescriptions.dll”复制到“D:\source\repos\LYBTZYZS\src\Backend\Services\LYBT.WebAPI\bin\Debug\net8.0\LYBT.Module.Prescriptions.dll”。
    10>C:\Program Files\dotnet\sdk\9.0.302\Microsoft.Common.CurrentVersion.targets(5094,5): error MSB3027: 无法将“D:\source\repos\LYBTZYZS\src\Backend\Modules\BIN\Debug\net8.0\LYBT.Module.Auth.dll”复制到“bin\Debug\net8.0\LYBT.Module.Auth.dll”。超出了重试计数 10。失败。文件被“  (22824)”锁定。 [D:\source\repos\LYBTZYZS\src\Backend\Services\LYBT.WebAPI\LYBT.WebAPI.csproj]
    10>C:\Program Files\dotnet\sdk\9.0.302\Microsoft.Common.CurrentVersion.targets(5094,5): error MSB3021: 无法将文件“D:\source\repos\LYBTZYZS\src\Backend\Modules\BIN\Debug\net8.0\LYBT.Module.Auth.dll”复制到“bin\Debug\net8.0\LYBT.Module.Auth.dll”。The process cannot access the file 'D:\source\repos\LYBTZYZS\src\Backend\Services\LYBT.WebAPI\bin\Debug\net8.0\LYBT.Module.Auth.dll' because it is being used by another process. [D:\source\repos\LYBTZYZS\src\Backend\Services\LYBT.WebAPI\LYBT.WebAPI.csproj]
         正在将文件从“D:\source\repos\LYBTZYZS\src\Backend\Modules\BIN\Debug\net8.0\LYBT.Module.Queueing.dll”复制到“D:\source\repos\LYBTZYZS\src\Backend\Services\LYBT.WebAPI\bin\Debug\net8.0\LYBT.Module.Queueing.dll”。
    10>C:\Program Files\dotnet\sdk\9.0.302\Microsoft.Common.CurrentVersion.targets(5094,5): warning MSB3026: 无法将“D:\source\repos\LYBTZYZS\src\Backend\Modules\BIN\Debug\net8.0\LYBT.Module.Patients.dll”复制到“bin\Debug\net8.0\LYBT.Module.Patients.dll”。1000 毫秒后将开始第 1 次重试。The process cannot access the file 'D:\source\repos\LYBTZYZS\src\Backend\Services\LYBT.WebAPI\bin\Debug\net8.0\LYBT.Module.Patients.dll' because it is being used by another process. 文件被“  (22824)”锁定。 [D:\source\repos\LYBTZYZS\src\Backend\Services\LYBT.WebAPI\LYBT.WebAPI.csproj]
    10>C:\Program Files\dotnet\sdk\9.0.302\Microsoft.Common.CurrentVersion.targets(5094,5): warning MSB3026: 无法将“D:\source\repos\LYBTZYZS\src\Backend\Modules\BIN\Debug\net8.0\LYBT.Module.Herbs.dll”复制到“bin\Debug\net8.0\LYBT.Module.Herbs.dll”。1000 毫秒后将开始第 1 次重试。The process cannot access the file 'D:\source\repos\LYBTZYZS\src\Backend\Services\LYBT.WebAPI\bin\Debug\net8.0\LYBT.Module.Herbs.dll' because it is being used by another process. 文件被“  (22824)”锁定。 [D:\source\repos\LYBTZYZS\src\Backend\Services\LYBT.WebAPI\LYBT.WebAPI.csproj]
    10>C:\Program Files\dotnet\sdk\9.0.302\Microsoft.Common.CurrentVersion.targets(5094,5): warning MSB3026: 无法将“D:\source\repos\LYBTZYZS\src\Backend\Modules\BIN\Debug\net8.0\LYBT.Module.FormulaTemplates.dll”复制到“bin\Debug\net8.0\LYBT.Module.FormulaTemplates.dll”。1000 毫秒后将开始第 1 次重试。The process cannot access the file 'D:\source\repos\LYBTZYZS\src\Backend\Services\LYBT.WebAPI\bin\Debug\net8.0\LYBT.Module.FormulaTemplates.dll' because it is being used by another process. 文件被“  (22824)”锁定。 [D:\source\repos\LYBTZYZS\src\Backend\Services\LYBT.WebAPI\LYBT.WebAPI.csproj]
    10>C:\Program Files\dotnet\sdk\9.0.302\Microsoft.Common.CurrentVersion.targets(5094,5): warning MSB3026: 无法将“D:\source\repos\LYBTZYZS\src\Backend\Modules\BIN\Debug\net8.0\LYBT.Module.Pharmacy.dll”复制到“bin\Debug\net8.0\LYBT.Module.Pharmacy.dll”。1000 毫秒后将开始第 1 次重试。The process cannot access the file 'D:\source\repos\LYBTZYZS\src\Backend\Services\LYBT.WebAPI\bin\Debug\net8.0\LYBT.Module.Pharmacy.dll' because it is being used by another process. 文件被“  (22824)”锁定。 [D:\source\repos\LYBTZYZS\src\Backend\Services\LYBT.WebAPI\LYBT.WebAPI.csproj]
    10>C:\Program Files\dotnet\sdk\9.0.302\Microsoft.Common.CurrentVersion.targets(5094,5): warning MSB3026: 无法将“D:\source\repos\LYBTZYZS\src\Backend\Modules\LYBT.Module.Prescriptions\bin\Debug\net8.0\LYBT.Module.Prescriptions.dll”复制到“bin\Debug\net8.0\LYBT.Module.Prescriptions.dll”。1000 毫秒后将开始第 1 次重试。The process cannot access the file 'D:\source\repos\LYBTZYZS\src\Backend\Services\LYBT.WebAPI\bin\Debug\net8.0\LYBT.Module.Prescriptions.dll' because it is being used by another process. 文件被“  (22824)”锁定。 [D:\source\repos\LYBTZYZS\src\Backend\Services\LYBT.WebAPI\LYBT.WebAPI.csproj]
    10>C:\Program Files\dotnet\sdk\9.0.302\Microsoft.Common.CurrentVersion.targets(5094,5): warning MSB3026: 无法将“D:\source\repos\LYBTZYZS\src\Backend\Modules\BIN\Debug\net8.0\LYBT.Module.Queueing.dll”复制到“bin\Debug\net8.0\LYBT.Module.Queueing.dll”。1000 毫秒后将开始第 1 次重试。The process cannot access the file 'D:\source\repos\LYBTZYZS\src\Backend\Services\LYBT.WebAPI\bin\Debug\net8.0\LYBT.Module.Queueing.dll' because it is being used by another process. 文件被“  (22824)”锁定。 [D:\source\repos\LYBTZYZS\src\Backend\Services\LYBT.WebAPI\LYBT.WebAPI.csproj]
         正在将文件从“D:\source\repos\LYBTZYZS\src\Backend\Modules\BIN\Debug\net8.0\LYBT.Module.Patients.dll”复制到“D:\source\repos\LYBTZYZS\src\Backend\Services\LYBT.WebAPI\bin\Debug\net8.0\LYBT.Module.Patients.dll”。
         正在将文件从“D:\source\repos\LYBTZYZS\src\Backend\Modules\BIN\Debug\net8.0\LYBT.Module.FormulaTemplates.dll”复制到“D:\source\repos\LYBTZYZS\src\Backend\Services\LYBT.WebAPI\bin\Debug\net8.0\LYBT.Module.FormulaTemplates.dll”。
         正在将文件从“D:\source\repos\LYBTZYZS\src\Backend\Modules\BIN\Debug\net8.0\LYBT.Module.Herbs.dll”复制到“D:\source\repos\LYBTZYZS\src\Backend\Services\LYBT.WebAPI\bin\Debug\net8.0\LYBT.Module.Herbs.dll”。
         正在将文件从“D:\source\repos\LYBTZYZS\src\Backend\Modules\BIN\Debug\net8.0\LYBT.Module.Pharmacy.dll”复制到“D:\source\repos\LYBTZYZS\src\Backend\Services\LYBT.WebAPI\bin\Debug\net8.0\LYBT.Module.Pharmacy.dll”。
         正在将文件从“D:\source\repos\LYBTZYZS\src\Backend\Modules\LYBT.Module.Prescriptions\bin\Debug\net8.0\LYBT.Module.Prescriptions.dll”复制到“D:\source\repos\LYBTZYZS\src\Backend\Services\LYBT.WebAPI\bin\Debug\net8.0\LYBT.Module.Prescriptions.dll”。
         正在将文件从“D:\source\repos\LYBTZYZS\src\Backend\Modules\BIN\Debug\net8.0\LYBT.Module.Queueing.dll”复制到“D:\source\repos\LYBTZYZS\src\Backend\Services\LYBT.WebAPI\bin\Debug\net8.0\LYBT.Module.Queueing.dll”。
    10>C:\Program Files\dotnet\sdk\9.0.302\Microsoft.Common.CurrentVersion.targets(5094,5): warning MSB3026: 无法将“D:\source\repos\LYBTZYZS\src\Backend\Modules\BIN\Debug\net8.0\LYBT.Module.Patients.dll”复制到“bin\Debug\net8.0\LYBT.Module.Patients.dll”。1000 毫秒后将开始第 2 次重试。The process cannot access the file 'D:\source\repos\LYBTZYZS\src\Backend\Services\LYBT.WebAPI\bin\Debug\net8.0\LYBT.Module.Patients.dll' because it is being used by another process. 文件被“  (22824)”锁定。 [D:\source\repos\LYBTZYZS\src\Backend\Services\LYBT.WebAPI\LYBT.WebAPI.csproj]
    10>C:\Program Files\dotnet\sdk\9.0.302\Microsoft.Common.CurrentVersion.targets(5094,5): warning MSB3026: 无法将“D:\source\repos\LYBTZYZS\src\Backend\Modules\BIN\Debug\net8.0\LYBT.Module.FormulaTemplates.dll”复制到“bin\Debug\net8.0\LYBT.Module.FormulaTemplates.dll”。1000 毫秒后将开始第 2 次重试。The process cannot access the file 'D:\source\repos\LYBTZYZS\src\Backend\Services\LYBT.WebAPI\bin\Debug\net8.0\LYBT.Module.FormulaTemplates.dll' because it is being used by another process. 文件被“  (22824)”锁定。 [D:\source\repos\LYBTZYZS\src\Backend\Services\LYBT.WebAPI\LYBT.WebAPI.csproj]
    10>C:\Program Files\dotnet\sdk\9.0.302\Microsoft.Common.CurrentVersion.targets(5094,5): warning MSB3026: 无法将“D:\source\repos\LYBTZYZS\src\Backend\Modules\BIN\Debug\net8.0\LYBT.Module.Pharmacy.dll”复制到“bin\Debug\net8.0\LYBT.Module.Pharmacy.dll”。1000 毫秒后将开始第 2 次重试。The process cannot access the file 'D:\source\repos\LYBTZYZS\src\Backend\Services\LYBT.WebAPI\bin\Debug\net8.0\LYBT.Module.Pharmacy.dll' because it is being used by another process. 文件被“  (22824)”锁定。 [D:\source\repos\LYBTZYZS\src\Backend\Services\LYBT.WebAPI\LYBT.WebAPI.csproj]
    10>C:\Program Files\dotnet\sdk\9.0.302\Microsoft.Common.CurrentVersion.targets(5094,5): warning MSB3026: 无法将“D:\source\repos\LYBTZYZS\src\Backend\Modules\BIN\Debug\net8.0\LYBT.Module.Herbs.dll”复制到“bin\Debug\net8.0\LYBT.Module.Herbs.dll”。1000 毫秒后将开始第 2 次重试。The process cannot access the file 'D:\source\repos\LYBTZYZS\src\Backend\Services\LYBT.WebAPI\bin\Debug\net8.0\LYBT.Module.Herbs.dll' because it is being used by another process. 文件被“  (22824)”锁定。 [D:\source\repos\LYBTZYZS\src\Backend\Services\LYBT.WebAPI\LYBT.WebAPI.csproj]
    10>C:\Program Files\dotnet\sdk\9.0.302\Microsoft.Common.CurrentVersion.targets(5094,5): warning MSB3026: 无法将“D:\source\repos\LYBTZYZS\src\Backend\Modules\BIN\Debug\net8.0\LYBT.Module.Queueing.dll”复制到“bin\Debug\net8.0\LYBT.Module.Queueing.dll”。1000 毫秒后将开始第 2 次重试。The process cannot access the file 'D:\source\repos\LYBTZYZS\src\Backend\Services\LYBT.WebAPI\bin\Debug\net8.0\LYBT.Module.Queueing.dll' because it is being used by another process. 文件被“  (22824)”锁定。 [D:\source\repos\LYBTZYZS\src\Backend\Services\LYBT.WebAPI\LYBT.WebAPI.csproj]
    10>C:\Program Files\dotnet\sdk\9.0.302\Microsoft.Common.CurrentVersion.targets(5094,5): warning MSB3026: 无法将“D:\source\repos\LYBTZYZS\src\Backend\Modules\LYBT.Module.Prescriptions\bin\Debug\net8.0\LYBT.Module.Prescriptions.dll”复制到“bin\Debug\net8.0\LYBT.Module.Prescriptions.dll”。1000 毫秒后将开始第 2 次重试。The process cannot access the file 'D:\source\repos\LYBTZYZS\src\Backend\Services\LYBT.WebAPI\bin\Debug\net8.0\LYBT.Module.Prescriptions.dll' because it is being used by another process. 文件被“  (22824)”锁定。 [D:\source\repos\LYBTZYZS\src\Backend\Services\LYBT.WebAPI\LYBT.WebAPI.csproj]
         正在将文件从“D:\source\repos\LYBTZYZS\src\Backend\Modules\BIN\Debug\net8.0\LYBT.Module.Patients.dll”复制到“D:\source\repos\LYBTZYZS\src\Backend\Services\LYBT.WebAPI\bin\Debug\net8.0\LYBT.Module.Patients.dll”。
         正在将文件从“D:\source\repos\LYBTZYZS\src\Backend\Modules\BIN\Debug\net8.0\LYBT.Module.FormulaTemplates.dll”复制到“D:\source\repos\LYBTZYZS\src\Backend\Services\LYBT.WebAPI\bin\Debug\net8.0\LYBT.Module.FormulaTemplates.dll”。
         正在将文件从“D:\source\repos\LYBTZYZS\src\Backend\Modules\BIN\Debug\net8.0\LYBT.Module.Herbs.dll”复制到“D:\source\repos\LYBTZYZS\src\Backend\Services\LYBT.WebAPI\bin\Debug\net8.0\LYBT.Module.Herbs.dll”。
         正在将文件从“D:\source\repos\LYBTZYZS\src\Backend\Modules\BIN\Debug\net8.0\LYBT.Module.Pharmacy.dll”复制到“D:\source\repos\LYBTZYZS\src\Backend\Services\LYBT.WebAPI\bin\Debug\net8.0\LYBT.Module.Pharmacy.dll”。
         正在将文件从“D:\source\repos\LYBTZYZS\src\Backend\Modules\LYBT.Module.Prescriptions\bin\Debug\net8.0\LYBT.Module.Prescriptions.dll”复制到“D:\source\repos\LYBTZYZS\src\Backend\Services\LYBT.WebAPI\bin\Debug\net8.0\LYBT.Module.Prescriptions.dll”。
         正在将文件从“D:\source\repos\LYBTZYZS\src\Backend\Modules\BIN\Debug\net8.0\LYBT.Module.Queueing.dll”复制到“D:\source\repos\LYBTZYZS\src\Backend\Services\LYBT.WebAPI\bin\Debug\net8.0\LYBT.Module.Queueing.dll”。
    10>C:\Program Files\dotnet\sdk\9.0.302\Microsoft.Common.CurrentVersion.targets(5094,5): warning MSB3026: 无法将“D:\source\repos\LYBTZYZS\src\Backend\Modules\BIN\Debug\net8.0\LYBT.Module.Patients.dll”复制到“bin\Debug\net8.0\LYBT.Module.Patients.dll”。1000 毫秒后将开始第 3 次重试。The process cannot access the file 'D:\source\repos\LYBTZYZS\src\Backend\Services\LYBT.WebAPI\bin\Debug\net8.0\LYBT.Module.Patients.dll' because it is being used by another process. 文件被“  (22824)”锁定。 [D:\source\repos\LYBTZYZS\src\Backend\Services\LYBT.WebAPI\LYBT.WebAPI.csproj]
    10>C:\Program Files\dotnet\sdk\9.0.302\Microsoft.Common.CurrentVersion.targets(5094,5): warning MSB3026: 无法将“D:\source\repos\LYBTZYZS\src\Backend\Modules\BIN\Debug\net8.0\LYBT.Module.FormulaTemplates.dll”复制到“bin\Debug\net8.0\LYBT.Module.FormulaTemplates.dll”。1000 毫秒后将开始第 3 次重试。The process cannot access the file 'D:\source\repos\LYBTZYZS\src\Backend\Services\LYBT.WebAPI\bin\Debug\net8.0\LYBT.Module.FormulaTemplates.dll' because it is being used by another process. 文件被“  (22824)”锁定。 [D:\source\repos\LYBTZYZS\src\Backend\Services\LYBT.WebAPI\LYBT.WebAPI.csproj]
    10>C:\Program Files\dotnet\sdk\9.0.302\Microsoft.Common.CurrentVersion.targets(5094,5): warning MSB3026: 无法将“D:\source\repos\LYBTZYZS\src\Backend\Modules\BIN\Debug\net8.0\LYBT.Module.Herbs.dll”复制到“bin\Debug\net8.0\LYBT.Module.Herbs.dll”。1000 毫秒后将开始第 3 次重试。The process cannot access the file 'D:\source\repos\LYBTZYZS\src\Backend\Services\LYBT.WebAPI\bin\Debug\net8.0\LYBT.Module.Herbs.dll' because it is being used by another process. 文件被“  (22824)”锁定。 [D:\source\repos\LYBTZYZS\src\Backend\Services\LYBT.WebAPI\LYBT.WebAPI.csproj]
    10>C:\Program Files\dotnet\sdk\9.0.302\Microsoft.Common.CurrentVersion.targets(5094,5): warning MSB3026: 无法将“D:\source\repos\LYBTZYZS\src\Backend\Modules\BIN\Debug\net8.0\LYBT.Module.Pharmacy.dll”复制到“bin\Debug\net8.0\LYBT.Module.Pharmacy.dll”。1000 毫秒后将开始第 3 次重试。The process cannot access the file 'D:\source\repos\LYBTZYZS\src\Backend\Services\LYBT.WebAPI\bin\Debug\net8.0\LYBT.Module.Pharmacy.dll' because it is being used by another process. 文件被“  (22824)”锁定。 [D:\source\repos\LYBTZYZS\src\Backend\Services\LYBT.WebAPI\LYBT.WebAPI.csproj]
    10>C:\Program Files\dotnet\sdk\9.0.302\Microsoft.Common.CurrentVersion.targets(5094,5): warning MSB3026: 无法将“D:\source\repos\LYBTZYZS\src\Backend\Modules\BIN\Debug\net8.0\LYBT.Module.Queueing.dll”复制到“bin\Debug\net8.0\LYBT.Module.Queueing.dll”。1000 毫秒后将开始第 3 次重试。The process cannot access the file 'D:\source\repos\LYBTZYZS\src\Backend\Services\LYBT.WebAPI\bin\Debug\net8.0\LYBT.Module.Queueing.dll' because it is being used by another process. 文件被“  (22824)”锁定。 [D:\source\repos\LYBTZYZS\src\Backend\Services\LYBT.WebAPI\LYBT.WebAPI.csproj]
    10>C:\Program Files\dotnet\sdk\9.0.302\Microsoft.Common.CurrentVersion.targets(5094,5): warning MSB3026: 无法将“D:\source\repos\LYBTZYZS\src\Backend\Modules\LYBT.Module.Prescriptions\bin\Debug\net8.0\LYBT.Module.Prescriptions.dll”复制到“bin\Debug\net8.0\LYBT.Module.Prescriptions.dll”。1000 毫秒后将开始第 3 次重试。The process cannot access the file 'D:\source\repos\LYBTZYZS\src\Backend\Services\LYBT.WebAPI\bin\Debug\net8.0\LYBT.Module.Prescriptions.dll' because it is being used by another process. 文件被“  (22824)”锁定。 [D:\source\repos\LYBTZYZS\src\Backend\Services\LYBT.WebAPI\LYBT.WebAPI.csproj]
         正在将文件从“D:\source\repos\LYBTZYZS\src\Backend\Modules\BIN\Debug\net8.0\LYBT.Module.Patients.dll”复制到“D:\source\repos\LYBTZYZS\src\Backend\Services\LYBT.WebAPI\bin\Debug\net8.0\LYBT.Module.Patients.dll”。
         正在将文件从“D:\source\repos\LYBTZYZS\src\Backend\Modules\BIN\Debug\net8.0\LYBT.Module.FormulaTemplates.dll”复制到“D:\source\repos\LYBTZYZS\src\Backend\Services\LYBT.WebAPI\bin\Debug\net8.0\LYBT.Module.FormulaTemplates.dll”。
         正在将文件从“D:\source\repos\LYBTZYZS\src\Backend\Modules\BIN\Debug\net8.0\LYBT.Module.Herbs.dll”复制到“D:\source\repos\LYBTZYZS\src\Backend\Services\LYBT.WebAPI\bin\Debug\net8.0\LYBT.Module.Herbs.dll”。
         正在将文件从“D:\source\repos\LYBTZYZS\src\Backend\Modules\BIN\Debug\net8.0\LYBT.Module.Pharmacy.dll”复制到“D:\source\repos\LYBTZYZS\src\Backend\Services\LYBT.WebAPI\bin\Debug\net8.0\LYBT.Module.Pharmacy.dll”。
    10>C:\Program Files\dotnet\sdk\9.0.302\Microsoft.Common.CurrentVersion.targets(5094,5): warning MSB3026: 无法将“D:\source\repos\LYBTZYZS\src\Backend\Modules\BIN\Debug\net8.0\LYBT.Module.Patients.dll”复制到“bin\Debug\net8.0\LYBT.Module.Patients.dll”。1000 毫秒后将开始第 4 次重试。The process cannot access the file 'D:\source\repos\LYBTZYZS\src\Backend\Services\LYBT.WebAPI\bin\Debug\net8.0\LYBT.Module.Patients.dll' because it is being used by another process. 文件被“  (22824)”锁定。 [D:\source\repos\LYBTZYZS\src\Backend\Services\LYBT.WebAPI\LYBT.WebAPI.csproj]
    10>C:\Program Files\dotnet\sdk\9.0.302\Microsoft.Common.CurrentVersion.targets(5094,5): warning MSB3026: 无法将“D:\source\repos\LYBTZYZS\src\Backend\Modules\BIN\Debug\net8.0\LYBT.Module.FormulaTemplates.dll”复制到“bin\Debug\net8.0\LYBT.Module.FormulaTemplates.dll”。1000 毫秒后将开始第 4 次重试。The process cannot access the file 'D:\source\repos\LYBTZYZS\src\Backend\Services\LYBT.WebAPI\bin\Debug\net8.0\LYBT.Module.FormulaTemplates.dll' because it is being used by another process. 文件被“  (22824)”锁定。 [D:\source\repos\LYBTZYZS\src\Backend\Services\LYBT.WebAPI\LYBT.WebAPI.csproj]
         正在将文件从“D:\source\repos\LYBTZYZS\src\Backend\Modules\BIN\Debug\net8.0\LYBT.Module.Queueing.dll”复制到“D:\source\repos\LYBTZYZS\src\Backend\Services\LYBT.WebAPI\bin\Debug\net8.0\LYBT.Module.Queueing.dll”。
         正在将文件从“D:\source\repos\LYBTZYZS\src\Backend\Modules\LYBT.Module.Prescriptions\bin\Debug\net8.0\LYBT.Module.Prescriptions.dll”复制到“D:\source\repos\LYBTZYZS\src\Backend\Services\LYBT.WebAPI\bin\Debug\net8.0\LYBT.Module.Prescriptions.dll”。
    10>C:\Program Files\dotnet\sdk\9.0.302\Microsoft.Common.CurrentVersion.targets(5094,5): warning MSB3026: 无法将“D:\source\repos\LYBTZYZS\src\Backend\Modules\BIN\Debug\net8.0\LYBT.Module.Pharmacy.dll”复制到“bin\Debug\net8.0\LYBT.Module.Pharmacy.dll”。1000 毫秒后将开始第 4 次重试。The process cannot access the file 'D:\source\repos\LYBTZYZS\src\Backend\Services\LYBT.WebAPI\bin\Debug\net8.0\LYBT.Module.Pharmacy.dll' because it is being used by another process. 文件被“  (22824)”锁定。 [D:\source\repos\LYBTZYZS\src\Backend\Services\LYBT.WebAPI\LYBT.WebAPI.csproj]
    10>C:\Program Files\dotnet\sdk\9.0.302\Microsoft.Common.CurrentVersion.targets(5094,5): warning MSB3026: 无法将“D:\source\repos\LYBTZYZS\src\Backend\Modules\BIN\Debug\net8.0\LYBT.Module.Herbs.dll”复制到“bin\Debug\net8.0\LYBT.Module.Herbs.dll”。1000 毫秒后将开始第 4 次重试。The process cannot access the file 'D:\source\repos\LYBTZYZS\src\Backend\Services\LYBT.WebAPI\bin\Debug\net8.0\LYBT.Module.Herbs.dll' because it is being used by another process. 文件被“  (22824)”锁定。 [D:\source\repos\LYBTZYZS\src\Backend\Services\LYBT.WebAPI\LYBT.WebAPI.csproj]
    10>C:\Program Files\dotnet\sdk\9.0.302\Microsoft.Common.CurrentVersion.targets(5094,5): warning MSB3026: 无法将“D:\source\repos\LYBTZYZS\src\Backend\Modules\LYBT.Module.Prescriptions\bin\Debug\net8.0\LYBT.Module.Prescriptions.dll”复制到“bin\Debug\net8.0\LYBT.Module.Prescriptions.dll”。1000 毫秒后将开始第 4 次重试。The process cannot access the file 'D:\source\repos\LYBTZYZS\src\Backend\Services\LYBT.WebAPI\bin\Debug\net8.0\LYBT.Module.Prescriptions.dll' because it is being used by another process. 文件被“  (22824)”锁定。 [D:\source\repos\LYBTZYZS\src\Backend\Services\LYBT.WebAPI\LYBT.WebAPI.csproj]
    10>C:\Program Files\dotnet\sdk\9.0.302\Microsoft.Common.CurrentVersion.targets(5094,5): warning MSB3026: 无法将“D:\source\repos\LYBTZYZS\src\Backend\Modules\BIN\Debug\net8.0\LYBT.Module.Queueing.dll”复制到“bin\Debug\net8.0\LYBT.Module.Queueing.dll”。1000 毫秒后将开始第 4 次重试。The process cannot access the file 'D:\source\repos\LYBTZYZS\src\Backend\Services\LYBT.WebAPI\bin\Debug\net8.0\LYBT.Module.Queueing.dll' because it is being used by another process. 文件被“  (22824)”锁定。 [D:\source\repos\LYBTZYZS\src\Backend\Services\LYBT.WebAPI\LYBT.WebAPI.csproj]
         正在将文件从“D:\source\repos\LYBTZYZS\src\Backend\Modules\BIN\Debug\net8.0\LYBT.Module.Patients.dll”复制到“D:\source\repos\LYBTZYZS\src\Backend\Services\LYBT.WebAPI\bin\Debug\net8.0\LYBT.Module.Patients.dll”。
         正在将文件从“D:\source\repos\LYBTZYZS\src\Backend\Modules\BIN\Debug\net8.0\LYBT.Module.FormulaTemplates.dll”复制到“D:\source\repos\LYBTZYZS\src\Backend\Services\LYBT.WebAPI\bin\Debug\net8.0\LYBT.Module.FormulaTemplates.dll”。
    10>C:\Program Files\dotnet\sdk\9.0.302\Microsoft.Common.CurrentVersion.targets(5094,5): warning MSB3026: 无法将“D:\source\repos\LYBTZYZS\src\Backend\Modules\BIN\Debug\net8.0\LYBT.Module.Patients.dll”复制到“bin\Debug\net8.0\LYBT.Module.Patients.dll”。1000 毫秒后将开始第 5 次重试。The process cannot access the file 'D:\source\repos\LYBTZYZS\src\Backend\Services\LYBT.WebAPI\bin\Debug\net8.0\LYBT.Module.Patients.dll' because it is being used by another process. 文件被“  (22824)”锁定。 [D:\source\repos\LYBTZYZS\src\Backend\Services\LYBT.WebAPI\LYBT.WebAPI.csproj]
    10>C:\Program Files\dotnet\sdk\9.0.302\Microsoft.Common.CurrentVersion.targets(5094,5): warning MSB3026: 无法将“D:\source\repos\LYBTZYZS\src\Backend\Modules\BIN\Debug\net8.0\LYBT.Module.FormulaTemplates.dll”复制到“bin\Debug\net8.0\LYBT.Module.FormulaTemplates.dll”。1000 毫秒后将开始第 5 次重试。The process cannot access the file 'D:\source\repos\LYBTZYZS\src\Backend\Services\LYBT.WebAPI\bin\Debug\net8.0\LYBT.Module.FormulaTemplates.dll' because it is being used by another process. 文件被“  (22824)”锁定。 [D:\source\repos\LYBTZYZS\src\Backend\Services\LYBT.WebAPI\LYBT.WebAPI.csproj]
         正在将文件从“D:\source\repos\LYBTZYZS\src\Backend\Modules\BIN\Debug\net8.0\LYBT.Module.Pharmacy.dll”复制到“D:\source\repos\LYBTZYZS\src\Backend\Services\LYBT.WebAPI\bin\Debug\net8.0\LYBT.Module.Pharmacy.dll”。
         正在将文件从“D:\source\repos\LYBTZYZS\src\Backend\Modules\BIN\Debug\net8.0\LYBT.Module.Herbs.dll”复制到“D:\source\repos\LYBTZYZS\src\Backend\Services\LYBT.WebAPI\bin\Debug\net8.0\LYBT.Module.Herbs.dll”。
         正在将文件从“D:\source\repos\LYBTZYZS\src\Backend\Modules\LYBT.Module.Prescriptions\bin\Debug\net8.0\LYBT.Module.Prescriptions.dll”复制到“D:\source\repos\LYBTZYZS\src\Backend\Services\LYBT.WebAPI\bin\Debug\net8.0\LYBT.Module.Prescriptions.dll”。
         正在将文件从“D:\source\repos\LYBTZYZS\src\Backend\Modules\BIN\Debug\net8.0\LYBT.Module.Queueing.dll”复制到“D:\source\repos\LYBTZYZS\src\Backend\Services\LYBT.WebAPI\bin\Debug\net8.0\LYBT.Module.Queueing.dll”。
    10>C:\Program Files\dotnet\sdk\9.0.302\Microsoft.Common.CurrentVersion.targets(5094,5): warning MSB3026: 无法将“D:\source\repos\LYBTZYZS\src\Backend\Modules\BIN\Debug\net8.0\LYBT.Module.Pharmacy.dll”复制到“bin\Debug\net8.0\LYBT.Module.Pharmacy.dll”。1000 毫秒后将开始第 5 次重试。The process cannot access the file 'D:\source\repos\LYBTZYZS\src\Backend\Services\LYBT.WebAPI\bin\Debug\net8.0\LYBT.Module.Pharmacy.dll' because it is being used by another process. 文件被“  (22824)”锁定。 [D:\source\repos\LYBTZYZS\src\Backend\Services\LYBT.WebAPI\LYBT.WebAPI.csproj]
    10>C:\Program Files\dotnet\sdk\9.0.302\Microsoft.Common.CurrentVersion.targets(5094,5): warning MSB3026: 无法将“D:\source\repos\LYBTZYZS\src\Backend\Modules\BIN\Debug\net8.0\LYBT.Module.Herbs.dll”复制到“bin\Debug\net8.0\LYBT.Module.Herbs.dll”。1000 毫秒后将开始第 5 次重试。The process cannot access the file 'D:\source\repos\LYBTZYZS\src\Backend\Services\LYBT.WebAPI\bin\Debug\net8.0\LYBT.Module.Herbs.dll' because it is being used by another process. 文件被“  (22824)”锁定。 [D:\source\repos\LYBTZYZS\src\Backend\Services\LYBT.WebAPI\LYBT.WebAPI.csproj]
    10>C:\Program Files\dotnet\sdk\9.0.302\Microsoft.Common.CurrentVersion.targets(5094,5): warning MSB3026: 无法将“D:\source\repos\LYBTZYZS\src\Backend\Modules\BIN\Debug\net8.0\LYBT.Module.Queueing.dll”复制到“bin\Debug\net8.0\LYBT.Module.Queueing.dll”。1000 毫秒后将开始第 5 次重试。The process cannot access the file 'D:\source\repos\LYBTZYZS\src\Backend\Services\LYBT.WebAPI\bin\Debug\net8.0\LYBT.Module.Queueing.dll' because it is being used by another process. 文件被“  (22824)”锁定。 [D:\source\repos\LYBTZYZS\src\Backend\Services\LYBT.WebAPI\LYBT.WebAPI.csproj]
    10>C:\Program Files\dotnet\sdk\9.0.302\Microsoft.Common.CurrentVersion.targets(5094,5): warning MSB3026: 无法将“D:\source\repos\LYBTZYZS\src\Backend\Modules\LYBT.Module.Prescriptions\bin\Debug\net8.0\LYBT.Module.Prescriptions.dll”复制到“bin\Debug\net8.0\LYBT.Module.Prescriptions.dll”。1000 毫秒后将开始第 5 次重试。The process cannot access the file 'D:\source\repos\LYBTZYZS\src\Backend\Services\LYBT.WebAPI\bin\Debug\net8.0\LYBT.Module.Prescriptions.dll' because it is being used by another process. 文件被“  (22824)”锁定。 [D:\source\repos\LYBTZYZS\src\Backend\Services\LYBT.WebAPI\LYBT.WebAPI.csproj]
         正在将文件从“D:\source\repos\LYBTZYZS\src\Backend\Modules\BIN\Debug\net8.0\LYBT.Module.Patients.dll”复制到“D:\source\repos\LYBTZYZS\src\Backend\Services\LYBT.WebAPI\bin\Debug\net8.0\LYBT.Module.Patients.dll”。
         正在将文件从“D:\source\repos\LYBTZYZS\src\Backend\Modules\BIN\Debug\net8.0\LYBT.Module.FormulaTemplates.dll”复制到“D:\source\repos\LYBTZYZS\src\Backend\Services\LYBT.WebAPI\bin\Debug\net8.0\LYBT.Module.FormulaTemplates.dll”。
    10>C:\Program Files\dotnet\sdk\9.0.302\Microsoft.Common.CurrentVersion.targets(5094,5): warning MSB3026: 无法将“D:\source\repos\LYBTZYZS\src\Backend\Modules\BIN\Debug\net8.0\LYBT.Module.Patients.dll”复制到“bin\Debug\net8.0\LYBT.Module.Patients.dll”。1000 毫秒后将开始第 6 次重试。The process cannot access the file 'D:\source\repos\LYBTZYZS\src\Backend\Services\LYBT.WebAPI\bin\Debug\net8.0\LYBT.Module.Patients.dll' because it is being used by another process. 文件被“  (22824)”锁定。 [D:\source\repos\LYBTZYZS\src\Backend\Services\LYBT.WebAPI\LYBT.WebAPI.csproj]
    10>C:\Program Files\dotnet\sdk\9.0.302\Microsoft.Common.CurrentVersion.targets(5094,5): warning MSB3026: 无法将“D:\source\repos\LYBTZYZS\src\Backend\Modules\BIN\Debug\net8.0\LYBT.Module.FormulaTemplates.dll”复制到“bin\Debug\net8.0\LYBT.Module.FormulaTemplates.dll”。1000 毫秒后将开始第 6 次重试。The process cannot access the file 'D:\source\repos\LYBTZYZS\src\Backend\Services\LYBT.WebAPI\bin\Debug\net8.0\LYBT.Module.FormulaTemplates.dll' because it is being used by another process. 文件被“  (22824)”锁定。 [D:\source\repos\LYBTZYZS\src\Backend\Services\LYBT.WebAPI\LYBT.WebAPI.csproj]
         正在将文件从“D:\source\repos\LYBTZYZS\src\Backend\Modules\BIN\Debug\net8.0\LYBT.Module.Pharmacy.dll”复制到“D:\source\repos\LYBTZYZS\src\Backend\Services\LYBT.WebAPI\bin\Debug\net8.0\LYBT.Module.Pharmacy.dll”。
         正在将文件从“D:\source\repos\LYBTZYZS\src\Backend\Modules\BIN\Debug\net8.0\LYBT.Module.Herbs.dll”复制到“D:\source\repos\LYBTZYZS\src\Backend\Services\LYBT.WebAPI\bin\Debug\net8.0\LYBT.Module.Herbs.dll”。
         正在将文件从“D:\source\repos\LYBTZYZS\src\Backend\Modules\LYBT.Module.Prescriptions\bin\Debug\net8.0\LYBT.Module.Prescriptions.dll”复制到“D:\source\repos\LYBTZYZS\src\Backend\Services\LYBT.WebAPI\bin\Debug\net8.0\LYBT.Module.Prescriptions.dll”。
         正在将文件从“D:\source\repos\LYBTZYZS\src\Backend\Modules\BIN\Debug\net8.0\LYBT.Module.Queueing.dll”复制到“D:\source\repos\LYBTZYZS\src\Backend\Services\LYBT.WebAPI\bin\Debug\net8.0\LYBT.Module.Queueing.dll”。
    10>C:\Program Files\dotnet\sdk\9.0.302\Microsoft.Common.CurrentVersion.targets(5094,5): warning MSB3026: 无法将“D:\source\repos\LYBTZYZS\src\Backend\Modules\BIN\Debug\net8.0\LYBT.Module.Herbs.dll”复制到“bin\Debug\net8.0\LYBT.Module.Herbs.dll”。1000 毫秒后将开始第 6 次重试。The process cannot access the file 'D:\source\repos\LYBTZYZS\src\Backend\Services\LYBT.WebAPI\bin\Debug\net8.0\LYBT.Module.Herbs.dll' because it is being used by another process. 文件被“  (22824)”锁定。 [D:\source\repos\LYBTZYZS\src\Backend\Services\LYBT.WebAPI\LYBT.WebAPI.csproj]
    10>C:\Program Files\dotnet\sdk\9.0.302\Microsoft.Common.CurrentVersion.targets(5094,5): warning MSB3026: 无法将“D:\source\repos\LYBTZYZS\src\Backend\Modules\BIN\Debug\net8.0\LYBT.Module.Pharmacy.dll”复制到“bin\Debug\net8.0\LYBT.Module.Pharmacy.dll”。1000 毫秒后将开始第 6 次重试。The process cannot access the file 'D:\source\repos\LYBTZYZS\src\Backend\Services\LYBT.WebAPI\bin\Debug\net8.0\LYBT.Module.Pharmacy.dll' because it is being used by another process. 文件被“  (22824)”锁定。 [D:\source\repos\LYBTZYZS\src\Backend\Services\LYBT.WebAPI\LYBT.WebAPI.csproj]
    10>C:\Program Files\dotnet\sdk\9.0.302\Microsoft.Common.CurrentVersion.targets(5094,5): warning MSB3026: 无法将“D:\source\repos\LYBTZYZS\src\Backend\Modules\BIN\Debug\net8.0\LYBT.Module.Queueing.dll”复制到“bin\Debug\net8.0\LYBT.Module.Queueing.dll”。1000 毫秒后将开始第 6 次重试。The process cannot access the file 'D:\source\repos\LYBTZYZS\src\Backend\Services\LYBT.WebAPI\bin\Debug\net8.0\LYBT.Module.Queueing.dll' because it is being used by another process. 文件被“  (22824)”锁定。 [D:\source\repos\LYBTZYZS\src\Backend\Services\LYBT.WebAPI\LYBT.WebAPI.csproj]
    10>C:\Program Files\dotnet\sdk\9.0.302\Microsoft.Common.CurrentVersion.targets(5094,5): warning MSB3026: 无法将“D:\source\repos\LYBTZYZS\src\Backend\Modules\LYBT.Module.Prescriptions\bin\Debug\net8.0\LYBT.Module.Prescriptions.dll”复制到“bin\Debug\net8.0\LYBT.Module.Prescriptions.dll”。1000 毫秒后将开始第 6 次重试。The process cannot access the file 'D:\source\repos\LYBTZYZS\src\Backend\Services\LYBT.WebAPI\bin\Debug\net8.0\LYBT.Module.Prescriptions.dll' because it is being used by another process. 文件被“  (22824)”锁定。 [D:\source\repos\LYBTZYZS\src\Backend\Services\LYBT.WebAPI\LYBT.WebAPI.csproj]
         正在将文件从“D:\source\repos\LYBTZYZS\src\Backend\Modules\BIN\Debug\net8.0\LYBT.Module.Patients.dll”复制到“D:\source\repos\LYBTZYZS\src\Backend\Services\LYBT.WebAPI\bin\Debug\net8.0\LYBT.Module.Patients.dll”。
         正在将文件从“D:\source\repos\LYBTZYZS\src\Backend\Modules\BIN\Debug\net8.0\LYBT.Module.FormulaTemplates.dll”复制到“D:\source\repos\LYBTZYZS\src\Backend\Services\LYBT.WebAPI\bin\Debug\net8.0\LYBT.Module.FormulaTemplates.dll”。
    10>C:\Program Files\dotnet\sdk\9.0.302\Microsoft.Common.CurrentVersion.targets(5094,5): warning MSB3026: 无法将“D:\source\repos\LYBTZYZS\src\Backend\Modules\BIN\Debug\net8.0\LYBT.Module.Patients.dll”复制到“bin\Debug\net8.0\LYBT.Module.Patients.dll”。1000 毫秒后将开始第 7 次重试。The process cannot access the file 'D:\source\repos\LYBTZYZS\src\Backend\Services\LYBT.WebAPI\bin\Debug\net8.0\LYBT.Module.Patients.dll' because it is being used by another process. 文件被“  (22824)”锁定。 [D:\source\repos\LYBTZYZS\src\Backend\Services\LYBT.WebAPI\LYBT.WebAPI.csproj]
    10>C:\Program Files\dotnet\sdk\9.0.302\Microsoft.Common.CurrentVersion.targets(5094,5): warning MSB3026: 无法将“D:\source\repos\LYBTZYZS\src\Backend\Modules\BIN\Debug\net8.0\LYBT.Module.FormulaTemplates.dll”复制到“bin\Debug\net8.0\LYBT.Module.FormulaTemplates.dll”。1000 毫秒后将开始第 7 次重试。The process cannot access the file 'D:\source\repos\LYBTZYZS\src\Backend\Services\LYBT.WebAPI\bin\Debug\net8.0\LYBT.Module.FormulaTemplates.dll' because it is being used by another process. 文件被“  (22824)”锁定。 [D:\source\repos\LYBTZYZS\src\Backend\Services\LYBT.WebAPI\LYBT.WebAPI.csproj]
         正在将文件从“D:\source\repos\LYBTZYZS\src\Backend\Modules\BIN\Debug\net8.0\LYBT.Module.Pharmacy.dll”复制到“D:\source\repos\LYBTZYZS\src\Backend\Services\LYBT.WebAPI\bin\Debug\net8.0\LYBT.Module.Pharmacy.dll”。
         正在将文件从“D:\source\repos\LYBTZYZS\src\Backend\Modules\BIN\Debug\net8.0\LYBT.Module.Herbs.dll”复制到“D:\source\repos\LYBTZYZS\src\Backend\Services\LYBT.WebAPI\bin\Debug\net8.0\LYBT.Module.Herbs.dll”。
         正在将文件从“D:\source\repos\LYBTZYZS\src\Backend\Modules\BIN\Debug\net8.0\LYBT.Module.Queueing.dll”复制到“D:\source\repos\LYBTZYZS\src\Backend\Services\LYBT.WebAPI\bin\Debug\net8.0\LYBT.Module.Queueing.dll”。
         正在将文件从“D:\source\repos\LYBTZYZS\src\Backend\Modules\LYBT.Module.Prescriptions\bin\Debug\net8.0\LYBT.Module.Prescriptions.dll”复制到“D:\source\repos\LYBTZYZS\src\Backend\Services\LYBT.WebAPI\bin\Debug\net8.0\LYBT.Module.Prescriptions.dll”。
    10>C:\Program Files\dotnet\sdk\9.0.302\Microsoft.Common.CurrentVersion.targets(5094,5): warning MSB3026: 无法将“D:\source\repos\LYBTZYZS\src\Backend\Modules\BIN\Debug\net8.0\LYBT.Module.Pharmacy.dll”复制到“bin\Debug\net8.0\LYBT.Module.Pharmacy.dll”。1000 毫秒后将开始第 7 次重试。The process cannot access the file 'D:\source\repos\LYBTZYZS\src\Backend\Services\LYBT.WebAPI\bin\Debug\net8.0\LYBT.Module.Pharmacy.dll' because it is being used by another process. 文件被“  (22824)”锁定。 [D:\source\repos\LYBTZYZS\src\Backend\Services\LYBT.WebAPI\LYBT.WebAPI.csproj]
    10>C:\Program Files\dotnet\sdk\9.0.302\Microsoft.Common.CurrentVersion.targets(5094,5): warning MSB3026: 无法将“D:\source\repos\LYBTZYZS\src\Backend\Modules\BIN\Debug\net8.0\LYBT.Module.Herbs.dll”复制到“bin\Debug\net8.0\LYBT.Module.Herbs.dll”。1000 毫秒后将开始第 7 次重试。The process cannot access the file 'D:\source\repos\LYBTZYZS\src\Backend\Services\LYBT.WebAPI\bin\Debug\net8.0\LYBT.Module.Herbs.dll' because it is being used by another process. 文件被“  (22824)”锁定。 [D:\source\repos\LYBTZYZS\src\Backend\Services\LYBT.WebAPI\LYBT.WebAPI.csproj]
    10>C:\Program Files\dotnet\sdk\9.0.302\Microsoft.Common.CurrentVersion.targets(5094,5): warning MSB3026: 无法将“D:\source\repos\LYBTZYZS\src\Backend\Modules\LYBT.Module.Prescriptions\bin\Debug\net8.0\LYBT.Module.Prescriptions.dll”复制到“bin\Debug\net8.0\LYBT.Module.Prescriptions.dll”。1000 毫秒后将开始第 7 次重试。The process cannot access the file 'D:\source\repos\LYBTZYZS\src\Backend\Services\LYBT.WebAPI\bin\Debug\net8.0\LYBT.Module.Prescriptions.dll' because it is being used by another process. 文件被“  (22824)”锁定。 [D:\source\repos\LYBTZYZS\src\Backend\Services\LYBT.WebAPI\LYBT.WebAPI.csproj]
    10>C:\Program Files\dotnet\sdk\9.0.302\Microsoft.Common.CurrentVersion.targets(5094,5): warning MSB3026: 无法将“D:\source\repos\LYBTZYZS\src\Backend\Modules\BIN\Debug\net8.0\LYBT.Module.Queueing.dll”复制到“bin\Debug\net8.0\LYBT.Module.Queueing.dll”。1000 毫秒后将开始第 7 次重试。The process cannot access the file 'D:\source\repos\LYBTZYZS\src\Backend\Services\LYBT.WebAPI\bin\Debug\net8.0\LYBT.Module.Queueing.dll' because it is being used by another process. 文件被“  (22824)”锁定。 [D:\source\repos\LYBTZYZS\src\Backend\Services\LYBT.WebAPI\LYBT.WebAPI.csproj]
         正在将文件从“D:\source\repos\LYBTZYZS\src\Backend\Modules\BIN\Debug\net8.0\LYBT.Module.Patients.dll”复制到“D:\source\repos\LYBTZYZS\src\Backend\Services\LYBT.WebAPI\bin\Debug\net8.0\LYBT.Module.Patients.dll”。
         正在将文件从“D:\source\repos\LYBTZYZS\src\Backend\Modules\BIN\Debug\net8.0\LYBT.Module.FormulaTemplates.dll”复制到“D:\source\repos\LYBTZYZS\src\Backend\Services\LYBT.WebAPI\bin\Debug\net8.0\LYBT.Module.FormulaTemplates.dll”。
    10>C:\Program Files\dotnet\sdk\9.0.302\Microsoft.Common.CurrentVersion.targets(5094,5): warning MSB3026: 无法将“D:\source\repos\LYBTZYZS\src\Backend\Modules\BIN\Debug\net8.0\LYBT.Module.FormulaTemplates.dll”复制到“bin\Debug\net8.0\LYBT.Module.FormulaTemplates.dll”。1000 毫秒后将开始第 8 次重试。The process cannot access the file 'D:\source\repos\LYBTZYZS\src\Backend\Services\LYBT.WebAPI\bin\Debug\net8.0\LYBT.Module.FormulaTemplates.dll' because it is being used by another process. 文件被“  (22824)”锁定。 [D:\source\repos\LYBTZYZS\src\Backend\Services\LYBT.WebAPI\LYBT.WebAPI.csproj]
    10>C:\Program Files\dotnet\sdk\9.0.302\Microsoft.Common.CurrentVersion.targets(5094,5): warning MSB3026: 无法将“D:\source\repos\LYBTZYZS\src\Backend\Modules\BIN\Debug\net8.0\LYBT.Module.Patients.dll”复制到“bin\Debug\net8.0\LYBT.Module.Patients.dll”。1000 毫秒后将开始第 8 次重试。The process cannot access the file 'D:\source\repos\LYBTZYZS\src\Backend\Services\LYBT.WebAPI\bin\Debug\net8.0\LYBT.Module.Patients.dll' because it is being used by another process. 文件被“  (22824)”锁定。 [D:\source\repos\LYBTZYZS\src\Backend\Services\LYBT.WebAPI\LYBT.WebAPI.csproj]
         正在将文件从“D:\source\repos\LYBTZYZS\src\Backend\Modules\BIN\Debug\net8.0\LYBT.Module.Herbs.dll”复制到“D:\source\repos\LYBTZYZS\src\Backend\Services\LYBT.WebAPI\bin\Debug\net8.0\LYBT.Module.Herbs.dll”。
         正在将文件从“D:\source\repos\LYBTZYZS\src\Backend\Modules\BIN\Debug\net8.0\LYBT.Module.Pharmacy.dll”复制到“D:\source\repos\LYBTZYZS\src\Backend\Services\LYBT.WebAPI\bin\Debug\net8.0\LYBT.Module.Pharmacy.dll”。
         正在将文件从“D:\source\repos\LYBTZYZS\src\Backend\Modules\LYBT.Module.Prescriptions\bin\Debug\net8.0\LYBT.Module.Prescriptions.dll”复制到“D:\source\repos\LYBTZYZS\src\Backend\Services\LYBT.WebAPI\bin\Debug\net8.0\LYBT.Module.Prescriptions.dll”。
         正在将文件从“D:\source\repos\LYBTZYZS\src\Backend\Modules\BIN\Debug\net8.0\LYBT.Module.Queueing.dll”复制到“D:\source\repos\LYBTZYZS\src\Backend\Services\LYBT.WebAPI\bin\Debug\net8.0\LYBT.Module.Queueing.dll”。
    10>C:\Program Files\dotnet\sdk\9.0.302\Microsoft.Common.CurrentVersion.targets(5094,5): warning MSB3026: 无法将“D:\source\repos\LYBTZYZS\src\Backend\Modules\BIN\Debug\net8.0\LYBT.Module.Pharmacy.dll”复制到“bin\Debug\net8.0\LYBT.Module.Pharmacy.dll”。1000 毫秒后将开始第 8 次重试。The process cannot access the file 'D:\source\repos\LYBTZYZS\src\Backend\Services\LYBT.WebAPI\bin\Debug\net8.0\LYBT.Module.Pharmacy.dll' because it is being used by another process. 文件被“  (22824)”锁定。 [D:\source\repos\LYBTZYZS\src\Backend\Services\LYBT.WebAPI\LYBT.WebAPI.csproj]
    10>C:\Program Files\dotnet\sdk\9.0.302\Microsoft.Common.CurrentVersion.targets(5094,5): warning MSB3026: 无法将“D:\source\repos\LYBTZYZS\src\Backend\Modules\BIN\Debug\net8.0\LYBT.Module.Herbs.dll”复制到“bin\Debug\net8.0\LYBT.Module.Herbs.dll”。1000 毫秒后将开始第 8 次重试。The process cannot access the file 'D:\source\repos\LYBTZYZS\src\Backend\Services\LYBT.WebAPI\bin\Debug\net8.0\LYBT.Module.Herbs.dll' because it is being used by another process. 文件被“  (22824)”锁定。 [D:\source\repos\LYBTZYZS\src\Backend\Services\LYBT.WebAPI\LYBT.WebAPI.csproj]
    10>C:\Program Files\dotnet\sdk\9.0.302\Microsoft.Common.CurrentVersion.targets(5094,5): warning MSB3026: 无法将“D:\source\repos\LYBTZYZS\src\Backend\Modules\LYBT.Module.Prescriptions\bin\Debug\net8.0\LYBT.Module.Prescriptions.dll”复制到“bin\Debug\net8.0\LYBT.Module.Prescriptions.dll”。1000 毫秒后将开始第 8 次重试。The process cannot access the file 'D:\source\repos\LYBTZYZS\src\Backend\Services\LYBT.WebAPI\bin\Debug\net8.0\LYBT.Module.Prescriptions.dll' because it is being used by another process. 文件被“  (22824)”锁定。 [D:\source\repos\LYBTZYZS\src\Backend\Services\LYBT.WebAPI\LYBT.WebAPI.csproj]
    10>C:\Program Files\dotnet\sdk\9.0.302\Microsoft.Common.CurrentVersion.targets(5094,5): warning MSB3026: 无法将“D:\source\repos\LYBTZYZS\src\Backend\Modules\BIN\Debug\net8.0\LYBT.Module.Queueing.dll”复制到“bin\Debug\net8.0\LYBT.Module.Queueing.dll”。1000 毫秒后将开始第 8 次重试。The process cannot access the file 'D:\source\repos\LYBTZYZS\src\Backend\Services\LYBT.WebAPI\bin\Debug\net8.0\LYBT.Module.Queueing.dll' because it is being used by another process. 文件被“  (22824)”锁定。 [D:\source\repos\LYBTZYZS\src\Backend\Services\LYBT.WebAPI\LYBT.WebAPI.csproj]
         正在将文件从“D:\source\repos\LYBTZYZS\src\Backend\Modules\BIN\Debug\net8.0\LYBT.Module.Patients.dll”复制到“D:\source\repos\LYBTZYZS\src\Backend\Services\LYBT.WebAPI\bin\Debug\net8.0\LYBT.Module.Patients.dll”。
         正在将文件从“D:\source\repos\LYBTZYZS\src\Backend\Modules\BIN\Debug\net8.0\LYBT.Module.FormulaTemplates.dll”复制到“D:\source\repos\LYBTZYZS\src\Backend\Services\LYBT.WebAPI\bin\Debug\net8.0\LYBT.Module.FormulaTemplates.dll”。
    10>C:\Program Files\dotnet\sdk\9.0.302\Microsoft.Common.CurrentVersion.targets(5094,5): warning MSB3026: 无法将“D:\source\repos\LYBTZYZS\src\Backend\Modules\BIN\Debug\net8.0\LYBT.Module.FormulaTemplates.dll”复制到“bin\Debug\net8.0\LYBT.Module.FormulaTemplates.dll”。1000 毫秒后将开始第 9 次重试。The process cannot access the file 'D:\source\repos\LYBTZYZS\src\Backend\Services\LYBT.WebAPI\bin\Debug\net8.0\LYBT.Module.FormulaTemplates.dll' because it is being used by another process. 文件被“  (22824)”锁定。 [D:\source\repos\LYBTZYZS\src\Backend\Services\LYBT.WebAPI\LYBT.WebAPI.csproj]
    10>C:\Program Files\dotnet\sdk\9.0.302\Microsoft.Common.CurrentVersion.targets(5094,5): warning MSB3026: 无法将“D:\source\repos\LYBTZYZS\src\Backend\Modules\BIN\Debug\net8.0\LYBT.Module.Patients.dll”复制到“bin\Debug\net8.0\LYBT.Module.Patients.dll”。1000 毫秒后将开始第 9 次重试。The process cannot access the file 'D:\source\repos\LYBTZYZS\src\Backend\Services\LYBT.WebAPI\bin\Debug\net8.0\LYBT.Module.Patients.dll' because it is being used by another process. 文件被“  (22824)”锁定。 [D:\source\repos\LYBTZYZS\src\Backend\Services\LYBT.WebAPI\LYBT.WebAPI.csproj]
         正在将文件从“D:\source\repos\LYBTZYZS\src\Backend\Modules\BIN\Debug\net8.0\LYBT.Module.Herbs.dll”复制到“D:\source\repos\LYBTZYZS\src\Backend\Services\LYBT.WebAPI\bin\Debug\net8.0\LYBT.Module.Herbs.dll”。
         正在将文件从“D:\source\repos\LYBTZYZS\src\Backend\Modules\BIN\Debug\net8.0\LYBT.Module.Pharmacy.dll”复制到“D:\source\repos\LYBTZYZS\src\Backend\Services\LYBT.WebAPI\bin\Debug\net8.0\LYBT.Module.Pharmacy.dll”。
         正在将文件从“D:\source\repos\LYBTZYZS\src\Backend\Modules\LYBT.Module.Prescriptions\bin\Debug\net8.0\LYBT.Module.Prescriptions.dll”复制到“D:\source\repos\LYBTZYZS\src\Backend\Services\LYBT.WebAPI\bin\Debug\net8.0\LYBT.Module.Prescriptions.dll”。
         正在将文件从“D:\source\repos\LYBTZYZS\src\Backend\Modules\BIN\Debug\net8.0\LYBT.Module.Queueing.dll”复制到“D:\source\repos\LYBTZYZS\src\Backend\Services\LYBT.WebAPI\bin\Debug\net8.0\LYBT.Module.Queueing.dll”。
    10>C:\Program Files\dotnet\sdk\9.0.302\Microsoft.Common.CurrentVersion.targets(5094,5): warning MSB3026: 无法将“D:\source\repos\LYBTZYZS\src\Backend\Modules\BIN\Debug\net8.0\LYBT.Module.Pharmacy.dll”复制到“bin\Debug\net8.0\LYBT.Module.Pharmacy.dll”。1000 毫秒后将开始第 9 次重试。The process cannot access the file 'D:\source\repos\LYBTZYZS\src\Backend\Services\LYBT.WebAPI\bin\Debug\net8.0\LYBT.Module.Pharmacy.dll' because it is being used by another process. 文件被“  (22824)”锁定。 [D:\source\repos\LYBTZYZS\src\Backend\Services\LYBT.WebAPI\LYBT.WebAPI.csproj]
    10>C:\Program Files\dotnet\sdk\9.0.302\Microsoft.Common.CurrentVersion.targets(5094,5): warning MSB3026: 无法将“D:\source\repos\LYBTZYZS\src\Backend\Modules\BIN\Debug\net8.0\LYBT.Module.Herbs.dll”复制到“bin\Debug\net8.0\LYBT.Module.Herbs.dll”。1000 毫秒后将开始第 9 次重试。The process cannot access the file 'D:\source\repos\LYBTZYZS\src\Backend\Services\LYBT.WebAPI\bin\Debug\net8.0\LYBT.Module.Herbs.dll' because it is being used by another process. 文件被“  (22824)”锁定。 [D:\source\repos\LYBTZYZS\src\Backend\Services\LYBT.WebAPI\LYBT.WebAPI.csproj]
    10>C:\Program Files\dotnet\sdk\9.0.302\Microsoft.Common.CurrentVersion.targets(5094,5): warning MSB3026: 无法将“D:\source\repos\LYBTZYZS\src\Backend\Modules\BIN\Debug\net8.0\LYBT.Module.Queueing.dll”复制到“bin\Debug\net8.0\LYBT.Module.Queueing.dll”。1000 毫秒后将开始第 9 次重试。The process cannot access the file 'D:\source\repos\LYBTZYZS\src\Backend\Services\LYBT.WebAPI\bin\Debug\net8.0\LYBT.Module.Queueing.dll' because it is being used by another process. 文件被“  (22824)”锁定。 [D:\source\repos\LYBTZYZS\src\Backend\Services\LYBT.WebAPI\LYBT.WebAPI.csproj]
    10>C:\Program Files\dotnet\sdk\9.0.302\Microsoft.Common.CurrentVersion.targets(5094,5): warning MSB3026: 无法将“D:\source\repos\LYBTZYZS\src\Backend\Modules\LYBT.Module.Prescriptions\bin\Debug\net8.0\LYBT.Module.Prescriptions.dll”复制到“bin\Debug\net8.0\LYBT.Module.Prescriptions.dll”。1000 毫秒后将开始第 9 次重试。The process cannot access the file 'D:\source\repos\LYBTZYZS\src\Backend\Services\LYBT.WebAPI\bin\Debug\net8.0\LYBT.Module.Prescriptions.dll' because it is being used by another process. 文件被“  (22824)”锁定。 [D:\source\repos\LYBTZYZS\src\Backend\Services\LYBT.WebAPI\LYBT.WebAPI.csproj]
         正在将文件从“D:\source\repos\LYBTZYZS\src\Backend\Modules\BIN\Debug\net8.0\LYBT.Module.FormulaTemplates.dll”复制到“D:\source\repos\LYBTZYZS\src\Backend\Services\LYBT.WebAPI\bin\Debug\net8.0\LYBT.Module.FormulaTemplates.dll”。
         正在将文件从“D:\source\repos\LYBTZYZS\src\Backend\Modules\BIN\Debug\net8.0\LYBT.Module.Patients.dll”复制到“D:\source\repos\LYBTZYZS\src\Backend\Services\LYBT.WebAPI\bin\Debug\net8.0\LYBT.Module.Patients.dll”。
    10>C:\Program Files\dotnet\sdk\9.0.302\Microsoft.Common.CurrentVersion.targets(5094,5): warning MSB3026: 无法将“D:\source\repos\LYBTZYZS\src\Backend\Modules\BIN\Debug\net8.0\LYBT.Module.FormulaTemplates.dll”复制到“bin\Debug\net8.0\LYBT.Module.FormulaTemplates.dll”。1000 毫秒后将开始第 10 次重试。The process cannot access the file 'D:\source\repos\LYBTZYZS\src\Backend\Services\LYBT.WebAPI\bin\Debug\net8.0\LYBT.Module.FormulaTemplates.dll' because it is being used by another process. 文件被“  (22824)”锁定。 [D:\source\repos\LYBTZYZS\src\Backend\Services\LYBT.WebAPI\LYBT.WebAPI.csproj]
    10>C:\Program Files\dotnet\sdk\9.0.302\Microsoft.Common.CurrentVersion.targets(5094,5): warning MSB3026: 无法将“D:\source\repos\LYBTZYZS\src\Backend\Modules\BIN\Debug\net8.0\LYBT.Module.Patients.dll”复制到“bin\Debug\net8.0\LYBT.Module.Patients.dll”。1000 毫秒后将开始第 10 次重试。The process cannot access the file 'D:\source\repos\LYBTZYZS\src\Backend\Services\LYBT.WebAPI\bin\Debug\net8.0\LYBT.Module.Patients.dll' because it is being used by another process. 文件被“  (22824)”锁定。 [D:\source\repos\LYBTZYZS\src\Backend\Services\LYBT.WebAPI\LYBT.WebAPI.csproj]
         正在将文件从“D:\source\repos\LYBTZYZS\src\Backend\Modules\BIN\Debug\net8.0\LYBT.Module.Pharmacy.dll”复制到“D:\source\repos\LYBTZYZS\src\Backend\Services\LYBT.WebAPI\bin\Debug\net8.0\LYBT.Module.Pharmacy.dll”。
         正在将文件从“D:\source\repos\LYBTZYZS\src\Backend\Modules\BIN\Debug\net8.0\LYBT.Module.Herbs.dll”复制到“D:\source\repos\LYBTZYZS\src\Backend\Services\LYBT.WebAPI\bin\Debug\net8.0\LYBT.Module.Herbs.dll”。
         正在将文件从“D:\source\repos\LYBTZYZS\src\Backend\Modules\LYBT.Module.Prescriptions\bin\Debug\net8.0\LYBT.Module.Prescriptions.dll”复制到“D:\source\repos\LYBTZYZS\src\Backend\Services\LYBT.WebAPI\bin\Debug\net8.0\LYBT.Module.Prescriptions.dll”。
         正在将文件从“D:\source\repos\LYBTZYZS\src\Backend\Modules\BIN\Debug\net8.0\LYBT.Module.Queueing.dll”复制到“D:\source\repos\LYBTZYZS\src\Backend\Services\LYBT.WebAPI\bin\Debug\net8.0\LYBT.Module.Queueing.dll”。
    10>C:\Program Files\dotnet\sdk\9.0.302\Microsoft.Common.CurrentVersion.targets(5094,5): warning MSB3026: 无法将“D:\source\repos\LYBTZYZS\src\Backend\Modules\BIN\Debug\net8.0\LYBT.Module.Pharmacy.dll”复制到“bin\Debug\net8.0\LYBT.Module.Pharmacy.dll”。1000 毫秒后将开始第 10 次重试。The process cannot access the file 'D:\source\repos\LYBTZYZS\src\Backend\Services\LYBT.WebAPI\bin\Debug\net8.0\LYBT.Module.Pharmacy.dll' because it is being used by another process. 文件被“  (22824)”锁定。 [D:\source\repos\LYBTZYZS\src\Backend\Services\LYBT.WebAPI\LYBT.WebAPI.csproj]
    10>C:\Program Files\dotnet\sdk\9.0.302\Microsoft.Common.CurrentVersion.targets(5094,5): warning MSB3026: 无法将“D:\source\repos\LYBTZYZS\src\Backend\Modules\BIN\Debug\net8.0\LYBT.Module.Herbs.dll”复制到“bin\Debug\net8.0\LYBT.Module.Herbs.dll”。1000 毫秒后将开始第 10 次重试。The process cannot access the file 'D:\source\repos\LYBTZYZS\src\Backend\Services\LYBT.WebAPI\bin\Debug\net8.0\LYBT.Module.Herbs.dll' because it is being used by another process. 文件被“  (22824)”锁定。 [D:\source\repos\LYBTZYZS\src\Backend\Services\LYBT.WebAPI\LYBT.WebAPI.csproj]
    10>C:\Program Files\dotnet\sdk\9.0.302\Microsoft.Common.CurrentVersion.targets(5094,5): warning MSB3026: 无法将“D:\source\repos\LYBTZYZS\src\Backend\Modules\BIN\Debug\net8.0\LYBT.Module.Queueing.dll”复制到“bin\Debug\net8.0\LYBT.Module.Queueing.dll”。1000 毫秒后将开始第 10 次重试。The process cannot access the file 'D:\source\repos\LYBTZYZS\src\Backend\Services\LYBT.WebAPI\bin\Debug\net8.0\LYBT.Module.Queueing.dll' because it is being used by another process. 文件被“  (22824)”锁定。 [D:\source\repos\LYBTZYZS\src\Backend\Services\LYBT.WebAPI\LYBT.WebAPI.csproj]
    10>C:\Program Files\dotnet\sdk\9.0.302\Microsoft.Common.CurrentVersion.targets(5094,5): warning MSB3026: 无法将“D:\source\repos\LYBTZYZS\src\Backend\Modules\LYBT.Module.Prescriptions\bin\Debug\net8.0\LYBT.Module.Prescriptions.dll”复制到“bin\Debug\net8.0\LYBT.Module.Prescriptions.dll”。1000 毫秒后将开始第 10 次重试。The process cannot access the file 'D:\source\repos\LYBTZYZS\src\Backend\Services\LYBT.WebAPI\bin\Debug\net8.0\LYBT.Module.Prescriptions.dll' because it is being used by another process. 文件被“  (22824)”锁定。 [D:\source\repos\LYBTZYZS\src\Backend\Services\LYBT.WebAPI\LYBT.WebAPI.csproj]
         正在将文件从“D:\source\repos\LYBTZYZS\src\Backend\Modules\BIN\Debug\net8.0\LYBT.Module.Patients.dll”复制到“D:\source\repos\LYBTZYZS\src\Backend\Services\LYBT.WebAPI\bin\Debug\net8.0\LYBT.Module.Patients.dll”。
         正在将文件从“D:\source\repos\LYBTZYZS\src\Backend\Modules\BIN\Debug\net8.0\LYBT.Module.FormulaTemplates.dll”复制到“D:\source\repos\LYBTZYZS\src\Backend\Services\LYBT.WebAPI\bin\Debug\net8.0\LYBT.Module.FormulaTemplates.dll”。
    10>C:\Program Files\dotnet\sdk\9.0.302\Microsoft.Common.CurrentVersion.targets(5094,5): error MSB3027: 无法将“D:\source\repos\LYBTZYZS\src\Backend\Modules\BIN\Debug\net8.0\LYBT.Module.FormulaTemplates.dll”复制到“bin\Debug\net8.0\LYBT.Module.FormulaTemplates.dll”。超出了重试计数 10。失败。文件被“  (22824)”锁定。 [D:\source\repos\LYBTZYZS\src\Backend\Services\LYBT.WebAPI\LYBT.WebAPI.csproj]
    10>C:\Program Files\dotnet\sdk\9.0.302\Microsoft.Common.CurrentVersion.targets(5094,5): error MSB3021: 无法将文件“D:\source\repos\LYBTZYZS\src\Backend\Modules\BIN\Debug\net8.0\LYBT.Module.FormulaTemplates.dll”复制到“bin\Debug\net8.0\LYBT.Module.FormulaTemplates.dll”。The process cannot access the file 'D:\source\repos\LYBTZYZS\src\Backend\Services\LYBT.WebAPI\bin\Debug\net8.0\LYBT.Module.FormulaTemplates.dll' because it is being used by another process. [D:\source\repos\LYBTZYZS\src\Backend\Services\LYBT.WebAPI\LYBT.WebAPI.csproj]
    10>C:\Program Files\dotnet\sdk\9.0.302\Microsoft.Common.CurrentVersion.targets(5094,5): error MSB3027: 无法将“D:\source\repos\LYBTZYZS\src\Backend\Modules\BIN\Debug\net8.0\LYBT.Module.Patients.dll”复制到“bin\Debug\net8.0\LYBT.Module.Patients.dll”。超出了重试计数 10。失败。文件被“  (22824)”锁定。 [D:\source\repos\LYBTZYZS\src\Backend\Services\LYBT.WebAPI\LYBT.WebAPI.csproj]
    10>C:\Program Files\dotnet\sdk\9.0.302\Microsoft.Common.CurrentVersion.targets(5094,5): error MSB3021: 无法将文件“D:\source\repos\LYBTZYZS\src\Backend\Modules\BIN\Debug\net8.0\LYBT.Module.Patients.dll”复制到“bin\Debug\net8.0\LYBT.Module.Patients.dll”。The process cannot access the file 'D:\source\repos\LYBTZYZS\src\Backend\Services\LYBT.WebAPI\bin\Debug\net8.0\LYBT.Module.Patients.dll' because it is being used by another process. [D:\source\repos\LYBTZYZS\src\Backend\Services\LYBT.WebAPI\LYBT.WebAPI.csproj]
         正在将文件从“D:\source\repos\LYBTZYZS\src\Backend\Modules\BIN\Debug\net8.0\LYBT.Module.Records.dll”复制到“D:\source\repos\LYBTZYZS\src\Backend\Services\LYBT.WebAPI\bin\Debug\net8.0\LYBT.Module.Records.dll”。
         正在将文件从“D:\source\repos\LYBTZYZS\src\Backend\Modules\BIN\Debug\net8.0\LYBT.Module.Registration.dll”复制到“D:\source\repos\LYBTZYZS\src\Backend\Services\LYBT.WebAPI\bin\Debug\net8.0\LYBT.Module.Registration.dll”。
         正在将文件从“D:\source\repos\LYBTZYZS\src\Backend\Modules\BIN\Debug\net8.0\LYBT.Module.Herbs.dll”复制到“D:\source\repos\LYBTZYZS\src\Backend\Services\LYBT.WebAPI\bin\Debug\net8.0\LYBT.Module.Herbs.dll”。
         正在将文件从“D:\source\repos\LYBTZYZS\src\Backend\Modules\BIN\Debug\net8.0\LYBT.Module.Pharmacy.dll”复制到“D:\source\repos\LYBTZYZS\src\Backend\Services\LYBT.WebAPI\bin\Debug\net8.0\LYBT.Module.Pharmacy.dll”。
         正在将文件从“D:\source\repos\LYBTZYZS\src\Backend\Modules\BIN\Debug\net8.0\LYBT.Module.Queueing.dll”复制到“D:\source\repos\LYBTZYZS\src\Backend\Services\LYBT.WebAPI\bin\Debug\net8.0\LYBT.Module.Queueing.dll”。
         正在将文件从“D:\source\repos\LYBTZYZS\src\Backend\Modules\LYBT.Module.Prescriptions\bin\Debug\net8.0\LYBT.Module.Prescriptions.dll”复制到“D:\source\repos\LYBTZYZS\src\Backend\Services\LYBT.WebAPI\bin\Debug\net8.0\LYBT.Module.Prescriptions.dll”。
    10>C:\Program Files\dotnet\sdk\9.0.302\Microsoft.Common.CurrentVersion.targets(5094,5): warning MSB3026: 无法将“D:\source\repos\LYBTZYZS\src\Backend\Modules\BIN\Debug\net8.0\LYBT.Module.Records.dll”复制到“bin\Debug\net8.0\LYBT.Module.Records.dll”。1000 毫秒后将开始第 1 次重试。The process cannot access the file 'D:\source\repos\LYBTZYZS\src\Backend\Services\LYBT.WebAPI\bin\Debug\net8.0\LYBT.Module.Records.dll' because it is being used by another process. 文件被“  (22824)”锁定。 [D:\source\repos\LYBTZYZS\src\Backend\Services\LYBT.WebAPI\LYBT.WebAPI.csproj]
    10>C:\Program Files\dotnet\sdk\9.0.302\Microsoft.Common.CurrentVersion.targets(5094,5): warning MSB3026: 无法将“D:\source\repos\LYBTZYZS\src\Backend\Modules\BIN\Debug\net8.0\LYBT.Module.Registration.dll”复制到“bin\Debug\net8.0\LYBT.Module.Registration.dll”。1000 毫秒后将开始第 1 次重试。The process cannot access the file 'D:\source\repos\LYBTZYZS\src\Backend\Services\LYBT.WebAPI\bin\Debug\net8.0\LYBT.Module.Registration.dll' because it is being used by another process. 文件被“  (22824)”锁定。 [D:\source\repos\LYBTZYZS\src\Backend\Services\LYBT.WebAPI\LYBT.WebAPI.csproj]
    10>C:\Program Files\dotnet\sdk\9.0.302\Microsoft.Common.CurrentVersion.targets(5094,5): error MSB3027: 无法将“D:\source\repos\LYBTZYZS\src\Backend\Modules\BIN\Debug\net8.0\LYBT.Module.Herbs.dll”复制到“bin\Debug\net8.0\LYBT.Module.Herbs.dll”。超出了重试计数 10。失败。文件被“  (22824)”锁定。 [D:\source\repos\LYBTZYZS\src\Backend\Services\LYBT.WebAPI\LYBT.WebAPI.csproj]
    10>C:\Program Files\dotnet\sdk\9.0.302\Microsoft.Common.CurrentVersion.targets(5094,5): error MSB3021: 无法将文件“D:\source\repos\LYBTZYZS\src\Backend\Modules\BIN\Debug\net8.0\LYBT.Module.Herbs.dll”复制到“bin\Debug\net8.0\LYBT.Module.Herbs.dll”。The process cannot access the file 'D:\source\repos\LYBTZYZS\src\Backend\Services\LYBT.WebAPI\bin\Debug\net8.0\LYBT.Module.Herbs.dll' because it is being used by another process. [D:\source\repos\LYBTZYZS\src\Backend\Services\LYBT.WebAPI\LYBT.WebAPI.csproj]
         正在将文件从“D:\source\repos\LYBTZYZS\src\Backend\Modules\BIN\Debug\net8.0\LYBT.Module.Sync.dll”复制到“D:\source\repos\LYBTZYZS\src\Backend\Services\LYBT.WebAPI\bin\Debug\net8.0\LYBT.Module.Sync.dll”。
    10>C:\Program Files\dotnet\sdk\9.0.302\Microsoft.Common.CurrentVersion.targets(5094,5): error MSB3027: 无法将“D:\source\repos\LYBTZYZS\src\Backend\Modules\BIN\Debug\net8.0\LYBT.Module.Pharmacy.dll”复制到“bin\Debug\net8.0\LYBT.Module.Pharmacy.dll”。超出了重试计数 10。失败。文件被“  (22824)”锁定。 [D:\source\repos\LYBTZYZS\src\Backend\Services\LYBT.WebAPI\LYBT.WebAPI.csproj]
    10>C:\Program Files\dotnet\sdk\9.0.302\Microsoft.Common.CurrentVersion.targets(5094,5): error MSB3021: 无法将文件“D:\source\repos\LYBTZYZS\src\Backend\Modules\BIN\Debug\net8.0\LYBT.Module.Pharmacy.dll”复制到“bin\Debug\net8.0\LYBT.Module.Pharmacy.dll”。The process cannot access the file 'D:\source\repos\LYBTZYZS\src\Backend\Services\LYBT.WebAPI\bin\Debug\net8.0\LYBT.Module.Pharmacy.dll' because it is being used by another process. [D:\source\repos\LYBTZYZS\src\Backend\Services\LYBT.WebAPI\LYBT.WebAPI.csproj]
         正在将文件从“D:\source\repos\LYBTZYZS\src\Backend\Modules\BIN\Debug\net8.0\LYBT.Module.TreatmentRoom.dll”复制到“D:\source\repos\LYBTZYZS\src\Backend\Services\LYBT.WebAPI\bin\Debug\net8.0\LYBT.Module.TreatmentRoom.dll”。
    10>C:\Program Files\dotnet\sdk\9.0.302\Microsoft.Common.CurrentVersion.targets(5094,5): error MSB3027: 无法将“D:\source\repos\LYBTZYZS\src\Backend\Modules\BIN\Debug\net8.0\LYBT.Module.Queueing.dll”复制到“bin\Debug\net8.0\LYBT.Module.Queueing.dll”。超出了重试计数 10。失败。文件被“  (22824)”锁定。 [D:\source\repos\LYBTZYZS\src\Backend\Services\LYBT.WebAPI\LYBT.WebAPI.csproj]
    10>C:\Program Files\dotnet\sdk\9.0.302\Microsoft.Common.CurrentVersion.targets(5094,5): error MSB3021: 无法将文件“D:\source\repos\LYBTZYZS\src\Backend\Modules\BIN\Debug\net8.0\LYBT.Module.Queueing.dll”复制到“bin\Debug\net8.0\LYBT.Module.Queueing.dll”。The process cannot access the file 'D:\source\repos\LYBTZYZS\src\Backend\Services\LYBT.WebAPI\bin\Debug\net8.0\LYBT.Module.Queueing.dll' because it is being used by another process. [D:\source\repos\LYBTZYZS\src\Backend\Services\LYBT.WebAPI\LYBT.WebAPI.csproj]
         正在将文件从“D:\source\repos\LYBTZYZS\src\Backend\Modules\BIN\Debug\net8.0\LYBT.Module.Users.dll”复制到“D:\source\repos\LYBTZYZS\src\Backend\Services\LYBT.WebAPI\bin\Debug\net8.0\LYBT.Module.Users.dll”。
    10>C:\Program Files\dotnet\sdk\9.0.302\Microsoft.Common.CurrentVersion.targets(5094,5): error MSB3027: 无法将“D:\source\repos\LYBTZYZS\src\Backend\Modules\LYBT.Module.Prescriptions\bin\Debug\net8.0\LYBT.Module.Prescriptions.dll”复制到“bin\Debug\net8.0\LYBT.Module.Prescriptions.dll”。超出了重试计数 10。失败。文件被“  (22824)”锁定。 [D:\source\repos\LYBTZYZS\src\Backend\Services\LYBT.WebAPI\LYBT.WebAPI.csproj]
    10>C:\Program Files\dotnet\sdk\9.0.302\Microsoft.Common.CurrentVersion.targets(5094,5): error MSB3021: 无法将文件“D:\source\repos\LYBTZYZS\src\Backend\Modules\LYBT.Module.Prescriptions\bin\Debug\net8.0\LYBT.Module.Prescriptions.dll”复制到“bin\Debug\net8.0\LYBT.Module.Prescriptions.dll”。The process cannot access the file 'D:\source\repos\LYBTZYZS\src\Backend\Services\LYBT.WebAPI\bin\Debug\net8.0\LYBT.Module.Prescriptions.dll' because it is being used by another process. [D:\source\repos\LYBTZYZS\src\Backend\Services\LYBT.WebAPI\LYBT.WebAPI.csproj]
         正在将文件从“D:\source\repos\LYBTZYZS\src\Shared\LYBT.Shared.Models\bin\Debug\net8.0\LYBT.Shared.Models.dll”复制到“D:\source\repos\LYBTZYZS\src\Backend\Services\LYBT.WebAPI\bin\Debug\net8.0\LYBT.Shared.Models.dll”。
    10>C:\Program Files\dotnet\sdk\9.0.302\Microsoft.Common.CurrentVersion.targets(5094,5): warning MSB3026: 无法将“D:\source\repos\LYBTZYZS\src\Backend\Modules\BIN\Debug\net8.0\LYBT.Module.Sync.dll”复制到“bin\Debug\net8.0\LYBT.Module.Sync.dll”。1000 毫秒后将开始第 1 次重试。The process cannot access the file 'D:\source\repos\LYBTZYZS\src\Backend\Services\LYBT.WebAPI\bin\Debug\net8.0\LYBT.Module.Sync.dll' because it is being used by another process. 文件被“  (22824)”锁定。 [D:\source\repos\LYBTZYZS\src\Backend\Services\LYBT.WebAPI\LYBT.WebAPI.csproj]
    10>C:\Program Files\dotnet\sdk\9.0.302\Microsoft.Common.CurrentVersion.targets(5094,5): warning MSB3026: 无法将“D:\source\repos\LYBTZYZS\src\Backend\Modules\BIN\Debug\net8.0\LYBT.Module.TreatmentRoom.dll”复制到“bin\Debug\net8.0\LYBT.Module.TreatmentRoom.dll”。1000 毫秒后将开始第 1 次重试。The process cannot access the file 'D:\source\repos\LYBTZYZS\src\Backend\Services\LYBT.WebAPI\bin\Debug\net8.0\LYBT.Module.TreatmentRoom.dll' because it is being used by another process. 文件被“  (22824)”锁定。 [D:\source\repos\LYBTZYZS\src\Backend\Services\LYBT.WebAPI\LYBT.WebAPI.csproj]
    10>C:\Program Files\dotnet\sdk\9.0.302\Microsoft.Common.CurrentVersion.targets(5094,5): warning MSB3026: 无法将“D:\source\repos\LYBTZYZS\src\Backend\Modules\BIN\Debug\net8.0\LYBT.Module.Users.dll”复制到“bin\Debug\net8.0\LYBT.Module.Users.dll”。1000 毫秒后将开始第 1 次重试。The process cannot access the file 'D:\source\repos\LYBTZYZS\src\Backend\Services\LYBT.WebAPI\bin\Debug\net8.0\LYBT.Module.Users.dll' because it is being used by another process. 文件被“  (22824)”锁定。 [D:\source\repos\LYBTZYZS\src\Backend\Services\LYBT.WebAPI\LYBT.WebAPI.csproj]
    10>C:\Program Files\dotnet\sdk\9.0.302\Microsoft.Common.CurrentVersion.targets(5094,5): warning MSB3026: 无法将“D:\source\repos\LYBTZYZS\src\Shared\LYBT.Shared.Models\bin\Debug\net8.0\LYBT.Shared.Models.dll”复制到“bin\Debug\net8.0\LYBT.Shared.Models.dll”。1000 毫秒后将开始第 1 次重试。The process cannot access the file 'D:\source\repos\LYBTZYZS\src\Backend\Services\LYBT.WebAPI\bin\Debug\net8.0\LYBT.Shared.Models.dll' because it is being used by another process. 文件被“  (22824)”锁定。 [D:\source\repos\LYBTZYZS\src\Backend\Services\LYBT.WebAPI\LYBT.WebAPI.csproj]
         正在将文件从“D:\source\repos\LYBTZYZS\src\Backend\Modules\BIN\Debug\net8.0\LYBT.Module.Records.dll”复制到“D:\source\repos\LYBTZYZS\src\Backend\Services\LYBT.WebAPI\bin\Debug\net8.0\LYBT.Module.Records.dll”。
         正在将文件从“D:\source\repos\LYBTZYZS\src\Backend\Modules\BIN\Debug\net8.0\LYBT.Module.Registration.dll”复制到“D:\source\repos\LYBTZYZS\src\Backend\Services\LYBT.WebAPI\bin\Debug\net8.0\LYBT.Module.Registration.dll”。
    10>C:\Program Files\dotnet\sdk\9.0.302\Microsoft.Common.CurrentVersion.targets(5094,5): warning MSB3026: 无法将“D:\source\repos\LYBTZYZS\src\Backend\Modules\BIN\Debug\net8.0\LYBT.Module.Records.dll”复制到“bin\Debug\net8.0\LYBT.Module.Records.dll”。1000 毫秒后将开始第 2 次重试。The process cannot access the file 'D:\source\repos\LYBTZYZS\src\Backend\Services\LYBT.WebAPI\bin\Debug\net8.0\LYBT.Module.Records.dll' because it is being used by another process. 文件被“  (22824)”锁定。 [D:\source\repos\LYBTZYZS\src\Backend\Services\LYBT.WebAPI\LYBT.WebAPI.csproj]
    10>C:\Program Files\dotnet\sdk\9.0.302\Microsoft.Common.CurrentVersion.targets(5094,5): warning MSB3026: 无法将“D:\source\repos\LYBTZYZS\src\Backend\Modules\BIN\Debug\net8.0\LYBT.Module.Registration.dll”复制到“bin\Debug\net8.0\LYBT.Module.Registration.dll”。1000 毫秒后将开始第 2 次重试。The process cannot access the file 'D:\source\repos\LYBTZYZS\src\Backend\Services\LYBT.WebAPI\bin\Debug\net8.0\LYBT.Module.Registration.dll' because it is being used by another process. 文件被“  (22824)”锁定。 [D:\source\repos\LYBTZYZS\src\Backend\Services\LYBT.WebAPI\LYBT.WebAPI.csproj]
         正在将文件从“D:\source\repos\LYBTZYZS\src\Backend\Modules\BIN\Debug\net8.0\LYBT.Module.Sync.dll”复制到“D:\source\repos\LYBTZYZS\src\Backend\Services\LYBT.WebAPI\bin\Debug\net8.0\LYBT.Module.Sync.dll”。
         正在将文件从“D:\source\repos\LYBTZYZS\src\Backend\Modules\BIN\Debug\net8.0\LYBT.Module.TreatmentRoom.dll”复制到“D:\source\repos\LYBTZYZS\src\Backend\Services\LYBT.WebAPI\bin\Debug\net8.0\LYBT.Module.TreatmentRoom.dll”。
         正在将文件从“D:\source\repos\LYBTZYZS\src\Shared\LYBT.Shared.Models\bin\Debug\net8.0\LYBT.Shared.Models.dll”复制到“D:\source\repos\LYBTZYZS\src\Backend\Services\LYBT.WebAPI\bin\Debug\net8.0\LYBT.Shared.Models.dll”。
         正在将文件从“D:\source\repos\LYBTZYZS\src\Backend\Modules\BIN\Debug\net8.0\LYBT.Module.Users.dll”复制到“D:\source\repos\LYBTZYZS\src\Backend\Services\LYBT.WebAPI\bin\Debug\net8.0\LYBT.Module.Users.dll”。
    10>C:\Program Files\dotnet\sdk\9.0.302\Microsoft.Common.CurrentVersion.targets(5094,5): warning MSB3026: 无法将“D:\source\repos\LYBTZYZS\src\Backend\Modules\BIN\Debug\net8.0\LYBT.Module.Sync.dll”复制到“bin\Debug\net8.0\LYBT.Module.Sync.dll”。1000 毫秒后将开始第 2 次重试。The process cannot access the file 'D:\source\repos\LYBTZYZS\src\Backend\Services\LYBT.WebAPI\bin\Debug\net8.0\LYBT.Module.Sync.dll' because it is being used by another process. 文件被“  (22824)”锁定。 [D:\source\repos\LYBTZYZS\src\Backend\Services\LYBT.WebAPI\LYBT.WebAPI.csproj]
    10>C:\Program Files\dotnet\sdk\9.0.302\Microsoft.Common.CurrentVersion.targets(5094,5): warning MSB3026: 无法将“D:\source\repos\LYBTZYZS\src\Backend\Modules\BIN\Debug\net8.0\LYBT.Module.TreatmentRoom.dll”复制到“bin\Debug\net8.0\LYBT.Module.TreatmentRoom.dll”。1000 毫秒后将开始第 2 次重试。The process cannot access the file 'D:\source\repos\LYBTZYZS\src\Backend\Services\LYBT.WebAPI\bin\Debug\net8.0\LYBT.Module.TreatmentRoom.dll' because it is being used by another process. 文件被“  (22824)”锁定。 [D:\source\repos\LYBTZYZS\src\Backend\Services\LYBT.WebAPI\LYBT.WebAPI.csproj]
    10>C:\Program Files\dotnet\sdk\9.0.302\Microsoft.Common.CurrentVersion.targets(5094,5): warning MSB3026: 无法将“D:\source\repos\LYBTZYZS\src\Shared\LYBT.Shared.Models\bin\Debug\net8.0\LYBT.Shared.Models.dll”复制到“bin\Debug\net8.0\LYBT.Shared.Models.dll”。1000 毫秒后将开始第 2 次重试。The process cannot access the file 'D:\source\repos\LYBTZYZS\src\Backend\Services\LYBT.WebAPI\bin\Debug\net8.0\LYBT.Shared.Models.dll' because it is being used by another process. 文件被“  (22824)”锁定。 [D:\source\repos\LYBTZYZS\src\Backend\Services\LYBT.WebAPI\LYBT.WebAPI.csproj]
    10>C:\Program Files\dotnet\sdk\9.0.302\Microsoft.Common.CurrentVersion.targets(5094,5): warning MSB3026: 无法将“D:\source\repos\LYBTZYZS\src\Backend\Modules\BIN\Debug\net8.0\LYBT.Module.Users.dll”复制到“bin\Debug\net8.0\LYBT.Module.Users.dll”。1000 毫秒后将开始第 2 次重试。The process cannot access the file 'D:\source\repos\LYBTZYZS\src\Backend\Services\LYBT.WebAPI\bin\Debug\net8.0\LYBT.Module.Users.dll' because it is being used by another process. 文件被“  (22824)”锁定。 [D:\source\repos\LYBTZYZS\src\Backend\Services\LYBT.WebAPI\LYBT.WebAPI.csproj]
         正在将文件从“D:\source\repos\LYBTZYZS\src\Backend\Modules\BIN\Debug\net8.0\LYBT.Module.Registration.dll”复制到“D:\source\repos\LYBTZYZS\src\Backend\Services\LYBT.WebAPI\bin\Debug\net8.0\LYBT.Module.Registration.dll”。
         正在将文件从“D:\source\repos\LYBTZYZS\src\Backend\Modules\BIN\Debug\net8.0\LYBT.Module.Records.dll”复制到“D:\source\repos\LYBTZYZS\src\Backend\Services\LYBT.WebAPI\bin\Debug\net8.0\LYBT.Module.Records.dll”。
    10>C:\Program Files\dotnet\sdk\9.0.302\Microsoft.Common.CurrentVersion.targets(5094,5): warning MSB3026: 无法将“D:\source\repos\LYBTZYZS\src\Backend\Modules\BIN\Debug\net8.0\LYBT.Module.Records.dll”复制到“bin\Debug\net8.0\LYBT.Module.Records.dll”。1000 毫秒后将开始第 3 次重试。The process cannot access the file 'D:\source\repos\LYBTZYZS\src\Backend\Services\LYBT.WebAPI\bin\Debug\net8.0\LYBT.Module.Records.dll' because it is being used by another process. 文件被“  (22824)”锁定。 [D:\source\repos\LYBTZYZS\src\Backend\Services\LYBT.WebAPI\LYBT.WebAPI.csproj]
    10>C:\Program Files\dotnet\sdk\9.0.302\Microsoft.Common.CurrentVersion.targets(5094,5): warning MSB3026: 无法将“D:\source\repos\LYBTZYZS\src\Backend\Modules\BIN\Debug\net8.0\LYBT.Module.Registration.dll”复制到“bin\Debug\net8.0\LYBT.Module.Registration.dll”。1000 毫秒后将开始第 3 次重试。The process cannot access the file 'D:\source\repos\LYBTZYZS\src\Backend\Services\LYBT.WebAPI\bin\Debug\net8.0\LYBT.Module.Registration.dll' because it is being used by another process. 文件被“  (22824)”锁定。 [D:\source\repos\LYBTZYZS\src\Backend\Services\LYBT.WebAPI\LYBT.WebAPI.csproj]
         正在将文件从“D:\source\repos\LYBTZYZS\src\Backend\Modules\BIN\Debug\net8.0\LYBT.Module.Sync.dll”复制到“D:\source\repos\LYBTZYZS\src\Backend\Services\LYBT.WebAPI\bin\Debug\net8.0\LYBT.Module.Sync.dll”。
         正在将文件从“D:\source\repos\LYBTZYZS\src\Backend\Modules\BIN\Debug\net8.0\LYBT.Module.TreatmentRoom.dll”复制到“D:\source\repos\LYBTZYZS\src\Backend\Services\LYBT.WebAPI\bin\Debug\net8.0\LYBT.Module.TreatmentRoom.dll”。
         正在将文件从“D:\source\repos\LYBTZYZS\src\Shared\LYBT.Shared.Models\bin\Debug\net8.0\LYBT.Shared.Models.dll”复制到“D:\source\repos\LYBTZYZS\src\Backend\Services\LYBT.WebAPI\bin\Debug\net8.0\LYBT.Shared.Models.dll”。
         正在将文件从“D:\source\repos\LYBTZYZS\src\Backend\Modules\BIN\Debug\net8.0\LYBT.Module.Users.dll”复制到“D:\source\repos\LYBTZYZS\src\Backend\Services\LYBT.WebAPI\bin\Debug\net8.0\LYBT.Module.Users.dll”。
    10>C:\Program Files\dotnet\sdk\9.0.302\Microsoft.Common.CurrentVersion.targets(5094,5): warning MSB3026: 无法将“D:\source\repos\LYBTZYZS\src\Backend\Modules\BIN\Debug\net8.0\LYBT.Module.Sync.dll”复制到“bin\Debug\net8.0\LYBT.Module.Sync.dll”。1000 毫秒后将开始第 3 次重试。The process cannot access the file 'D:\source\repos\LYBTZYZS\src\Backend\Services\LYBT.WebAPI\bin\Debug\net8.0\LYBT.Module.Sync.dll' because it is being used by another process. 文件被“  (22824)”锁定。 [D:\source\repos\LYBTZYZS\src\Backend\Services\LYBT.WebAPI\LYBT.WebAPI.csproj]
    10>C:\Program Files\dotnet\sdk\9.0.302\Microsoft.Common.CurrentVersion.targets(5094,5): warning MSB3026: 无法将“D:\source\repos\LYBTZYZS\src\Backend\Modules\BIN\Debug\net8.0\LYBT.Module.TreatmentRoom.dll”复制到“bin\Debug\net8.0\LYBT.Module.TreatmentRoom.dll”。1000 毫秒后将开始第 3 次重试。The process cannot access the file 'D:\source\repos\LYBTZYZS\src\Backend\Services\LYBT.WebAPI\bin\Debug\net8.0\LYBT.Module.TreatmentRoom.dll' because it is being used by another process. 文件被“  (22824)”锁定。 [D:\source\repos\LYBTZYZS\src\Backend\Services\LYBT.WebAPI\LYBT.WebAPI.csproj]
    10>C:\Program Files\dotnet\sdk\9.0.302\Microsoft.Common.CurrentVersion.targets(5094,5): warning MSB3026: 无法将“D:\source\repos\LYBTZYZS\src\Shared\LYBT.Shared.Models\bin\Debug\net8.0\LYBT.Shared.Models.dll”复制到“bin\Debug\net8.0\LYBT.Shared.Models.dll”。1000 毫秒后将开始第 3 次重试。The process cannot access the file 'D:\source\repos\LYBTZYZS\src\Backend\Services\LYBT.WebAPI\bin\Debug\net8.0\LYBT.Shared.Models.dll' because it is being used by another process. 文件被“  (22824)”锁定。 [D:\source\repos\LYBTZYZS\src\Backend\Services\LYBT.WebAPI\LYBT.WebAPI.csproj]
    10>C:\Program Files\dotnet\sdk\9.0.302\Microsoft.Common.CurrentVersion.targets(5094,5): warning MSB3026: 无法将“D:\source\repos\LYBTZYZS\src\Backend\Modules\BIN\Debug\net8.0\LYBT.Module.Users.dll”复制到“bin\Debug\net8.0\LYBT.Module.Users.dll”。1000 毫秒后将开始第 3 次重试。The process cannot access the file 'D:\source\repos\LYBTZYZS\src\Backend\Services\LYBT.WebAPI\bin\Debug\net8.0\LYBT.Module.Users.dll' because it is being used by another process. 文件被“  (22824)”锁定。 [D:\source\repos\LYBTZYZS\src\Backend\Services\LYBT.WebAPI\LYBT.WebAPI.csproj]
         正在将文件从“D:\source\repos\LYBTZYZS\src\Backend\Modules\BIN\Debug\net8.0\LYBT.Module.Registration.dll”复制到“D:\source\repos\LYBTZYZS\src\Backend\Services\LYBT.WebAPI\bin\Debug\net8.0\LYBT.Module.Registration.dll”。
         正在将文件从“D:\source\repos\LYBTZYZS\src\Backend\Modules\BIN\Debug\net8.0\LYBT.Module.Records.dll”复制到“D:\source\repos\LYBTZYZS\src\Backend\Services\LYBT.WebAPI\bin\Debug\net8.0\LYBT.Module.Records.dll”。
         正在将文件从“D:\source\repos\LYBTZYZS\src\Backend\Modules\BIN\Debug\net8.0\LYBT.Module.Sync.dll”复制到“D:\source\repos\LYBTZYZS\src\Backend\Services\LYBT.WebAPI\bin\Debug\net8.0\LYBT.Module.Sync.dll”。
         正在将文件从“D:\source\repos\LYBTZYZS\src\Backend\Modules\BIN\Debug\net8.0\LYBT.Module.TreatmentRoom.dll”复制到“D:\source\repos\LYBTZYZS\src\Backend\Services\LYBT.WebAPI\bin\Debug\net8.0\LYBT.Module.TreatmentRoom.dll”。
    10>C:\Program Files\dotnet\sdk\9.0.302\Microsoft.Common.CurrentVersion.targets(5094,5): warning MSB3026: 无法将“D:\source\repos\LYBTZYZS\src\Backend\Modules\BIN\Debug\net8.0\LYBT.Module.Records.dll”复制到“bin\Debug\net8.0\LYBT.Module.Records.dll”。1000 毫秒后将开始第 4 次重试。The process cannot access the file 'D:\source\repos\LYBTZYZS\src\Backend\Services\LYBT.WebAPI\bin\Debug\net8.0\LYBT.Module.Records.dll' because it is being used by another process. 文件被“  (22824)”锁定。 [D:\source\repos\LYBTZYZS\src\Backend\Services\LYBT.WebAPI\LYBT.WebAPI.csproj]
    10>C:\Program Files\dotnet\sdk\9.0.302\Microsoft.Common.CurrentVersion.targets(5094,5): warning MSB3026: 无法将“D:\source\repos\LYBTZYZS\src\Backend\Modules\BIN\Debug\net8.0\LYBT.Module.Registration.dll”复制到“bin\Debug\net8.0\LYBT.Module.Registration.dll”。1000 毫秒后将开始第 4 次重试。The process cannot access the file 'D:\source\repos\LYBTZYZS\src\Backend\Services\LYBT.WebAPI\bin\Debug\net8.0\LYBT.Module.Registration.dll' because it is being used by another process. 文件被“  (22824)”锁定。 [D:\source\repos\LYBTZYZS\src\Backend\Services\LYBT.WebAPI\LYBT.WebAPI.csproj]
         正在将文件从“D:\source\repos\LYBTZYZS\src\Shared\LYBT.Shared.Models\bin\Debug\net8.0\LYBT.Shared.Models.dll”复制到“D:\source\repos\LYBTZYZS\src\Backend\Services\LYBT.WebAPI\bin\Debug\net8.0\LYBT.Shared.Models.dll”。
         正在将文件从“D:\source\repos\LYBTZYZS\src\Backend\Modules\BIN\Debug\net8.0\LYBT.Module.Users.dll”复制到“D:\source\repos\LYBTZYZS\src\Backend\Services\LYBT.WebAPI\bin\Debug\net8.0\LYBT.Module.Users.dll”。
    10>C:\Program Files\dotnet\sdk\9.0.302\Microsoft.Common.CurrentVersion.targets(5094,5): warning MSB3026: 无法将“D:\source\repos\LYBTZYZS\src\Backend\Modules\BIN\Debug\net8.0\LYBT.Module.TreatmentRoom.dll”复制到“bin\Debug\net8.0\LYBT.Module.TreatmentRoom.dll”。1000 毫秒后将开始第 4 次重试。The process cannot access the file 'D:\source\repos\LYBTZYZS\src\Backend\Services\LYBT.WebAPI\bin\Debug\net8.0\LYBT.Module.TreatmentRoom.dll' because it is being used by another process. 文件被“  (22824)”锁定。 [D:\source\repos\LYBTZYZS\src\Backend\Services\LYBT.WebAPI\LYBT.WebAPI.csproj]
    10>C:\Program Files\dotnet\sdk\9.0.302\Microsoft.Common.CurrentVersion.targets(5094,5): warning MSB3026: 无法将“D:\source\repos\LYBTZYZS\src\Backend\Modules\BIN\Debug\net8.0\LYBT.Module.Sync.dll”复制到“bin\Debug\net8.0\LYBT.Module.Sync.dll”。1000 毫秒后将开始第 4 次重试。The process cannot access the file 'D:\source\repos\LYBTZYZS\src\Backend\Services\LYBT.WebAPI\bin\Debug\net8.0\LYBT.Module.Sync.dll' because it is being used by another process. 文件被“  (22824)”锁定。 [D:\source\repos\LYBTZYZS\src\Backend\Services\LYBT.WebAPI\LYBT.WebAPI.csproj]
    10>C:\Program Files\dotnet\sdk\9.0.302\Microsoft.Common.CurrentVersion.targets(5094,5): warning MSB3026: 无法将“D:\source\repos\LYBTZYZS\src\Shared\LYBT.Shared.Models\bin\Debug\net8.0\LYBT.Shared.Models.dll”复制到“bin\Debug\net8.0\LYBT.Shared.Models.dll”。1000 毫秒后将开始第 4 次重试。The process cannot access the file 'D:\source\repos\LYBTZYZS\src\Backend\Services\LYBT.WebAPI\bin\Debug\net8.0\LYBT.Shared.Models.dll' because it is being used by another process. 文件被“  (22824)”锁定。 [D:\source\repos\LYBTZYZS\src\Backend\Services\LYBT.WebAPI\LYBT.WebAPI.csproj]
    10>C:\Program Files\dotnet\sdk\9.0.302\Microsoft.Common.CurrentVersion.targets(5094,5): warning MSB3026: 无法将“D:\source\repos\LYBTZYZS\src\Backend\Modules\BIN\Debug\net8.0\LYBT.Module.Users.dll”复制到“bin\Debug\net8.0\LYBT.Module.Users.dll”。1000 毫秒后将开始第 4 次重试。The process cannot access the file 'D:\source\repos\LYBTZYZS\src\Backend\Services\LYBT.WebAPI\bin\Debug\net8.0\LYBT.Module.Users.dll' because it is being used by another process. 文件被“  (22824)”锁定。 [D:\source\repos\LYBTZYZS\src\Backend\Services\LYBT.WebAPI\LYBT.WebAPI.csproj]
         正在将文件从“D:\source\repos\LYBTZYZS\src\Backend\Modules\BIN\Debug\net8.0\LYBT.Module.Records.dll”复制到“D:\source\repos\LYBTZYZS\src\Backend\Services\LYBT.WebAPI\bin\Debug\net8.0\LYBT.Module.Records.dll”。
         正在将文件从“D:\source\repos\LYBTZYZS\src\Backend\Modules\BIN\Debug\net8.0\LYBT.Module.Registration.dll”复制到“D:\source\repos\LYBTZYZS\src\Backend\Services\LYBT.WebAPI\bin\Debug\net8.0\LYBT.Module.Registration.dll”。
         正在将文件从“D:\source\repos\LYBTZYZS\src\Backend\Modules\BIN\Debug\net8.0\LYBT.Module.Sync.dll”复制到“D:\source\repos\LYBTZYZS\src\Backend\Services\LYBT.WebAPI\bin\Debug\net8.0\LYBT.Module.Sync.dll”。
         正在将文件从“D:\source\repos\LYBTZYZS\src\Backend\Modules\BIN\Debug\net8.0\LYBT.Module.TreatmentRoom.dll”复制到“D:\source\repos\LYBTZYZS\src\Backend\Services\LYBT.WebAPI\bin\Debug\net8.0\LYBT.Module.TreatmentRoom.dll”。
         正在将文件从“D:\source\repos\LYBTZYZS\src\Shared\LYBT.Shared.Models\bin\Debug\net8.0\LYBT.Shared.Models.dll”复制到“D:\source\repos\LYBTZYZS\src\Backend\Services\LYBT.WebAPI\bin\Debug\net8.0\LYBT.Shared.Models.dll”。
         正在将文件从“D:\source\repos\LYBTZYZS\src\Backend\Modules\BIN\Debug\net8.0\LYBT.Module.Users.dll”复制到“D:\source\repos\LYBTZYZS\src\Backend\Services\LYBT.WebAPI\bin\Debug\net8.0\LYBT.Module.Users.dll”。
    10>C:\Program Files\dotnet\sdk\9.0.302\Microsoft.Common.CurrentVersion.targets(5094,5): warning MSB3026: 无法将“D:\source\repos\LYBTZYZS\src\Backend\Modules\BIN\Debug\net8.0\LYBT.Module.Records.dll”复制到“bin\Debug\net8.0\LYBT.Module.Records.dll”。1000 毫秒后将开始第 5 次重试。The process cannot access the file 'D:\source\repos\LYBTZYZS\src\Backend\Services\LYBT.WebAPI\bin\Debug\net8.0\LYBT.Module.Records.dll' because it is being used by another process. 文件被“  (22824)”锁定。 [D:\source\repos\LYBTZYZS\src\Backend\Services\LYBT.WebAPI\LYBT.WebAPI.csproj]
    10>C:\Program Files\dotnet\sdk\9.0.302\Microsoft.Common.CurrentVersion.targets(5094,5): warning MSB3026: 无法将“D:\source\repos\LYBTZYZS\src\Backend\Modules\BIN\Debug\net8.0\LYBT.Module.Registration.dll”复制到“bin\Debug\net8.0\LYBT.Module.Registration.dll”。1000 毫秒后将开始第 5 次重试。The process cannot access the file 'D:\source\repos\LYBTZYZS\src\Backend\Services\LYBT.WebAPI\bin\Debug\net8.0\LYBT.Module.Registration.dll' because it is being used by another process. 文件被“  (22824)”锁定。 [D:\source\repos\LYBTZYZS\src\Backend\Services\LYBT.WebAPI\LYBT.WebAPI.csproj]
    10>C:\Program Files\dotnet\sdk\9.0.302\Microsoft.Common.CurrentVersion.targets(5094,5): warning MSB3026: 无法将“D:\source\repos\LYBTZYZS\src\Backend\Modules\BIN\Debug\net8.0\LYBT.Module.Sync.dll”复制到“bin\Debug\net8.0\LYBT.Module.Sync.dll”。1000 毫秒后将开始第 5 次重试。The process cannot access the file 'D:\source\repos\LYBTZYZS\src\Backend\Services\LYBT.WebAPI\bin\Debug\net8.0\LYBT.Module.Sync.dll' because it is being used by another process. 文件被“  (22824)”锁定。 [D:\source\repos\LYBTZYZS\src\Backend\Services\LYBT.WebAPI\LYBT.WebAPI.csproj]
    10>C:\Program Files\dotnet\sdk\9.0.302\Microsoft.Common.CurrentVersion.targets(5094,5): warning MSB3026: 无法将“D:\source\repos\LYBTZYZS\src\Backend\Modules\BIN\Debug\net8.0\LYBT.Module.TreatmentRoom.dll”复制到“bin\Debug\net8.0\LYBT.Module.TreatmentRoom.dll”。1000 毫秒后将开始第 5 次重试。The process cannot access the file 'D:\source\repos\LYBTZYZS\src\Backend\Services\LYBT.WebAPI\bin\Debug\net8.0\LYBT.Module.TreatmentRoom.dll' because it is being used by another process. 文件被“  (22824)”锁定。 [D:\source\repos\LYBTZYZS\src\Backend\Services\LYBT.WebAPI\LYBT.WebAPI.csproj]
    10>C:\Program Files\dotnet\sdk\9.0.302\Microsoft.Common.CurrentVersion.targets(5094,5): warning MSB3026: 无法将“D:\source\repos\LYBTZYZS\src\Shared\LYBT.Shared.Models\bin\Debug\net8.0\LYBT.Shared.Models.dll”复制到“bin\Debug\net8.0\LYBT.Shared.Models.dll”。1000 毫秒后将开始第 5 次重试。The process cannot access the file 'D:\source\repos\LYBTZYZS\src\Backend\Services\LYBT.WebAPI\bin\Debug\net8.0\LYBT.Shared.Models.dll' because it is being used by another process. 文件被“  (22824)”锁定。 [D:\source\repos\LYBTZYZS\src\Backend\Services\LYBT.WebAPI\LYBT.WebAPI.csproj]
    10>C:\Program Files\dotnet\sdk\9.0.302\Microsoft.Common.CurrentVersion.targets(5094,5): warning MSB3026: 无法将“D:\source\repos\LYBTZYZS\src\Backend\Modules\BIN\Debug\net8.0\LYBT.Module.Users.dll”复制到“bin\Debug\net8.0\LYBT.Module.Users.dll”。1000 毫秒后将开始第 5 次重试。The process cannot access the file 'D:\source\repos\LYBTZYZS\src\Backend\Services\LYBT.WebAPI\bin\Debug\net8.0\LYBT.Module.Users.dll' because it is being used by another process. 文件被“  (22824)”锁定。 [D:\source\repos\LYBTZYZS\src\Backend\Services\LYBT.WebAPI\LYBT.WebAPI.csproj]
         正在将文件从“D:\source\repos\LYBTZYZS\src\Backend\Modules\BIN\Debug\net8.0\LYBT.Module.Registration.dll”复制到“D:\source\repos\LYBTZYZS\src\Backend\Services\LYBT.WebAPI\bin\Debug\net8.0\LYBT.Module.Registration.dll”。
         正在将文件从“D:\source\repos\LYBTZYZS\src\Backend\Modules\BIN\Debug\net8.0\LYBT.Module.Records.dll”复制到“D:\source\repos\LYBTZYZS\src\Backend\Services\LYBT.WebAPI\bin\Debug\net8.0\LYBT.Module.Records.dll”。
         正在将文件从“D:\source\repos\LYBTZYZS\src\Shared\LYBT.Shared.Models\bin\Debug\net8.0\LYBT.Shared.Models.dll”复制到“D:\source\repos\LYBTZYZS\src\Backend\Services\LYBT.WebAPI\bin\Debug\net8.0\LYBT.Shared.Models.dll”。
         正在将文件从“D:\source\repos\LYBTZYZS\src\Backend\Modules\BIN\Debug\net8.0\LYBT.Module.Sync.dll”复制到“D:\source\repos\LYBTZYZS\src\Backend\Services\LYBT.WebAPI\bin\Debug\net8.0\LYBT.Module.Sync.dll”。
         正在将文件从“D:\source\repos\LYBTZYZS\src\Backend\Modules\BIN\Debug\net8.0\LYBT.Module.TreatmentRoom.dll”复制到“D:\source\repos\LYBTZYZS\src\Backend\Services\LYBT.WebAPI\bin\Debug\net8.0\LYBT.Module.TreatmentRoom.dll”。
         正在将文件从“D:\source\repos\LYBTZYZS\src\Backend\Modules\BIN\Debug\net8.0\LYBT.Module.Users.dll”复制到“D:\source\repos\LYBTZYZS\src\Backend\Services\LYBT.WebAPI\bin\Debug\net8.0\LYBT.Module.Users.dll”。
    10>C:\Program Files\dotnet\sdk\9.0.302\Microsoft.Common.CurrentVersion.targets(5094,5): warning MSB3026: 无法将“D:\source\repos\LYBTZYZS\src\Backend\Modules\BIN\Debug\net8.0\LYBT.Module.Records.dll”复制到“bin\Debug\net8.0\LYBT.Module.Records.dll”。1000 毫秒后将开始第 6 次重试。The process cannot access the file 'D:\source\repos\LYBTZYZS\src\Backend\Services\LYBT.WebAPI\bin\Debug\net8.0\LYBT.Module.Records.dll' because it is being used by another process. 文件被“  (22824)”锁定。 [D:\source\repos\LYBTZYZS\src\Backend\Services\LYBT.WebAPI\LYBT.WebAPI.csproj]
    10>C:\Program Files\dotnet\sdk\9.0.302\Microsoft.Common.CurrentVersion.targets(5094,5): warning MSB3026: 无法将“D:\source\repos\LYBTZYZS\src\Backend\Modules\BIN\Debug\net8.0\LYBT.Module.Registration.dll”复制到“bin\Debug\net8.0\LYBT.Module.Registration.dll”。1000 毫秒后将开始第 6 次重试。The process cannot access the file 'D:\source\repos\LYBTZYZS\src\Backend\Services\LYBT.WebAPI\bin\Debug\net8.0\LYBT.Module.Registration.dll' because it is being used by another process. 文件被“  (22824)”锁定。 [D:\source\repos\LYBTZYZS\src\Backend\Services\LYBT.WebAPI\LYBT.WebAPI.csproj]
    10>C:\Program Files\dotnet\sdk\9.0.302\Microsoft.Common.CurrentVersion.targets(5094,5): warning MSB3026: 无法将“D:\source\repos\LYBTZYZS\src\Shared\LYBT.Shared.Models\bin\Debug\net8.0\LYBT.Shared.Models.dll”复制到“bin\Debug\net8.0\LYBT.Shared.Models.dll”。1000 毫秒后将开始第 6 次重试。The process cannot access the file 'D:\source\repos\LYBTZYZS\src\Backend\Services\LYBT.WebAPI\bin\Debug\net8.0\LYBT.Shared.Models.dll' because it is being used by another process. 文件被“  (22824)”锁定。 [D:\source\repos\LYBTZYZS\src\Backend\Services\LYBT.WebAPI\LYBT.WebAPI.csproj]
    10>C:\Program Files\dotnet\sdk\9.0.302\Microsoft.Common.CurrentVersion.targets(5094,5): warning MSB3026: 无法将“D:\source\repos\LYBTZYZS\src\Backend\Modules\BIN\Debug\net8.0\LYBT.Module.TreatmentRoom.dll”复制到“bin\Debug\net8.0\LYBT.Module.TreatmentRoom.dll”。1000 毫秒后将开始第 6 次重试。The process cannot access the file 'D:\source\repos\LYBTZYZS\src\Backend\Services\LYBT.WebAPI\bin\Debug\net8.0\LYBT.Module.TreatmentRoom.dll' because it is being used by another process. 文件被“  (22824)”锁定。 [D:\source\repos\LYBTZYZS\src\Backend\Services\LYBT.WebAPI\LYBT.WebAPI.csproj]
    10>C:\Program Files\dotnet\sdk\9.0.302\Microsoft.Common.CurrentVersion.targets(5094,5): warning MSB3026: 无法将“D:\source\repos\LYBTZYZS\src\Backend\Modules\BIN\Debug\net8.0\LYBT.Module.Sync.dll”复制到“bin\Debug\net8.0\LYBT.Module.Sync.dll”。1000 毫秒后将开始第 6 次重试。The process cannot access the file 'D:\source\repos\LYBTZYZS\src\Backend\Services\LYBT.WebAPI\bin\Debug\net8.0\LYBT.Module.Sync.dll' because it is being used by another process. 文件被“  (22824)”锁定。 [D:\source\repos\LYBTZYZS\src\Backend\Services\LYBT.WebAPI\LYBT.WebAPI.csproj]
    10>C:\Program Files\dotnet\sdk\9.0.302\Microsoft.Common.CurrentVersion.targets(5094,5): warning MSB3026: 无法将“D:\source\repos\LYBTZYZS\src\Backend\Modules\BIN\Debug\net8.0\LYBT.Module.Users.dll”复制到“bin\Debug\net8.0\LYBT.Module.Users.dll”。1000 毫秒后将开始第 6 次重试。The process cannot access the file 'D:\source\repos\LYBTZYZS\src\Backend\Services\LYBT.WebAPI\bin\Debug\net8.0\LYBT.Module.Users.dll' because it is being used by another process. 文件被“  (22824)”锁定。 [D:\source\repos\LYBTZYZS\src\Backend\Services\LYBT.WebAPI\LYBT.WebAPI.csproj]
         正在将文件从“D:\source\repos\LYBTZYZS\src\Backend\Modules\BIN\Debug\net8.0\LYBT.Module.Registration.dll”复制到“D:\source\repos\LYBTZYZS\src\Backend\Services\LYBT.WebAPI\bin\Debug\net8.0\LYBT.Module.Registration.dll”。
         正在将文件从“D:\source\repos\LYBTZYZS\src\Backend\Modules\BIN\Debug\net8.0\LYBT.Module.Records.dll”复制到“D:\source\repos\LYBTZYZS\src\Backend\Services\LYBT.WebAPI\bin\Debug\net8.0\LYBT.Module.Records.dll”。
         正在将文件从“D:\source\repos\LYBTZYZS\src\Backend\Modules\BIN\Debug\net8.0\LYBT.Module.Users.dll”复制到“D:\source\repos\LYBTZYZS\src\Backend\Services\LYBT.WebAPI\bin\Debug\net8.0\LYBT.Module.Users.dll”。
         正在将文件从“D:\source\repos\LYBTZYZS\src\Backend\Modules\BIN\Debug\net8.0\LYBT.Module.Sync.dll”复制到“D:\source\repos\LYBTZYZS\src\Backend\Services\LYBT.WebAPI\bin\Debug\net8.0\LYBT.Module.Sync.dll”。
         正在将文件从“D:\source\repos\LYBTZYZS\src\Backend\Modules\BIN\Debug\net8.0\LYBT.Module.TreatmentRoom.dll”复制到“D:\source\repos\LYBTZYZS\src\Backend\Services\LYBT.WebAPI\bin\Debug\net8.0\LYBT.Module.TreatmentRoom.dll”。
         正在将文件从“D:\source\repos\LYBTZYZS\src\Shared\LYBT.Shared.Models\bin\Debug\net8.0\LYBT.Shared.Models.dll”复制到“D:\source\repos\LYBTZYZS\src\Backend\Services\LYBT.WebAPI\bin\Debug\net8.0\LYBT.Shared.Models.dll”。
    10>C:\Program Files\dotnet\sdk\9.0.302\Microsoft.Common.CurrentVersion.targets(5094,5): warning MSB3026: 无法将“D:\source\repos\LYBTZYZS\src\Backend\Modules\BIN\Debug\net8.0\LYBT.Module.Registration.dll”复制到“bin\Debug\net8.0\LYBT.Module.Registration.dll”。1000 毫秒后将开始第 7 次重试。The process cannot access the file 'D:\source\repos\LYBTZYZS\src\Backend\Services\LYBT.WebAPI\bin\Debug\net8.0\LYBT.Module.Registration.dll' because it is being used by another process. 文件被“  (22824)”锁定。 [D:\source\repos\LYBTZYZS\src\Backend\Services\LYBT.WebAPI\LYBT.WebAPI.csproj]
    10>C:\Program Files\dotnet\sdk\9.0.302\Microsoft.Common.CurrentVersion.targets(5094,5): warning MSB3026: 无法将“D:\source\repos\LYBTZYZS\src\Backend\Modules\BIN\Debug\net8.0\LYBT.Module.Records.dll”复制到“bin\Debug\net8.0\LYBT.Module.Records.dll”。1000 毫秒后将开始第 7 次重试。The process cannot access the file 'D:\source\repos\LYBTZYZS\src\Backend\Services\LYBT.WebAPI\bin\Debug\net8.0\LYBT.Module.Records.dll' because it is being used by another process. 文件被“  (22824)”锁定。 [D:\source\repos\LYBTZYZS\src\Backend\Services\LYBT.WebAPI\LYBT.WebAPI.csproj]
    10>C:\Program Files\dotnet\sdk\9.0.302\Microsoft.Common.CurrentVersion.targets(5094,5): warning MSB3026: 无法将“D:\source\repos\LYBTZYZS\src\Backend\Modules\BIN\Debug\net8.0\LYBT.Module.Users.dll”复制到“bin\Debug\net8.0\LYBT.Module.Users.dll”。1000 毫秒后将开始第 7 次重试。The process cannot access the file 'D:\source\repos\LYBTZYZS\src\Backend\Services\LYBT.WebAPI\bin\Debug\net8.0\LYBT.Module.Users.dll' because it is being used by another process. 文件被“  (22824)”锁定。 [D:\source\repos\LYBTZYZS\src\Backend\Services\LYBT.WebAPI\LYBT.WebAPI.csproj]
    10>C:\Program Files\dotnet\sdk\9.0.302\Microsoft.Common.CurrentVersion.targets(5094,5): warning MSB3026: 无法将“D:\source\repos\LYBTZYZS\src\Shared\LYBT.Shared.Models\bin\Debug\net8.0\LYBT.Shared.Models.dll”复制到“bin\Debug\net8.0\LYBT.Shared.Models.dll”。1000 毫秒后将开始第 7 次重试。The process cannot access the file 'D:\source\repos\LYBTZYZS\src\Backend\Services\LYBT.WebAPI\bin\Debug\net8.0\LYBT.Shared.Models.dll' because it is being used by another process. 文件被“  (22824)”锁定。 [D:\source\repos\LYBTZYZS\src\Backend\Services\LYBT.WebAPI\LYBT.WebAPI.csproj]
    10>C:\Program Files\dotnet\sdk\9.0.302\Microsoft.Common.CurrentVersion.targets(5094,5): warning MSB3026: 无法将“D:\source\repos\LYBTZYZS\src\Backend\Modules\BIN\Debug\net8.0\LYBT.Module.TreatmentRoom.dll”复制到“bin\Debug\net8.0\LYBT.Module.TreatmentRoom.dll”。1000 毫秒后将开始第 7 次重试。The process cannot access the file 'D:\source\repos\LYBTZYZS\src\Backend\Services\LYBT.WebAPI\bin\Debug\net8.0\LYBT.Module.TreatmentRoom.dll' because it is being used by another process. 文件被“  (22824)”锁定。 [D:\source\repos\LYBTZYZS\src\Backend\Services\LYBT.WebAPI\LYBT.WebAPI.csproj]
    10>C:\Program Files\dotnet\sdk\9.0.302\Microsoft.Common.CurrentVersion.targets(5094,5): warning MSB3026: 无法将“D:\source\repos\LYBTZYZS\src\Backend\Modules\BIN\Debug\net8.0\LYBT.Module.Sync.dll”复制到“bin\Debug\net8.0\LYBT.Module.Sync.dll”。1000 毫秒后将开始第 7 次重试。The process cannot access the file 'D:\source\repos\LYBTZYZS\src\Backend\Services\LYBT.WebAPI\bin\Debug\net8.0\LYBT.Module.Sync.dll' because it is being used by another process. 文件被“  (22824)”锁定。 [D:\source\repos\LYBTZYZS\src\Backend\Services\LYBT.WebAPI\LYBT.WebAPI.csproj]
         正在将文件从“D:\source\repos\LYBTZYZS\src\Backend\Modules\BIN\Debug\net8.0\LYBT.Module.Records.dll”复制到“D:\source\repos\LYBTZYZS\src\Backend\Services\LYBT.WebAPI\bin\Debug\net8.0\LYBT.Module.Records.dll”。
         正在将文件从“D:\source\repos\LYBTZYZS\src\Backend\Modules\BIN\Debug\net8.0\LYBT.Module.Registration.dll”复制到“D:\source\repos\LYBTZYZS\src\Backend\Services\LYBT.WebAPI\bin\Debug\net8.0\LYBT.Module.Registration.dll”。
         正在将文件从“D:\source\repos\LYBTZYZS\src\Backend\Modules\BIN\Debug\net8.0\LYBT.Module.TreatmentRoom.dll”复制到“D:\source\repos\LYBTZYZS\src\Backend\Services\LYBT.WebAPI\bin\Debug\net8.0\LYBT.Module.TreatmentRoom.dll”。
         正在将文件从“D:\source\repos\LYBTZYZS\src\Backend\Modules\BIN\Debug\net8.0\LYBT.Module.Sync.dll”复制到“D:\source\repos\LYBTZYZS\src\Backend\Services\LYBT.WebAPI\bin\Debug\net8.0\LYBT.Module.Sync.dll”。
         正在将文件从“D:\source\repos\LYBTZYZS\src\Shared\LYBT.Shared.Models\bin\Debug\net8.0\LYBT.Shared.Models.dll”复制到“D:\source\repos\LYBTZYZS\src\Backend\Services\LYBT.WebAPI\bin\Debug\net8.0\LYBT.Shared.Models.dll”。
         正在将文件从“D:\source\repos\LYBTZYZS\src\Backend\Modules\BIN\Debug\net8.0\LYBT.Module.Users.dll”复制到“D:\source\repos\LYBTZYZS\src\Backend\Services\LYBT.WebAPI\bin\Debug\net8.0\LYBT.Module.Users.dll”。
    10>C:\Program Files\dotnet\sdk\9.0.302\Microsoft.Common.CurrentVersion.targets(5094,5): warning MSB3026: 无法将“D:\source\repos\LYBTZYZS\src\Backend\Modules\BIN\Debug\net8.0\LYBT.Module.Registration.dll”复制到“bin\Debug\net8.0\LYBT.Module.Registration.dll”。1000 毫秒后将开始第 8 次重试。The process cannot access the file 'D:\source\repos\LYBTZYZS\src\Backend\Services\LYBT.WebAPI\bin\Debug\net8.0\LYBT.Module.Registration.dll' because it is being used by another process. 文件被“  (22824)”锁定。 [D:\source\repos\LYBTZYZS\src\Backend\Services\LYBT.WebAPI\LYBT.WebAPI.csproj]
    10>C:\Program Files\dotnet\sdk\9.0.302\Microsoft.Common.CurrentVersion.targets(5094,5): warning MSB3026: 无法将“D:\source\repos\LYBTZYZS\src\Backend\Modules\BIN\Debug\net8.0\LYBT.Module.Records.dll”复制到“bin\Debug\net8.0\LYBT.Module.Records.dll”。1000 毫秒后将开始第 8 次重试。The process cannot access the file 'D:\source\repos\LYBTZYZS\src\Backend\Services\LYBT.WebAPI\bin\Debug\net8.0\LYBT.Module.Records.dll' because it is being used by another process. 文件被“  (22824)”锁定。 [D:\source\repos\LYBTZYZS\src\Backend\Services\LYBT.WebAPI\LYBT.WebAPI.csproj]
    10>C:\Program Files\dotnet\sdk\9.0.302\Microsoft.Common.CurrentVersion.targets(5094,5): warning MSB3026: 无法将“D:\source\repos\LYBTZYZS\src\Backend\Modules\BIN\Debug\net8.0\LYBT.Module.Sync.dll”复制到“bin\Debug\net8.0\LYBT.Module.Sync.dll”。1000 毫秒后将开始第 8 次重试。The process cannot access the file 'D:\source\repos\LYBTZYZS\src\Backend\Services\LYBT.WebAPI\bin\Debug\net8.0\LYBT.Module.Sync.dll' because it is being used by another process. 文件被“  (22824)”锁定。 [D:\source\repos\LYBTZYZS\src\Backend\Services\LYBT.WebAPI\LYBT.WebAPI.csproj]
    10>C:\Program Files\dotnet\sdk\9.0.302\Microsoft.Common.CurrentVersion.targets(5094,5): warning MSB3026: 无法将“D:\source\repos\LYBTZYZS\src\Backend\Modules\BIN\Debug\net8.0\LYBT.Module.TreatmentRoom.dll”复制到“bin\Debug\net8.0\LYBT.Module.TreatmentRoom.dll”。1000 毫秒后将开始第 8 次重试。The process cannot access the file 'D:\source\repos\LYBTZYZS\src\Backend\Services\LYBT.WebAPI\bin\Debug\net8.0\LYBT.Module.TreatmentRoom.dll' because it is being used by another process. 文件被“  (22824)”锁定。 [D:\source\repos\LYBTZYZS\src\Backend\Services\LYBT.WebAPI\LYBT.WebAPI.csproj]
    10>C:\Program Files\dotnet\sdk\9.0.302\Microsoft.Common.CurrentVersion.targets(5094,5): warning MSB3026: 无法将“D:\source\repos\LYBTZYZS\src\Backend\Modules\BIN\Debug\net8.0\LYBT.Module.Users.dll”复制到“bin\Debug\net8.0\LYBT.Module.Users.dll”。1000 毫秒后将开始第 8 次重试。The process cannot access the file 'D:\source\repos\LYBTZYZS\src\Backend\Services\LYBT.WebAPI\bin\Debug\net8.0\LYBT.Module.Users.dll' because it is being used by another process. 文件被“  (22824)”锁定。 [D:\source\repos\LYBTZYZS\src\Backend\Services\LYBT.WebAPI\LYBT.WebAPI.csproj]
    10>C:\Program Files\dotnet\sdk\9.0.302\Microsoft.Common.CurrentVersion.targets(5094,5): warning MSB3026: 无法将“D:\source\repos\LYBTZYZS\src\Shared\LYBT.Shared.Models\bin\Debug\net8.0\LYBT.Shared.Models.dll”复制到“bin\Debug\net8.0\LYBT.Shared.Models.dll”。1000 毫秒后将开始第 8 次重试。The process cannot access the file 'D:\source\repos\LYBTZYZS\src\Backend\Services\LYBT.WebAPI\bin\Debug\net8.0\LYBT.Shared.Models.dll' because it is being used by another process. 文件被“  (22824)”锁定。 [D:\source\repos\LYBTZYZS\src\Backend\Services\LYBT.WebAPI\LYBT.WebAPI.csproj]
         正在将文件从“D:\source\repos\LYBTZYZS\src\Backend\Modules\BIN\Debug\net8.0\LYBT.Module.Registration.dll”复制到“D:\source\repos\LYBTZYZS\src\Backend\Services\LYBT.WebAPI\bin\Debug\net8.0\LYBT.Module.Registration.dll”。
         正在将文件从“D:\source\repos\LYBTZYZS\src\Backend\Modules\BIN\Debug\net8.0\LYBT.Module.Records.dll”复制到“D:\source\repos\LYBTZYZS\src\Backend\Services\LYBT.WebAPI\bin\Debug\net8.0\LYBT.Module.Records.dll”。
         正在将文件从“D:\source\repos\LYBTZYZS\src\Backend\Modules\BIN\Debug\net8.0\LYBT.Module.Sync.dll”复制到“D:\source\repos\LYBTZYZS\src\Backend\Services\LYBT.WebAPI\bin\Debug\net8.0\LYBT.Module.Sync.dll”。
         正在将文件从“D:\source\repos\LYBTZYZS\src\Shared\LYBT.Shared.Models\bin\Debug\net8.0\LYBT.Shared.Models.dll”复制到“D:\source\repos\LYBTZYZS\src\Backend\Services\LYBT.WebAPI\bin\Debug\net8.0\LYBT.Shared.Models.dll”。
         正在将文件从“D:\source\repos\LYBTZYZS\src\Backend\Modules\BIN\Debug\net8.0\LYBT.Module.TreatmentRoom.dll”复制到“D:\source\repos\LYBTZYZS\src\Backend\Services\LYBT.WebAPI\bin\Debug\net8.0\LYBT.Module.TreatmentRoom.dll”。
         正在将文件从“D:\source\repos\LYBTZYZS\src\Backend\Modules\BIN\Debug\net8.0\LYBT.Module.Users.dll”复制到“D:\source\repos\LYBTZYZS\src\Backend\Services\LYBT.WebAPI\bin\Debug\net8.0\LYBT.Module.Users.dll”。
    10>C:\Program Files\dotnet\sdk\9.0.302\Microsoft.Common.CurrentVersion.targets(5094,5): warning MSB3026: 无法将“D:\source\repos\LYBTZYZS\src\Backend\Modules\BIN\Debug\net8.0\LYBT.Module.Registration.dll”复制到“bin\Debug\net8.0\LYBT.Module.Registration.dll”。1000 毫秒后将开始第 9 次重试。The process cannot access the file 'D:\source\repos\LYBTZYZS\src\Backend\Services\LYBT.WebAPI\bin\Debug\net8.0\LYBT.Module.Registration.dll' because it is being used by another process. 文件被“  (22824)”锁定。 [D:\source\repos\LYBTZYZS\src\Backend\Services\LYBT.WebAPI\LYBT.WebAPI.csproj]
    10>C:\Program Files\dotnet\sdk\9.0.302\Microsoft.Common.CurrentVersion.targets(5094,5): warning MSB3026: 无法将“D:\source\repos\LYBTZYZS\src\Backend\Modules\BIN\Debug\net8.0\LYBT.Module.Sync.dll”复制到“bin\Debug\net8.0\LYBT.Module.Sync.dll”。1000 毫秒后将开始第 9 次重试。The process cannot access the file 'D:\source\repos\LYBTZYZS\src\Backend\Services\LYBT.WebAPI\bin\Debug\net8.0\LYBT.Module.Sync.dll' because it is being used by another process. 文件被“  (22824)”锁定。 [D:\source\repos\LYBTZYZS\src\Backend\Services\LYBT.WebAPI\LYBT.WebAPI.csproj]
    10>C:\Program Files\dotnet\sdk\9.0.302\Microsoft.Common.CurrentVersion.targets(5094,5): warning MSB3026: 无法将“D:\source\repos\LYBTZYZS\src\Backend\Modules\BIN\Debug\net8.0\LYBT.Module.Records.dll”复制到“bin\Debug\net8.0\LYBT.Module.Records.dll”。1000 毫秒后将开始第 9 次重试。The process cannot access the file 'D:\source\repos\LYBTZYZS\src\Backend\Services\LYBT.WebAPI\bin\Debug\net8.0\LYBT.Module.Records.dll' because it is being used by another process. 文件被“  (22824)”锁定。 [D:\source\repos\LYBTZYZS\src\Backend\Services\LYBT.WebAPI\LYBT.WebAPI.csproj]
    10>C:\Program Files\dotnet\sdk\9.0.302\Microsoft.Common.CurrentVersion.targets(5094,5): warning MSB3026: 无法将“D:\source\repos\LYBTZYZS\src\Backend\Modules\BIN\Debug\net8.0\LYBT.Module.TreatmentRoom.dll”复制到“bin\Debug\net8.0\LYBT.Module.TreatmentRoom.dll”。1000 毫秒后将开始第 9 次重试。The process cannot access the file 'D:\source\repos\LYBTZYZS\src\Backend\Services\LYBT.WebAPI\bin\Debug\net8.0\LYBT.Module.TreatmentRoom.dll' because it is being used by another process. 文件被“  (22824)”锁定。 [D:\source\repos\LYBTZYZS\src\Backend\Services\LYBT.WebAPI\LYBT.WebAPI.csproj]
    10>C:\Program Files\dotnet\sdk\9.0.302\Microsoft.Common.CurrentVersion.targets(5094,5): warning MSB3026: 无法将“D:\source\repos\LYBTZYZS\src\Shared\LYBT.Shared.Models\bin\Debug\net8.0\LYBT.Shared.Models.dll”复制到“bin\Debug\net8.0\LYBT.Shared.Models.dll”。1000 毫秒后将开始第 9 次重试。The process cannot access the file 'D:\source\repos\LYBTZYZS\src\Backend\Services\LYBT.WebAPI\bin\Debug\net8.0\LYBT.Shared.Models.dll' because it is being used by another process. 文件被“  (22824)”锁定。 [D:\source\repos\LYBTZYZS\src\Backend\Services\LYBT.WebAPI\LYBT.WebAPI.csproj]
    10>C:\Program Files\dotnet\sdk\9.0.302\Microsoft.Common.CurrentVersion.targets(5094,5): warning MSB3026: 无法将“D:\source\repos\LYBTZYZS\src\Backend\Modules\BIN\Debug\net8.0\LYBT.Module.Users.dll”复制到“bin\Debug\net8.0\LYBT.Module.Users.dll”。1000 毫秒后将开始第 9 次重试。The process cannot access the file 'D:\source\repos\LYBTZYZS\src\Backend\Services\LYBT.WebAPI\bin\Debug\net8.0\LYBT.Module.Users.dll' because it is being used by another process. 文件被“  (22824)”锁定。 [D:\source\repos\LYBTZYZS\src\Backend\Services\LYBT.WebAPI\LYBT.WebAPI.csproj]
         正在将文件从“D:\source\repos\LYBTZYZS\src\Backend\Modules\BIN\Debug\net8.0\LYBT.Module.Registration.dll”复制到“D:\source\repos\LYBTZYZS\src\Backend\Services\LYBT.WebAPI\bin\Debug\net8.0\LYBT.Module.Registration.dll”。
         正在将文件从“D:\source\repos\LYBTZYZS\src\Backend\Modules\BIN\Debug\net8.0\LYBT.Module.Sync.dll”复制到“D:\source\repos\LYBTZYZS\src\Backend\Services\LYBT.WebAPI\bin\Debug\net8.0\LYBT.Module.Sync.dll”。
         正在将文件从“D:\source\repos\LYBTZYZS\src\Backend\Modules\BIN\Debug\net8.0\LYBT.Module.Records.dll”复制到“D:\source\repos\LYBTZYZS\src\Backend\Services\LYBT.WebAPI\bin\Debug\net8.0\LYBT.Module.Records.dll”。
         正在将文件从“D:\source\repos\LYBTZYZS\src\Backend\Modules\BIN\Debug\net8.0\LYBT.Module.TreatmentRoom.dll”复制到“D:\source\repos\LYBTZYZS\src\Backend\Services\LYBT.WebAPI\bin\Debug\net8.0\LYBT.Module.TreatmentRoom.dll”。
         正在将文件从“D:\source\repos\LYBTZYZS\src\Shared\LYBT.Shared.Models\bin\Debug\net8.0\LYBT.Shared.Models.dll”复制到“D:\source\repos\LYBTZYZS\src\Backend\Services\LYBT.WebAPI\bin\Debug\net8.0\LYBT.Shared.Models.dll”。
         正在将文件从“D:\source\repos\LYBTZYZS\src\Backend\Modules\BIN\Debug\net8.0\LYBT.Module.Users.dll”复制到“D:\source\repos\LYBTZYZS\src\Backend\Services\LYBT.WebAPI\bin\Debug\net8.0\LYBT.Module.Users.dll”。
    10>C:\Program Files\dotnet\sdk\9.0.302\Microsoft.Common.CurrentVersion.targets(5094,5): warning MSB3026: 无法将“D:\source\repos\LYBTZYZS\src\Backend\Modules\BIN\Debug\net8.0\LYBT.Module.Registration.dll”复制到“bin\Debug\net8.0\LYBT.Module.Registration.dll”。1000 毫秒后将开始第 10 次重试。The process cannot access the file 'D:\source\repos\LYBTZYZS\src\Backend\Services\LYBT.WebAPI\bin\Debug\net8.0\LYBT.Module.Registration.dll' because it is being used by another process. 文件被“  (22824)”锁定。 [D:\source\repos\LYBTZYZS\src\Backend\Services\LYBT.WebAPI\LYBT.WebAPI.csproj]
    10>C:\Program Files\dotnet\sdk\9.0.302\Microsoft.Common.CurrentVersion.targets(5094,5): warning MSB3026: 无法将“D:\source\repos\LYBTZYZS\src\Backend\Modules\BIN\Debug\net8.0\LYBT.Module.Records.dll”复制到“bin\Debug\net8.0\LYBT.Module.Records.dll”。1000 毫秒后将开始第 10 次重试。The process cannot access the file 'D:\source\repos\LYBTZYZS\src\Backend\Services\LYBT.WebAPI\bin\Debug\net8.0\LYBT.Module.Records.dll' because it is being used by another process. 文件被“  (22824)”锁定。 [D:\source\repos\LYBTZYZS\src\Backend\Services\LYBT.WebAPI\LYBT.WebAPI.csproj]
    10>C:\Program Files\dotnet\sdk\9.0.302\Microsoft.Common.CurrentVersion.targets(5094,5): warning MSB3026: 无法将“D:\source\repos\LYBTZYZS\src\Backend\Modules\BIN\Debug\net8.0\LYBT.Module.TreatmentRoom.dll”复制到“bin\Debug\net8.0\LYBT.Module.TreatmentRoom.dll”。1000 毫秒后将开始第 10 次重试。The process cannot access the file 'D:\source\repos\LYBTZYZS\src\Backend\Services\LYBT.WebAPI\bin\Debug\net8.0\LYBT.Module.TreatmentRoom.dll' because it is being used by another process. 文件被“  (22824)”锁定。 [D:\source\repos\LYBTZYZS\src\Backend\Services\LYBT.WebAPI\LYBT.WebAPI.csproj]
    10>C:\Program Files\dotnet\sdk\9.0.302\Microsoft.Common.CurrentVersion.targets(5094,5): warning MSB3026: 无法将“D:\source\repos\LYBTZYZS\src\Backend\Modules\BIN\Debug\net8.0\LYBT.Module.Sync.dll”复制到“bin\Debug\net8.0\LYBT.Module.Sync.dll”。1000 毫秒后将开始第 10 次重试。The process cannot access the file 'D:\source\repos\LYBTZYZS\src\Backend\Services\LYBT.WebAPI\bin\Debug\net8.0\LYBT.Module.Sync.dll' because it is being used by another process. 文件被“  (22824)”锁定。 [D:\source\repos\LYBTZYZS\src\Backend\Services\LYBT.WebAPI\LYBT.WebAPI.csproj]
    10>C:\Program Files\dotnet\sdk\9.0.302\Microsoft.Common.CurrentVersion.targets(5094,5): warning MSB3026: 无法将“D:\source\repos\LYBTZYZS\src\Shared\LYBT.Shared.Models\bin\Debug\net8.0\LYBT.Shared.Models.dll”复制到“bin\Debug\net8.0\LYBT.Shared.Models.dll”。1000 毫秒后将开始第 10 次重试。The process cannot access the file 'D:\source\repos\LYBTZYZS\src\Backend\Services\LYBT.WebAPI\bin\Debug\net8.0\LYBT.Shared.Models.dll' because it is being used by another process. 文件被“  (22824)”锁定。 [D:\source\repos\LYBTZYZS\src\Backend\Services\LYBT.WebAPI\LYBT.WebAPI.csproj]
    10>C:\Program Files\dotnet\sdk\9.0.302\Microsoft.Common.CurrentVersion.targets(5094,5): warning MSB3026: 无法将“D:\source\repos\LYBTZYZS\src\Backend\Modules\BIN\Debug\net8.0\LYBT.Module.Users.dll”复制到“bin\Debug\net8.0\LYBT.Module.Users.dll”。1000 毫秒后将开始第 10 次重试。The process cannot access the file 'D:\source\repos\LYBTZYZS\src\Backend\Services\LYBT.WebAPI\bin\Debug\net8.0\LYBT.Module.Users.dll' because it is being used by another process. 文件被“  (22824)”锁定。 [D:\source\repos\LYBTZYZS\src\Backend\Services\LYBT.WebAPI\LYBT.WebAPI.csproj]
         正在将文件从“D:\source\repos\LYBTZYZS\src\Backend\Modules\BIN\Debug\net8.0\LYBT.Module.Registration.dll”复制到“D:\source\repos\LYBTZYZS\src\Backend\Services\LYBT.WebAPI\bin\Debug\net8.0\LYBT.Module.Registration.dll”。
         正在将文件从“D:\source\repos\LYBTZYZS\src\Backend\Modules\BIN\Debug\net8.0\LYBT.Module.Sync.dll”复制到“D:\source\repos\LYBTZYZS\src\Backend\Services\LYBT.WebAPI\bin\Debug\net8.0\LYBT.Module.Sync.dll”。
         正在将文件从“D:\source\repos\LYBTZYZS\src\Backend\Modules\BIN\Debug\net8.0\LYBT.Module.TreatmentRoom.dll”复制到“D:\source\repos\LYBTZYZS\src\Backend\Services\LYBT.WebAPI\bin\Debug\net8.0\LYBT.Module.TreatmentRoom.dll”。
         正在将文件从“D:\source\repos\LYBTZYZS\src\Backend\Modules\BIN\Debug\net8.0\LYBT.Module.Records.dll”复制到“D:\source\repos\LYBTZYZS\src\Backend\Services\LYBT.WebAPI\bin\Debug\net8.0\LYBT.Module.Records.dll”。
         正在将文件从“D:\source\repos\LYBTZYZS\src\Shared\LYBT.Shared.Models\bin\Debug\net8.0\LYBT.Shared.Models.dll”复制到“D:\source\repos\LYBTZYZS\src\Backend\Services\LYBT.WebAPI\bin\Debug\net8.0\LYBT.Shared.Models.dll”。
         正在将文件从“D:\source\repos\LYBTZYZS\src\Backend\Modules\BIN\Debug\net8.0\LYBT.Module.Users.dll”复制到“D:\source\repos\LYBTZYZS\src\Backend\Services\LYBT.WebAPI\bin\Debug\net8.0\LYBT.Module.Users.dll”。
    10>C:\Program Files\dotnet\sdk\9.0.302\Microsoft.Common.CurrentVersion.targets(5094,5): error MSB3027: 无法将“D:\source\repos\LYBTZYZS\src\Backend\Modules\BIN\Debug\net8.0\LYBT.Module.Sync.dll”复制到“bin\Debug\net8.0\LYBT.Module.Sync.dll”。超出了重试计数 10。失败。文件被“  (22824)”锁定。 [D:\source\repos\LYBTZYZS\src\Backend\Services\LYBT.WebAPI\LYBT.WebAPI.csproj]
    10>C:\Program Files\dotnet\sdk\9.0.302\Microsoft.Common.CurrentVersion.targets(5094,5): error MSB3021: 无法将文件“D:\source\repos\LYBTZYZS\src\Backend\Modules\BIN\Debug\net8.0\LYBT.Module.Sync.dll”复制到“bin\Debug\net8.0\LYBT.Module.Sync.dll”。The process cannot access the file 'D:\source\repos\LYBTZYZS\src\Backend\Services\LYBT.WebAPI\bin\Debug\net8.0\LYBT.Module.Sync.dll' because it is being used by another process. [D:\source\repos\LYBTZYZS\src\Backend\Services\LYBT.WebAPI\LYBT.WebAPI.csproj]
         正在将文件从“D:\source\repos\LYBTZYZS\src\BIN\Debug\net8.0\LYBT.Shared.Utilities.dll”复制到“D:\source\repos\LYBTZYZS\src\Backend\Services\LYBT.WebAPI\bin\Debug\net8.0\LYBT.Shared.Utilities.dll”。
    10>C:\Program Files\dotnet\sdk\9.0.302\Microsoft.Common.CurrentVersion.targets(5094,5): error MSB3027: 无法将“D:\source\repos\LYBTZYZS\src\Backend\Modules\BIN\Debug\net8.0\LYBT.Module.Records.dll”复制到“bin\Debug\net8.0\LYBT.Module.Records.dll”。超出了重试计数 10。失败。文件被“  (22824)”锁定。 [D:\source\repos\LYBTZYZS\src\Backend\Services\LYBT.WebAPI\LYBT.WebAPI.csproj]
    10>C:\Program Files\dotnet\sdk\9.0.302\Microsoft.Common.CurrentVersion.targets(5094,5): error MSB3021: 无法将文件“D:\source\repos\LYBTZYZS\src\Backend\Modules\BIN\Debug\net8.0\LYBT.Module.Records.dll”复制到“bin\Debug\net8.0\LYBT.Module.Records.dll”。The process cannot access the file 'D:\source\repos\LYBTZYZS\src\Backend\Services\LYBT.WebAPI\bin\Debug\net8.0\LYBT.Module.Records.dll' because it is being used by another process. [D:\source\repos\LYBTZYZS\src\Backend\Services\LYBT.WebAPI\LYBT.WebAPI.csproj]
    10>C:\Program Files\dotnet\sdk\9.0.302\Microsoft.Common.CurrentVersion.targets(5094,5): error MSB3027: 无法将“D:\source\repos\LYBTZYZS\src\Backend\Modules\BIN\Debug\net8.0\LYBT.Module.TreatmentRoom.dll”复制到“bin\Debug\net8.0\LYBT.Module.TreatmentRoom.dll”。超出了重试计数 10。失败。文件被“  (22824)”锁定。 [D:\source\repos\LYBTZYZS\src\Backend\Services\LYBT.WebAPI\LYBT.WebAPI.csproj]
    10>C:\Program Files\dotnet\sdk\9.0.302\Microsoft.Common.CurrentVersion.targets(5094,5): error MSB3021: 无法将文件“D:\source\repos\LYBTZYZS\src\Backend\Modules\BIN\Debug\net8.0\LYBT.Module.TreatmentRoom.dll”复制到“bin\Debug\net8.0\LYBT.Module.TreatmentRoom.dll”。The process cannot access the file 'D:\source\repos\LYBTZYZS\src\Backend\Services\LYBT.WebAPI\bin\Debug\net8.0\LYBT.Module.TreatmentRoom.dll' because it is being used by another process. [D:\source\repos\LYBTZYZS\src\Backend\Services\LYBT.WebAPI\LYBT.WebAPI.csproj]
    10>C:\Program Files\dotnet\sdk\9.0.302\Microsoft.Common.CurrentVersion.targets(5094,5): error MSB3027: 无法将“D:\source\repos\LYBTZYZS\src\Backend\Modules\BIN\Debug\net8.0\LYBT.Module.Registration.dll”复制到“bin\Debug\net8.0\LYBT.Module.Registration.dll”。超出了重试计数 10。失败。文件被“  (22824)”锁定。 [D:\source\repos\LYBTZYZS\src\Backend\Services\LYBT.WebAPI\LYBT.WebAPI.csproj]
    10>C:\Program Files\dotnet\sdk\9.0.302\Microsoft.Common.CurrentVersion.targets(5094,5): error MSB3021: 无法将文件“D:\source\repos\LYBTZYZS\src\Backend\Modules\BIN\Debug\net8.0\LYBT.Module.Registration.dll”复制到“bin\Debug\net8.0\LYBT.Module.Registration.dll”。The process cannot access the file 'D:\source\repos\LYBTZYZS\src\Backend\Services\LYBT.WebAPI\bin\Debug\net8.0\LYBT.Module.Registration.dll' because it is being used by another process. [D:\source\repos\LYBTZYZS\src\Backend\Services\LYBT.WebAPI\LYBT.WebAPI.csproj]
    10>C:\Program Files\dotnet\sdk\9.0.302\Microsoft.Common.CurrentVersion.targets(5094,5): error MSB3027: 无法将“D:\source\repos\LYBTZYZS\src\Backend\Modules\BIN\Debug\net8.0\LYBT.Module.Users.dll”复制到“bin\Debug\net8.0\LYBT.Module.Users.dll”。超出了重试计数 10。失败。文件被“  (22824)”锁定。 [D:\source\repos\LYBTZYZS\src\Backend\Services\LYBT.WebAPI\LYBT.WebAPI.csproj]
    10>C:\Program Files\dotnet\sdk\9.0.302\Microsoft.Common.CurrentVersion.targets(5094,5): error MSB3021: 无法将文件“D:\source\repos\LYBTZYZS\src\Backend\Modules\BIN\Debug\net8.0\LYBT.Module.Users.dll”复制到“bin\Debug\net8.0\LYBT.Module.Users.dll”。The process cannot access the file 'D:\source\repos\LYBTZYZS\src\Backend\Services\LYBT.WebAPI\bin\Debug\net8.0\LYBT.Module.Users.dll' because it is being used by another process. [D:\source\repos\LYBTZYZS\src\Backend\Services\LYBT.WebAPI\LYBT.WebAPI.csproj]
    10>C:\Program Files\dotnet\sdk\9.0.302\Microsoft.Common.CurrentVersion.targets(5094,5): error MSB3027: 无法将“D:\source\repos\LYBTZYZS\src\Shared\LYBT.Shared.Models\bin\Debug\net8.0\LYBT.Shared.Models.dll”复制到“bin\Debug\net8.0\LYBT.Shared.Models.dll”。超出了重试计数 10。失败。文件被“  (22824)”锁定。 [D:\source\repos\LYBTZYZS\src\Backend\Services\LYBT.WebAPI\LYBT.WebAPI.csproj]
    10>C:\Program Files\dotnet\sdk\9.0.302\Microsoft.Common.CurrentVersion.targets(5094,5): error MSB3021: 无法将文件“D:\source\repos\LYBTZYZS\src\Shared\LYBT.Shared.Models\bin\Debug\net8.0\LYBT.Shared.Models.dll”复制到“bin\Debug\net8.0\LYBT.Shared.Models.dll”。The process cannot access the file 'D:\source\repos\LYBTZYZS\src\Backend\Services\LYBT.WebAPI\bin\Debug\net8.0\LYBT.Shared.Models.dll' because it is being used by another process. [D:\source\repos\LYBTZYZS\src\Backend\Services\LYBT.WebAPI\LYBT.WebAPI.csproj]
    10>C:\Program Files\dotnet\sdk\9.0.302\Microsoft.Common.CurrentVersion.targets(5094,5): warning MSB3026: 无法将“D:\source\repos\LYBTZYZS\src\BIN\Debug\net8.0\LYBT.Shared.Utilities.dll”复制到“bin\Debug\net8.0\LYBT.Shared.Utilities.dll”。1000 毫秒后将开始第 1 次重试。The process cannot access the file 'D:\source\repos\LYBTZYZS\src\Backend\Services\LYBT.WebAPI\bin\Debug\net8.0\LYBT.Shared.Utilities.dll' because it is being used by another process. 文件被“  (22824)”锁定。 [D:\source\repos\LYBTZYZS\src\Backend\Services\LYBT.WebAPI\LYBT.WebAPI.csproj]
         正在将文件从“D:\source\repos\LYBTZYZS\src\BIN\Debug\net8.0\LYBT.Shared.Utilities.dll”复制到“D:\source\repos\LYBTZYZS\src\Backend\Services\LYBT.WebAPI\bin\Debug\net8.0\LYBT.Shared.Utilities.dll”。
    10>C:\Program Files\dotnet\sdk\9.0.302\Microsoft.Common.CurrentVersion.targets(5094,5): warning MSB3026: 无法将“D:\source\repos\LYBTZYZS\src\BIN\Debug\net8.0\LYBT.Shared.Utilities.dll”复制到“bin\Debug\net8.0\LYBT.Shared.Utilities.dll”。1000 毫秒后将开始第 2 次重试。The process cannot access the file 'D:\source\repos\LYBTZYZS\src\Backend\Services\LYBT.WebAPI\bin\Debug\net8.0\LYBT.Shared.Utilities.dll' because it is being used by another process. 文件被“  (22824)”锁定。 [D:\source\repos\LYBTZYZS\src\Backend\Services\LYBT.WebAPI\LYBT.WebAPI.csproj]
         正在将文件从“D:\source\repos\LYBTZYZS\src\BIN\Debug\net8.0\LYBT.Shared.Utilities.dll”复制到“D:\source\repos\LYBTZYZS\src\Backend\Services\LYBT.WebAPI\bin\Debug\net8.0\LYBT.Shared.Utilities.dll”。
    10>C:\Program Files\dotnet\sdk\9.0.302\Microsoft.Common.CurrentVersion.targets(5094,5): warning MSB3026: 无法将“D:\source\repos\LYBTZYZS\src\BIN\Debug\net8.0\LYBT.Shared.Utilities.dll”复制到“bin\Debug\net8.0\LYBT.Shared.Utilities.dll”。1000 毫秒后将开始第 3 次重试。The process cannot access the file 'D:\source\repos\LYBTZYZS\src\Backend\Services\LYBT.WebAPI\bin\Debug\net8.0\LYBT.Shared.Utilities.dll' because it is being used by another process. 文件被“  (22824)”锁定。 [D:\source\repos\LYBTZYZS\src\Backend\Services\LYBT.WebAPI\LYBT.WebAPI.csproj]
         正在将文件从“D:\source\repos\LYBTZYZS\src\BIN\Debug\net8.0\LYBT.Shared.Utilities.dll”复制到“D:\source\repos\LYBTZYZS\src\Backend\Services\LYBT.WebAPI\bin\Debug\net8.0\LYBT.Shared.Utilities.dll”。
    10>C:\Program Files\dotnet\sdk\9.0.302\Microsoft.Common.CurrentVersion.targets(5094,5): warning MSB3026: 无法将“D:\source\repos\LYBTZYZS\src\BIN\Debug\net8.0\LYBT.Shared.Utilities.dll”复制到“bin\Debug\net8.0\LYBT.Shared.Utilities.dll”。1000 毫秒后将开始第 4 次重试。The process cannot access the file 'D:\source\repos\LYBTZYZS\src\Backend\Services\LYBT.WebAPI\bin\Debug\net8.0\LYBT.Shared.Utilities.dll' because it is being used by another process. 文件被“  (22824)”锁定。 [D:\source\repos\LYBTZYZS\src\Backend\Services\LYBT.WebAPI\LYBT.WebAPI.csproj]
         正在将文件从“D:\source\repos\LYBTZYZS\src\BIN\Debug\net8.0\LYBT.Shared.Utilities.dll”复制到“D:\source\repos\LYBTZYZS\src\Backend\Services\LYBT.WebAPI\bin\Debug\net8.0\LYBT.Shared.Utilities.dll”。
    10>C:\Program Files\dotnet\sdk\9.0.302\Microsoft.Common.CurrentVersion.targets(5094,5): warning MSB3026: 无法将“D:\source\repos\LYBTZYZS\src\BIN\Debug\net8.0\LYBT.Shared.Utilities.dll”复制到“bin\Debug\net8.0\LYBT.Shared.Utilities.dll”。1000 毫秒后将开始第 5 次重试。The process cannot access the file 'D:\source\repos\LYBTZYZS\src\Backend\Services\LYBT.WebAPI\bin\Debug\net8.0\LYBT.Shared.Utilities.dll' because it is being used by another process. 文件被“  (22824)”锁定。 [D:\source\repos\LYBTZYZS\src\Backend\Services\LYBT.WebAPI\LYBT.WebAPI.csproj]
         正在将文件从“D:\source\repos\LYBTZYZS\src\BIN\Debug\net8.0\LYBT.Shared.Utilities.dll”复制到“D:\source\repos\LYBTZYZS\src\Backend\Services\LYBT.WebAPI\bin\Debug\net8.0\LYBT.Shared.Utilities.dll”。
    10>C:\Program Files\dotnet\sdk\9.0.302\Microsoft.Common.CurrentVersion.targets(5094,5): warning MSB3026: 无法将“D:\source\repos\LYBTZYZS\src\BIN\Debug\net8.0\LYBT.Shared.Utilities.dll”复制到“bin\Debug\net8.0\LYBT.Shared.Utilities.dll”。1000 毫秒后将开始第 6 次重试。The process cannot access the file 'D:\source\repos\LYBTZYZS\src\Backend\Services\LYBT.WebAPI\bin\Debug\net8.0\LYBT.Shared.Utilities.dll' because it is being used by another process. 文件被“  (22824)”锁定。 [D:\source\repos\LYBTZYZS\src\Backend\Services\LYBT.WebAPI\LYBT.WebAPI.csproj]
         正在将文件从“D:\source\repos\LYBTZYZS\src\BIN\Debug\net8.0\LYBT.Shared.Utilities.dll”复制到“D:\source\repos\LYBTZYZS\src\Backend\Services\LYBT.WebAPI\bin\Debug\net8.0\LYBT.Shared.Utilities.dll”。
    10>C:\Program Files\dotnet\sdk\9.0.302\Microsoft.Common.CurrentVersion.targets(5094,5): warning MSB3026: 无法将“D:\source\repos\LYBTZYZS\src\BIN\Debug\net8.0\LYBT.Shared.Utilities.dll”复制到“bin\Debug\net8.0\LYBT.Shared.Utilities.dll”。1000 毫秒后将开始第 7 次重试。The process cannot access the file 'D:\source\repos\LYBTZYZS\src\Backend\Services\LYBT.WebAPI\bin\Debug\net8.0\LYBT.Shared.Utilities.dll' because it is being used by another process. 文件被“  (22824)”锁定。 [D:\source\repos\LYBTZYZS\src\Backend\Services\LYBT.WebAPI\LYBT.WebAPI.csproj]
         正在将文件从“D:\source\repos\LYBTZYZS\src\BIN\Debug\net8.0\LYBT.Shared.Utilities.dll”复制到“D:\source\repos\LYBTZYZS\src\Backend\Services\LYBT.WebAPI\bin\Debug\net8.0\LYBT.Shared.Utilities.dll”。
    10>C:\Program Files\dotnet\sdk\9.0.302\Microsoft.Common.CurrentVersion.targets(5094,5): warning MSB3026: 无法将“D:\source\repos\LYBTZYZS\src\BIN\Debug\net8.0\LYBT.Shared.Utilities.dll”复制到“bin\Debug\net8.0\LYBT.Shared.Utilities.dll”。1000 毫秒后将开始第 8 次重试。The process cannot access the file 'D:\source\repos\LYBTZYZS\src\Backend\Services\LYBT.WebAPI\bin\Debug\net8.0\LYBT.Shared.Utilities.dll' because it is being used by another process. 文件被“  (22824)”锁定。 [D:\source\repos\LYBTZYZS\src\Backend\Services\LYBT.WebAPI\LYBT.WebAPI.csproj]
         正在将文件从“D:\source\repos\LYBTZYZS\src\BIN\Debug\net8.0\LYBT.Shared.Utilities.dll”复制到“D:\source\repos\LYBTZYZS\src\Backend\Services\LYBT.WebAPI\bin\Debug\net8.0\LYBT.Shared.Utilities.dll”。
    10>C:\Program Files\dotnet\sdk\9.0.302\Microsoft.Common.CurrentVersion.targets(5094,5): warning MSB3026: 无法将“D:\source\repos\LYBTZYZS\src\BIN\Debug\net8.0\LYBT.Shared.Utilities.dll”复制到“bin\Debug\net8.0\LYBT.Shared.Utilities.dll”。1000 毫秒后将开始第 9 次重试。The process cannot access the file 'D:\source\repos\LYBTZYZS\src\Backend\Services\LYBT.WebAPI\bin\Debug\net8.0\LYBT.Shared.Utilities.dll' because it is being used by another process. 文件被“  (22824)”锁定。 [D:\source\repos\LYBTZYZS\src\Backend\Services\LYBT.WebAPI\LYBT.WebAPI.csproj]
         正在将文件从“D:\source\repos\LYBTZYZS\src\BIN\Debug\net8.0\LYBT.Shared.Utilities.dll”复制到“D:\source\repos\LYBTZYZS\src\Backend\Services\LYBT.WebAPI\bin\Debug\net8.0\LYBT.Shared.Utilities.dll”。
    10>C:\Program Files\dotnet\sdk\9.0.302\Microsoft.Common.CurrentVersion.targets(5094,5): warning MSB3026: 无法将“D:\source\repos\LYBTZYZS\src\BIN\Debug\net8.0\LYBT.Shared.Utilities.dll”复制到“bin\Debug\net8.0\LYBT.Shared.Utilities.dll”。1000 毫秒后将开始第 10 次重试。The process cannot access the file 'D:\source\repos\LYBTZYZS\src\Backend\Services\LYBT.WebAPI\bin\Debug\net8.0\LYBT.Shared.Utilities.dll' because it is being used by another process. 文件被“  (22824)”锁定。 [D:\source\repos\LYBTZYZS\src\Backend\Services\LYBT.WebAPI\LYBT.WebAPI.csproj]
         正在将文件从“D:\source\repos\LYBTZYZS\src\BIN\Debug\net8.0\LYBT.Shared.Utilities.dll”复制到“D:\source\repos\LYBTZYZS\src\Backend\Services\LYBT.WebAPI\bin\Debug\net8.0\LYBT.Shared.Utilities.dll”。
    10>C:\Program Files\dotnet\sdk\9.0.302\Microsoft.Common.CurrentVersion.targets(5094,5): error MSB3027: 无法将“D:\source\repos\LYBTZYZS\src\BIN\Debug\net8.0\LYBT.Shared.Utilities.dll”复制到“bin\Debug\net8.0\LYBT.Shared.Utilities.dll”。超出了重试计数 10。失败。文件被“  (22824)”锁定。 [D:\source\repos\LYBTZYZS\src\Backend\Services\LYBT.WebAPI\LYBT.WebAPI.csproj]
    10>C:\Program Files\dotnet\sdk\9.0.302\Microsoft.Common.CurrentVersion.targets(5094,5): error MSB3021: 无法将文件“D:\source\repos\LYBTZYZS\src\BIN\Debug\net8.0\LYBT.Shared.Utilities.dll”复制到“bin\Debug\net8.0\LYBT.Shared.Utilities.dll”。The process cannot access the file 'D:\source\repos\LYBTZYZS\src\Backend\Services\LYBT.WebAPI\bin\Debug\net8.0\LYBT.Shared.Utilities.dll' because it is being used by another process. [D:\source\repos\LYBTZYZS\src\Backend\Services\LYBT.WebAPI\LYBT.WebAPI.csproj]
    10>已完成生成项目“D:\source\repos\LYBTZYZS\src\Backend\Services\LYBT.WebAPI\LYBT.WebAPI.csproj”(默认目标)的操作 - 失败。
     1>已完成生成项目“D:\source\repos\LYBTZYZS\LYBT.Backend.sln”(默认目标)的操作 - 失败。

生成失败。

       “D:\source\repos\LYBTZYZS\LYBT.Backend.sln”(默认目标) (1:2) ->
       “D:\source\repos\LYBTZYZS\src\Backend\Services\LYBT.WebAPI\LYBT.WebAPI.csproj”(默认目标) (10:6) ->
       (_CopyFilesMarkedCopyLocal 目标) -> 
         C:\Program Files\dotnet\sdk\9.0.302\Microsoft.Common.CurrentVersion.targets(5094,5): warning MSB3026: 无法将“D:\source\repos\LYBTZYZS\src\Backend\Modules\BIN\Debug\net8.0\LYBT.Module.Auth.dll”复制到“bin\Debug\net8.0\LYBT.Module.Auth.dll”。1000 毫秒后将开始第 1 次重试。The process cannot access the file 'D:\source\repos\LYBTZYZS\src\Backend\Services\LYBT.WebAPI\bin\Debug\net8.0\LYBT.Module.Auth.dll' because it is being used by another process. 文件被“  (22824)”锁定。 [D:\source\repos\LYBTZYZS\src\Backend\Services\LYBT.WebAPI\LYBT.WebAPI.csproj]
         C:\Program Files\dotnet\sdk\9.0.302\Microsoft.Common.CurrentVersion.targets(5094,5): warning MSB3026: 无法将“D:\source\repos\LYBTZYZS\src\Backend\Modules\BIN\Debug\net8.0\LYBT.Module.DiagnosisTreatment.dll”复制到“bin\Debug\net8.0\LYBT.Module.DiagnosisTreatment.dll”。1000 毫秒后将开始第 1 次重试。The process cannot access the file 'D:\source\repos\LYBTZYZS\src\Backend\Services\LYBT.WebAPI\bin\Debug\net8.0\LYBT.Module.DiagnosisTreatment.dll' because it is being used by another process. 文件被“  (22824)”锁定。 [D:\source\repos\LYBTZYZS\src\Backend\Services\LYBT.WebAPI\LYBT.WebAPI.csproj]
         C:\Program Files\dotnet\sdk\9.0.302\Microsoft.Common.CurrentVersion.targets(5094,5): warning MSB3026: 无法将“D:\source\repos\LYBTZYZS\src\Backend\Core\BIN\Debug\net8.0\LYBT.Models.dll”复制到“bin\Debug\net8.0\LYBT.Models.dll”。1000 毫秒后将开始第 1 次重试。The process cannot access the file 'D:\source\repos\LYBTZYZS\src\Backend\Services\LYBT.WebAPI\bin\Debug\net8.0\LYBT.Models.dll' because it is being used by another process. 文件被“  (22824)”锁定。 [D:\source\repos\LYBTZYZS\src\Backend\Services\LYBT.WebAPI\LYBT.WebAPI.csproj]
         C:\Program Files\dotnet\sdk\9.0.302\Microsoft.Common.CurrentVersion.targets(5094,5): warning MSB3026: 无法将“D:\source\repos\LYBTZYZS\src\Backend\Modules\BIN\Debug\net8.0\LYBT.Module.Doctors.dll”复制到“bin\Debug\net8.0\LYBT.Module.Doctors.dll”。1000 毫秒后将开始第 1 次重试。The process cannot access the file 'D:\source\repos\LYBTZYZS\src\Backend\Services\LYBT.WebAPI\bin\Debug\net8.0\LYBT.Module.Doctors.dll' because it is being used by another process. 文件被“  (22824)”锁定。 [D:\source\repos\LYBTZYZS\src\Backend\Services\LYBT.WebAPI\LYBT.WebAPI.csproj]
         C:\Program Files\dotnet\sdk\9.0.302\Microsoft.Common.CurrentVersion.targets(5094,5): warning MSB3026: 无法将“D:\source\repos\LYBTZYZS\src\Backend\Core\BIN\Debug\net8.0\LYBT.Infrastructure.dll”复制到“bin\Debug\net8.0\LYBT.Infrastructure.dll”。1000 毫秒后将开始第 1 次重试。The process cannot access the file 'D:\source\repos\LYBTZYZS\src\Backend\Services\LYBT.WebAPI\bin\Debug\net8.0\LYBT.Infrastructure.dll' because it is being used by another process. 文件被“  (22824)”锁定。 [D:\source\repos\LYBTZYZS\src\Backend\Services\LYBT.WebAPI\LYBT.WebAPI.csproj]
         C:\Program Files\dotnet\sdk\9.0.302\Microsoft.Common.CurrentVersion.targets(5094,5): warning MSB3026: 无法将“D:\source\repos\LYBTZYZS\src\Backend\Modules\BIN\Debug\net8.0\LYBT.Module.Billing.dll”复制到“bin\Debug\net8.0\LYBT.Module.Billing.dll”。1000 毫秒后将开始第 1 次重试。The process cannot access the file 'D:\source\repos\LYBTZYZS\src\Backend\Services\LYBT.WebAPI\bin\Debug\net8.0\LYBT.Module.Billing.dll' because it is being used by another process. 文件被“  (22824)”锁定。 [D:\source\repos\LYBTZYZS\src\Backend\Services\LYBT.WebAPI\LYBT.WebAPI.csproj]
         C:\Program Files\dotnet\sdk\9.0.302\Microsoft.Common.CurrentVersion.targets(5094,5): warning MSB3026: 无法将“D:\source\repos\LYBTZYZS\src\Backend\Modules\BIN\Debug\net8.0\LYBT.Module.Billing.dll”复制到“bin\Debug\net8.0\LYBT.Module.Billing.dll”。1000 毫秒后将开始第 2 次重试。The process cannot access the file 'D:\source\repos\LYBTZYZS\src\Backend\Services\LYBT.WebAPI\bin\Debug\net8.0\LYBT.Module.Billing.dll' because it is being used by another process. 文件被“  (22824)”锁定。 [D:\source\repos\LYBTZYZS\src\Backend\Services\LYBT.WebAPI\LYBT.WebAPI.csproj]
         C:\Program Files\dotnet\sdk\9.0.302\Microsoft.Common.CurrentVersion.targets(5094,5): warning MSB3026: 无法将“D:\source\repos\LYBTZYZS\src\Backend\Core\BIN\Debug\net8.0\LYBT.Infrastructure.dll”复制到“bin\Debug\net8.0\LYBT.Infrastructure.dll”。1000 毫秒后将开始第 2 次重试。The process cannot access the file 'D:\source\repos\LYBTZYZS\src\Backend\Services\LYBT.WebAPI\bin\Debug\net8.0\LYBT.Infrastructure.dll' because it is being used by another process. 文件被“  (22824)”锁定。 [D:\source\repos\LYBTZYZS\src\Backend\Services\LYBT.WebAPI\LYBT.WebAPI.csproj]
         C:\Program Files\dotnet\sdk\9.0.302\Microsoft.Common.CurrentVersion.targets(5094,5): warning MSB3026: 无法将“D:\source\repos\LYBTZYZS\src\Backend\Modules\BIN\Debug\net8.0\LYBT.Module.Auth.dll”复制到“bin\Debug\net8.0\LYBT.Module.Auth.dll”。1000 毫秒后将开始第 2 次重试。The process cannot access the file 'D:\source\repos\LYBTZYZS\src\Backend\Services\LYBT.WebAPI\bin\Debug\net8.0\LYBT.Module.Auth.dll' because it is being used by another process. 文件被“  (22824)”锁定。 [D:\source\repos\LYBTZYZS\src\Backend\Services\LYBT.WebAPI\LYBT.WebAPI.csproj]
         C:\Program Files\dotnet\sdk\9.0.302\Microsoft.Common.CurrentVersion.targets(5094,5): warning MSB3026: 无法将“D:\source\repos\LYBTZYZS\src\Backend\Core\BIN\Debug\net8.0\LYBT.Models.dll”复制到“bin\Debug\net8.0\LYBT.Models.dll”。1000 毫秒后将开始第 2 次重试。The process cannot access the file 'D:\source\repos\LYBTZYZS\src\Backend\Services\LYBT.WebAPI\bin\Debug\net8.0\LYBT.Models.dll' because it is being used by another process. 文件被“  (22824)”锁定。 [D:\source\repos\LYBTZYZS\src\Backend\Services\LYBT.WebAPI\LYBT.WebAPI.csproj]
         C:\Program Files\dotnet\sdk\9.0.302\Microsoft.Common.CurrentVersion.targets(5094,5): warning MSB3026: 无法将“D:\source\repos\LYBTZYZS\src\Backend\Modules\BIN\Debug\net8.0\LYBT.Module.DiagnosisTreatment.dll”复制到“bin\Debug\net8.0\LYBT.Module.DiagnosisTreatment.dll”。1000 毫秒后将开始第 2 次重试。The process cannot access the file 'D:\source\repos\LYBTZYZS\src\Backend\Services\LYBT.WebAPI\bin\Debug\net8.0\LYBT.Module.DiagnosisTreatment.dll' because it is being used by another process. 文件被“  (22824)”锁定。 [D:\source\repos\LYBTZYZS\src\Backend\Services\LYBT.WebAPI\LYBT.WebAPI.csproj]
         C:\Program Files\dotnet\sdk\9.0.302\Microsoft.Common.CurrentVersion.targets(5094,5): warning MSB3026: 无法将“D:\source\repos\LYBTZYZS\src\Backend\Modules\BIN\Debug\net8.0\LYBT.Module.Doctors.dll”复制到“bin\Debug\net8.0\LYBT.Module.Doctors.dll”。1000 毫秒后将开始第 2 次重试。The process cannot access the file 'D:\source\repos\LYBTZYZS\src\Backend\Services\LYBT.WebAPI\bin\Debug\net8.0\LYBT.Module.Doctors.dll' because it is being used by another process. 文件被“  (22824)”锁定。 [D:\source\repos\LYBTZYZS\src\Backend\Services\LYBT.WebAPI\LYBT.WebAPI.csproj]
         C:\Program Files\dotnet\sdk\9.0.302\Microsoft.Common.CurrentVersion.targets(5094,5): warning MSB3026: 无法将“D:\source\repos\LYBTZYZS\src\Backend\Core\BIN\Debug\net8.0\LYBT.Models.dll”复制到“bin\Debug\net8.0\LYBT.Models.dll”。1000 毫秒后将开始第 3 次重试。The process cannot access the file 'D:\source\repos\LYBTZYZS\src\Backend\Services\LYBT.WebAPI\bin\Debug\net8.0\LYBT.Models.dll' because it is being used by another process. 文件被“  (22824)”锁定。 [D:\source\repos\LYBTZYZS\src\Backend\Services\LYBT.WebAPI\LYBT.WebAPI.csproj]
         C:\Program Files\dotnet\sdk\9.0.302\Microsoft.Common.CurrentVersion.targets(5094,5): warning MSB3026: 无法将“D:\source\repos\LYBTZYZS\src\Backend\Modules\BIN\Debug\net8.0\LYBT.Module.Billing.dll”复制到“bin\Debug\net8.0\LYBT.Module.Billing.dll”。1000 毫秒后将开始第 3 次重试。The process cannot access the file 'D:\source\repos\LYBTZYZS\src\Backend\Services\LYBT.WebAPI\bin\Debug\net8.0\LYBT.Module.Billing.dll' because it is being used by another process. 文件被“  (22824)”锁定。 [D:\source\repos\LYBTZYZS\src\Backend\Services\LYBT.WebAPI\LYBT.WebAPI.csproj]
         C:\Program Files\dotnet\sdk\9.0.302\Microsoft.Common.CurrentVersion.targets(5094,5): warning MSB3026: 无法将“D:\source\repos\LYBTZYZS\src\Backend\Modules\BIN\Debug\net8.0\LYBT.Module.DiagnosisTreatment.dll”复制到“bin\Debug\net8.0\LYBT.Module.DiagnosisTreatment.dll”。1000 毫秒后将开始第 3 次重试。The process cannot access the file 'D:\source\repos\LYBTZYZS\src\Backend\Services\LYBT.WebAPI\bin\Debug\net8.0\LYBT.Module.DiagnosisTreatment.dll' because it is being used by another process. 文件被“  (22824)”锁定。 [D:\source\repos\LYBTZYZS\src\Backend\Services\LYBT.WebAPI\LYBT.WebAPI.csproj]
         C:\Program Files\dotnet\sdk\9.0.302\Microsoft.Common.CurrentVersion.targets(5094,5): warning MSB3026: 无法将“D:\source\repos\LYBTZYZS\src\Backend\Modules\BIN\Debug\net8.0\LYBT.Module.Auth.dll”复制到“bin\Debug\net8.0\LYBT.Module.Auth.dll”。1000 毫秒后将开始第 3 次重试。The process cannot access the file 'D:\source\repos\LYBTZYZS\src\Backend\Services\LYBT.WebAPI\bin\Debug\net8.0\LYBT.Module.Auth.dll' because it is being used by another process. 文件被“  (22824)”锁定。 [D:\source\repos\LYBTZYZS\src\Backend\Services\LYBT.WebAPI\LYBT.WebAPI.csproj]
         C:\Program Files\dotnet\sdk\9.0.302\Microsoft.Common.CurrentVersion.targets(5094,5): warning MSB3026: 无法将“D:\source\repos\LYBTZYZS\src\Backend\Core\BIN\Debug\net8.0\LYBT.Infrastructure.dll”复制到“bin\Debug\net8.0\LYBT.Infrastructure.dll”。1000 毫秒后将开始第 3 次重试。The process cannot access the file 'D:\source\repos\LYBTZYZS\src\Backend\Services\LYBT.WebAPI\bin\Debug\net8.0\LYBT.Infrastructure.dll' because it is being used by another process. 文件被“  (22824)”锁定。 [D:\source\repos\LYBTZYZS\src\Backend\Services\LYBT.WebAPI\LYBT.WebAPI.csproj]
         C:\Program Files\dotnet\sdk\9.0.302\Microsoft.Common.CurrentVersion.targets(5094,5): warning MSB3026: 无法将“D:\source\repos\LYBTZYZS\src\Backend\Modules\BIN\Debug\net8.0\LYBT.Module.Doctors.dll”复制到“bin\Debug\net8.0\LYBT.Module.Doctors.dll”。1000 毫秒后将开始第 3 次重试。The process cannot access the file 'D:\source\repos\LYBTZYZS\src\Backend\Services\LYBT.WebAPI\bin\Debug\net8.0\LYBT.Module.Doctors.dll' because it is being used by another process. 文件被“  (22824)”锁定。 [D:\source\repos\LYBTZYZS\src\Backend\Services\LYBT.WebAPI\LYBT.WebAPI.csproj]
         C:\Program Files\dotnet\sdk\9.0.302\Microsoft.Common.CurrentVersion.targets(5094,5): warning MSB3026: 无法将“D:\source\repos\LYBTZYZS\src\Backend\Core\BIN\Debug\net8.0\LYBT.Models.dll”复制到“bin\Debug\net8.0\LYBT.Models.dll”。1000 毫秒后将开始第 4 次重试。The process cannot access the file 'D:\source\repos\LYBTZYZS\src\Backend\Services\LYBT.WebAPI\bin\Debug\net8.0\LYBT.Models.dll' because it is being used by another process. 文件被“  (22824)”锁定。 [D:\source\repos\LYBTZYZS\src\Backend\Services\LYBT.WebAPI\LYBT.WebAPI.csproj]
         C:\Program Files\dotnet\sdk\9.0.302\Microsoft.Common.CurrentVersion.targets(5094,5): warning MSB3026: 无法将“D:\source\repos\LYBTZYZS\src\Backend\Core\BIN\Debug\net8.0\LYBT.Infrastructure.dll”复制到“bin\Debug\net8.0\LYBT.Infrastructure.dll”。1000 毫秒后将开始第 4 次重试。The process cannot access the file 'D:\source\repos\LYBTZYZS\src\Backend\Services\LYBT.WebAPI\bin\Debug\net8.0\LYBT.Infrastructure.dll' because it is being used by another process. 文件被“  (22824)”锁定。 [D:\source\repos\LYBTZYZS\src\Backend\Services\LYBT.WebAPI\LYBT.WebAPI.csproj]
         C:\Program Files\dotnet\sdk\9.0.302\Microsoft.Common.CurrentVersion.targets(5094,5): warning MSB3026: 无法将“D:\source\repos\LYBTZYZS\src\Backend\Modules\BIN\Debug\net8.0\LYBT.Module.DiagnosisTreatment.dll”复制到“bin\Debug\net8.0\LYBT.Module.DiagnosisTreatment.dll”。1000 毫秒后将开始第 4 次重试。The process cannot access the file 'D:\source\repos\LYBTZYZS\src\Backend\Services\LYBT.WebAPI\bin\Debug\net8.0\LYBT.Module.DiagnosisTreatment.dll' because it is being used by another process. 文件被“  (22824)”锁定。 [D:\source\repos\LYBTZYZS\src\Backend\Services\LYBT.WebAPI\LYBT.WebAPI.csproj]
         C:\Program Files\dotnet\sdk\9.0.302\Microsoft.Common.CurrentVersion.targets(5094,5): warning MSB3026: 无法将“D:\source\repos\LYBTZYZS\src\Backend\Modules\BIN\Debug\net8.0\LYBT.Module.Doctors.dll”复制到“bin\Debug\net8.0\LYBT.Module.Doctors.dll”。1000 毫秒后将开始第 4 次重试。The process cannot access the file 'D:\source\repos\LYBTZYZS\src\Backend\Services\LYBT.WebAPI\bin\Debug\net8.0\LYBT.Module.Doctors.dll' because it is being used by another process. 文件被“  (22824)”锁定。 [D:\source\repos\LYBTZYZS\src\Backend\Services\LYBT.WebAPI\LYBT.WebAPI.csproj]
         C:\Program Files\dotnet\sdk\9.0.302\Microsoft.Common.CurrentVersion.targets(5094,5): warning MSB3026: 无法将“D:\source\repos\LYBTZYZS\src\Backend\Modules\BIN\Debug\net8.0\LYBT.Module.Auth.dll”复制到“bin\Debug\net8.0\LYBT.Module.Auth.dll”。1000 毫秒后将开始第 4 次重试。The process cannot access the file 'D:\source\repos\LYBTZYZS\src\Backend\Services\LYBT.WebAPI\bin\Debug\net8.0\LYBT.Module.Auth.dll' because it is being used by another process. 文件被“  (22824)”锁定。 [D:\source\repos\LYBTZYZS\src\Backend\Services\LYBT.WebAPI\LYBT.WebAPI.csproj]
         C:\Program Files\dotnet\sdk\9.0.302\Microsoft.Common.CurrentVersion.targets(5094,5): warning MSB3026: 无法将“D:\source\repos\LYBTZYZS\src\Backend\Modules\BIN\Debug\net8.0\LYBT.Module.Billing.dll”复制到“bin\Debug\net8.0\LYBT.Module.Billing.dll”。1000 毫秒后将开始第 4 次重试。The process cannot access the file 'D:\source\repos\LYBTZYZS\src\Backend\Services\LYBT.WebAPI\bin\Debug\net8.0\LYBT.Module.Billing.dll' because it is being used by another process. 文件被“  (22824)”锁定。 [D:\source\repos\LYBTZYZS\src\Backend\Services\LYBT.WebAPI\LYBT.WebAPI.csproj]
         C:\Program Files\dotnet\sdk\9.0.302\Microsoft.Common.CurrentVersion.targets(5094,5): warning MSB3026: 无法将“D:\source\repos\LYBTZYZS\src\Backend\Core\BIN\Debug\net8.0\LYBT.Models.dll”复制到“bin\Debug\net8.0\LYBT.Models.dll”。1000 毫秒后将开始第 5 次重试。The process cannot access the file 'D:\source\repos\LYBTZYZS\src\Backend\Services\LYBT.WebAPI\bin\Debug\net8.0\LYBT.Models.dll' because it is being used by another process. 文件被“  (22824)”锁定。 [D:\source\repos\LYBTZYZS\src\Backend\Services\LYBT.WebAPI\LYBT.WebAPI.csproj]
         C:\Program Files\dotnet\sdk\9.0.302\Microsoft.Common.CurrentVersion.targets(5094,5): warning MSB3026: 无法将“D:\source\repos\LYBTZYZS\src\Backend\Core\BIN\Debug\net8.0\LYBT.Infrastructure.dll”复制到“bin\Debug\net8.0\LYBT.Infrastructure.dll”。1000 毫秒后将开始第 5 次重试。The process cannot access the file 'D:\source\repos\LYBTZYZS\src\Backend\Services\LYBT.WebAPI\bin\Debug\net8.0\LYBT.Infrastructure.dll' because it is being used by another process. 文件被“  (22824)”锁定。 [D:\source\repos\LYBTZYZS\src\Backend\Services\LYBT.WebAPI\LYBT.WebAPI.csproj]
         C:\Program Files\dotnet\sdk\9.0.302\Microsoft.Common.CurrentVersion.targets(5094,5): warning MSB3026: 无法将“D:\source\repos\LYBTZYZS\src\Backend\Modules\BIN\Debug\net8.0\LYBT.Module.Doctors.dll”复制到“bin\Debug\net8.0\LYBT.Module.Doctors.dll”。1000 毫秒后将开始第 5 次重试。The process cannot access the file 'D:\source\repos\LYBTZYZS\src\Backend\Services\LYBT.WebAPI\bin\Debug\net8.0\LYBT.Module.Doctors.dll' because it is being used by another process. 文件被“  (22824)”锁定。 [D:\source\repos\LYBTZYZS\src\Backend\Services\LYBT.WebAPI\LYBT.WebAPI.csproj]
         C:\Program Files\dotnet\sdk\9.0.302\Microsoft.Common.CurrentVersion.targets(5094,5): warning MSB3026: 无法将“D:\source\repos\LYBTZYZS\src\Backend\Modules\BIN\Debug\net8.0\LYBT.Module.DiagnosisTreatment.dll”复制到“bin\Debug\net8.0\LYBT.Module.DiagnosisTreatment.dll”。1000 毫秒后将开始第 5 次重试。The process cannot access the file 'D:\source\repos\LYBTZYZS\src\Backend\Services\LYBT.WebAPI\bin\Debug\net8.0\LYBT.Module.DiagnosisTreatment.dll' because it is being used by another process. 文件被“  (22824)”锁定。 [D:\source\repos\LYBTZYZS\src\Backend\Services\LYBT.WebAPI\LYBT.WebAPI.csproj]
         C:\Program Files\dotnet\sdk\9.0.302\Microsoft.Common.CurrentVersion.targets(5094,5): warning MSB3026: 无法将“D:\source\repos\LYBTZYZS\src\Backend\Modules\BIN\Debug\net8.0\LYBT.Module.Billing.dll”复制到“bin\Debug\net8.0\LYBT.Module.Billing.dll”。1000 毫秒后将开始第 5 次重试。The process cannot access the file 'D:\source\repos\LYBTZYZS\src\Backend\Services\LYBT.WebAPI\bin\Debug\net8.0\LYBT.Module.Billing.dll' because it is being used by another process. 文件被“  (22824)”锁定。 [D:\source\repos\LYBTZYZS\src\Backend\Services\LYBT.WebAPI\LYBT.WebAPI.csproj]
         C:\Program Files\dotnet\sdk\9.0.302\Microsoft.Common.CurrentVersion.targets(5094,5): warning MSB3026: 无法将“D:\source\repos\LYBTZYZS\src\Backend\Modules\BIN\Debug\net8.0\LYBT.Module.Auth.dll”复制到“bin\Debug\net8.0\LYBT.Module.Auth.dll”。1000 毫秒后将开始第 5 次重试。The process cannot access the file 'D:\source\repos\LYBTZYZS\src\Backend\Services\LYBT.WebAPI\bin\Debug\net8.0\LYBT.Module.Auth.dll' because it is being used by another process. 文件被“  (22824)”锁定。 [D:\source\repos\LYBTZYZS\src\Backend\Services\LYBT.WebAPI\LYBT.WebAPI.csproj]
         C:\Program Files\dotnet\sdk\9.0.302\Microsoft.Common.CurrentVersion.targets(5094,5): warning MSB3026: 无法将“D:\source\repos\LYBTZYZS\src\Backend\Core\BIN\Debug\net8.0\LYBT.Infrastructure.dll”复制到“bin\Debug\net8.0\LYBT.Infrastructure.dll”。1000 毫秒后将开始第 6 次重试。The process cannot access the file 'D:\source\repos\LYBTZYZS\src\Backend\Services\LYBT.WebAPI\bin\Debug\net8.0\LYBT.Infrastructure.dll' because it is being used by another process. 文件被“  (22824)”锁定。 [D:\source\repos\LYBTZYZS\src\Backend\Services\LYBT.WebAPI\LYBT.WebAPI.csproj]
         C:\Program Files\dotnet\sdk\9.0.302\Microsoft.Common.CurrentVersion.targets(5094,5): warning MSB3026: 无法将“D:\source\repos\LYBTZYZS\src\Backend\Core\BIN\Debug\net8.0\LYBT.Models.dll”复制到“bin\Debug\net8.0\LYBT.Models.dll”。1000 毫秒后将开始第 6 次重试。The process cannot access the file 'D:\source\repos\LYBTZYZS\src\Backend\Services\LYBT.WebAPI\bin\Debug\net8.0\LYBT.Models.dll' because it is being used by another process. 文件被“  (22824)”锁定。 [D:\source\repos\LYBTZYZS\src\Backend\Services\LYBT.WebAPI\LYBT.WebAPI.csproj]
         C:\Program Files\dotnet\sdk\9.0.302\Microsoft.Common.CurrentVersion.targets(5094,5): warning MSB3026: 无法将“D:\source\repos\LYBTZYZS\src\Backend\Modules\BIN\Debug\net8.0\LYBT.Module.Doctors.dll”复制到“bin\Debug\net8.0\LYBT.Module.Doctors.dll”。1000 毫秒后将开始第 6 次重试。The process cannot access the file 'D:\source\repos\LYBTZYZS\src\Backend\Services\LYBT.WebAPI\bin\Debug\net8.0\LYBT.Module.Doctors.dll' because it is being used by another process. 文件被“  (22824)”锁定。 [D:\source\repos\LYBTZYZS\src\Backend\Services\LYBT.WebAPI\LYBT.WebAPI.csproj]
         C:\Program Files\dotnet\sdk\9.0.302\Microsoft.Common.CurrentVersion.targets(5094,5): warning MSB3026: 无法将“D:\source\repos\LYBTZYZS\src\Backend\Modules\BIN\Debug\net8.0\LYBT.Module.DiagnosisTreatment.dll”复制到“bin\Debug\net8.0\LYBT.Module.DiagnosisTreatment.dll”。1000 毫秒后将开始第 6 次重试。The process cannot access the file 'D:\source\repos\LYBTZYZS\src\Backend\Services\LYBT.WebAPI\bin\Debug\net8.0\LYBT.Module.DiagnosisTreatment.dll' because it is being used by another process. 文件被“  (22824)”锁定。 [D:\source\repos\LYBTZYZS\src\Backend\Services\LYBT.WebAPI\LYBT.WebAPI.csproj]
         C:\Program Files\dotnet\sdk\9.0.302\Microsoft.Common.CurrentVersion.targets(5094,5): warning MSB3026: 无法将“D:\source\repos\LYBTZYZS\src\Backend\Modules\BIN\Debug\net8.0\LYBT.Module.Auth.dll”复制到“bin\Debug\net8.0\LYBT.Module.Auth.dll”。1000 毫秒后将开始第 6 次重试。The process cannot access the file 'D:\source\repos\LYBTZYZS\src\Backend\Services\LYBT.WebAPI\bin\Debug\net8.0\LYBT.Module.Auth.dll' because it is being used by another process. 文件被“  (22824)”锁定。 [D:\source\repos\LYBTZYZS\src\Backend\Services\LYBT.WebAPI\LYBT.WebAPI.csproj]
         C:\Program Files\dotnet\sdk\9.0.302\Microsoft.Common.CurrentVersion.targets(5094,5): warning MSB3026: 无法将“D:\source\repos\LYBTZYZS\src\Backend\Modules\BIN\Debug\net8.0\LYBT.Module.Billing.dll”复制到“bin\Debug\net8.0\LYBT.Module.Billing.dll”。1000 毫秒后将开始第 6 次重试。The process cannot access the file 'D:\source\repos\LYBTZYZS\src\Backend\Services\LYBT.WebAPI\bin\Debug\net8.0\LYBT.Module.Billing.dll' because it is being used by another process. 文件被“  (22824)”锁定。 [D:\source\repos\LYBTZYZS\src\Backend\Services\LYBT.WebAPI\LYBT.WebAPI.csproj]
         C:\Program Files\dotnet\sdk\9.0.302\Microsoft.Common.CurrentVersion.targets(5094,5): warning MSB3026: 无法将“D:\source\repos\LYBTZYZS\src\Backend\Core\BIN\Debug\net8.0\LYBT.Infrastructure.dll”复制到“bin\Debug\net8.0\LYBT.Infrastructure.dll”。1000 毫秒后将开始第 7 次重试。The process cannot access the file 'D:\source\repos\LYBTZYZS\src\Backend\Services\LYBT.WebAPI\bin\Debug\net8.0\LYBT.Infrastructure.dll' because it is being used by another process. 文件被“  (22824)”锁定。 [D:\source\repos\LYBTZYZS\src\Backend\Services\LYBT.WebAPI\LYBT.WebAPI.csproj]
         C:\Program Files\dotnet\sdk\9.0.302\Microsoft.Common.CurrentVersion.targets(5094,5): warning MSB3026: 无法将“D:\source\repos\LYBTZYZS\src\Backend\Core\BIN\Debug\net8.0\LYBT.Models.dll”复制到“bin\Debug\net8.0\LYBT.Models.dll”。1000 毫秒后将开始第 7 次重试。The process cannot access the file 'D:\source\repos\LYBTZYZS\src\Backend\Services\LYBT.WebAPI\bin\Debug\net8.0\LYBT.Models.dll' because it is being used by another process. 文件被“  (22824)”锁定。 [D:\source\repos\LYBTZYZS\src\Backend\Services\LYBT.WebAPI\LYBT.WebAPI.csproj]
         C:\Program Files\dotnet\sdk\9.0.302\Microsoft.Common.CurrentVersion.targets(5094,5): warning MSB3026: 无法将“D:\source\repos\LYBTZYZS\src\Backend\Modules\BIN\Debug\net8.0\LYBT.Module.Doctors.dll”复制到“bin\Debug\net8.0\LYBT.Module.Doctors.dll”。1000 毫秒后将开始第 7 次重试。The process cannot access the file 'D:\source\repos\LYBTZYZS\src\Backend\Services\LYBT.WebAPI\bin\Debug\net8.0\LYBT.Module.Doctors.dll' because it is being used by another process. 文件被“  (22824)”锁定。 [D:\source\repos\LYBTZYZS\src\Backend\Services\LYBT.WebAPI\LYBT.WebAPI.csproj]
         C:\Program Files\dotnet\sdk\9.0.302\Microsoft.Common.CurrentVersion.targets(5094,5): warning MSB3026: 无法将“D:\source\repos\LYBTZYZS\src\Backend\Modules\BIN\Debug\net8.0\LYBT.Module.DiagnosisTreatment.dll”复制到“bin\Debug\net8.0\LYBT.Module.DiagnosisTreatment.dll”。1000 毫秒后将开始第 7 次重试。The process cannot access the file 'D:\source\repos\LYBTZYZS\src\Backend\Services\LYBT.WebAPI\bin\Debug\net8.0\LYBT.Module.DiagnosisTreatment.dll' because it is being used by another process. 文件被“  (22824)”锁定。 [D:\source\repos\LYBTZYZS\src\Backend\Services\LYBT.WebAPI\LYBT.WebAPI.csproj]
         C:\Program Files\dotnet\sdk\9.0.302\Microsoft.Common.CurrentVersion.targets(5094,5): warning MSB3026: 无法将“D:\source\repos\LYBTZYZS\src\Backend\Modules\BIN\Debug\net8.0\LYBT.Module.Billing.dll”复制到“bin\Debug\net8.0\LYBT.Module.Billing.dll”。1000 毫秒后将开始第 7 次重试。The process cannot access the file 'D:\source\repos\LYBTZYZS\src\Backend\Services\LYBT.WebAPI\bin\Debug\net8.0\LYBT.Module.Billing.dll' because it is being used by another process. 文件被“  (22824)”锁定。 [D:\source\repos\LYBTZYZS\src\Backend\Services\LYBT.WebAPI\LYBT.WebAPI.csproj]
         C:\Program Files\dotnet\sdk\9.0.302\Microsoft.Common.CurrentVersion.targets(5094,5): warning MSB3026: 无法将“D:\source\repos\LYBTZYZS\src\Backend\Modules\BIN\Debug\net8.0\LYBT.Module.Auth.dll”复制到“bin\Debug\net8.0\LYBT.Module.Auth.dll”。1000 毫秒后将开始第 7 次重试。The process cannot access the file 'D:\source\repos\LYBTZYZS\src\Backend\Services\LYBT.WebAPI\bin\Debug\net8.0\LYBT.Module.Auth.dll' because it is being used by another process. 文件被“  (22824)”锁定。 [D:\source\repos\LYBTZYZS\src\Backend\Services\LYBT.WebAPI\LYBT.WebAPI.csproj]
         C:\Program Files\dotnet\sdk\9.0.302\Microsoft.Common.CurrentVersion.targets(5094,5): warning MSB3026: 无法将“D:\source\repos\LYBTZYZS\src\Backend\Core\BIN\Debug\net8.0\LYBT.Infrastructure.dll”复制到“bin\Debug\net8.0\LYBT.Infrastructure.dll”。1000 毫秒后将开始第 8 次重试。The process cannot access the file 'D:\source\repos\LYBTZYZS\src\Backend\Services\LYBT.WebAPI\bin\Debug\net8.0\LYBT.Infrastructure.dll' because it is being used by another process. 文件被“  (22824)”锁定。 [D:\source\repos\LYBTZYZS\src\Backend\Services\LYBT.WebAPI\LYBT.WebAPI.csproj]
         C:\Program Files\dotnet\sdk\9.0.302\Microsoft.Common.CurrentVersion.targets(5094,5): warning MSB3026: 无法将“D:\source\repos\LYBTZYZS\src\Backend\Core\BIN\Debug\net8.0\LYBT.Models.dll”复制到“bin\Debug\net8.0\LYBT.Models.dll”。1000 毫秒后将开始第 8 次重试。The process cannot access the file 'D:\source\repos\LYBTZYZS\src\Backend\Services\LYBT.WebAPI\bin\Debug\net8.0\LYBT.Models.dll' because it is being used by another process. 文件被“  (22824)”锁定。 [D:\source\repos\LYBTZYZS\src\Backend\Services\LYBT.WebAPI\LYBT.WebAPI.csproj]
         C:\Program Files\dotnet\sdk\9.0.302\Microsoft.Common.CurrentVersion.targets(5094,5): warning MSB3026: 无法将“D:\source\repos\LYBTZYZS\src\Backend\Modules\BIN\Debug\net8.0\LYBT.Module.Doctors.dll”复制到“bin\Debug\net8.0\LYBT.Module.Doctors.dll”。1000 毫秒后将开始第 8 次重试。The process cannot access the file 'D:\source\repos\LYBTZYZS\src\Backend\Services\LYBT.WebAPI\bin\Debug\net8.0\LYBT.Module.Doctors.dll' because it is being used by another process. 文件被“  (22824)”锁定。 [D:\source\repos\LYBTZYZS\src\Backend\Services\LYBT.WebAPI\LYBT.WebAPI.csproj]
         C:\Program Files\dotnet\sdk\9.0.302\Microsoft.Common.CurrentVersion.targets(5094,5): warning MSB3026: 无法将“D:\source\repos\LYBTZYZS\src\Backend\Modules\BIN\Debug\net8.0\LYBT.Module.DiagnosisTreatment.dll”复制到“bin\Debug\net8.0\LYBT.Module.DiagnosisTreatment.dll”。1000 毫秒后将开始第 8 次重试。The process cannot access the file 'D:\source\repos\LYBTZYZS\src\Backend\Services\LYBT.WebAPI\bin\Debug\net8.0\LYBT.Module.DiagnosisTreatment.dll' because it is being used by another process. 文件被“  (22824)”锁定。 [D:\source\repos\LYBTZYZS\src\Backend\Services\LYBT.WebAPI\LYBT.WebAPI.csproj]
         C:\Program Files\dotnet\sdk\9.0.302\Microsoft.Common.CurrentVersion.targets(5094,5): warning MSB3026: 无法将“D:\source\repos\LYBTZYZS\src\Backend\Modules\BIN\Debug\net8.0\LYBT.Module.Auth.dll”复制到“bin\Debug\net8.0\LYBT.Module.Auth.dll”。1000 毫秒后将开始第 8 次重试。The process cannot access the file 'D:\source\repos\LYBTZYZS\src\Backend\Services\LYBT.WebAPI\bin\Debug\net8.0\LYBT.Module.Auth.dll' because it is being used by another process. 文件被“  (22824)”锁定。 [D:\source\repos\LYBTZYZS\src\Backend\Services\LYBT.WebAPI\LYBT.WebAPI.csproj]
         C:\Program Files\dotnet\sdk\9.0.302\Microsoft.Common.CurrentVersion.targets(5094,5): warning MSB3026: 无法将“D:\source\repos\LYBTZYZS\src\Backend\Modules\BIN\Debug\net8.0\LYBT.Module.Billing.dll”复制到“bin\Debug\net8.0\LYBT.Module.Billing.dll”。1000 毫秒后将开始第 8 次重试。The process cannot access the file 'D:\source\repos\LYBTZYZS\src\Backend\Services\LYBT.WebAPI\bin\Debug\net8.0\LYBT.Module.Billing.dll' because it is being used by another process. 文件被“  (22824)”锁定。 [D:\source\repos\LYBTZYZS\src\Backend\Services\LYBT.WebAPI\LYBT.WebAPI.csproj]
         C:\Program Files\dotnet\sdk\9.0.302\Microsoft.Common.CurrentVersion.targets(5094,5): warning MSB3026: 无法将“D:\source\repos\LYBTZYZS\src\Backend\Core\BIN\Debug\net8.0\LYBT.Models.dll”复制到“bin\Debug\net8.0\LYBT.Models.dll”。1000 毫秒后将开始第 9 次重试。The process cannot access the file 'D:\source\repos\LYBTZYZS\src\Backend\Services\LYBT.WebAPI\bin\Debug\net8.0\LYBT.Models.dll' because it is being used by another process. 文件被“  (22824)”锁定。 [D:\source\repos\LYBTZYZS\src\Backend\Services\LYBT.WebAPI\LYBT.WebAPI.csproj]
         C:\Program Files\dotnet\sdk\9.0.302\Microsoft.Common.CurrentVersion.targets(5094,5): warning MSB3026: 无法将“D:\source\repos\LYBTZYZS\src\Backend\Modules\BIN\Debug\net8.0\LYBT.Module.Doctors.dll”复制到“bin\Debug\net8.0\LYBT.Module.Doctors.dll”。1000 毫秒后将开始第 9 次重试。The process cannot access the file 'D:\source\repos\LYBTZYZS\src\Backend\Services\LYBT.WebAPI\bin\Debug\net8.0\LYBT.Module.Doctors.dll' because it is being used by another process. 文件被“  (22824)”锁定。 [D:\source\repos\LYBTZYZS\src\Backend\Services\LYBT.WebAPI\LYBT.WebAPI.csproj]
         C:\Program Files\dotnet\sdk\9.0.302\Microsoft.Common.CurrentVersion.targets(5094,5): warning MSB3026: 无法将“D:\source\repos\LYBTZYZS\src\Backend\Core\BIN\Debug\net8.0\LYBT.Infrastructure.dll”复制到“bin\Debug\net8.0\LYBT.Infrastructure.dll”。1000 毫秒后将开始第 9 次重试。The process cannot access the file 'D:\source\repos\LYBTZYZS\src\Backend\Services\LYBT.WebAPI\bin\Debug\net8.0\LYBT.Infrastructure.dll' because it is being used by another process. 文件被“  (22824)”锁定。 [D:\source\repos\LYBTZYZS\src\Backend\Services\LYBT.WebAPI\LYBT.WebAPI.csproj]
         C:\Program Files\dotnet\sdk\9.0.302\Microsoft.Common.CurrentVersion.targets(5094,5): warning MSB3026: 无法将“D:\source\repos\LYBTZYZS\src\Backend\Modules\BIN\Debug\net8.0\LYBT.Module.DiagnosisTreatment.dll”复制到“bin\Debug\net8.0\LYBT.Module.DiagnosisTreatment.dll”。1000 毫秒后将开始第 9 次重试。The process cannot access the file 'D:\source\repos\LYBTZYZS\src\Backend\Services\LYBT.WebAPI\bin\Debug\net8.0\LYBT.Module.DiagnosisTreatment.dll' because it is being used by another process. 文件被“  (22824)”锁定。 [D:\source\repos\LYBTZYZS\src\Backend\Services\LYBT.WebAPI\LYBT.WebAPI.csproj]
         C:\Program Files\dotnet\sdk\9.0.302\Microsoft.Common.CurrentVersion.targets(5094,5): warning MSB3026: 无法将“D:\source\repos\LYBTZYZS\src\Backend\Modules\BIN\Debug\net8.0\LYBT.Module.Auth.dll”复制到“bin\Debug\net8.0\LYBT.Module.Auth.dll”。1000 毫秒后将开始第 9 次重试。The process cannot access the file 'D:\source\repos\LYBTZYZS\src\Backend\Services\LYBT.WebAPI\bin\Debug\net8.0\LYBT.Module.Auth.dll' because it is being used by another process. 文件被“  (22824)”锁定。 [D:\source\repos\LYBTZYZS\src\Backend\Services\LYBT.WebAPI\LYBT.WebAPI.csproj]
         C:\Program Files\dotnet\sdk\9.0.302\Microsoft.Common.CurrentVersion.targets(5094,5): warning MSB3026: 无法将“D:\source\repos\LYBTZYZS\src\Backend\Modules\BIN\Debug\net8.0\LYBT.Module.Billing.dll”复制到“bin\Debug\net8.0\LYBT.Module.Billing.dll”。1000 毫秒后将开始第 9 次重试。The process cannot access the file 'D:\source\repos\LYBTZYZS\src\Backend\Services\LYBT.WebAPI\bin\Debug\net8.0\LYBT.Module.Billing.dll' because it is being used by another process. 文件被“  (22824)”锁定。 [D:\source\repos\LYBTZYZS\src\Backend\Services\LYBT.WebAPI\LYBT.WebAPI.csproj]
         C:\Program Files\dotnet\sdk\9.0.302\Microsoft.Common.CurrentVersion.targets(5094,5): warning MSB3026: 无法将“D:\source\repos\LYBTZYZS\src\Backend\Modules\BIN\Debug\net8.0\LYBT.Module.Doctors.dll”复制到“bin\Debug\net8.0\LYBT.Module.Doctors.dll”。1000 毫秒后将开始第 10 次重试。The process cannot access the file 'D:\source\repos\LYBTZYZS\src\Backend\Services\LYBT.WebAPI\bin\Debug\net8.0\LYBT.Module.Doctors.dll' because it is being used by another process. 文件被“  (22824)”锁定。 [D:\source\repos\LYBTZYZS\src\Backend\Services\LYBT.WebAPI\LYBT.WebAPI.csproj]
         C:\Program Files\dotnet\sdk\9.0.302\Microsoft.Common.CurrentVersion.targets(5094,5): warning MSB3026: 无法将“D:\source\repos\LYBTZYZS\src\Backend\Core\BIN\Debug\net8.0\LYBT.Models.dll”复制到“bin\Debug\net8.0\LYBT.Models.dll”。1000 毫秒后将开始第 10 次重试。The process cannot access the file 'D:\source\repos\LYBTZYZS\src\Backend\Services\LYBT.WebAPI\bin\Debug\net8.0\LYBT.Models.dll' because it is being used by another process. 文件被“  (22824)”锁定。 [D:\source\repos\LYBTZYZS\src\Backend\Services\LYBT.WebAPI\LYBT.WebAPI.csproj]
         C:\Program Files\dotnet\sdk\9.0.302\Microsoft.Common.CurrentVersion.targets(5094,5): warning MSB3026: 无法将“D:\source\repos\LYBTZYZS\src\Backend\Core\BIN\Debug\net8.0\LYBT.Infrastructure.dll”复制到“bin\Debug\net8.0\LYBT.Infrastructure.dll”。1000 毫秒后将开始第 10 次重试。The process cannot access the file 'D:\source\repos\LYBTZYZS\src\Backend\Services\LYBT.WebAPI\bin\Debug\net8.0\LYBT.Infrastructure.dll' because it is being used by another process. 文件被“  (22824)”锁定。 [D:\source\repos\LYBTZYZS\src\Backend\Services\LYBT.WebAPI\LYBT.WebAPI.csproj]
         C:\Program Files\dotnet\sdk\9.0.302\Microsoft.Common.CurrentVersion.targets(5094,5): warning MSB3026: 无法将“D:\source\repos\LYBTZYZS\src\Backend\Modules\BIN\Debug\net8.0\LYBT.Module.DiagnosisTreatment.dll”复制到“bin\Debug\net8.0\LYBT.Module.DiagnosisTreatment.dll”。1000 毫秒后将开始第 10 次重试。The process cannot access the file 'D:\source\repos\LYBTZYZS\src\Backend\Services\LYBT.WebAPI\bin\Debug\net8.0\LYBT.Module.DiagnosisTreatment.dll' because it is being used by another process. 文件被“  (22824)”锁定。 [D:\source\repos\LYBTZYZS\src\Backend\Services\LYBT.WebAPI\LYBT.WebAPI.csproj]
         C:\Program Files\dotnet\sdk\9.0.302\Microsoft.Common.CurrentVersion.targets(5094,5): warning MSB3026: 无法将“D:\source\repos\LYBTZYZS\src\Backend\Modules\BIN\Debug\net8.0\LYBT.Module.Billing.dll”复制到“bin\Debug\net8.0\LYBT.Module.Billing.dll”。1000 毫秒后将开始第 10 次重试。The process cannot access the file 'D:\source\repos\LYBTZYZS\src\Backend\Services\LYBT.WebAPI\bin\Debug\net8.0\LYBT.Module.Billing.dll' because it is being used by another process. 文件被“  (22824)”锁定。 [D:\source\repos\LYBTZYZS\src\Backend\Services\LYBT.WebAPI\LYBT.WebAPI.csproj]
         C:\Program Files\dotnet\sdk\9.0.302\Microsoft.Common.CurrentVersion.targets(5094,5): warning MSB3026: 无法将“D:\source\repos\LYBTZYZS\src\Backend\Modules\BIN\Debug\net8.0\LYBT.Module.Auth.dll”复制到“bin\Debug\net8.0\LYBT.Module.Auth.dll”。1000 毫秒后将开始第 10 次重试。The process cannot access the file 'D:\source\repos\LYBTZYZS\src\Backend\Services\LYBT.WebAPI\bin\Debug\net8.0\LYBT.Module.Auth.dll' because it is being used by another process. 文件被“  (22824)”锁定。 [D:\source\repos\LYBTZYZS\src\Backend\Services\LYBT.WebAPI\LYBT.WebAPI.csproj]
         C:\Program Files\dotnet\sdk\9.0.302\Microsoft.Common.CurrentVersion.targets(5094,5): warning MSB3026: 无法将“D:\source\repos\LYBTZYZS\src\Backend\Modules\BIN\Debug\net8.0\LYBT.Module.Patients.dll”复制到“bin\Debug\net8.0\LYBT.Module.Patients.dll”。1000 毫秒后将开始第 1 次重试。The process cannot access the file 'D:\source\repos\LYBTZYZS\src\Backend\Services\LYBT.WebAPI\bin\Debug\net8.0\LYBT.Module.Patients.dll' because it is being used by another process. 文件被“  (22824)”锁定。 [D:\source\repos\LYBTZYZS\src\Backend\Services\LYBT.WebAPI\LYBT.WebAPI.csproj]
         C:\Program Files\dotnet\sdk\9.0.302\Microsoft.Common.CurrentVersion.targets(5094,5): warning MSB3026: 无法将“D:\source\repos\LYBTZYZS\src\Backend\Modules\BIN\Debug\net8.0\LYBT.Module.Herbs.dll”复制到“bin\Debug\net8.0\LYBT.Module.Herbs.dll”。1000 毫秒后将开始第 1 次重试。The process cannot access the file 'D:\source\repos\LYBTZYZS\src\Backend\Services\LYBT.WebAPI\bin\Debug\net8.0\LYBT.Module.Herbs.dll' because it is being used by another process. 文件被“  (22824)”锁定。 [D:\source\repos\LYBTZYZS\src\Backend\Services\LYBT.WebAPI\LYBT.WebAPI.csproj]
         C:\Program Files\dotnet\sdk\9.0.302\Microsoft.Common.CurrentVersion.targets(5094,5): warning MSB3026: 无法将“D:\source\repos\LYBTZYZS\src\Backend\Modules\BIN\Debug\net8.0\LYBT.Module.FormulaTemplates.dll”复制到“bin\Debug\net8.0\LYBT.Module.FormulaTemplates.dll”。1000 毫秒后将开始第 1 次重试。The process cannot access the file 'D:\source\repos\LYBTZYZS\src\Backend\Services\LYBT.WebAPI\bin\Debug\net8.0\LYBT.Module.FormulaTemplates.dll' because it is being used by another process. 文件被“  (22824)”锁定。 [D:\source\repos\LYBTZYZS\src\Backend\Services\LYBT.WebAPI\LYBT.WebAPI.csproj]
         C:\Program Files\dotnet\sdk\9.0.302\Microsoft.Common.CurrentVersion.targets(5094,5): warning MSB3026: 无法将“D:\source\repos\LYBTZYZS\src\Backend\Modules\BIN\Debug\net8.0\LYBT.Module.Pharmacy.dll”复制到“bin\Debug\net8.0\LYBT.Module.Pharmacy.dll”。1000 毫秒后将开始第 1 次重试。The process cannot access the file 'D:\source\repos\LYBTZYZS\src\Backend\Services\LYBT.WebAPI\bin\Debug\net8.0\LYBT.Module.Pharmacy.dll' because it is being used by another process. 文件被“  (22824)”锁定。 [D:\source\repos\LYBTZYZS\src\Backend\Services\LYBT.WebAPI\LYBT.WebAPI.csproj]
         C:\Program Files\dotnet\sdk\9.0.302\Microsoft.Common.CurrentVersion.targets(5094,5): warning MSB3026: 无法将“D:\source\repos\LYBTZYZS\src\Backend\Modules\LYBT.Module.Prescriptions\bin\Debug\net8.0\LYBT.Module.Prescriptions.dll”复制到“bin\Debug\net8.0\LYBT.Module.Prescriptions.dll”。1000 毫秒后将开始第 1 次重试。The process cannot access the file 'D:\source\repos\LYBTZYZS\src\Backend\Services\LYBT.WebAPI\bin\Debug\net8.0\LYBT.Module.Prescriptions.dll' because it is being used by another process. 文件被“  (22824)”锁定。 [D:\source\repos\LYBTZYZS\src\Backend\Services\LYBT.WebAPI\LYBT.WebAPI.csproj]
         C:\Program Files\dotnet\sdk\9.0.302\Microsoft.Common.CurrentVersion.targets(5094,5): warning MSB3026: 无法将“D:\source\repos\LYBTZYZS\src\Backend\Modules\BIN\Debug\net8.0\LYBT.Module.Queueing.dll”复制到“bin\Debug\net8.0\LYBT.Module.Queueing.dll”。1000 毫秒后将开始第 1 次重试。The process cannot access the file 'D:\source\repos\LYBTZYZS\src\Backend\Services\LYBT.WebAPI\bin\Debug\net8.0\LYBT.Module.Queueing.dll' because it is being used by another process. 文件被“  (22824)”锁定。 [D:\source\repos\LYBTZYZS\src\Backend\Services\LYBT.WebAPI\LYBT.WebAPI.csproj]
         C:\Program Files\dotnet\sdk\9.0.302\Microsoft.Common.CurrentVersion.targets(5094,5): warning MSB3026: 无法将“D:\source\repos\LYBTZYZS\src\Backend\Modules\BIN\Debug\net8.0\LYBT.Module.Patients.dll”复制到“bin\Debug\net8.0\LYBT.Module.Patients.dll”。1000 毫秒后将开始第 2 次重试。The process cannot access the file 'D:\source\repos\LYBTZYZS\src\Backend\Services\LYBT.WebAPI\bin\Debug\net8.0\LYBT.Module.Patients.dll' because it is being used by another process. 文件被“  (22824)”锁定。 [D:\source\repos\LYBTZYZS\src\Backend\Services\LYBT.WebAPI\LYBT.WebAPI.csproj]
         C:\Program Files\dotnet\sdk\9.0.302\Microsoft.Common.CurrentVersion.targets(5094,5): warning MSB3026: 无法将“D:\source\repos\LYBTZYZS\src\Backend\Modules\BIN\Debug\net8.0\LYBT.Module.FormulaTemplates.dll”复制到“bin\Debug\net8.0\LYBT.Module.FormulaTemplates.dll”。1000 毫秒后将开始第 2 次重试。The process cannot access the file 'D:\source\repos\LYBTZYZS\src\Backend\Services\LYBT.WebAPI\bin\Debug\net8.0\LYBT.Module.FormulaTemplates.dll' because it is being used by another process. 文件被“  (22824)”锁定。 [D:\source\repos\LYBTZYZS\src\Backend\Services\LYBT.WebAPI\LYBT.WebAPI.csproj]
         C:\Program Files\dotnet\sdk\9.0.302\Microsoft.Common.CurrentVersion.targets(5094,5): warning MSB3026: 无法将“D:\source\repos\LYBTZYZS\src\Backend\Modules\BIN\Debug\net8.0\LYBT.Module.Pharmacy.dll”复制到“bin\Debug\net8.0\LYBT.Module.Pharmacy.dll”。1000 毫秒后将开始第 2 次重试。The process cannot access the file 'D:\source\repos\LYBTZYZS\src\Backend\Services\LYBT.WebAPI\bin\Debug\net8.0\LYBT.Module.Pharmacy.dll' because it is being used by another process. 文件被“  (22824)”锁定。 [D:\source\repos\LYBTZYZS\src\Backend\Services\LYBT.WebAPI\LYBT.WebAPI.csproj]
         C:\Program Files\dotnet\sdk\9.0.302\Microsoft.Common.CurrentVersion.targets(5094,5): warning MSB3026: 无法将“D:\source\repos\LYBTZYZS\src\Backend\Modules\BIN\Debug\net8.0\LYBT.Module.Herbs.dll”复制到“bin\Debug\net8.0\LYBT.Module.Herbs.dll”。1000 毫秒后将开始第 2 次重试。The process cannot access the file 'D:\source\repos\LYBTZYZS\src\Backend\Services\LYBT.WebAPI\bin\Debug\net8.0\LYBT.Module.Herbs.dll' because it is being used by another process. 文件被“  (22824)”锁定。 [D:\source\repos\LYBTZYZS\src\Backend\Services\LYBT.WebAPI\LYBT.WebAPI.csproj]
         C:\Program Files\dotnet\sdk\9.0.302\Microsoft.Common.CurrentVersion.targets(5094,5): warning MSB3026: 无法将“D:\source\repos\LYBTZYZS\src\Backend\Modules\BIN\Debug\net8.0\LYBT.Module.Queueing.dll”复制到“bin\Debug\net8.0\LYBT.Module.Queueing.dll”。1000 毫秒后将开始第 2 次重试。The process cannot access the file 'D:\source\repos\LYBTZYZS\src\Backend\Services\LYBT.WebAPI\bin\Debug\net8.0\LYBT.Module.Queueing.dll' because it is being used by another process. 文件被“  (22824)”锁定。 [D:\source\repos\LYBTZYZS\src\Backend\Services\LYBT.WebAPI\LYBT.WebAPI.csproj]
         C:\Program Files\dotnet\sdk\9.0.302\Microsoft.Common.CurrentVersion.targets(5094,5): warning MSB3026: 无法将“D:\source\repos\LYBTZYZS\src\Backend\Modules\LYBT.Module.Prescriptions\bin\Debug\net8.0\LYBT.Module.Prescriptions.dll”复制到“bin\Debug\net8.0\LYBT.Module.Prescriptions.dll”。1000 毫秒后将开始第 2 次重试。The process cannot access the file 'D:\source\repos\LYBTZYZS\src\Backend\Services\LYBT.WebAPI\bin\Debug\net8.0\LYBT.Module.Prescriptions.dll' because it is being used by another process. 文件被“  (22824)”锁定。 [D:\source\repos\LYBTZYZS\src\Backend\Services\LYBT.WebAPI\LYBT.WebAPI.csproj]
         C:\Program Files\dotnet\sdk\9.0.302\Microsoft.Common.CurrentVersion.targets(5094,5): warning MSB3026: 无法将“D:\source\repos\LYBTZYZS\src\Backend\Modules\BIN\Debug\net8.0\LYBT.Module.Patients.dll”复制到“bin\Debug\net8.0\LYBT.Module.Patients.dll”。1000 毫秒后将开始第 3 次重试。The process cannot access the file 'D:\source\repos\LYBTZYZS\src\Backend\Services\LYBT.WebAPI\bin\Debug\net8.0\LYBT.Module.Patients.dll' because it is being used by another process. 文件被“  (22824)”锁定。 [D:\source\repos\LYBTZYZS\src\Backend\Services\LYBT.WebAPI\LYBT.WebAPI.csproj]
         C:\Program Files\dotnet\sdk\9.0.302\Microsoft.Common.CurrentVersion.targets(5094,5): warning MSB3026: 无法将“D:\source\repos\LYBTZYZS\src\Backend\Modules\BIN\Debug\net8.0\LYBT.Module.FormulaTemplates.dll”复制到“bin\Debug\net8.0\LYBT.Module.FormulaTemplates.dll”。1000 毫秒后将开始第 3 次重试。The process cannot access the file 'D:\source\repos\LYBTZYZS\src\Backend\Services\LYBT.WebAPI\bin\Debug\net8.0\LYBT.Module.FormulaTemplates.dll' because it is being used by another process. 文件被“  (22824)”锁定。 [D:\source\repos\LYBTZYZS\src\Backend\Services\LYBT.WebAPI\LYBT.WebAPI.csproj]
         C:\Program Files\dotnet\sdk\9.0.302\Microsoft.Common.CurrentVersion.targets(5094,5): warning MSB3026: 无法将“D:\source\repos\LYBTZYZS\src\Backend\Modules\BIN\Debug\net8.0\LYBT.Module.Herbs.dll”复制到“bin\Debug\net8.0\LYBT.Module.Herbs.dll”。1000 毫秒后将开始第 3 次重试。The process cannot access the file 'D:\source\repos\LYBTZYZS\src\Backend\Services\LYBT.WebAPI\bin\Debug\net8.0\LYBT.Module.Herbs.dll' because it is being used by another process. 文件被“  (22824)”锁定。 [D:\source\repos\LYBTZYZS\src\Backend\Services\LYBT.WebAPI\LYBT.WebAPI.csproj]
         C:\Program Files\dotnet\sdk\9.0.302\Microsoft.Common.CurrentVersion.targets(5094,5): warning MSB3026: 无法将“D:\source\repos\LYBTZYZS\src\Backend\Modules\BIN\Debug\net8.0\LYBT.Module.Pharmacy.dll”复制到“bin\Debug\net8.0\LYBT.Module.Pharmacy.dll”。1000 毫秒后将开始第 3 次重试。The process cannot access the file 'D:\source\repos\LYBTZYZS\src\Backend\Services\LYBT.WebAPI\bin\Debug\net8.0\LYBT.Module.Pharmacy.dll' because it is being used by another process. 文件被“  (22824)”锁定。 [D:\source\repos\LYBTZYZS\src\Backend\Services\LYBT.WebAPI\LYBT.WebAPI.csproj]
         C:\Program Files\dotnet\sdk\9.0.302\Microsoft.Common.CurrentVersion.targets(5094,5): warning MSB3026: 无法将“D:\source\repos\LYBTZYZS\src\Backend\Modules\BIN\Debug\net8.0\LYBT.Module.Queueing.dll”复制到“bin\Debug\net8.0\LYBT.Module.Queueing.dll”。1000 毫秒后将开始第 3 次重试。The process cannot access the file 'D:\source\repos\LYBTZYZS\src\Backend\Services\LYBT.WebAPI\bin\Debug\net8.0\LYBT.Module.Queueing.dll' because it is being used by another process. 文件被“  (22824)”锁定。 [D:\source\repos\LYBTZYZS\src\Backend\Services\LYBT.WebAPI\LYBT.WebAPI.csproj]
         C:\Program Files\dotnet\sdk\9.0.302\Microsoft.Common.CurrentVersion.targets(5094,5): warning MSB3026: 无法将“D:\source\repos\LYBTZYZS\src\Backend\Modules\LYBT.Module.Prescriptions\bin\Debug\net8.0\LYBT.Module.Prescriptions.dll”复制到“bin\Debug\net8.0\LYBT.Module.Prescriptions.dll”。1000 毫秒后将开始第 3 次重试。The process cannot access the file 'D:\source\repos\LYBTZYZS\src\Backend\Services\LYBT.WebAPI\bin\Debug\net8.0\LYBT.Module.Prescriptions.dll' because it is being used by another process. 文件被“  (22824)”锁定。 [D:\source\repos\LYBTZYZS\src\Backend\Services\LYBT.WebAPI\LYBT.WebAPI.csproj]
         C:\Program Files\dotnet\sdk\9.0.302\Microsoft.Common.CurrentVersion.targets(5094,5): warning MSB3026: 无法将“D:\source\repos\LYBTZYZS\src\Backend\Modules\BIN\Debug\net8.0\LYBT.Module.Patients.dll”复制到“bin\Debug\net8.0\LYBT.Module.Patients.dll”。1000 毫秒后将开始第 4 次重试。The process cannot access the file 'D:\source\repos\LYBTZYZS\src\Backend\Services\LYBT.WebAPI\bin\Debug\net8.0\LYBT.Module.Patients.dll' because it is being used by another process. 文件被“  (22824)”锁定。 [D:\source\repos\LYBTZYZS\src\Backend\Services\LYBT.WebAPI\LYBT.WebAPI.csproj]
         C:\Program Files\dotnet\sdk\9.0.302\Microsoft.Common.CurrentVersion.targets(5094,5): warning MSB3026: 无法将“D:\source\repos\LYBTZYZS\src\Backend\Modules\BIN\Debug\net8.0\LYBT.Module.FormulaTemplates.dll”复制到“bin\Debug\net8.0\LYBT.Module.FormulaTemplates.dll”。1000 毫秒后将开始第 4 次重试。The process cannot access the file 'D:\source\repos\LYBTZYZS\src\Backend\Services\LYBT.WebAPI\bin\Debug\net8.0\LYBT.Module.FormulaTemplates.dll' because it is being used by another process. 文件被“  (22824)”锁定。 [D:\source\repos\LYBTZYZS\src\Backend\Services\LYBT.WebAPI\LYBT.WebAPI.csproj]
         C:\Program Files\dotnet\sdk\9.0.302\Microsoft.Common.CurrentVersion.targets(5094,5): warning MSB3026: 无法将“D:\source\repos\LYBTZYZS\src\Backend\Modules\BIN\Debug\net8.0\LYBT.Module.Pharmacy.dll”复制到“bin\Debug\net8.0\LYBT.Module.Pharmacy.dll”。1000 毫秒后将开始第 4 次重试。The process cannot access the file 'D:\source\repos\LYBTZYZS\src\Backend\Services\LYBT.WebAPI\bin\Debug\net8.0\LYBT.Module.Pharmacy.dll' because it is being used by another process. 文件被“  (22824)”锁定。 [D:\source\repos\LYBTZYZS\src\Backend\Services\LYBT.WebAPI\LYBT.WebAPI.csproj]
         C:\Program Files\dotnet\sdk\9.0.302\Microsoft.Common.CurrentVersion.targets(5094,5): warning MSB3026: 无法将“D:\source\repos\LYBTZYZS\src\Backend\Modules\BIN\Debug\net8.0\LYBT.Module.Herbs.dll”复制到“bin\Debug\net8.0\LYBT.Module.Herbs.dll”。1000 毫秒后将开始第 4 次重试。The process cannot access the file 'D:\source\repos\LYBTZYZS\src\Backend\Services\LYBT.WebAPI\bin\Debug\net8.0\LYBT.Module.Herbs.dll' because it is being used by another process. 文件被“  (22824)”锁定。 [D:\source\repos\LYBTZYZS\src\Backend\Services\LYBT.WebAPI\LYBT.WebAPI.csproj]
         C:\Program Files\dotnet\sdk\9.0.302\Microsoft.Common.CurrentVersion.targets(5094,5): warning MSB3026: 无法将“D:\source\repos\LYBTZYZS\src\Backend\Modules\LYBT.Module.Prescriptions\bin\Debug\net8.0\LYBT.Module.Prescriptions.dll”复制到“bin\Debug\net8.0\LYBT.Module.Prescriptions.dll”。1000 毫秒后将开始第 4 次重试。The process cannot access the file 'D:\source\repos\LYBTZYZS\src\Backend\Services\LYBT.WebAPI\bin\Debug\net8.0\LYBT.Module.Prescriptions.dll' because it is being used by another process. 文件被“  (22824)”锁定。 [D:\source\repos\LYBTZYZS\src\Backend\Services\LYBT.WebAPI\LYBT.WebAPI.csproj]
         C:\Program Files\dotnet\sdk\9.0.302\Microsoft.Common.CurrentVersion.targets(5094,5): warning MSB3026: 无法将“D:\source\repos\LYBTZYZS\src\Backend\Modules\BIN\Debug\net8.0\LYBT.Module.Queueing.dll”复制到“bin\Debug\net8.0\LYBT.Module.Queueing.dll”。1000 毫秒后将开始第 4 次重试。The process cannot access the file 'D:\source\repos\LYBTZYZS\src\Backend\Services\LYBT.WebAPI\bin\Debug\net8.0\LYBT.Module.Queueing.dll' because it is being used by another process. 文件被“  (22824)”锁定。 [D:\source\repos\LYBTZYZS\src\Backend\Services\LYBT.WebAPI\LYBT.WebAPI.csproj]
         C:\Program Files\dotnet\sdk\9.0.302\Microsoft.Common.CurrentVersion.targets(5094,5): warning MSB3026: 无法将“D:\source\repos\LYBTZYZS\src\Backend\Modules\BIN\Debug\net8.0\LYBT.Module.Patients.dll”复制到“bin\Debug\net8.0\LYBT.Module.Patients.dll”。1000 毫秒后将开始第 5 次重试。The process cannot access the file 'D:\source\repos\LYBTZYZS\src\Backend\Services\LYBT.WebAPI\bin\Debug\net8.0\LYBT.Module.Patients.dll' because it is being used by another process. 文件被“  (22824)”锁定。 [D:\source\repos\LYBTZYZS\src\Backend\Services\LYBT.WebAPI\LYBT.WebAPI.csproj]
         C:\Program Files\dotnet\sdk\9.0.302\Microsoft.Common.CurrentVersion.targets(5094,5): warning MSB3026: 无法将“D:\source\repos\LYBTZYZS\src\Backend\Modules\BIN\Debug\net8.0\LYBT.Module.FormulaTemplates.dll”复制到“bin\Debug\net8.0\LYBT.Module.FormulaTemplates.dll”。1000 毫秒后将开始第 5 次重试。The process cannot access the file 'D:\source\repos\LYBTZYZS\src\Backend\Services\LYBT.WebAPI\bin\Debug\net8.0\LYBT.Module.FormulaTemplates.dll' because it is being used by another process. 文件被“  (22824)”锁定。 [D:\source\repos\LYBTZYZS\src\Backend\Services\LYBT.WebAPI\LYBT.WebAPI.csproj]
         C:\Program Files\dotnet\sdk\9.0.302\Microsoft.Common.CurrentVersion.targets(5094,5): warning MSB3026: 无法将“D:\source\repos\LYBTZYZS\src\Backend\Modules\BIN\Debug\net8.0\LYBT.Module.Pharmacy.dll”复制到“bin\Debug\net8.0\LYBT.Module.Pharmacy.dll”。1000 毫秒后将开始第 5 次重试。The process cannot access the file 'D:\source\repos\LYBTZYZS\src\Backend\Services\LYBT.WebAPI\bin\Debug\net8.0\LYBT.Module.Pharmacy.dll' because it is being used by another process. 文件被“  (22824)”锁定。 [D:\source\repos\LYBTZYZS\src\Backend\Services\LYBT.WebAPI\LYBT.WebAPI.csproj]
         C:\Program Files\dotnet\sdk\9.0.302\Microsoft.Common.CurrentVersion.targets(5094,5): warning MSB3026: 无法将“D:\source\repos\LYBTZYZS\src\Backend\Modules\BIN\Debug\net8.0\LYBT.Module.Herbs.dll”复制到“bin\Debug\net8.0\LYBT.Module.Herbs.dll”。1000 毫秒后将开始第 5 次重试。The process cannot access the file 'D:\source\repos\LYBTZYZS\src\Backend\Services\LYBT.WebAPI\bin\Debug\net8.0\LYBT.Module.Herbs.dll' because it is being used by another process. 文件被“  (22824)”锁定。 [D:\source\repos\LYBTZYZS\src\Backend\Services\LYBT.WebAPI\LYBT.WebAPI.csproj]
         C:\Program Files\dotnet\sdk\9.0.302\Microsoft.Common.CurrentVersion.targets(5094,5): warning MSB3026: 无法将“D:\source\repos\LYBTZYZS\src\Backend\Modules\BIN\Debug\net8.0\LYBT.Module.Queueing.dll”复制到“bin\Debug\net8.0\LYBT.Module.Queueing.dll”。1000 毫秒后将开始第 5 次重试。The process cannot access the file 'D:\source\repos\LYBTZYZS\src\Backend\Services\LYBT.WebAPI\bin\Debug\net8.0\LYBT.Module.Queueing.dll' because it is being used by another process. 文件被“  (22824)”锁定。 [D:\source\repos\LYBTZYZS\src\Backend\Services\LYBT.WebAPI\LYBT.WebAPI.csproj]
         C:\Program Files\dotnet\sdk\9.0.302\Microsoft.Common.CurrentVersion.targets(5094,5): warning MSB3026: 无法将“D:\source\repos\LYBTZYZS\src\Backend\Modules\LYBT.Module.Prescriptions\bin\Debug\net8.0\LYBT.Module.Prescriptions.dll”复制到“bin\Debug\net8.0\LYBT.Module.Prescriptions.dll”。1000 毫秒后将开始第 5 次重试。The process cannot access the file 'D:\source\repos\LYBTZYZS\src\Backend\Services\LYBT.WebAPI\bin\Debug\net8.0\LYBT.Module.Prescriptions.dll' because it is being used by another process. 文件被“  (22824)”锁定。 [D:\source\repos\LYBTZYZS\src\Backend\Services\LYBT.WebAPI\LYBT.WebAPI.csproj]
         C:\Program Files\dotnet\sdk\9.0.302\Microsoft.Common.CurrentVersion.targets(5094,5): warning MSB3026: 无法将“D:\source\repos\LYBTZYZS\src\Backend\Modules\BIN\Debug\net8.0\LYBT.Module.Patients.dll”复制到“bin\Debug\net8.0\LYBT.Module.Patients.dll”。1000 毫秒后将开始第 6 次重试。The process cannot access the file 'D:\source\repos\LYBTZYZS\src\Backend\Services\LYBT.WebAPI\bin\Debug\net8.0\LYBT.Module.Patients.dll' because it is being used by another process. 文件被“  (22824)”锁定。 [D:\source\repos\LYBTZYZS\src\Backend\Services\LYBT.WebAPI\LYBT.WebAPI.csproj]
         C:\Program Files\dotnet\sdk\9.0.302\Microsoft.Common.CurrentVersion.targets(5094,5): warning MSB3026: 无法将“D:\source\repos\LYBTZYZS\src\Backend\Modules\BIN\Debug\net8.0\LYBT.Module.FormulaTemplates.dll”复制到“bin\Debug\net8.0\LYBT.Module.FormulaTemplates.dll”。1000 毫秒后将开始第 6 次重试。The process cannot access the file 'D:\source\repos\LYBTZYZS\src\Backend\Services\LYBT.WebAPI\bin\Debug\net8.0\LYBT.Module.FormulaTemplates.dll' because it is being used by another process. 文件被“  (22824)”锁定。 [D:\source\repos\LYBTZYZS\src\Backend\Services\LYBT.WebAPI\LYBT.WebAPI.csproj]
         C:\Program Files\dotnet\sdk\9.0.302\Microsoft.Common.CurrentVersion.targets(5094,5): warning MSB3026: 无法将“D:\source\repos\LYBTZYZS\src\Backend\Modules\BIN\Debug\net8.0\LYBT.Module.Herbs.dll”复制到“bin\Debug\net8.0\LYBT.Module.Herbs.dll”。1000 毫秒后将开始第 6 次重试。The process cannot access the file 'D:\source\repos\LYBTZYZS\src\Backend\Services\LYBT.WebAPI\bin\Debug\net8.0\LYBT.Module.Herbs.dll' because it is being used by another process. 文件被“  (22824)”锁定。 [D:\source\repos\LYBTZYZS\src\Backend\Services\LYBT.WebAPI\LYBT.WebAPI.csproj]
         C:\Program Files\dotnet\sdk\9.0.302\Microsoft.Common.CurrentVersion.targets(5094,5): warning MSB3026: 无法将“D:\source\repos\LYBTZYZS\src\Backend\Modules\BIN\Debug\net8.0\LYBT.Module.Pharmacy.dll”复制到“bin\Debug\net8.0\LYBT.Module.Pharmacy.dll”。1000 毫秒后将开始第 6 次重试。The process cannot access the file 'D:\source\repos\LYBTZYZS\src\Backend\Services\LYBT.WebAPI\bin\Debug\net8.0\LYBT.Module.Pharmacy.dll' because it is being used by another process. 文件被“  (22824)”锁定。 [D:\source\repos\LYBTZYZS\src\Backend\Services\LYBT.WebAPI\LYBT.WebAPI.csproj]
         C:\Program Files\dotnet\sdk\9.0.302\Microsoft.Common.CurrentVersion.targets(5094,5): warning MSB3026: 无法将“D:\source\repos\LYBTZYZS\src\Backend\Modules\BIN\Debug\net8.0\LYBT.Module.Queueing.dll”复制到“bin\Debug\net8.0\LYBT.Module.Queueing.dll”。1000 毫秒后将开始第 6 次重试。The process cannot access the file 'D:\source\repos\LYBTZYZS\src\Backend\Services\LYBT.WebAPI\bin\Debug\net8.0\LYBT.Module.Queueing.dll' because it is being used by another process. 文件被“  (22824)”锁定。 [D:\source\repos\LYBTZYZS\src\Backend\Services\LYBT.WebAPI\LYBT.WebAPI.csproj]
         C:\Program Files\dotnet\sdk\9.0.302\Microsoft.Common.CurrentVersion.targets(5094,5): warning MSB3026: 无法将“D:\source\repos\LYBTZYZS\src\Backend\Modules\LYBT.Module.Prescriptions\bin\Debug\net8.0\LYBT.Module.Prescriptions.dll”复制到“bin\Debug\net8.0\LYBT.Module.Prescriptions.dll”。1000 毫秒后将开始第 6 次重试。The process cannot access the file 'D:\source\repos\LYBTZYZS\src\Backend\Services\LYBT.WebAPI\bin\Debug\net8.0\LYBT.Module.Prescriptions.dll' because it is being used by another process. 文件被“  (22824)”锁定。 [D:\source\repos\LYBTZYZS\src\Backend\Services\LYBT.WebAPI\LYBT.WebAPI.csproj]
         C:\Program Files\dotnet\sdk\9.0.302\Microsoft.Common.CurrentVersion.targets(5094,5): warning MSB3026: 无法将“D:\source\repos\LYBTZYZS\src\Backend\Modules\BIN\Debug\net8.0\LYBT.Module.Patients.dll”复制到“bin\Debug\net8.0\LYBT.Module.Patients.dll”。1000 毫秒后将开始第 7 次重试。The process cannot access the file 'D:\source\repos\LYBTZYZS\src\Backend\Services\LYBT.WebAPI\bin\Debug\net8.0\LYBT.Module.Patients.dll' because it is being used by another process. 文件被“  (22824)”锁定。 [D:\source\repos\LYBTZYZS\src\Backend\Services\LYBT.WebAPI\LYBT.WebAPI.csproj]
         C:\Program Files\dotnet\sdk\9.0.302\Microsoft.Common.CurrentVersion.targets(5094,5): warning MSB3026: 无法将“D:\source\repos\LYBTZYZS\src\Backend\Modules\BIN\Debug\net8.0\LYBT.Module.FormulaTemplates.dll”复制到“bin\Debug\net8.0\LYBT.Module.FormulaTemplates.dll”。1000 毫秒后将开始第 7 次重试。The process cannot access the file 'D:\source\repos\LYBTZYZS\src\Backend\Services\LYBT.WebAPI\bin\Debug\net8.0\LYBT.Module.FormulaTemplates.dll' because it is being used by another process. 文件被“  (22824)”锁定。 [D:\source\repos\LYBTZYZS\src\Backend\Services\LYBT.WebAPI\LYBT.WebAPI.csproj]
         C:\Program Files\dotnet\sdk\9.0.302\Microsoft.Common.CurrentVersion.targets(5094,5): warning MSB3026: 无法将“D:\source\repos\LYBTZYZS\src\Backend\Modules\BIN\Debug\net8.0\LYBT.Module.Pharmacy.dll”复制到“bin\Debug\net8.0\LYBT.Module.Pharmacy.dll”。1000 毫秒后将开始第 7 次重试。The process cannot access the file 'D:\source\repos\LYBTZYZS\src\Backend\Services\LYBT.WebAPI\bin\Debug\net8.0\LYBT.Module.Pharmacy.dll' because it is being used by another process. 文件被“  (22824)”锁定。 [D:\source\repos\LYBTZYZS\src\Backend\Services\LYBT.WebAPI\LYBT.WebAPI.csproj]
         C:\Program Files\dotnet\sdk\9.0.302\Microsoft.Common.CurrentVersion.targets(5094,5): warning MSB3026: 无法将“D:\source\repos\LYBTZYZS\src\Backend\Modules\BIN\Debug\net8.0\LYBT.Module.Herbs.dll”复制到“bin\Debug\net8.0\LYBT.Module.Herbs.dll”。1000 毫秒后将开始第 7 次重试。The process cannot access the file 'D:\source\repos\LYBTZYZS\src\Backend\Services\LYBT.WebAPI\bin\Debug\net8.0\LYBT.Module.Herbs.dll' because it is being used by another process. 文件被“  (22824)”锁定。 [D:\source\repos\LYBTZYZS\src\Backend\Services\LYBT.WebAPI\LYBT.WebAPI.csproj]
         C:\Program Files\dotnet\sdk\9.0.302\Microsoft.Common.CurrentVersion.targets(5094,5): warning MSB3026: 无法将“D:\source\repos\LYBTZYZS\src\Backend\Modules\LYBT.Module.Prescriptions\bin\Debug\net8.0\LYBT.Module.Prescriptions.dll”复制到“bin\Debug\net8.0\LYBT.Module.Prescriptions.dll”。1000 毫秒后将开始第 7 次重试。The process cannot access the file 'D:\source\repos\LYBTZYZS\src\Backend\Services\LYBT.WebAPI\bin\Debug\net8.0\LYBT.Module.Prescriptions.dll' because it is being used by another process. 文件被“  (22824)”锁定。 [D:\source\repos\LYBTZYZS\src\Backend\Services\LYBT.WebAPI\LYBT.WebAPI.csproj]
         C:\Program Files\dotnet\sdk\9.0.302\Microsoft.Common.CurrentVersion.targets(5094,5): warning MSB3026: 无法将“D:\source\repos\LYBTZYZS\src\Backend\Modules\BIN\Debug\net8.0\LYBT.Module.Queueing.dll”复制到“bin\Debug\net8.0\LYBT.Module.Queueing.dll”。1000 毫秒后将开始第 7 次重试。The process cannot access the file 'D:\source\repos\LYBTZYZS\src\Backend\Services\LYBT.WebAPI\bin\Debug\net8.0\LYBT.Module.Queueing.dll' because it is being used by another process. 文件被“  (22824)”锁定。 [D:\source\repos\LYBTZYZS\src\Backend\Services\LYBT.WebAPI\LYBT.WebAPI.csproj]
         C:\Program Files\dotnet\sdk\9.0.302\Microsoft.Common.CurrentVersion.targets(5094,5): warning MSB3026: 无法将“D:\source\repos\LYBTZYZS\src\Backend\Modules\BIN\Debug\net8.0\LYBT.Module.FormulaTemplates.dll”复制到“bin\Debug\net8.0\LYBT.Module.FormulaTemplates.dll”。1000 毫秒后将开始第 8 次重试。The process cannot access the file 'D:\source\repos\LYBTZYZS\src\Backend\Services\LYBT.WebAPI\bin\Debug\net8.0\LYBT.Module.FormulaTemplates.dll' because it is being used by another process. 文件被“  (22824)”锁定。 [D:\source\repos\LYBTZYZS\src\Backend\Services\LYBT.WebAPI\LYBT.WebAPI.csproj]
         C:\Program Files\dotnet\sdk\9.0.302\Microsoft.Common.CurrentVersion.targets(5094,5): warning MSB3026: 无法将“D:\source\repos\LYBTZYZS\src\Backend\Modules\BIN\Debug\net8.0\LYBT.Module.Patients.dll”复制到“bin\Debug\net8.0\LYBT.Module.Patients.dll”。1000 毫秒后将开始第 8 次重试。The process cannot access the file 'D:\source\repos\LYBTZYZS\src\Backend\Services\LYBT.WebAPI\bin\Debug\net8.0\LYBT.Module.Patients.dll' because it is being used by another process. 文件被“  (22824)”锁定。 [D:\source\repos\LYBTZYZS\src\Backend\Services\LYBT.WebAPI\LYBT.WebAPI.csproj]
         C:\Program Files\dotnet\sdk\9.0.302\Microsoft.Common.CurrentVersion.targets(5094,5): warning MSB3026: 无法将“D:\source\repos\LYBTZYZS\src\Backend\Modules\BIN\Debug\net8.0\LYBT.Module.Pharmacy.dll”复制到“bin\Debug\net8.0\LYBT.Module.Pharmacy.dll”。1000 毫秒后将开始第 8 次重试。The process cannot access the file 'D:\source\repos\LYBTZYZS\src\Backend\Services\LYBT.WebAPI\bin\Debug\net8.0\LYBT.Module.Pharmacy.dll' because it is being used by another process. 文件被“  (22824)”锁定。 [D:\source\repos\LYBTZYZS\src\Backend\Services\LYBT.WebAPI\LYBT.WebAPI.csproj]
         C:\Program Files\dotnet\sdk\9.0.302\Microsoft.Common.CurrentVersion.targets(5094,5): warning MSB3026: 无法将“D:\source\repos\LYBTZYZS\src\Backend\Modules\BIN\Debug\net8.0\LYBT.Module.Herbs.dll”复制到“bin\Debug\net8.0\LYBT.Module.Herbs.dll”。1000 毫秒后将开始第 8 次重试。The process cannot access the file 'D:\source\repos\LYBTZYZS\src\Backend\Services\LYBT.WebAPI\bin\Debug\net8.0\LYBT.Module.Herbs.dll' because it is being used by another process. 文件被“  (22824)”锁定。 [D:\source\repos\LYBTZYZS\src\Backend\Services\LYBT.WebAPI\LYBT.WebAPI.csproj]
         C:\Program Files\dotnet\sdk\9.0.302\Microsoft.Common.CurrentVersion.targets(5094,5): warning MSB3026: 无法将“D:\source\repos\LYBTZYZS\src\Backend\Modules\LYBT.Module.Prescriptions\bin\Debug\net8.0\LYBT.Module.Prescriptions.dll”复制到“bin\Debug\net8.0\LYBT.Module.Prescriptions.dll”。1000 毫秒后将开始第 8 次重试。The process cannot access the file 'D:\source\repos\LYBTZYZS\src\Backend\Services\LYBT.WebAPI\bin\Debug\net8.0\LYBT.Module.Prescriptions.dll' because it is being used by another process. 文件被“  (22824)”锁定。 [D:\source\repos\LYBTZYZS\src\Backend\Services\LYBT.WebAPI\LYBT.WebAPI.csproj]
         C:\Program Files\dotnet\sdk\9.0.302\Microsoft.Common.CurrentVersion.targets(5094,5): warning MSB3026: 无法将“D:\source\repos\LYBTZYZS\src\Backend\Modules\BIN\Debug\net8.0\LYBT.Module.Queueing.dll”复制到“bin\Debug\net8.0\LYBT.Module.Queueing.dll”。1000 毫秒后将开始第 8 次重试。The process cannot access the file 'D:\source\repos\LYBTZYZS\src\Backend\Services\LYBT.WebAPI\bin\Debug\net8.0\LYBT.Module.Queueing.dll' because it is being used by another process. 文件被“  (22824)”锁定。 [D:\source\repos\LYBTZYZS\src\Backend\Services\LYBT.WebAPI\LYBT.WebAPI.csproj]
         C:\Program Files\dotnet\sdk\9.0.302\Microsoft.Common.CurrentVersion.targets(5094,5): warning MSB3026: 无法将“D:\source\repos\LYBTZYZS\src\Backend\Modules\BIN\Debug\net8.0\LYBT.Module.FormulaTemplates.dll”复制到“bin\Debug\net8.0\LYBT.Module.FormulaTemplates.dll”。1000 毫秒后将开始第 9 次重试。The process cannot access the file 'D:\source\repos\LYBTZYZS\src\Backend\Services\LYBT.WebAPI\bin\Debug\net8.0\LYBT.Module.FormulaTemplates.dll' because it is being used by another process. 文件被“  (22824)”锁定。 [D:\source\repos\LYBTZYZS\src\Backend\Services\LYBT.WebAPI\LYBT.WebAPI.csproj]
         C:\Program Files\dotnet\sdk\9.0.302\Microsoft.Common.CurrentVersion.targets(5094,5): warning MSB3026: 无法将“D:\source\repos\LYBTZYZS\src\Backend\Modules\BIN\Debug\net8.0\LYBT.Module.Patients.dll”复制到“bin\Debug\net8.0\LYBT.Module.Patients.dll”。1000 毫秒后将开始第 9 次重试。The process cannot access the file 'D:\source\repos\LYBTZYZS\src\Backend\Services\LYBT.WebAPI\bin\Debug\net8.0\LYBT.Module.Patients.dll' because it is being used by another process. 文件被“  (22824)”锁定。 [D:\source\repos\LYBTZYZS\src\Backend\Services\LYBT.WebAPI\LYBT.WebAPI.csproj]
         C:\Program Files\dotnet\sdk\9.0.302\Microsoft.Common.CurrentVersion.targets(5094,5): warning MSB3026: 无法将“D:\source\repos\LYBTZYZS\src\Backend\Modules\BIN\Debug\net8.0\LYBT.Module.Pharmacy.dll”复制到“bin\Debug\net8.0\LYBT.Module.Pharmacy.dll”。1000 毫秒后将开始第 9 次重试。The process cannot access the file 'D:\source\repos\LYBTZYZS\src\Backend\Services\LYBT.WebAPI\bin\Debug\net8.0\LYBT.Module.Pharmacy.dll' because it is being used by another process. 文件被“  (22824)”锁定。 [D:\source\repos\LYBTZYZS\src\Backend\Services\LYBT.WebAPI\LYBT.WebAPI.csproj]
         C:\Program Files\dotnet\sdk\9.0.302\Microsoft.Common.CurrentVersion.targets(5094,5): warning MSB3026: 无法将“D:\source\repos\LYBTZYZS\src\Backend\Modules\BIN\Debug\net8.0\LYBT.Module.Herbs.dll”复制到“bin\Debug\net8.0\LYBT.Module.Herbs.dll”。1000 毫秒后将开始第 9 次重试。The process cannot access the file 'D:\source\repos\LYBTZYZS\src\Backend\Services\LYBT.WebAPI\bin\Debug\net8.0\LYBT.Module.Herbs.dll' because it is being used by another process. 文件被“  (22824)”锁定。 [D:\source\repos\LYBTZYZS\src\Backend\Services\LYBT.WebAPI\LYBT.WebAPI.csproj]
         C:\Program Files\dotnet\sdk\9.0.302\Microsoft.Common.CurrentVersion.targets(5094,5): warning MSB3026: 无法将“D:\source\repos\LYBTZYZS\src\Backend\Modules\BIN\Debug\net8.0\LYBT.Module.Queueing.dll”复制到“bin\Debug\net8.0\LYBT.Module.Queueing.dll”。1000 毫秒后将开始第 9 次重试。The process cannot access the file 'D:\source\repos\LYBTZYZS\src\Backend\Services\LYBT.WebAPI\bin\Debug\net8.0\LYBT.Module.Queueing.dll' because it is being used by another process. 文件被“  (22824)”锁定。 [D:\source\repos\LYBTZYZS\src\Backend\Services\LYBT.WebAPI\LYBT.WebAPI.csproj]
         C:\Program Files\dotnet\sdk\9.0.302\Microsoft.Common.CurrentVersion.targets(5094,5): warning MSB3026: 无法将“D:\source\repos\LYBTZYZS\src\Backend\Modules\LYBT.Module.Prescriptions\bin\Debug\net8.0\LYBT.Module.Prescriptions.dll”复制到“bin\Debug\net8.0\LYBT.Module.Prescriptions.dll”。1000 毫秒后将开始第 9 次重试。The process cannot access the file 'D:\source\repos\LYBTZYZS\src\Backend\Services\LYBT.WebAPI\bin\Debug\net8.0\LYBT.Module.Prescriptions.dll' because it is being used by another process. 文件被“  (22824)”锁定。 [D:\source\repos\LYBTZYZS\src\Backend\Services\LYBT.WebAPI\LYBT.WebAPI.csproj]
         C:\Program Files\dotnet\sdk\9.0.302\Microsoft.Common.CurrentVersion.targets(5094,5): warning MSB3026: 无法将“D:\source\repos\LYBTZYZS\src\Backend\Modules\BIN\Debug\net8.0\LYBT.Module.FormulaTemplates.dll”复制到“bin\Debug\net8.0\LYBT.Module.FormulaTemplates.dll”。1000 毫秒后将开始第 10 次重试。The process cannot access the file 'D:\source\repos\LYBTZYZS\src\Backend\Services\LYBT.WebAPI\bin\Debug\net8.0\LYBT.Module.FormulaTemplates.dll' because it is being used by another process. 文件被“  (22824)”锁定。 [D:\source\repos\LYBTZYZS\src\Backend\Services\LYBT.WebAPI\LYBT.WebAPI.csproj]
         C:\Program Files\dotnet\sdk\9.0.302\Microsoft.Common.CurrentVersion.targets(5094,5): warning MSB3026: 无法将“D:\source\repos\LYBTZYZS\src\Backend\Modules\BIN\Debug\net8.0\LYBT.Module.Patients.dll”复制到“bin\Debug\net8.0\LYBT.Module.Patients.dll”。1000 毫秒后将开始第 10 次重试。The process cannot access the file 'D:\source\repos\LYBTZYZS\src\Backend\Services\LYBT.WebAPI\bin\Debug\net8.0\LYBT.Module.Patients.dll' because it is being used by another process. 文件被“  (22824)”锁定。 [D:\source\repos\LYBTZYZS\src\Backend\Services\LYBT.WebAPI\LYBT.WebAPI.csproj]
         C:\Program Files\dotnet\sdk\9.0.302\Microsoft.Common.CurrentVersion.targets(5094,5): warning MSB3026: 无法将“D:\source\repos\LYBTZYZS\src\Backend\Modules\BIN\Debug\net8.0\LYBT.Module.Pharmacy.dll”复制到“bin\Debug\net8.0\LYBT.Module.Pharmacy.dll”。1000 毫秒后将开始第 10 次重试。The process cannot access the file 'D:\source\repos\LYBTZYZS\src\Backend\Services\LYBT.WebAPI\bin\Debug\net8.0\LYBT.Module.Pharmacy.dll' because it is being used by another process. 文件被“  (22824)”锁定。 [D:\source\repos\LYBTZYZS\src\Backend\Services\LYBT.WebAPI\LYBT.WebAPI.csproj]
         C:\Program Files\dotnet\sdk\9.0.302\Microsoft.Common.CurrentVersion.targets(5094,5): warning MSB3026: 无法将“D:\source\repos\LYBTZYZS\src\Backend\Modules\BIN\Debug\net8.0\LYBT.Module.Herbs.dll”复制到“bin\Debug\net8.0\LYBT.Module.Herbs.dll”。1000 毫秒后将开始第 10 次重试。The process cannot access the file 'D:\source\repos\LYBTZYZS\src\Backend\Services\LYBT.WebAPI\bin\Debug\net8.0\LYBT.Module.Herbs.dll' because it is being used by another process. 文件被“  (22824)”锁定。 [D:\source\repos\LYBTZYZS\src\Backend\Services\LYBT.WebAPI\LYBT.WebAPI.csproj]
         C:\Program Files\dotnet\sdk\9.0.302\Microsoft.Common.CurrentVersion.targets(5094,5): warning MSB3026: 无法将“D:\source\repos\LYBTZYZS\src\Backend\Modules\BIN\Debug\net8.0\LYBT.Module.Queueing.dll”复制到“bin\Debug\net8.0\LYBT.Module.Queueing.dll”。1000 毫秒后将开始第 10 次重试。The process cannot access the file 'D:\source\repos\LYBTZYZS\src\Backend\Services\LYBT.WebAPI\bin\Debug\net8.0\LYBT.Module.Queueing.dll' because it is being used by another process. 文件被“  (22824)”锁定。 [D:\source\repos\LYBTZYZS\src\Backend\Services\LYBT.WebAPI\LYBT.WebAPI.csproj]
         C:\Program Files\dotnet\sdk\9.0.302\Microsoft.Common.CurrentVersion.targets(5094,5): warning MSB3026: 无法将“D:\source\repos\LYBTZYZS\src\Backend\Modules\LYBT.Module.Prescriptions\bin\Debug\net8.0\LYBT.Module.Prescriptions.dll”复制到“bin\Debug\net8.0\LYBT.Module.Prescriptions.dll”。1000 毫秒后将开始第 10 次重试。The process cannot access the file 'D:\source\repos\LYBTZYZS\src\Backend\Services\LYBT.WebAPI\bin\Debug\net8.0\LYBT.Module.Prescriptions.dll' because it is being used by another process. 文件被“  (22824)”锁定。 [D:\source\repos\LYBTZYZS\src\Backend\Services\LYBT.WebAPI\LYBT.WebAPI.csproj]
         C:\Program Files\dotnet\sdk\9.0.302\Microsoft.Common.CurrentVersion.targets(5094,5): warning MSB3026: 无法将“D:\source\repos\LYBTZYZS\src\Backend\Modules\BIN\Debug\net8.0\LYBT.Module.Records.dll”复制到“bin\Debug\net8.0\LYBT.Module.Records.dll”。1000 毫秒后将开始第 1 次重试。The process cannot access the file 'D:\source\repos\LYBTZYZS\src\Backend\Services\LYBT.WebAPI\bin\Debug\net8.0\LYBT.Module.Records.dll' because it is being used by another process. 文件被“  (22824)”锁定。 [D:\source\repos\LYBTZYZS\src\Backend\Services\LYBT.WebAPI\LYBT.WebAPI.csproj]
         C:\Program Files\dotnet\sdk\9.0.302\Microsoft.Common.CurrentVersion.targets(5094,5): warning MSB3026: 无法将“D:\source\repos\LYBTZYZS\src\Backend\Modules\BIN\Debug\net8.0\LYBT.Module.Registration.dll”复制到“bin\Debug\net8.0\LYBT.Module.Registration.dll”。1000 毫秒后将开始第 1 次重试。The process cannot access the file 'D:\source\repos\LYBTZYZS\src\Backend\Services\LYBT.WebAPI\bin\Debug\net8.0\LYBT.Module.Registration.dll' because it is being used by another process. 文件被“  (22824)”锁定。 [D:\source\repos\LYBTZYZS\src\Backend\Services\LYBT.WebAPI\LYBT.WebAPI.csproj]
         C:\Program Files\dotnet\sdk\9.0.302\Microsoft.Common.CurrentVersion.targets(5094,5): warning MSB3026: 无法将“D:\source\repos\LYBTZYZS\src\Backend\Modules\BIN\Debug\net8.0\LYBT.Module.Sync.dll”复制到“bin\Debug\net8.0\LYBT.Module.Sync.dll”。1000 毫秒后将开始第 1 次重试。The process cannot access the file 'D:\source\repos\LYBTZYZS\src\Backend\Services\LYBT.WebAPI\bin\Debug\net8.0\LYBT.Module.Sync.dll' because it is being used by another process. 文件被“  (22824)”锁定。 [D:\source\repos\LYBTZYZS\src\Backend\Services\LYBT.WebAPI\LYBT.WebAPI.csproj]
         C:\Program Files\dotnet\sdk\9.0.302\Microsoft.Common.CurrentVersion.targets(5094,5): warning MSB3026: 无法将“D:\source\repos\LYBTZYZS\src\Backend\Modules\BIN\Debug\net8.0\LYBT.Module.TreatmentRoom.dll”复制到“bin\Debug\net8.0\LYBT.Module.TreatmentRoom.dll”。1000 毫秒后将开始第 1 次重试。The process cannot access the file 'D:\source\repos\LYBTZYZS\src\Backend\Services\LYBT.WebAPI\bin\Debug\net8.0\LYBT.Module.TreatmentRoom.dll' because it is being used by another process. 文件被“  (22824)”锁定。 [D:\source\repos\LYBTZYZS\src\Backend\Services\LYBT.WebAPI\LYBT.WebAPI.csproj]
         C:\Program Files\dotnet\sdk\9.0.302\Microsoft.Common.CurrentVersion.targets(5094,5): warning MSB3026: 无法将“D:\source\repos\LYBTZYZS\src\Backend\Modules\BIN\Debug\net8.0\LYBT.Module.Users.dll”复制到“bin\Debug\net8.0\LYBT.Module.Users.dll”。1000 毫秒后将开始第 1 次重试。The process cannot access the file 'D:\source\repos\LYBTZYZS\src\Backend\Services\LYBT.WebAPI\bin\Debug\net8.0\LYBT.Module.Users.dll' because it is being used by another process. 文件被“  (22824)”锁定。 [D:\source\repos\LYBTZYZS\src\Backend\Services\LYBT.WebAPI\LYBT.WebAPI.csproj]
         C:\Program Files\dotnet\sdk\9.0.302\Microsoft.Common.CurrentVersion.targets(5094,5): warning MSB3026: 无法将“D:\source\repos\LYBTZYZS\src\Shared\LYBT.Shared.Models\bin\Debug\net8.0\LYBT.Shared.Models.dll”复制到“bin\Debug\net8.0\LYBT.Shared.Models.dll”。1000 毫秒后将开始第 1 次重试。The process cannot access the file 'D:\source\repos\LYBTZYZS\src\Backend\Services\LYBT.WebAPI\bin\Debug\net8.0\LYBT.Shared.Models.dll' because it is being used by another process. 文件被“  (22824)”锁定。 [D:\source\repos\LYBTZYZS\src\Backend\Services\LYBT.WebAPI\LYBT.WebAPI.csproj]
         C:\Program Files\dotnet\sdk\9.0.302\Microsoft.Common.CurrentVersion.targets(5094,5): warning MSB3026: 无法将“D:\source\repos\LYBTZYZS\src\Backend\Modules\BIN\Debug\net8.0\LYBT.Module.Records.dll”复制到“bin\Debug\net8.0\LYBT.Module.Records.dll”。1000 毫秒后将开始第 2 次重试。The process cannot access the file 'D:\source\repos\LYBTZYZS\src\Backend\Services\LYBT.WebAPI\bin\Debug\net8.0\LYBT.Module.Records.dll' because it is being used by another process. 文件被“  (22824)”锁定。 [D:\source\repos\LYBTZYZS\src\Backend\Services\LYBT.WebAPI\LYBT.WebAPI.csproj]
         C:\Program Files\dotnet\sdk\9.0.302\Microsoft.Common.CurrentVersion.targets(5094,5): warning MSB3026: 无法将“D:\source\repos\LYBTZYZS\src\Backend\Modules\BIN\Debug\net8.0\LYBT.Module.Registration.dll”复制到“bin\Debug\net8.0\LYBT.Module.Registration.dll”。1000 毫秒后将开始第 2 次重试。The process cannot access the file 'D:\source\repos\LYBTZYZS\src\Backend\Services\LYBT.WebAPI\bin\Debug\net8.0\LYBT.Module.Registration.dll' because it is being used by another process. 文件被“  (22824)”锁定。 [D:\source\repos\LYBTZYZS\src\Backend\Services\LYBT.WebAPI\LYBT.WebAPI.csproj]
         C:\Program Files\dotnet\sdk\9.0.302\Microsoft.Common.CurrentVersion.targets(5094,5): warning MSB3026: 无法将“D:\source\repos\LYBTZYZS\src\Backend\Modules\BIN\Debug\net8.0\LYBT.Module.Sync.dll”复制到“bin\Debug\net8.0\LYBT.Module.Sync.dll”。1000 毫秒后将开始第 2 次重试。The process cannot access the file 'D:\source\repos\LYBTZYZS\src\Backend\Services\LYBT.WebAPI\bin\Debug\net8.0\LYBT.Module.Sync.dll' because it is being used by another process. 文件被“  (22824)”锁定。 [D:\source\repos\LYBTZYZS\src\Backend\Services\LYBT.WebAPI\LYBT.WebAPI.csproj]
         C:\Program Files\dotnet\sdk\9.0.302\Microsoft.Common.CurrentVersion.targets(5094,5): warning MSB3026: 无法将“D:\source\repos\LYBTZYZS\src\Backend\Modules\BIN\Debug\net8.0\LYBT.Module.TreatmentRoom.dll”复制到“bin\Debug\net8.0\LYBT.Module.TreatmentRoom.dll”。1000 毫秒后将开始第 2 次重试。The process cannot access the file 'D:\source\repos\LYBTZYZS\src\Backend\Services\LYBT.WebAPI\bin\Debug\net8.0\LYBT.Module.TreatmentRoom.dll' because it is being used by another process. 文件被“  (22824)”锁定。 [D:\source\repos\LYBTZYZS\src\Backend\Services\LYBT.WebAPI\LYBT.WebAPI.csproj]
         C:\Program Files\dotnet\sdk\9.0.302\Microsoft.Common.CurrentVersion.targets(5094,5): warning MSB3026: 无法将“D:\source\repos\LYBTZYZS\src\Shared\LYBT.Shared.Models\bin\Debug\net8.0\LYBT.Shared.Models.dll”复制到“bin\Debug\net8.0\LYBT.Shared.Models.dll”。1000 毫秒后将开始第 2 次重试。The process cannot access the file 'D:\source\repos\LYBTZYZS\src\Backend\Services\LYBT.WebAPI\bin\Debug\net8.0\LYBT.Shared.Models.dll' because it is being used by another process. 文件被“  (22824)”锁定。 [D:\source\repos\LYBTZYZS\src\Backend\Services\LYBT.WebAPI\LYBT.WebAPI.csproj]
         C:\Program Files\dotnet\sdk\9.0.302\Microsoft.Common.CurrentVersion.targets(5094,5): warning MSB3026: 无法将“D:\source\repos\LYBTZYZS\src\Backend\Modules\BIN\Debug\net8.0\LYBT.Module.Users.dll”复制到“bin\Debug\net8.0\LYBT.Module.Users.dll”。1000 毫秒后将开始第 2 次重试。The process cannot access the file 'D:\source\repos\LYBTZYZS\src\Backend\Services\LYBT.WebAPI\bin\Debug\net8.0\LYBT.Module.Users.dll' because it is being used by another process. 文件被“  (22824)”锁定。 [D:\source\repos\LYBTZYZS\src\Backend\Services\LYBT.WebAPI\LYBT.WebAPI.csproj]
         C:\Program Files\dotnet\sdk\9.0.302\Microsoft.Common.CurrentVersion.targets(5094,5): warning MSB3026: 无法将“D:\source\repos\LYBTZYZS\src\Backend\Modules\BIN\Debug\net8.0\LYBT.Module.Records.dll”复制到“bin\Debug\net8.0\LYBT.Module.Records.dll”。1000 毫秒后将开始第 3 次重试。The process cannot access the file 'D:\source\repos\LYBTZYZS\src\Backend\Services\LYBT.WebAPI\bin\Debug\net8.0\LYBT.Module.Records.dll' because it is being used by another process. 文件被“  (22824)”锁定。 [D:\source\repos\LYBTZYZS\src\Backend\Services\LYBT.WebAPI\LYBT.WebAPI.csproj]
         C:\Program Files\dotnet\sdk\9.0.302\Microsoft.Common.CurrentVersion.targets(5094,5): warning MSB3026: 无法将“D:\source\repos\LYBTZYZS\src\Backend\Modules\BIN\Debug\net8.0\LYBT.Module.Registration.dll”复制到“bin\Debug\net8.0\LYBT.Module.Registration.dll”。1000 毫秒后将开始第 3 次重试。The process cannot access the file 'D:\source\repos\LYBTZYZS\src\Backend\Services\LYBT.WebAPI\bin\Debug\net8.0\LYBT.Module.Registration.dll' because it is being used by another process. 文件被“  (22824)”锁定。 [D:\source\repos\LYBTZYZS\src\Backend\Services\LYBT.WebAPI\LYBT.WebAPI.csproj]
         C:\Program Files\dotnet\sdk\9.0.302\Microsoft.Common.CurrentVersion.targets(5094,5): warning MSB3026: 无法将“D:\source\repos\LYBTZYZS\src\Backend\Modules\BIN\Debug\net8.0\LYBT.Module.Sync.dll”复制到“bin\Debug\net8.0\LYBT.Module.Sync.dll”。1000 毫秒后将开始第 3 次重试。The process cannot access the file 'D:\source\repos\LYBTZYZS\src\Backend\Services\LYBT.WebAPI\bin\Debug\net8.0\LYBT.Module.Sync.dll' because it is being used by another process. 文件被“  (22824)”锁定。 [D:\source\repos\LYBTZYZS\src\Backend\Services\LYBT.WebAPI\LYBT.WebAPI.csproj]
         C:\Program Files\dotnet\sdk\9.0.302\Microsoft.Common.CurrentVersion.targets(5094,5): warning MSB3026: 无法将“D:\source\repos\LYBTZYZS\src\Backend\Modules\BIN\Debug\net8.0\LYBT.Module.TreatmentRoom.dll”复制到“bin\Debug\net8.0\LYBT.Module.TreatmentRoom.dll”。1000 毫秒后将开始第 3 次重试。The process cannot access the file 'D:\source\repos\LYBTZYZS\src\Backend\Services\LYBT.WebAPI\bin\Debug\net8.0\LYBT.Module.TreatmentRoom.dll' because it is being used by another process. 文件被“  (22824)”锁定。 [D:\source\repos\LYBTZYZS\src\Backend\Services\LYBT.WebAPI\LYBT.WebAPI.csproj]
         C:\Program Files\dotnet\sdk\9.0.302\Microsoft.Common.CurrentVersion.targets(5094,5): warning MSB3026: 无法将“D:\source\repos\LYBTZYZS\src\Shared\LYBT.Shared.Models\bin\Debug\net8.0\LYBT.Shared.Models.dll”复制到“bin\Debug\net8.0\LYBT.Shared.Models.dll”。1000 毫秒后将开始第 3 次重试。The process cannot access the file 'D:\source\repos\LYBTZYZS\src\Backend\Services\LYBT.WebAPI\bin\Debug\net8.0\LYBT.Shared.Models.dll' because it is being used by another process. 文件被“  (22824)”锁定。 [D:\source\repos\LYBTZYZS\src\Backend\Services\LYBT.WebAPI\LYBT.WebAPI.csproj]
         C:\Program Files\dotnet\sdk\9.0.302\Microsoft.Common.CurrentVersion.targets(5094,5): warning MSB3026: 无法将“D:\source\repos\LYBTZYZS\src\Backend\Modules\BIN\Debug\net8.0\LYBT.Module.Users.dll”复制到“bin\Debug\net8.0\LYBT.Module.Users.dll”。1000 毫秒后将开始第 3 次重试。The process cannot access the file 'D:\source\repos\LYBTZYZS\src\Backend\Services\LYBT.WebAPI\bin\Debug\net8.0\LYBT.Module.Users.dll' because it is being used by another process. 文件被“  (22824)”锁定。 [D:\source\repos\LYBTZYZS\src\Backend\Services\LYBT.WebAPI\LYBT.WebAPI.csproj]
         C:\Program Files\dotnet\sdk\9.0.302\Microsoft.Common.CurrentVersion.targets(5094,5): warning MSB3026: 无法将“D:\source\repos\LYBTZYZS\src\Backend\Modules\BIN\Debug\net8.0\LYBT.Module.Records.dll”复制到“bin\Debug\net8.0\LYBT.Module.Records.dll”。1000 毫秒后将开始第 4 次重试。The process cannot access the file 'D:\source\repos\LYBTZYZS\src\Backend\Services\LYBT.WebAPI\bin\Debug\net8.0\LYBT.Module.Records.dll' because it is being used by another process. 文件被“  (22824)”锁定。 [D:\source\repos\LYBTZYZS\src\Backend\Services\LYBT.WebAPI\LYBT.WebAPI.csproj]
         C:\Program Files\dotnet\sdk\9.0.302\Microsoft.Common.CurrentVersion.targets(5094,5): warning MSB3026: 无法将“D:\source\repos\LYBTZYZS\src\Backend\Modules\BIN\Debug\net8.0\LYBT.Module.Registration.dll”复制到“bin\Debug\net8.0\LYBT.Module.Registration.dll”。1000 毫秒后将开始第 4 次重试。The process cannot access the file 'D:\source\repos\LYBTZYZS\src\Backend\Services\LYBT.WebAPI\bin\Debug\net8.0\LYBT.Module.Registration.dll' because it is being used by another process. 文件被“  (22824)”锁定。 [D:\source\repos\LYBTZYZS\src\Backend\Services\LYBT.WebAPI\LYBT.WebAPI.csproj]
         C:\Program Files\dotnet\sdk\9.0.302\Microsoft.Common.CurrentVersion.targets(5094,5): warning MSB3026: 无法将“D:\source\repos\LYBTZYZS\src\Backend\Modules\BIN\Debug\net8.0\LYBT.Module.TreatmentRoom.dll”复制到“bin\Debug\net8.0\LYBT.Module.TreatmentRoom.dll”。1000 毫秒后将开始第 4 次重试。The process cannot access the file 'D:\source\repos\LYBTZYZS\src\Backend\Services\LYBT.WebAPI\bin\Debug\net8.0\LYBT.Module.TreatmentRoom.dll' because it is being used by another process. 文件被“  (22824)”锁定。 [D:\source\repos\LYBTZYZS\src\Backend\Services\LYBT.WebAPI\LYBT.WebAPI.csproj]
         C:\Program Files\dotnet\sdk\9.0.302\Microsoft.Common.CurrentVersion.targets(5094,5): warning MSB3026: 无法将“D:\source\repos\LYBTZYZS\src\Backend\Modules\BIN\Debug\net8.0\LYBT.Module.Sync.dll”复制到“bin\Debug\net8.0\LYBT.Module.Sync.dll”。1000 毫秒后将开始第 4 次重试。The process cannot access the file 'D:\source\repos\LYBTZYZS\src\Backend\Services\LYBT.WebAPI\bin\Debug\net8.0\LYBT.Module.Sync.dll' because it is being used by another process. 文件被“  (22824)”锁定。 [D:\source\repos\LYBTZYZS\src\Backend\Services\LYBT.WebAPI\LYBT.WebAPI.csproj]
         C:\Program Files\dotnet\sdk\9.0.302\Microsoft.Common.CurrentVersion.targets(5094,5): warning MSB3026: 无法将“D:\source\repos\LYBTZYZS\src\Shared\LYBT.Shared.Models\bin\Debug\net8.0\LYBT.Shared.Models.dll”复制到“bin\Debug\net8.0\LYBT.Shared.Models.dll”。1000 毫秒后将开始第 4 次重试。The process cannot access the file 'D:\source\repos\LYBTZYZS\src\Backend\Services\LYBT.WebAPI\bin\Debug\net8.0\LYBT.Shared.Models.dll' because it is being used by another process. 文件被“  (22824)”锁定。 [D:\source\repos\LYBTZYZS\src\Backend\Services\LYBT.WebAPI\LYBT.WebAPI.csproj]
         C:\Program Files\dotnet\sdk\9.0.302\Microsoft.Common.CurrentVersion.targets(5094,5): warning MSB3026: 无法将“D:\source\repos\LYBTZYZS\src\Backend\Modules\BIN\Debug\net8.0\LYBT.Module.Users.dll”复制到“bin\Debug\net8.0\LYBT.Module.Users.dll”。1000 毫秒后将开始第 4 次重试。The process cannot access the file 'D:\source\repos\LYBTZYZS\src\Backend\Services\LYBT.WebAPI\bin\Debug\net8.0\LYBT.Module.Users.dll' because it is being used by another process. 文件被“  (22824)”锁定。 [D:\source\repos\LYBTZYZS\src\Backend\Services\LYBT.WebAPI\LYBT.WebAPI.csproj]
         C:\Program Files\dotnet\sdk\9.0.302\Microsoft.Common.CurrentVersion.targets(5094,5): warning MSB3026: 无法将“D:\source\repos\LYBTZYZS\src\Backend\Modules\BIN\Debug\net8.0\LYBT.Module.Records.dll”复制到“bin\Debug\net8.0\LYBT.Module.Records.dll”。1000 毫秒后将开始第 5 次重试。The process cannot access the file 'D:\source\repos\LYBTZYZS\src\Backend\Services\LYBT.WebAPI\bin\Debug\net8.0\LYBT.Module.Records.dll' because it is being used by another process. 文件被“  (22824)”锁定。 [D:\source\repos\LYBTZYZS\src\Backend\Services\LYBT.WebAPI\LYBT.WebAPI.csproj]
         C:\Program Files\dotnet\sdk\9.0.302\Microsoft.Common.CurrentVersion.targets(5094,5): warning MSB3026: 无法将“D:\source\repos\LYBTZYZS\src\Backend\Modules\BIN\Debug\net8.0\LYBT.Module.Registration.dll”复制到“bin\Debug\net8.0\LYBT.Module.Registration.dll”。1000 毫秒后将开始第 5 次重试。The process cannot access the file 'D:\source\repos\LYBTZYZS\src\Backend\Services\LYBT.WebAPI\bin\Debug\net8.0\LYBT.Module.Registration.dll' because it is being used by another process. 文件被“  (22824)”锁定。 [D:\source\repos\LYBTZYZS\src\Backend\Services\LYBT.WebAPI\LYBT.WebAPI.csproj]
         C:\Program Files\dotnet\sdk\9.0.302\Microsoft.Common.CurrentVersion.targets(5094,5): warning MSB3026: 无法将“D:\source\repos\LYBTZYZS\src\Backend\Modules\BIN\Debug\net8.0\LYBT.Module.Sync.dll”复制到“bin\Debug\net8.0\LYBT.Module.Sync.dll”。1000 毫秒后将开始第 5 次重试。The process cannot access the file 'D:\source\repos\LYBTZYZS\src\Backend\Services\LYBT.WebAPI\bin\Debug\net8.0\LYBT.Module.Sync.dll' because it is being used by another process. 文件被“  (22824)”锁定。 [D:\source\repos\LYBTZYZS\src\Backend\Services\LYBT.WebAPI\LYBT.WebAPI.csproj]
         C:\Program Files\dotnet\sdk\9.0.302\Microsoft.Common.CurrentVersion.targets(5094,5): warning MSB3026: 无法将“D:\source\repos\LYBTZYZS\src\Backend\Modules\BIN\Debug\net8.0\LYBT.Module.TreatmentRoom.dll”复制到“bin\Debug\net8.0\LYBT.Module.TreatmentRoom.dll”。1000 毫秒后将开始第 5 次重试。The process cannot access the file 'D:\source\repos\LYBTZYZS\src\Backend\Services\LYBT.WebAPI\bin\Debug\net8.0\LYBT.Module.TreatmentRoom.dll' because it is being used by another process. 文件被“  (22824)”锁定。 [D:\source\repos\LYBTZYZS\src\Backend\Services\LYBT.WebAPI\LYBT.WebAPI.csproj]
         C:\Program Files\dotnet\sdk\9.0.302\Microsoft.Common.CurrentVersion.targets(5094,5): warning MSB3026: 无法将“D:\source\repos\LYBTZYZS\src\Shared\LYBT.Shared.Models\bin\Debug\net8.0\LYBT.Shared.Models.dll”复制到“bin\Debug\net8.0\LYBT.Shared.Models.dll”。1000 毫秒后将开始第 5 次重试。The process cannot access the file 'D:\source\repos\LYBTZYZS\src\Backend\Services\LYBT.WebAPI\bin\Debug\net8.0\LYBT.Shared.Models.dll' because it is being used by another process. 文件被“  (22824)”锁定。 [D:\source\repos\LYBTZYZS\src\Backend\Services\LYBT.WebAPI\LYBT.WebAPI.csproj]
         C:\Program Files\dotnet\sdk\9.0.302\Microsoft.Common.CurrentVersion.targets(5094,5): warning MSB3026: 无法将“D:\source\repos\LYBTZYZS\src\Backend\Modules\BIN\Debug\net8.0\LYBT.Module.Users.dll”复制到“bin\Debug\net8.0\LYBT.Module.Users.dll”。1000 毫秒后将开始第 5 次重试。The process cannot access the file 'D:\source\repos\LYBTZYZS\src\Backend\Services\LYBT.WebAPI\bin\Debug\net8.0\LYBT.Module.Users.dll' because it is being used by another process. 文件被“  (22824)”锁定。 [D:\source\repos\LYBTZYZS\src\Backend\Services\LYBT.WebAPI\LYBT.WebAPI.csproj]
         C:\Program Files\dotnet\sdk\9.0.302\Microsoft.Common.CurrentVersion.targets(5094,5): warning MSB3026: 无法将“D:\source\repos\LYBTZYZS\src\Backend\Modules\BIN\Debug\net8.0\LYBT.Module.Records.dll”复制到“bin\Debug\net8.0\LYBT.Module.Records.dll”。1000 毫秒后将开始第 6 次重试。The process cannot access the file 'D:\source\repos\LYBTZYZS\src\Backend\Services\LYBT.WebAPI\bin\Debug\net8.0\LYBT.Module.Records.dll' because it is being used by another process. 文件被“  (22824)”锁定。 [D:\source\repos\LYBTZYZS\src\Backend\Services\LYBT.WebAPI\LYBT.WebAPI.csproj]
         C:\Program Files\dotnet\sdk\9.0.302\Microsoft.Common.CurrentVersion.targets(5094,5): warning MSB3026: 无法将“D:\source\repos\LYBTZYZS\src\Backend\Modules\BIN\Debug\net8.0\LYBT.Module.Registration.dll”复制到“bin\Debug\net8.0\LYBT.Module.Registration.dll”。1000 毫秒后将开始第 6 次重试。The process cannot access the file 'D:\source\repos\LYBTZYZS\src\Backend\Services\LYBT.WebAPI\bin\Debug\net8.0\LYBT.Module.Registration.dll' because it is being used by another process. 文件被“  (22824)”锁定。 [D:\source\repos\LYBTZYZS\src\Backend\Services\LYBT.WebAPI\LYBT.WebAPI.csproj]
         C:\Program Files\dotnet\sdk\9.0.302\Microsoft.Common.CurrentVersion.targets(5094,5): warning MSB3026: 无法将“D:\source\repos\LYBTZYZS\src\Shared\LYBT.Shared.Models\bin\Debug\net8.0\LYBT.Shared.Models.dll”复制到“bin\Debug\net8.0\LYBT.Shared.Models.dll”。1000 毫秒后将开始第 6 次重试。The process cannot access the file 'D:\source\repos\LYBTZYZS\src\Backend\Services\LYBT.WebAPI\bin\Debug\net8.0\LYBT.Shared.Models.dll' because it is being used by another process. 文件被“  (22824)”锁定。 [D:\source\repos\LYBTZYZS\src\Backend\Services\LYBT.WebAPI\LYBT.WebAPI.csproj]
         C:\Program Files\dotnet\sdk\9.0.302\Microsoft.Common.CurrentVersion.targets(5094,5): warning MSB3026: 无法将“D:\source\repos\LYBTZYZS\src\Backend\Modules\BIN\Debug\net8.0\LYBT.Module.TreatmentRoom.dll”复制到“bin\Debug\net8.0\LYBT.Module.TreatmentRoom.dll”。1000 毫秒后将开始第 6 次重试。The process cannot access the file 'D:\source\repos\LYBTZYZS\src\Backend\Services\LYBT.WebAPI\bin\Debug\net8.0\LYBT.Module.TreatmentRoom.dll' because it is being used by another process. 文件被“  (22824)”锁定。 [D:\source\repos\LYBTZYZS\src\Backend\Services\LYBT.WebAPI\LYBT.WebAPI.csproj]
         C:\Program Files\dotnet\sdk\9.0.302\Microsoft.Common.CurrentVersion.targets(5094,5): warning MSB3026: 无法将“D:\source\repos\LYBTZYZS\src\Backend\Modules\BIN\Debug\net8.0\LYBT.Module.Sync.dll”复制到“bin\Debug\net8.0\LYBT.Module.Sync.dll”。1000 毫秒后将开始第 6 次重试。The process cannot access the file 'D:\source\repos\LYBTZYZS\src\Backend\Services\LYBT.WebAPI\bin\Debug\net8.0\LYBT.Module.Sync.dll' because it is being used by another process. 文件被“  (22824)”锁定。 [D:\source\repos\LYBTZYZS\src\Backend\Services\LYBT.WebAPI\LYBT.WebAPI.csproj]
         C:\Program Files\dotnet\sdk\9.0.302\Microsoft.Common.CurrentVersion.targets(5094,5): warning MSB3026: 无法将“D:\source\repos\LYBTZYZS\src\Backend\Modules\BIN\Debug\net8.0\LYBT.Module.Users.dll”复制到“bin\Debug\net8.0\LYBT.Module.Users.dll”。1000 毫秒后将开始第 6 次重试。The process cannot access the file 'D:\source\repos\LYBTZYZS\src\Backend\Services\LYBT.WebAPI\bin\Debug\net8.0\LYBT.Module.Users.dll' because it is being used by another process. 文件被“  (22824)”锁定。 [D:\source\repos\LYBTZYZS\src\Backend\Services\LYBT.WebAPI\LYBT.WebAPI.csproj]
         C:\Program Files\dotnet\sdk\9.0.302\Microsoft.Common.CurrentVersion.targets(5094,5): warning MSB3026: 无法将“D:\source\repos\LYBTZYZS\src\Backend\Modules\BIN\Debug\net8.0\LYBT.Module.Registration.dll”复制到“bin\Debug\net8.0\LYBT.Module.Registration.dll”。1000 毫秒后将开始第 7 次重试。The process cannot access the file 'D:\source\repos\LYBTZYZS\src\Backend\Services\LYBT.WebAPI\bin\Debug\net8.0\LYBT.Module.Registration.dll' because it is being used by another process. 文件被“  (22824)”锁定。 [D:\source\repos\LYBTZYZS\src\Backend\Services\LYBT.WebAPI\LYBT.WebAPI.csproj]
         C:\Program Files\dotnet\sdk\9.0.302\Microsoft.Common.CurrentVersion.targets(5094,5): warning MSB3026: 无法将“D:\source\repos\LYBTZYZS\src\Backend\Modules\BIN\Debug\net8.0\LYBT.Module.Records.dll”复制到“bin\Debug\net8.0\LYBT.Module.Records.dll”。1000 毫秒后将开始第 7 次重试。The process cannot access the file 'D:\source\repos\LYBTZYZS\src\Backend\Services\LYBT.WebAPI\bin\Debug\net8.0\LYBT.Module.Records.dll' because it is being used by another process. 文件被“  (22824)”锁定。 [D:\source\repos\LYBTZYZS\src\Backend\Services\LYBT.WebAPI\LYBT.WebAPI.csproj]
         C:\Program Files\dotnet\sdk\9.0.302\Microsoft.Common.CurrentVersion.targets(5094,5): warning MSB3026: 无法将“D:\source\repos\LYBTZYZS\src\Backend\Modules\BIN\Debug\net8.0\LYBT.Module.Users.dll”复制到“bin\Debug\net8.0\LYBT.Module.Users.dll”。1000 毫秒后将开始第 7 次重试。The process cannot access the file 'D:\source\repos\LYBTZYZS\src\Backend\Services\LYBT.WebAPI\bin\Debug\net8.0\LYBT.Module.Users.dll' because it is being used by another process. 文件被“  (22824)”锁定。 [D:\source\repos\LYBTZYZS\src\Backend\Services\LYBT.WebAPI\LYBT.WebAPI.csproj]
         C:\Program Files\dotnet\sdk\9.0.302\Microsoft.Common.CurrentVersion.targets(5094,5): warning MSB3026: 无法将“D:\source\repos\LYBTZYZS\src\Shared\LYBT.Shared.Models\bin\Debug\net8.0\LYBT.Shared.Models.dll”复制到“bin\Debug\net8.0\LYBT.Shared.Models.dll”。1000 毫秒后将开始第 7 次重试。The process cannot access the file 'D:\source\repos\LYBTZYZS\src\Backend\Services\LYBT.WebAPI\bin\Debug\net8.0\LYBT.Shared.Models.dll' because it is being used by another process. 文件被“  (22824)”锁定。 [D:\source\repos\LYBTZYZS\src\Backend\Services\LYBT.WebAPI\LYBT.WebAPI.csproj]
         C:\Program Files\dotnet\sdk\9.0.302\Microsoft.Common.CurrentVersion.targets(5094,5): warning MSB3026: 无法将“D:\source\repos\LYBTZYZS\src\Backend\Modules\BIN\Debug\net8.0\LYBT.Module.TreatmentRoom.dll”复制到“bin\Debug\net8.0\LYBT.Module.TreatmentRoom.dll”。1000 毫秒后将开始第 7 次重试。The process cannot access the file 'D:\source\repos\LYBTZYZS\src\Backend\Services\LYBT.WebAPI\bin\Debug\net8.0\LYBT.Module.TreatmentRoom.dll' because it is being used by another process. 文件被“  (22824)”锁定。 [D:\source\repos\LYBTZYZS\src\Backend\Services\LYBT.WebAPI\LYBT.WebAPI.csproj]
         C:\Program Files\dotnet\sdk\9.0.302\Microsoft.Common.CurrentVersion.targets(5094,5): warning MSB3026: 无法将“D:\source\repos\LYBTZYZS\src\Backend\Modules\BIN\Debug\net8.0\LYBT.Module.Sync.dll”复制到“bin\Debug\net8.0\LYBT.Module.Sync.dll”。1000 毫秒后将开始第 7 次重试。The process cannot access the file 'D:\source\repos\LYBTZYZS\src\Backend\Services\LYBT.WebAPI\bin\Debug\net8.0\LYBT.Module.Sync.dll' because it is being used by another process. 文件被“  (22824)”锁定。 [D:\source\repos\LYBTZYZS\src\Backend\Services\LYBT.WebAPI\LYBT.WebAPI.csproj]
         C:\Program Files\dotnet\sdk\9.0.302\Microsoft.Common.CurrentVersion.targets(5094,5): warning MSB3026: 无法将“D:\source\repos\LYBTZYZS\src\Backend\Modules\BIN\Debug\net8.0\LYBT.Module.Registration.dll”复制到“bin\Debug\net8.0\LYBT.Module.Registration.dll”。1000 毫秒后将开始第 8 次重试。The process cannot access the file 'D:\source\repos\LYBTZYZS\src\Backend\Services\LYBT.WebAPI\bin\Debug\net8.0\LYBT.Module.Registration.dll' because it is being used by another process. 文件被“  (22824)”锁定。 [D:\source\repos\LYBTZYZS\src\Backend\Services\LYBT.WebAPI\LYBT.WebAPI.csproj]
         C:\Program Files\dotnet\sdk\9.0.302\Microsoft.Common.CurrentVersion.targets(5094,5): warning MSB3026: 无法将“D:\source\repos\LYBTZYZS\src\Backend\Modules\BIN\Debug\net8.0\LYBT.Module.Records.dll”复制到“bin\Debug\net8.0\LYBT.Module.Records.dll”。1000 毫秒后将开始第 8 次重试。The process cannot access the file 'D:\source\repos\LYBTZYZS\src\Backend\Services\LYBT.WebAPI\bin\Debug\net8.0\LYBT.Module.Records.dll' because it is being used by another process. 文件被“  (22824)”锁定。 [D:\source\repos\LYBTZYZS\src\Backend\Services\LYBT.WebAPI\LYBT.WebAPI.csproj]
         C:\Program Files\dotnet\sdk\9.0.302\Microsoft.Common.CurrentVersion.targets(5094,5): warning MSB3026: 无法将“D:\source\repos\LYBTZYZS\src\Backend\Modules\BIN\Debug\net8.0\LYBT.Module.Sync.dll”复制到“bin\Debug\net8.0\LYBT.Module.Sync.dll”。1000 毫秒后将开始第 8 次重试。The process cannot access the file 'D:\source\repos\LYBTZYZS\src\Backend\Services\LYBT.WebAPI\bin\Debug\net8.0\LYBT.Module.Sync.dll' because it is being used by another process. 文件被“  (22824)”锁定。 [D:\source\repos\LYBTZYZS\src\Backend\Services\LYBT.WebAPI\LYBT.WebAPI.csproj]
         C:\Program Files\dotnet\sdk\9.0.302\Microsoft.Common.CurrentVersion.targets(5094,5): warning MSB3026: 无法将“D:\source\repos\LYBTZYZS\src\Backend\Modules\BIN\Debug\net8.0\LYBT.Module.TreatmentRoom.dll”复制到“bin\Debug\net8.0\LYBT.Module.TreatmentRoom.dll”。1000 毫秒后将开始第 8 次重试。The process cannot access the file 'D:\source\repos\LYBTZYZS\src\Backend\Services\LYBT.WebAPI\bin\Debug\net8.0\LYBT.Module.TreatmentRoom.dll' because it is being used by another process. 文件被“  (22824)”锁定。 [D:\source\repos\LYBTZYZS\src\Backend\Services\LYBT.WebAPI\LYBT.WebAPI.csproj]
         C:\Program Files\dotnet\sdk\9.0.302\Microsoft.Common.CurrentVersion.targets(5094,5): warning MSB3026: 无法将“D:\source\repos\LYBTZYZS\src\Backend\Modules\BIN\Debug\net8.0\LYBT.Module.Users.dll”复制到“bin\Debug\net8.0\LYBT.Module.Users.dll”。1000 毫秒后将开始第 8 次重试。The process cannot access the file 'D:\source\repos\LYBTZYZS\src\Backend\Services\LYBT.WebAPI\bin\Debug\net8.0\LYBT.Module.Users.dll' because it is being used by another process. 文件被“  (22824)”锁定。 [D:\source\repos\LYBTZYZS\src\Backend\Services\LYBT.WebAPI\LYBT.WebAPI.csproj]
         C:\Program Files\dotnet\sdk\9.0.302\Microsoft.Common.CurrentVersion.targets(5094,5): warning MSB3026: 无法将“D:\source\repos\LYBTZYZS\src\Shared\LYBT.Shared.Models\bin\Debug\net8.0\LYBT.Shared.Models.dll”复制到“bin\Debug\net8.0\LYBT.Shared.Models.dll”。1000 毫秒后将开始第 8 次重试。The process cannot access the file 'D:\source\repos\LYBTZYZS\src\Backend\Services\LYBT.WebAPI\bin\Debug\net8.0\LYBT.Shared.Models.dll' because it is being used by another process. 文件被“  (22824)”锁定。 [D:\source\repos\LYBTZYZS\src\Backend\Services\LYBT.WebAPI\LYBT.WebAPI.csproj]
         C:\Program Files\dotnet\sdk\9.0.302\Microsoft.Common.CurrentVersion.targets(5094,5): warning MSB3026: 无法将“D:\source\repos\LYBTZYZS\src\Backend\Modules\BIN\Debug\net8.0\LYBT.Module.Registration.dll”复制到“bin\Debug\net8.0\LYBT.Module.Registration.dll”。1000 毫秒后将开始第 9 次重试。The process cannot access the file 'D:\source\repos\LYBTZYZS\src\Backend\Services\LYBT.WebAPI\bin\Debug\net8.0\LYBT.Module.Registration.dll' because it is being used by another process. 文件被“  (22824)”锁定。 [D:\source\repos\LYBTZYZS\src\Backend\Services\LYBT.WebAPI\LYBT.WebAPI.csproj]
         C:\Program Files\dotnet\sdk\9.0.302\Microsoft.Common.CurrentVersion.targets(5094,5): warning MSB3026: 无法将“D:\source\repos\LYBTZYZS\src\Backend\Modules\BIN\Debug\net8.0\LYBT.Module.Sync.dll”复制到“bin\Debug\net8.0\LYBT.Module.Sync.dll”。1000 毫秒后将开始第 9 次重试。The process cannot access the file 'D:\source\repos\LYBTZYZS\src\Backend\Services\LYBT.WebAPI\bin\Debug\net8.0\LYBT.Module.Sync.dll' because it is being used by another process. 文件被“  (22824)”锁定。 [D:\source\repos\LYBTZYZS\src\Backend\Services\LYBT.WebAPI\LYBT.WebAPI.csproj]
         C:\Program Files\dotnet\sdk\9.0.302\Microsoft.Common.CurrentVersion.targets(5094,5): warning MSB3026: 无法将“D:\source\repos\LYBTZYZS\src\Backend\Modules\BIN\Debug\net8.0\LYBT.Module.Records.dll”复制到“bin\Debug\net8.0\LYBT.Module.Records.dll”。1000 毫秒后将开始第 9 次重试。The process cannot access the file 'D:\source\repos\LYBTZYZS\src\Backend\Services\LYBT.WebAPI\bin\Debug\net8.0\LYBT.Module.Records.dll' because it is being used by another process. 文件被“  (22824)”锁定。 [D:\source\repos\LYBTZYZS\src\Backend\Services\LYBT.WebAPI\LYBT.WebAPI.csproj]
         C:\Program Files\dotnet\sdk\9.0.302\Microsoft.Common.CurrentVersion.targets(5094,5): warning MSB3026: 无法将“D:\source\repos\LYBTZYZS\src\Backend\Modules\BIN\Debug\net8.0\LYBT.Module.TreatmentRoom.dll”复制到“bin\Debug\net8.0\LYBT.Module.TreatmentRoom.dll”。1000 毫秒后将开始第 9 次重试。The process cannot access the file 'D:\source\repos\LYBTZYZS\src\Backend\Services\LYBT.WebAPI\bin\Debug\net8.0\LYBT.Module.TreatmentRoom.dll' because it is being used by another process. 文件被“  (22824)”锁定。 [D:\source\repos\LYBTZYZS\src\Backend\Services\LYBT.WebAPI\LYBT.WebAPI.csproj]
         C:\Program Files\dotnet\sdk\9.0.302\Microsoft.Common.CurrentVersion.targets(5094,5): warning MSB3026: 无法将“D:\source\repos\LYBTZYZS\src\Shared\LYBT.Shared.Models\bin\Debug\net8.0\LYBT.Shared.Models.dll”复制到“bin\Debug\net8.0\LYBT.Shared.Models.dll”。1000 毫秒后将开始第 9 次重试。The process cannot access the file 'D:\source\repos\LYBTZYZS\src\Backend\Services\LYBT.WebAPI\bin\Debug\net8.0\LYBT.Shared.Models.dll' because it is being used by another process. 文件被“  (22824)”锁定。 [D:\source\repos\LYBTZYZS\src\Backend\Services\LYBT.WebAPI\LYBT.WebAPI.csproj]
         C:\Program Files\dotnet\sdk\9.0.302\Microsoft.Common.CurrentVersion.targets(5094,5): warning MSB3026: 无法将“D:\source\repos\LYBTZYZS\src\Backend\Modules\BIN\Debug\net8.0\LYBT.Module.Users.dll”复制到“bin\Debug\net8.0\LYBT.Module.Users.dll”。1000 毫秒后将开始第 9 次重试。The process cannot access the file 'D:\source\repos\LYBTZYZS\src\Backend\Services\LYBT.WebAPI\bin\Debug\net8.0\LYBT.Module.Users.dll' because it is being used by another process. 文件被“  (22824)”锁定。 [D:\source\repos\LYBTZYZS\src\Backend\Services\LYBT.WebAPI\LYBT.WebAPI.csproj]
         C:\Program Files\dotnet\sdk\9.0.302\Microsoft.Common.CurrentVersion.targets(5094,5): warning MSB3026: 无法将“D:\source\repos\LYBTZYZS\src\Backend\Modules\BIN\Debug\net8.0\LYBT.Module.Registration.dll”复制到“bin\Debug\net8.0\LYBT.Module.Registration.dll”。1000 毫秒后将开始第 10 次重试。The process cannot access the file 'D:\source\repos\LYBTZYZS\src\Backend\Services\LYBT.WebAPI\bin\Debug\net8.0\LYBT.Module.Registration.dll' because it is being used by another process. 文件被“  (22824)”锁定。 [D:\source\repos\LYBTZYZS\src\Backend\Services\LYBT.WebAPI\LYBT.WebAPI.csproj]
         C:\Program Files\dotnet\sdk\9.0.302\Microsoft.Common.CurrentVersion.targets(5094,5): warning MSB3026: 无法将“D:\source\repos\LYBTZYZS\src\Backend\Modules\BIN\Debug\net8.0\LYBT.Module.Records.dll”复制到“bin\Debug\net8.0\LYBT.Module.Records.dll”。1000 毫秒后将开始第 10 次重试。The process cannot access the file 'D:\source\repos\LYBTZYZS\src\Backend\Services\LYBT.WebAPI\bin\Debug\net8.0\LYBT.Module.Records.dll' because it is being used by another process. 文件被“  (22824)”锁定。 [D:\source\repos\LYBTZYZS\src\Backend\Services\LYBT.WebAPI\LYBT.WebAPI.csproj]
         C:\Program Files\dotnet\sdk\9.0.302\Microsoft.Common.CurrentVersion.targets(5094,5): warning MSB3026: 无法将“D:\source\repos\LYBTZYZS\src\Backend\Modules\BIN\Debug\net8.0\LYBT.Module.TreatmentRoom.dll”复制到“bin\Debug\net8.0\LYBT.Module.TreatmentRoom.dll”。1000 毫秒后将开始第 10 次重试。The process cannot access the file 'D:\source\repos\LYBTZYZS\src\Backend\Services\LYBT.WebAPI\bin\Debug\net8.0\LYBT.Module.TreatmentRoom.dll' because it is being used by another process. 文件被“  (22824)”锁定。 [D:\source\repos\LYBTZYZS\src\Backend\Services\LYBT.WebAPI\LYBT.WebAPI.csproj]
         C:\Program Files\dotnet\sdk\9.0.302\Microsoft.Common.CurrentVersion.targets(5094,5): warning MSB3026: 无法将“D:\source\repos\LYBTZYZS\src\Backend\Modules\BIN\Debug\net8.0\LYBT.Module.Sync.dll”复制到“bin\Debug\net8.0\LYBT.Module.Sync.dll”。1000 毫秒后将开始第 10 次重试。The process cannot access the file 'D:\source\repos\LYBTZYZS\src\Backend\Services\LYBT.WebAPI\bin\Debug\net8.0\LYBT.Module.Sync.dll' because it is being used by another process. 文件被“  (22824)”锁定。 [D:\source\repos\LYBTZYZS\src\Backend\Services\LYBT.WebAPI\LYBT.WebAPI.csproj]
         C:\Program Files\dotnet\sdk\9.0.302\Microsoft.Common.CurrentVersion.targets(5094,5): warning MSB3026: 无法将“D:\source\repos\LYBTZYZS\src\Shared\LYBT.Shared.Models\bin\Debug\net8.0\LYBT.Shared.Models.dll”复制到“bin\Debug\net8.0\LYBT.Shared.Models.dll”。1000 毫秒后将开始第 10 次重试。The process cannot access the file 'D:\source\repos\LYBTZYZS\src\Backend\Services\LYBT.WebAPI\bin\Debug\net8.0\LYBT.Shared.Models.dll' because it is being used by another process. 文件被“  (22824)”锁定。 [D:\source\repos\LYBTZYZS\src\Backend\Services\LYBT.WebAPI\LYBT.WebAPI.csproj]
         C:\Program Files\dotnet\sdk\9.0.302\Microsoft.Common.CurrentVersion.targets(5094,5): warning MSB3026: 无法将“D:\source\repos\LYBTZYZS\src\Backend\Modules\BIN\Debug\net8.0\LYBT.Module.Users.dll”复制到“bin\Debug\net8.0\LYBT.Module.Users.dll”。1000 毫秒后将开始第 10 次重试。The process cannot access the file 'D:\source\repos\LYBTZYZS\src\Backend\Services\LYBT.WebAPI\bin\Debug\net8.0\LYBT.Module.Users.dll' because it is being used by another process. 文件被“  (22824)”锁定。 [D:\source\repos\LYBTZYZS\src\Backend\Services\LYBT.WebAPI\LYBT.WebAPI.csproj]
         C:\Program Files\dotnet\sdk\9.0.302\Microsoft.Common.CurrentVersion.targets(5094,5): warning MSB3026: 无法将“D:\source\repos\LYBTZYZS\src\BIN\Debug\net8.0\LYBT.Shared.Utilities.dll”复制到“bin\Debug\net8.0\LYBT.Shared.Utilities.dll”。1000 毫秒后将开始第 1 次重试。The process cannot access the file 'D:\source\repos\LYBTZYZS\src\Backend\Services\LYBT.WebAPI\bin\Debug\net8.0\LYBT.Shared.Utilities.dll' because it is being used by another process. 文件被“  (22824)”锁定。 [D:\source\repos\LYBTZYZS\src\Backend\Services\LYBT.WebAPI\LYBT.WebAPI.csproj]
         C:\Program Files\dotnet\sdk\9.0.302\Microsoft.Common.CurrentVersion.targets(5094,5): warning MSB3026: 无法将“D:\source\repos\LYBTZYZS\src\BIN\Debug\net8.0\LYBT.Shared.Utilities.dll”复制到“bin\Debug\net8.0\LYBT.Shared.Utilities.dll”。1000 毫秒后将开始第 2 次重试。The process cannot access the file 'D:\source\repos\LYBTZYZS\src\Backend\Services\LYBT.WebAPI\bin\Debug\net8.0\LYBT.Shared.Utilities.dll' because it is being used by another process. 文件被“  (22824)”锁定。 [D:\source\repos\LYBTZYZS\src\Backend\Services\LYBT.WebAPI\LYBT.WebAPI.csproj]
         C:\Program Files\dotnet\sdk\9.0.302\Microsoft.Common.CurrentVersion.targets(5094,5): warning MSB3026: 无法将“D:\source\repos\LYBTZYZS\src\BIN\Debug\net8.0\LYBT.Shared.Utilities.dll”复制到“bin\Debug\net8.0\LYBT.Shared.Utilities.dll”。1000 毫秒后将开始第 3 次重试。The process cannot access the file 'D:\source\repos\LYBTZYZS\src\Backend\Services\LYBT.WebAPI\bin\Debug\net8.0\LYBT.Shared.Utilities.dll' because it is being used by another process. 文件被“  (22824)”锁定。 [D:\source\repos\LYBTZYZS\src\Backend\Services\LYBT.WebAPI\LYBT.WebAPI.csproj]
         C:\Program Files\dotnet\sdk\9.0.302\Microsoft.Common.CurrentVersion.targets(5094,5): warning MSB3026: 无法将“D:\source\repos\LYBTZYZS\src\BIN\Debug\net8.0\LYBT.Shared.Utilities.dll”复制到“bin\Debug\net8.0\LYBT.Shared.Utilities.dll”。1000 毫秒后将开始第 4 次重试。The process cannot access the file 'D:\source\repos\LYBTZYZS\src\Backend\Services\LYBT.WebAPI\bin\Debug\net8.0\LYBT.Shared.Utilities.dll' because it is being used by another process. 文件被“  (22824)”锁定。 [D:\source\repos\LYBTZYZS\src\Backend\Services\LYBT.WebAPI\LYBT.WebAPI.csproj]
         C:\Program Files\dotnet\sdk\9.0.302\Microsoft.Common.CurrentVersion.targets(5094,5): warning MSB3026: 无法将“D:\source\repos\LYBTZYZS\src\BIN\Debug\net8.0\LYBT.Shared.Utilities.dll”复制到“bin\Debug\net8.0\LYBT.Shared.Utilities.dll”。1000 毫秒后将开始第 5 次重试。The process cannot access the file 'D:\source\repos\LYBTZYZS\src\Backend\Services\LYBT.WebAPI\bin\Debug\net8.0\LYBT.Shared.Utilities.dll' because it is being used by another process. 文件被“  (22824)”锁定。 [D:\source\repos\LYBTZYZS\src\Backend\Services\LYBT.WebAPI\LYBT.WebAPI.csproj]
         C:\Program Files\dotnet\sdk\9.0.302\Microsoft.Common.CurrentVersion.targets(5094,5): warning MSB3026: 无法将“D:\source\repos\LYBTZYZS\src\BIN\Debug\net8.0\LYBT.Shared.Utilities.dll”复制到“bin\Debug\net8.0\LYBT.Shared.Utilities.dll”。1000 毫秒后将开始第 6 次重试。The process cannot access the file 'D:\source\repos\LYBTZYZS\src\Backend\Services\LYBT.WebAPI\bin\Debug\net8.0\LYBT.Shared.Utilities.dll' because it is being used by another process. 文件被“  (22824)”锁定。 [D:\source\repos\LYBTZYZS\src\Backend\Services\LYBT.WebAPI\LYBT.WebAPI.csproj]
         C:\Program Files\dotnet\sdk\9.0.302\Microsoft.Common.CurrentVersion.targets(5094,5): warning MSB3026: 无法将“D:\source\repos\LYBTZYZS\src\BIN\Debug\net8.0\LYBT.Shared.Utilities.dll”复制到“bin\Debug\net8.0\LYBT.Shared.Utilities.dll”。1000 毫秒后将开始第 7 次重试。The process cannot access the file 'D:\source\repos\LYBTZYZS\src\Backend\Services\LYBT.WebAPI\bin\Debug\net8.0\LYBT.Shared.Utilities.dll' because it is being used by another process. 文件被“  (22824)”锁定。 [D:\source\repos\LYBTZYZS\src\Backend\Services\LYBT.WebAPI\LYBT.WebAPI.csproj]
         C:\Program Files\dotnet\sdk\9.0.302\Microsoft.Common.CurrentVersion.targets(5094,5): warning MSB3026: 无法将“D:\source\repos\LYBTZYZS\src\BIN\Debug\net8.0\LYBT.Shared.Utilities.dll”复制到“bin\Debug\net8.0\LYBT.Shared.Utilities.dll”。1000 毫秒后将开始第 8 次重试。The process cannot access the file 'D:\source\repos\LYBTZYZS\src\Backend\Services\LYBT.WebAPI\bin\Debug\net8.0\LYBT.Shared.Utilities.dll' because it is being used by another process. 文件被“  (22824)”锁定。 [D:\source\repos\LYBTZYZS\src\Backend\Services\LYBT.WebAPI\LYBT.WebAPI.csproj]
         C:\Program Files\dotnet\sdk\9.0.302\Microsoft.Common.CurrentVersion.targets(5094,5): warning MSB3026: 无法将“D:\source\repos\LYBTZYZS\src\BIN\Debug\net8.0\LYBT.Shared.Utilities.dll”复制到“bin\Debug\net8.0\LYBT.Shared.Utilities.dll”。1000 毫秒后将开始第 9 次重试。The process cannot access the file 'D:\source\repos\LYBTZYZS\src\Backend\Services\LYBT.WebAPI\bin\Debug\net8.0\LYBT.Shared.Utilities.dll' because it is being used by another process. 文件被“  (22824)”锁定。 [D:\source\repos\LYBTZYZS\src\Backend\Services\LYBT.WebAPI\LYBT.WebAPI.csproj]
         C:\Program Files\dotnet\sdk\9.0.302\Microsoft.Common.CurrentVersion.targets(5094,5): warning MSB3026: 无法将“D:\source\repos\LYBTZYZS\src\BIN\Debug\net8.0\LYBT.Shared.Utilities.dll”复制到“bin\Debug\net8.0\LYBT.Shared.Utilities.dll”。1000 毫秒后将开始第 10 次重试。The process cannot access the file 'D:\source\repos\LYBTZYZS\src\Backend\Services\LYBT.WebAPI\bin\Debug\net8.0\LYBT.Shared.Utilities.dll' because it is being used by another process. 文件被“  (22824)”锁定。 [D:\source\repos\LYBTZYZS\src\Backend\Services\LYBT.WebAPI\LYBT.WebAPI.csproj]


       “D:\source\repos\LYBTZYZS\LYBT.Backend.sln”(默认目标) (1:2) ->
       “D:\source\repos\LYBTZYZS\src\Backend\Services\LYBT.WebAPI\LYBT.WebAPI.csproj”(默认目标) (10:6) ->
       (_CopyFilesMarkedCopyLocal 目标) -> 
         C:\Program Files\dotnet\sdk\9.0.302\Microsoft.Common.CurrentVersion.targets(5094,5): error MSB3027: 无法将“D:\source\repos\LYBTZYZS\src\Backend\Modules\BIN\Debug\net8.0\LYBT.Module.DiagnosisTreatment.dll”复制到“bin\Debug\net8.0\LYBT.Module.DiagnosisTreatment.dll”。超出了重试计数 10。失败。文件被“  (22824)”锁定。 [D:\source\repos\LYBTZYZS\src\Backend\Services\LYBT.WebAPI\LYBT.WebAPI.csproj]
         C:\Program Files\dotnet\sdk\9.0.302\Microsoft.Common.CurrentVersion.targets(5094,5): error MSB3021: 无法将文件“D:\source\repos\LYBTZYZS\src\Backend\Modules\BIN\Debug\net8.0\LYBT.Module.DiagnosisTreatment.dll”复制到“bin\Debug\net8.0\LYBT.Module.DiagnosisTreatment.dll”。The process cannot access the file 'D:\source\repos\LYBTZYZS\src\Backend\Services\LYBT.WebAPI\bin\Debug\net8.0\LYBT.Module.DiagnosisTreatment.dll' because it is being used by another process. [D:\source\repos\LYBTZYZS\src\Backend\Services\LYBT.WebAPI\LYBT.WebAPI.csproj]
         C:\Program Files\dotnet\sdk\9.0.302\Microsoft.Common.CurrentVersion.targets(5094,5): error MSB3027: 无法将“D:\source\repos\LYBTZYZS\src\Backend\Core\BIN\Debug\net8.0\LYBT.Models.dll”复制到“bin\Debug\net8.0\LYBT.Models.dll”。超出了重试计数 10。失败。文件被“  (22824)”锁定。 [D:\source\repos\LYBTZYZS\src\Backend\Services\LYBT.WebAPI\LYBT.WebAPI.csproj]
         C:\Program Files\dotnet\sdk\9.0.302\Microsoft.Common.CurrentVersion.targets(5094,5): error MSB3021: 无法将文件“D:\source\repos\LYBTZYZS\src\Backend\Core\BIN\Debug\net8.0\LYBT.Models.dll”复制到“bin\Debug\net8.0\LYBT.Models.dll”。The process cannot access the file 'D:\source\repos\LYBTZYZS\src\Backend\Services\LYBT.WebAPI\bin\Debug\net8.0\LYBT.Models.dll' because it is being used by another process. [D:\source\repos\LYBTZYZS\src\Backend\Services\LYBT.WebAPI\LYBT.WebAPI.csproj]
         C:\Program Files\dotnet\sdk\9.0.302\Microsoft.Common.CurrentVersion.targets(5094,5): error MSB3027: 无法将“D:\source\repos\LYBTZYZS\src\Backend\Core\BIN\Debug\net8.0\LYBT.Infrastructure.dll”复制到“bin\Debug\net8.0\LYBT.Infrastructure.dll”。超出了重试计数 10。失败。文件被“  (22824)”锁定。 [D:\source\repos\LYBTZYZS\src\Backend\Services\LYBT.WebAPI\LYBT.WebAPI.csproj]
         C:\Program Files\dotnet\sdk\9.0.302\Microsoft.Common.CurrentVersion.targets(5094,5): error MSB3021: 无法将文件“D:\source\repos\LYBTZYZS\src\Backend\Core\BIN\Debug\net8.0\LYBT.Infrastructure.dll”复制到“bin\Debug\net8.0\LYBT.Infrastructure.dll”。The process cannot access the file 'D:\source\repos\LYBTZYZS\src\Backend\Services\LYBT.WebAPI\bin\Debug\net8.0\LYBT.Infrastructure.dll' because it is being used by another process. [D:\source\repos\LYBTZYZS\src\Backend\Services\LYBT.WebAPI\LYBT.WebAPI.csproj]
         C:\Program Files\dotnet\sdk\9.0.302\Microsoft.Common.CurrentVersion.targets(5094,5): error MSB3027: 无法将“D:\source\repos\LYBTZYZS\src\Backend\Modules\BIN\Debug\net8.0\LYBT.Module.Doctors.dll”复制到“bin\Debug\net8.0\LYBT.Module.Doctors.dll”。超出了重试计数 10。失败。文件被“  (22824)”锁定。 [D:\source\repos\LYBTZYZS\src\Backend\Services\LYBT.WebAPI\LYBT.WebAPI.csproj]
         C:\Program Files\dotnet\sdk\9.0.302\Microsoft.Common.CurrentVersion.targets(5094,5): error MSB3021: 无法将文件“D:\source\repos\LYBTZYZS\src\Backend\Modules\BIN\Debug\net8.0\LYBT.Module.Doctors.dll”复制到“bin\Debug\net8.0\LYBT.Module.Doctors.dll”。The process cannot access the file 'D:\source\repos\LYBTZYZS\src\Backend\Services\LYBT.WebAPI\bin\Debug\net8.0\LYBT.Module.Doctors.dll' because it is being used by another process. [D:\source\repos\LYBTZYZS\src\Backend\Services\LYBT.WebAPI\LYBT.WebAPI.csproj]
         C:\Program Files\dotnet\sdk\9.0.302\Microsoft.Common.CurrentVersion.targets(5094,5): error MSB3027: 无法将“D:\source\repos\LYBTZYZS\src\Backend\Modules\BIN\Debug\net8.0\LYBT.Module.Billing.dll”复制到“bin\Debug\net8.0\LYBT.Module.Billing.dll”。超出了重试计数 10。失败。文件被“  (22824)”锁定。 [D:\source\repos\LYBTZYZS\src\Backend\Services\LYBT.WebAPI\LYBT.WebAPI.csproj]
         C:\Program Files\dotnet\sdk\9.0.302\Microsoft.Common.CurrentVersion.targets(5094,5): error MSB3021: 无法将文件“D:\source\repos\LYBTZYZS\src\Backend\Modules\BIN\Debug\net8.0\LYBT.Module.Billing.dll”复制到“bin\Debug\net8.0\LYBT.Module.Billing.dll”。The process cannot access the file 'D:\source\repos\LYBTZYZS\src\Backend\Services\LYBT.WebAPI\bin\Debug\net8.0\LYBT.Module.Billing.dll' because it is being used by another process. [D:\source\repos\LYBTZYZS\src\Backend\Services\LYBT.WebAPI\LYBT.WebAPI.csproj]
         C:\Program Files\dotnet\sdk\9.0.302\Microsoft.Common.CurrentVersion.targets(5094,5): error MSB3027: 无法将“D:\source\repos\LYBTZYZS\src\Backend\Modules\BIN\Debug\net8.0\LYBT.Module.Auth.dll”复制到“bin\Debug\net8.0\LYBT.Module.Auth.dll”。超出了重试计数 10。失败。文件被“  (22824)”锁定。 [D:\source\repos\LYBTZYZS\src\Backend\Services\LYBT.WebAPI\LYBT.WebAPI.csproj]
         C:\Program Files\dotnet\sdk\9.0.302\Microsoft.Common.CurrentVersion.targets(5094,5): error MSB3021: 无法将文件“D:\source\repos\LYBTZYZS\src\Backend\Modules\BIN\Debug\net8.0\LYBT.Module.Auth.dll”复制到“bin\Debug\net8.0\LYBT.Module.Auth.dll”。The process cannot access the file 'D:\source\repos\LYBTZYZS\src\Backend\Services\LYBT.WebAPI\bin\Debug\net8.0\LYBT.Module.Auth.dll' because it is being used by another process. [D:\source\repos\LYBTZYZS\src\Backend\Services\LYBT.WebAPI\LYBT.WebAPI.csproj]
         C:\Program Files\dotnet\sdk\9.0.302\Microsoft.Common.CurrentVersion.targets(5094,5): error MSB3027: 无法将“D:\source\repos\LYBTZYZS\src\Backend\Modules\BIN\Debug\net8.0\LYBT.Module.FormulaTemplates.dll”复制到“bin\Debug\net8.0\LYBT.Module.FormulaTemplates.dll”。超出了重试计数 10。失败。文件被“  (22824)”锁定。 [D:\source\repos\LYBTZYZS\src\Backend\Services\LYBT.WebAPI\LYBT.WebAPI.csproj]
         C:\Program Files\dotnet\sdk\9.0.302\Microsoft.Common.CurrentVersion.targets(5094,5): error MSB3021: 无法将文件“D:\source\repos\LYBTZYZS\src\Backend\Modules\BIN\Debug\net8.0\LYBT.Module.FormulaTemplates.dll”复制到“bin\Debug\net8.0\LYBT.Module.FormulaTemplates.dll”。The process cannot access the file 'D:\source\repos\LYBTZYZS\src\Backend\Services\LYBT.WebAPI\bin\Debug\net8.0\LYBT.Module.FormulaTemplates.dll' because it is being used by another process. [D:\source\repos\LYBTZYZS\src\Backend\Services\LYBT.WebAPI\LYBT.WebAPI.csproj]
         C:\Program Files\dotnet\sdk\9.0.302\Microsoft.Common.CurrentVersion.targets(5094,5): error MSB3027: 无法将“D:\source\repos\LYBTZYZS\src\Backend\Modules\BIN\Debug\net8.0\LYBT.Module.Patients.dll”复制到“bin\Debug\net8.0\LYBT.Module.Patients.dll”。超出了重试计数 10。失败。文件被“  (22824)”锁定。 [D:\source\repos\LYBTZYZS\src\Backend\Services\LYBT.WebAPI\LYBT.WebAPI.csproj]
         C:\Program Files\dotnet\sdk\9.0.302\Microsoft.Common.CurrentVersion.targets(5094,5): error MSB3021: 无法将文件“D:\source\repos\LYBTZYZS\src\Backend\Modules\BIN\Debug\net8.0\LYBT.Module.Patients.dll”复制到“bin\Debug\net8.0\LYBT.Module.Patients.dll”。The process cannot access the file 'D:\source\repos\LYBTZYZS\src\Backend\Services\LYBT.WebAPI\bin\Debug\net8.0\LYBT.Module.Patients.dll' because it is being used by another process. [D:\source\repos\LYBTZYZS\src\Backend\Services\LYBT.WebAPI\LYBT.WebAPI.csproj]
         C:\Program Files\dotnet\sdk\9.0.302\Microsoft.Common.CurrentVersion.targets(5094,5): error MSB3027: 无法将“D:\source\repos\LYBTZYZS\src\Backend\Modules\BIN\Debug\net8.0\LYBT.Module.Herbs.dll”复制到“bin\Debug\net8.0\LYBT.Module.Herbs.dll”。超出了重试计数 10。失败。文件被“  (22824)”锁定。 [D:\source\repos\LYBTZYZS\src\Backend\Services\LYBT.WebAPI\LYBT.WebAPI.csproj]
         C:\Program Files\dotnet\sdk\9.0.302\Microsoft.Common.CurrentVersion.targets(5094,5): error MSB3021: 无法将文件“D:\source\repos\LYBTZYZS\src\Backend\Modules\BIN\Debug\net8.0\LYBT.Module.Herbs.dll”复制到“bin\Debug\net8.0\LYBT.Module.Herbs.dll”。The process cannot access the file 'D:\source\repos\LYBTZYZS\src\Backend\Services\LYBT.WebAPI\bin\Debug\net8.0\LYBT.Module.Herbs.dll' because it is being used by another process. [D:\source\repos\LYBTZYZS\src\Backend\Services\LYBT.WebAPI\LYBT.WebAPI.csproj]
         C:\Program Files\dotnet\sdk\9.0.302\Microsoft.Common.CurrentVersion.targets(5094,5): error MSB3027: 无法将“D:\source\repos\LYBTZYZS\src\Backend\Modules\BIN\Debug\net8.0\LYBT.Module.Pharmacy.dll”复制到“bin\Debug\net8.0\LYBT.Module.Pharmacy.dll”。超出了重试计数 10。失败。文件被“  (22824)”锁定。 [D:\source\repos\LYBTZYZS\src\Backend\Services\LYBT.WebAPI\LYBT.WebAPI.csproj]
         C:\Program Files\dotnet\sdk\9.0.302\Microsoft.Common.CurrentVersion.targets(5094,5): error MSB3021: 无法将文件“D:\source\repos\LYBTZYZS\src\Backend\Modules\BIN\Debug\net8.0\LYBT.Module.Pharmacy.dll”复制到“bin\Debug\net8.0\LYBT.Module.Pharmacy.dll”。The process cannot access the file 'D:\source\repos\LYBTZYZS\src\Backend\Services\LYBT.WebAPI\bin\Debug\net8.0\LYBT.Module.Pharmacy.dll' because it is being used by another process. [D:\source\repos\LYBTZYZS\src\Backend\Services\LYBT.WebAPI\LYBT.WebAPI.csproj]
         C:\Program Files\dotnet\sdk\9.0.302\Microsoft.Common.CurrentVersion.targets(5094,5): error MSB3027: 无法将“D:\source\repos\LYBTZYZS\src\Backend\Modules\BIN\Debug\net8.0\LYBT.Module.Queueing.dll”复制到“bin\Debug\net8.0\LYBT.Module.Queueing.dll”。超出了重试计数 10。失败。文件被“  (22824)”锁定。 [D:\source\repos\LYBTZYZS\src\Backend\Services\LYBT.WebAPI\LYBT.WebAPI.csproj]
         C:\Program Files\dotnet\sdk\9.0.302\Microsoft.Common.CurrentVersion.targets(5094,5): error MSB3021: 无法将文件“D:\source\repos\LYBTZYZS\src\Backend\Modules\BIN\Debug\net8.0\LYBT.Module.Queueing.dll”复制到“bin\Debug\net8.0\LYBT.Module.Queueing.dll”。The process cannot access the file 'D:\source\repos\LYBTZYZS\src\Backend\Services\LYBT.WebAPI\bin\Debug\net8.0\LYBT.Module.Queueing.dll' because it is being used by another process. [D:\source\repos\LYBTZYZS\src\Backend\Services\LYBT.WebAPI\LYBT.WebAPI.csproj]
         C:\Program Files\dotnet\sdk\9.0.302\Microsoft.Common.CurrentVersion.targets(5094,5): error MSB3027: 无法将“D:\source\repos\LYBTZYZS\src\Backend\Modules\LYBT.Module.Prescriptions\bin\Debug\net8.0\LYBT.Module.Prescriptions.dll”复制到“bin\Debug\net8.0\LYBT.Module.Prescriptions.dll”。超出了重试计数 10。失败。文件被“  (22824)”锁定。 [D:\source\repos\LYBTZYZS\src\Backend\Services\LYBT.WebAPI\LYBT.WebAPI.csproj]
         C:\Program Files\dotnet\sdk\9.0.302\Microsoft.Common.CurrentVersion.targets(5094,5): error MSB3021: 无法将文件“D:\source\repos\LYBTZYZS\src\Backend\Modules\LYBT.Module.Prescriptions\bin\Debug\net8.0\LYBT.Module.Prescriptions.dll”复制到“bin\Debug\net8.0\LYBT.Module.Prescriptions.dll”。The process cannot access the file 'D:\source\repos\LYBTZYZS\src\Backend\Services\LYBT.WebAPI\bin\Debug\net8.0\LYBT.Module.Prescriptions.dll' because it is being used by another process. [D:\source\repos\LYBTZYZS\src\Backend\Services\LYBT.WebAPI\LYBT.WebAPI.csproj]
         C:\Program Files\dotnet\sdk\9.0.302\Microsoft.Common.CurrentVersion.targets(5094,5): error MSB3027: 无法将“D:\source\repos\LYBTZYZS\src\Backend\Modules\BIN\Debug\net8.0\LYBT.Module.Sync.dll”复制到“bin\Debug\net8.0\LYBT.Module.Sync.dll”。超出了重试计数 10。失败。文件被“  (22824)”锁定。 [D:\source\repos\LYBTZYZS\src\Backend\Services\LYBT.WebAPI\LYBT.WebAPI.csproj]
         C:\Program Files\dotnet\sdk\9.0.302\Microsoft.Common.CurrentVersion.targets(5094,5): error MSB3021: 无法将文件“D:\source\repos\LYBTZYZS\src\Backend\Modules\BIN\Debug\net8.0\LYBT.Module.Sync.dll”复制到“bin\Debug\net8.0\LYBT.Module.Sync.dll”。The process cannot access the file 'D:\source\repos\LYBTZYZS\src\Backend\Services\LYBT.WebAPI\bin\Debug\net8.0\LYBT.Module.Sync.dll' because it is being used by another process. [D:\source\repos\LYBTZYZS\src\Backend\Services\LYBT.WebAPI\LYBT.WebAPI.csproj]
         C:\Program Files\dotnet\sdk\9.0.302\Microsoft.Common.CurrentVersion.targets(5094,5): error MSB3027: 无法将“D:\source\repos\LYBTZYZS\src\Backend\Modules\BIN\Debug\net8.0\LYBT.Module.Records.dll”复制到“bin\Debug\net8.0\LYBT.Module.Records.dll”。超出了重试计数 10。失败。文件被“  (22824)”锁定。 [D:\source\repos\LYBTZYZS\src\Backend\Services\LYBT.WebAPI\LYBT.WebAPI.csproj]
         C:\Program Files\dotnet\sdk\9.0.302\Microsoft.Common.CurrentVersion.targets(5094,5): error MSB3021: 无法将文件“D:\source\repos\LYBTZYZS\src\Backend\Modules\BIN\Debug\net8.0\LYBT.Module.Records.dll”复制到“bin\Debug\net8.0\LYBT.Module.Records.dll”。The process cannot access the file 'D:\source\repos\LYBTZYZS\src\Backend\Services\LYBT.WebAPI\bin\Debug\net8.0\LYBT.Module.Records.dll' because it is being used by another process. [D:\source\repos\LYBTZYZS\src\Backend\Services\LYBT.WebAPI\LYBT.WebAPI.csproj]
         C:\Program Files\dotnet\sdk\9.0.302\Microsoft.Common.CurrentVersion.targets(5094,5): error MSB3027: 无法将“D:\source\repos\LYBTZYZS\src\Backend\Modules\BIN\Debug\net8.0\LYBT.Module.TreatmentRoom.dll”复制到“bin\Debug\net8.0\LYBT.Module.TreatmentRoom.dll”。超出了重试计数 10。失败。文件被“  (22824)”锁定。 [D:\source\repos\LYBTZYZS\src\Backend\Services\LYBT.WebAPI\LYBT.WebAPI.csproj]
         C:\Program Files\dotnet\sdk\9.0.302\Microsoft.Common.CurrentVersion.targets(5094,5): error MSB3021: 无法将文件“D:\source\repos\LYBTZYZS\src\Backend\Modules\BIN\Debug\net8.0\LYBT.Module.TreatmentRoom.dll”复制到“bin\Debug\net8.0\LYBT.Module.TreatmentRoom.dll”。The process cannot access the file 'D:\source\repos\LYBTZYZS\src\Backend\Services\LYBT.WebAPI\bin\Debug\net8.0\LYBT.Module.TreatmentRoom.dll' because it is being used by another process. [D:\source\repos\LYBTZYZS\src\Backend\Services\LYBT.WebAPI\LYBT.WebAPI.csproj]
         C:\Program Files\dotnet\sdk\9.0.302\Microsoft.Common.CurrentVersion.targets(5094,5): error MSB3027: 无法将“D:\source\repos\LYBTZYZS\src\Backend\Modules\BIN\Debug\net8.0\LYBT.Module.Registration.dll”复制到“bin\Debug\net8.0\LYBT.Module.Registration.dll”。超出了重试计数 10。失败。文件被“  (22824)”锁定。 [D:\source\repos\LYBTZYZS\src\Backend\Services\LYBT.WebAPI\LYBT.WebAPI.csproj]
         C:\Program Files\dotnet\sdk\9.0.302\Microsoft.Common.CurrentVersion.targets(5094,5): error MSB3021: 无法将文件“D:\source\repos\LYBTZYZS\src\Backend\Modules\BIN\Debug\net8.0\LYBT.Module.Registration.dll”复制到“bin\Debug\net8.0\LYBT.Module.Registration.dll”。The process cannot access the file 'D:\source\repos\LYBTZYZS\src\Backend\Services\LYBT.WebAPI\bin\Debug\net8.0\LYBT.Module.Registration.dll' because it is being used by another process. [D:\source\repos\LYBTZYZS\src\Backend\Services\LYBT.WebAPI\LYBT.WebAPI.csproj]
         C:\Program Files\dotnet\sdk\9.0.302\Microsoft.Common.CurrentVersion.targets(5094,5): error MSB3027: 无法将“D:\source\repos\LYBTZYZS\src\Backend\Modules\BIN\Debug\net8.0\LYBT.Module.Users.dll”复制到“bin\Debug\net8.0\LYBT.Module.Users.dll”。超出了重试计数 10。失败。文件被“  (22824)”锁定。 [D:\source\repos\LYBTZYZS\src\Backend\Services\LYBT.WebAPI\LYBT.WebAPI.csproj]
         C:\Program Files\dotnet\sdk\9.0.302\Microsoft.Common.CurrentVersion.targets(5094,5): error MSB3021: 无法将文件“D:\source\repos\LYBTZYZS\src\Backend\Modules\BIN\Debug\net8.0\LYBT.Module.Users.dll”复制到“bin\Debug\net8.0\LYBT.Module.Users.dll”。The process cannot access the file 'D:\source\repos\LYBTZYZS\src\Backend\Services\LYBT.WebAPI\bin\Debug\net8.0\LYBT.Module.Users.dll' because it is being used by another process. [D:\source\repos\LYBTZYZS\src\Backend\Services\LYBT.WebAPI\LYBT.WebAPI.csproj]
         C:\Program Files\dotnet\sdk\9.0.302\Microsoft.Common.CurrentVersion.targets(5094,5): error MSB3027: 无法将“D:\source\repos\LYBTZYZS\src\Shared\LYBT.Shared.Models\bin\Debug\net8.0\LYBT.Shared.Models.dll”复制到“bin\Debug\net8.0\LYBT.Shared.Models.dll”。超出了重试计数 10。失败。文件被“  (22824)”锁定。 [D:\source\repos\LYBTZYZS\src\Backend\Services\LYBT.WebAPI\LYBT.WebAPI.csproj]
         C:\Program Files\dotnet\sdk\9.0.302\Microsoft.Common.CurrentVersion.targets(5094,5): error MSB3021: 无法将文件“D:\source\repos\LYBTZYZS\src\Shared\LYBT.Shared.Models\bin\Debug\net8.0\LYBT.Shared.Models.dll”复制到“bin\Debug\net8.0\LYBT.Shared.Models.dll”。The process cannot access the file 'D:\source\repos\LYBTZYZS\src\Backend\Services\LYBT.WebAPI\bin\Debug\net8.0\LYBT.Shared.Models.dll' because it is being used by another process. [D:\source\repos\LYBTZYZS\src\Backend\Services\LYBT.WebAPI\LYBT.WebAPI.csproj]
         C:\Program Files\dotnet\sdk\9.0.302\Microsoft.Common.CurrentVersion.targets(5094,5): error MSB3027: 无法将“D:\source\repos\LYBTZYZS\src\BIN\Debug\net8.0\LYBT.Shared.Utilities.dll”复制到“bin\Debug\net8.0\LYBT.Shared.Utilities.dll”。超出了重试计数 10。失败。文件被“  (22824)”锁定。 [D:\source\repos\LYBTZYZS\src\Backend\Services\LYBT.WebAPI\LYBT.WebAPI.csproj]
         C:\Program Files\dotnet\sdk\9.0.302\Microsoft.Common.CurrentVersion.targets(5094,5): error MSB3021: 无法将文件“D:\source\repos\LYBTZYZS\src\BIN\Debug\net8.0\LYBT.Shared.Utilities.dll”复制到“bin\Debug\net8.0\LYBT.Shared.Utilities.dll”。The process cannot access the file 'D:\source\repos\LYBTZYZS\src\Backend\Services\LYBT.WebAPI\bin\Debug\net8.0\LYBT.Shared.Utilities.dll' because it is being used by another process. [D:\source\repos\LYBTZYZS\src\Backend\Services\LYBT.WebAPI\LYBT.WebAPI.csproj]

    190 个警告
    38 个错误

已用时间 00:00:49.08
