WPF项目重命名更改日志
==================================================

Updated namespace: src\Frontend\Desktop\BusinessModules\Users\ViewModels\UserAddEditDialogViewModel.cs
Updated namespace: src\Frontend\Desktop\BusinessModules\Users\ViewModels\UserManagementViewModelSimple.cs
Updated namespace: src\Frontend\Desktop\BusinessModules\Users\Views\ChangePasswordDialog.xaml.cs
Updated namespace: src\Frontend\Desktop\BusinessModules\Users\Views\ResetPasswordDialog.xaml.cs
Updated namespace: src\Frontend\Desktop\BusinessModules\Users\Views\UserAddEditDialog.xaml.cs
Updated namespace: src\Frontend\Desktop\BusinessModules\Users\Views\UserDetailView.xaml.cs
Updated namespace: src\Frontend\Desktop\BusinessModules\Users\Views\UserManagementView.xaml.cs
Updated namespace: src\Frontend\Desktop\BusinessModules\Users\Views\UserProfileDialog.xaml.cs
Updated namespace: src\Frontend\Desktop\BusinessModules\Prescriptions\Services\SharedPrescriptionService.cs
Updated namespace: src\Frontend\Desktop\BusinessModules\Prescriptions\ViewModels\PrescriptionManagementViewModel.cs
Updated namespace: src\Frontend\Desktop\BusinessModules\Prescriptions\Views\PrescriptionManagementView.xaml.cs
Updated namespace: src\Frontend\Desktop\BusinessModules\Patients\Services\SharedPatientService.cs
Updated namespace: src\Frontend\Desktop\BusinessModules\Patients\ViewModels\PatientAddEditDialogViewModel.cs
Updated namespace: src\Frontend\Desktop\BusinessModules\Patients\ViewModels\PatientManagementViewModelSimple.cs
Updated namespace: src\Frontend\Desktop\BusinessModules\MedicalCase\Services\SharedMedicalCaseService.cs
Updated namespace: src\Frontend\Desktop\BusinessModules\Herbs\Services\SharedHerbService.cs
Updated namespace: src\Frontend\Desktop\BusinessModules\Herbs\ViewModels\HerbManagementViewModel.cs
Updated namespace: src\Frontend\Desktop\BusinessModules\Herbs\Views\HerbManagementView.xaml.cs
Updated namespace: src\Frontend\Desktop\BusinessModules\Formula\Services\SharedFormulaService.cs
Updated namespace: src\Frontend\Desktop\BusinessModules\Formula\ViewModels\FormulaManagementViewModel.cs
Updated namespace: src\Frontend\Desktop\BusinessModules\Formula\Views\FormulaManagementView.xaml.cs
Updated namespace: src\Frontend\Desktop\BusinessModules\Consultations\Services\SharedConsultationService.cs
Updated namespace: src\Frontend\Desktop\BusinessModules\Consultations\ViewModels\ConsultationManagementViewModel.cs
Updated namespace: src\Frontend\Desktop\BusinessModules\Consultations\Views\ConsultationManagementView.xaml.cs
Updated XAML: src\Frontend\Desktop\Shell\App.xaml
Updated XAML: src\Frontend\Desktop\Workbenches\SystemWorkbench\Views\SystemWorkbenchMainView.xaml
Updated XAML: src\Frontend\Desktop\Workbenches\ConsultationWorkbench\Views\ConsultationWorkbenchMainView.xaml
Updated XAML: src\Frontend\Desktop\Shell\Views\DiagnosticHomeView.xaml
Updated XAML: src\Frontend\Desktop\Shell\Views\FullHomeView.xaml
Updated XAML: src\Frontend\Desktop\Shell\Views\HomeView.xaml
Updated XAML: src\Frontend\Desktop\Shell\Views\MainWindow.xaml
Updated XAML: src\Frontend\Desktop\Shell\Views\SafeHomeView.xaml
Updated XAML: src\Frontend\Desktop\Shell\Views\SimpleHomeView.xaml
Updated XAML: src\Frontend\Desktop\Shell\Views\TestHomeView.xaml
Updated XAML: src\Frontend\Desktop\Shell\Views\TestView.xaml
Updated XAML: src\Frontend\Desktop\Shell\Views\UIShowcaseWindow.xaml
Updated XAML: src\Frontend\Desktop\Shell\Views\WorkingHomeView.xaml
Updated XAML: src\Frontend\Desktop\Shell\Dialogs\Views\ConfirmationDialog.xaml
Updated XAML: src\Frontend\Desktop\Shell\Dialogs\Views\ErrorDetailsDialog.xaml
Updated XAML: src\Frontend\Desktop\Shell\Dialogs\Views\InformationDialog.xaml
Updated XAML: src\Frontend\Desktop\Modules\Users\Views\ChangePasswordDialog.xaml
Updated XAML: src\Frontend\Desktop\Modules\Users\Views\ResetPasswordDialog.xaml
Updated XAML: src\Frontend\Desktop\Modules\Users\Views\UserAddEditDialog.xaml
Updated XAML: src\Frontend\Desktop\Modules\Users\Views\UserDetailView.xaml
Updated XAML: src\Frontend\Desktop\Modules\Users\Views\UserManagementView.xaml
Updated XAML: src\Frontend\Desktop\Modules\Users\Views\UserProfileDialog.xaml
Updated XAML: src\Frontend\Desktop\Modules\SystemManagement\Views\AdminMainView.xaml
Updated XAML: src\Frontend\Desktop\Modules\SystemManagement\Views\MedicalCaseManagementView.xaml
Updated XAML: src\Frontend\Desktop\Modules\SystemManagement\PrescriptionTemplates\Views\PrescriptionTemplatesView.xaml
Updated XAML: src\Frontend\Desktop\Modules\SystemManagement\Prescriptions\Views\AddPrescriptionDialog.xaml
Updated XAML: src\Frontend\Desktop\Modules\SystemManagement\Prescriptions\Views\EditPrescriptionDialog.xaml
Updated XAML: src\Frontend\Desktop\Modules\SystemManagement\Prescriptions\Views\PrescriptionManagementView.xaml
Updated XAML: src\Frontend\Desktop\Modules\SystemManagement\Prescriptions\Views\ViewPrescriptionDialog.xaml
Updated XAML: src\Frontend\Desktop\Modules\SystemManagement\Herbs\Views\AddHerbDialog.xaml
Updated XAML: src\Frontend\Desktop\Modules\SystemManagement\Herbs\Views\EditHerbDialog.xaml
Updated XAML: src\Frontend\Desktop\Modules\SystemManagement\Herbs\Views\HerbManagementView.xaml
Updated XAML: src\Frontend\Desktop\Modules\SystemManagement\Herbs\Views\HerbManagementViewRefactored.xaml
Updated XAML: src\Frontend\Desktop\Modules\SystemManagement\Herbs\Views\StockManagementDialog.xaml
Updated XAML: src\Frontend\Desktop\Modules\SystemManagement\Herbs\Views\ViewHerbDialog.xaml
Updated XAML: src\Frontend\Desktop\Modules\SystemManagement\Formulas\Views\AddFormulaDialog.xaml
Updated XAML: src\Frontend\Desktop\Modules\SystemManagement\Formulas\Views\EditFormulaDialog.xaml
Updated XAML: src\Frontend\Desktop\Modules\SystemManagement\Formulas\Views\FormulaManagementView.xaml
Updated XAML: src\Frontend\Desktop\Modules\SystemManagement\Formulas\Views\ViewFormulaDialog.xaml
Updated XAML: src\Frontend\Desktop\Modules\SystemManagement\Consultations\Views\ConsultationManagementView.xaml
Updated XAML: src\Frontend\Desktop\Modules\Prescriptions\Views\FormulaTemplateDialog.xaml
Updated XAML: src\Frontend\Desktop\Modules\Prescriptions\Views\HerbSelectionDialog.xaml
Updated XAML: src\Frontend\Desktop\Modules\Prescriptions\Views\PrescriptionEditorDialog.xaml
Updated XAML: src\Frontend\Desktop\Modules\Prescriptions\Views\PrescriptionManagementView.xaml
Updated XAML: src\Frontend\Desktop\Modules\Patients\Views\PatientAddEditDialog.xaml
Updated XAML: src\Frontend\Desktop\Modules\Patients\Views\PatientManagementView.xaml
Updated XAML: src\Frontend\Desktop\Modules\MedicalCase\Views\CreateMedicalCaseDialog.xaml
Updated XAML: src\Frontend\Desktop\Modules\MedicalCase\Views\MedicalCaseDetailView.xaml
Updated XAML: src\Frontend\Desktop\Modules\MedicalCase\Views\MedicalCaseListView.xaml
Updated XAML: src\Frontend\Desktop\Modules\Herbs\Views\HerbAddEditDialog.xaml
Updated XAML: src\Frontend\Desktop\Modules\Herbs\Views\HerbManagementView.xaml
Updated XAML: src\Frontend\Desktop\Modules\Formula\Views\AddFormulaDialog.xaml
Updated XAML: src\Frontend\Desktop\Modules\Formula\Views\EditFormulaDialog.xaml
Updated XAML: src\Frontend\Desktop\Modules\Formula\Views\FormulaManagementView.xaml
Updated XAML: src\Frontend\Desktop\Modules\Formula\Views\ViewFormulaDialog.xaml
Updated XAML: src\Frontend\Desktop\Modules\Consultation\Controls\WorkflowNavigator.xaml
Updated XAML: src\Frontend\Desktop\Modules\Consultation\Views\ConsultationMainView.xaml
Updated XAML: src\Frontend\Desktop\Modules\Consultation\Views\ConsultationWorkflowView.xaml
Updated XAML: src\Frontend\Desktop\Modules\Consultation\Views\DifferentiationView.xaml
Updated XAML: src\Frontend\Desktop\Modules\Consultation\Views\PatientSelectionView.xaml
Updated XAML: src\Frontend\Desktop\Modules\Consultation\Views\PrescriptionView.xaml
Updated XAML: src\Frontend\Desktop\Modules\Consultation\Views\SelectFormulaDialog.xaml
Updated XAML: src\Frontend\Desktop\Modules\Consultation\Views\SelectHerbDialog.xaml
Updated XAML: src\Frontend\Desktop\Modules\Consultation\Views\SimpleTCMFourDiagnosisView.xaml
Updated XAML: src\Frontend\Desktop\Modules\Consultation\Views\TCMFourDiagnosisView.xaml
Updated XAML: src\Frontend\Desktop\Modules\Authentication\Views\LoginView.xaml
Updated XAML: src\Frontend\Desktop\Modules\Authentication\Views\LoginWindow.xaml
Updated XAML: src\Frontend\Desktop\Core\Controls\VirtualizedListView.xaml
Updated XAML: src\Frontend\Desktop\Core\Views\Base\BaseListView.xaml
Updated XAML: src\Frontend\Desktop\Core\Controls\ErrorHandling\ErrorNotificationControl.xaml
Updated XAML: src\Frontend\Desktop\Core\Controls\Herbs\HerbListItemControl.xaml
Updated XAML: src\Frontend\Desktop\Core\Controls\Herbs\OptimizedHerbListItemControl.xaml
Updated XAML: src\Frontend\Desktop\Core\Controls\Prescriptions\PrescriptionListItemControl.xaml
Updated XAML: src\Frontend\Desktop\BusinessModules\Users\Views\ChangePasswordDialog.xaml
Updated XAML: src\Frontend\Desktop\BusinessModules\Users\Views\ResetPasswordDialog.xaml
Updated XAML: src\Frontend\Desktop\BusinessModules\Users\Views\UserAddEditDialog.xaml
Updated XAML: src\Frontend\Desktop\BusinessModules\Users\Views\UserDetailView.xaml
Updated XAML: src\Frontend\Desktop\BusinessModules\Users\Views\UserManagementView.xaml
Updated XAML: src\Frontend\Desktop\BusinessModules\Users\Views\UserProfileDialog.xaml
Updated XAML: src\Frontend\Desktop\BusinessModules\Prescriptions\Views\PrescriptionManagementView.xaml
Updated XAML: src\Frontend\Desktop\BusinessModules\Patients\Views\PatientAddEditDialog.xaml
Updated XAML: src\Frontend\Desktop\BusinessModules\Patients\Views\PatientManagementView.xaml
Updated XAML: src\Frontend\Desktop\BusinessModules\Herbs\Views\HerbManagementView.xaml
Updated XAML: src\Frontend\Desktop\BusinessModules\Formula\Views\FormulaManagementView.xaml
Updated XAML: src\Frontend\Desktop\BusinessModules\Consultations\Views\ConsultationManagementView.xaml
