  正在确定要还原的项目…
  所有项目均是最新的，无法还原。
  LYBT.Shared.Models -> D:\source\repos\LYBTZYZS\src\Shared\LYBT.Shared.Models\bin\Debug\net8.0\LYBT.Shared.Models.dll
  LYBT.Core.EventBus -> D:\source\repos\LYBTZYZS\BIN\Server\Debug\net8.0\LYBT.Core.EventBus.dll
  LYBT.Shared.Interfaces -> D:\source\repos\LYBTZYZS\src\Shared\LYBT.Shared.Interfaces\bin\Debug\net8.0\LYBT.Shared.Interfaces.dll
  LYBT.Entities -> D:\source\repos\LYBTZYZS\BIN\Server\Debug\net8.0\LYBT.Entities.dll
  LYBT.Shared.Utilities -> D:\source\repos\LYBTZYZS\src\Shared\LYBT.Shared.Utilities\bin\Debug\net8.0\LYBT.Shared.Utilities.dll
  LYBT.Infrastructure -> D:\source\repos\LYBTZYZS\BIN\Server\Debug\net8.0\LYBT.Infrastructure.dll
  LYBT.Core -> D:\source\repos\LYBTZYZS\BIN\Server\Debug\net8.0\LYBT.Core.dll
  LYBT.Module.Formula -> D:\source\repos\LYBTZYZS\BIN\Server\Debug\net8.0\LYBT.Module.Formula.dll
  LYBT.Module.Users -> D:\source\repos\LYBTZYZS\BIN\Server\Debug\net8.0\LYBT.Module.Users.dll
  LYBT.Module.MedicalCase -> D:\source\repos\LYBTZYZS\BIN\Server\Debug\net8.0\LYBT.Module.MedicalCase.dll
  LYBT.Module.Patients -> D:\source\repos\LYBTZYZS\BIN\Server\Debug\net8.0\LYBT.Module.Patients.dll
  LYBT.Module.Consultation -> D:\source\repos\LYBTZYZS\BIN\Server\Debug\net8.0\LYBT.Module.Consultation.dll
  LYBT.Module.Auth -> D:\source\repos\LYBTZYZS\BIN\Server\Debug\net8.0\LYBT.Module.Auth.dll
  LYBT.Module.Herbs -> D:\source\repos\LYBTZYZS\BIN\Server\Debug\net8.0\LYBT.Module.Herbs.dll
  LYBT.Module.Prescriptions -> D:\source\repos\LYBTZYZS\BIN\Server\Debug\net8.0\LYBT.Module.Prescriptions.dll
  LYBT.WebAPI -> D:\source\repos\LYBTZYZS\BIN\Server\Debug\net8.0\LYBT.WebAPI.dll
  LYBT.Tests.Configuration -> D:\source\repos\LYBTZYZS\BIN\Tests\Debug\net8.0\LYBT.Tests.Configuration.dll
D:\source\repos\LYBTZYZS\tests\UnitTests\Modules\Consultation.UnitTests\Services\ConsultationQueryServiceTests.cs(31,23): warning CS1998: 此异步方法缺少 "await" 运算符，将以同步方式运行。请考虑使用 "await" 运算符等待非阻止的 API 调用，或者使用 "await Task.Run(...)" 在后台线程上执行占用大量 CPU 的工作。 [D:\source\repos\LYBTZYZS\tests\UnitTests\Modules\Consultation.UnitTests\LYBT.Module.Consultation.Tests.csproj]
D:\source\repos\LYBTZYZS\tests\UnitTests\Modules\Consultation.UnitTests\Services\ConsultationQueryServiceTests.cs(42,23): warning CS1998: 此异步方法缺少 "await" 运算符，将以同步方式运行。请考虑使用 "await" 运算符等待非阻止的 API 调用，或者使用 "await Task.Run(...)" 在后台线程上执行占用大量 CPU 的工作。 [D:\source\repos\LYBTZYZS\tests\UnitTests\Modules\Consultation.UnitTests\LYBT.Module.Consultation.Tests.csproj]
D:\source\repos\LYBTZYZS\tests\UnitTests\Modules\Consultation.UnitTests\Repositories\ConsultationRepositoryTests.cs(37,23): warning CS1998: 此异步方法缺少 "await" 运算符，将以同步方式运行。请考虑使用 "await" 运算符等待非阻止的 API 调用，或者使用 "await Task.Run(...)" 在后台线程上执行占用大量 CPU 的工作。 [D:\source\repos\LYBTZYZS\tests\UnitTests\Modules\Consultation.UnitTests\LYBT.Module.Consultation.Tests.csproj]
D:\source\repos\LYBTZYZS\tests\UnitTests\Modules\Consultation.UnitTests\Services\ConsultationQueryServiceTests.cs(53,23): warning CS1998: 此异步方法缺少 "await" 运算符，将以同步方式运行。请考虑使用 "await" 运算符等待非阻止的 API 调用，或者使用 "await Task.Run(...)" 在后台线程上执行占用大量 CPU 的工作。 [D:\source\repos\LYBTZYZS\tests\UnitTests\Modules\Consultation.UnitTests\LYBT.Module.Consultation.Tests.csproj]
D:\source\repos\LYBTZYZS\tests\UnitTests\Modules\Consultation.UnitTests\Repositories\ConsultationRepositoryTests.cs(48,23): warning CS1998: 此异步方法缺少 "await" 运算符，将以同步方式运行。请考虑使用 "await" 运算符等待非阻止的 API 调用，或者使用 "await Task.Run(...)" 在后台线程上执行占用大量 CPU 的工作。 [D:\source\repos\LYBTZYZS\tests\UnitTests\Modules\Consultation.UnitTests\LYBT.Module.Consultation.Tests.csproj]
D:\source\repos\LYBTZYZS\tests\UnitTests\Modules\Consultation.UnitTests\Services\ConsultationQueryServiceTests.cs(64,23): warning CS1998: 此异步方法缺少 "await" 运算符，将以同步方式运行。请考虑使用 "await" 运算符等待非阻止的 API 调用，或者使用 "await Task.Run(...)" 在后台线程上执行占用大量 CPU 的工作。 [D:\source\repos\LYBTZYZS\tests\UnitTests\Modules\Consultation.UnitTests\LYBT.Module.Consultation.Tests.csproj]
D:\source\repos\LYBTZYZS\tests\UnitTests\Modules\Consultation.UnitTests\Repositories\ConsultationRepositoryTests.cs(59,23): warning CS1998: 此异步方法缺少 "await" 运算符，将以同步方式运行。请考虑使用 "await" 运算符等待非阻止的 API 调用，或者使用 "await Task.Run(...)" 在后台线程上执行占用大量 CPU 的工作。 [D:\source\repos\LYBTZYZS\tests\UnitTests\Modules\Consultation.UnitTests\LYBT.Module.Consultation.Tests.csproj]
D:\source\repos\LYBTZYZS\tests\UnitTests\Modules\Consultation.UnitTests\Services\ConsultationQueryServiceTests.cs(75,23): warning CS1998: 此异步方法缺少 "await" 运算符，将以同步方式运行。请考虑使用 "await" 运算符等待非阻止的 API 调用，或者使用 "await Task.Run(...)" 在后台线程上执行占用大量 CPU 的工作。 [D:\source\repos\LYBTZYZS\tests\UnitTests\Modules\Consultation.UnitTests\LYBT.Module.Consultation.Tests.csproj]
D:\source\repos\LYBTZYZS\tests\UnitTests\Modules\Consultation.UnitTests\Repositories\ConsultationRepositoryTests.cs(70,23): warning CS1998: 此异步方法缺少 "await" 运算符，将以同步方式运行。请考虑使用 "await" 运算符等待非阻止的 API 调用，或者使用 "await Task.Run(...)" 在后台线程上执行占用大量 CPU 的工作。 [D:\source\repos\LYBTZYZS\tests\UnitTests\Modules\Consultation.UnitTests\LYBT.Module.Consultation.Tests.csproj]
D:\source\repos\LYBTZYZS\tests\UnitTests\Modules\Consultation.UnitTests\Services\ConsultationQueryServiceTests.cs(86,23): warning CS1998: 此异步方法缺少 "await" 运算符，将以同步方式运行。请考虑使用 "await" 运算符等待非阻止的 API 调用，或者使用 "await Task.Run(...)" 在后台线程上执行占用大量 CPU 的工作。 [D:\source\repos\LYBTZYZS\tests\UnitTests\Modules\Consultation.UnitTests\LYBT.Module.Consultation.Tests.csproj]
D:\source\repos\LYBTZYZS\tests\UnitTests\Modules\Consultation.UnitTests\Repositories\ConsultationRepositoryTests.cs(85,23): warning CS1998: 此异步方法缺少 "await" 运算符，将以同步方式运行。请考虑使用 "await" 运算符等待非阻止的 API 调用，或者使用 "await Task.Run(...)" 在后台线程上执行占用大量 CPU 的工作。 [D:\source\repos\LYBTZYZS\tests\UnitTests\Modules\Consultation.UnitTests\LYBT.Module.Consultation.Tests.csproj]
D:\source\repos\LYBTZYZS\tests\UnitTests\Modules\Consultation.UnitTests\Repositories\ConsultationRepositoryTests.cs(96,23): warning CS1998: 此异步方法缺少 "await" 运算符，将以同步方式运行。请考虑使用 "await" 运算符等待非阻止的 API 调用，或者使用 "await Task.Run(...)" 在后台线程上执行占用大量 CPU 的工作。 [D:\source\repos\LYBTZYZS\tests\UnitTests\Modules\Consultation.UnitTests\LYBT.Module.Consultation.Tests.csproj]
D:\source\repos\LYBTZYZS\tests\UnitTests\Modules\Consultation.UnitTests\Repositories\ConsultationRepositoryTests.cs(107,23): warning CS1998: 此异步方法缺少 "await" 运算符，将以同步方式运行。请考虑使用 "await" 运算符等待非阻止的 API 调用，或者使用 "await Task.Run(...)" 在后台线程上执行占用大量 CPU 的工作。 [D:\source\repos\LYBTZYZS\tests\UnitTests\Modules\Consultation.UnitTests\LYBT.Module.Consultation.Tests.csproj]
D:\source\repos\LYBTZYZS\tests\UnitTests\Modules\Consultation.UnitTests\Repositories\ConsultationRepositoryTests.cs(118,23): warning CS1998: 此异步方法缺少 "await" 运算符，将以同步方式运行。请考虑使用 "await" 运算符等待非阻止的 API 调用，或者使用 "await Task.Run(...)" 在后台线程上执行占用大量 CPU 的工作。 [D:\source\repos\LYBTZYZS\tests\UnitTests\Modules\Consultation.UnitTests\LYBT.Module.Consultation.Tests.csproj]
D:\source\repos\LYBTZYZS\tests\UnitTests\Modules\Consultation.UnitTests\Repositories\ConsultationRepositoryTests.cs(133,23): warning CS1998: 此异步方法缺少 "await" 运算符，将以同步方式运行。请考虑使用 "await" 运算符等待非阻止的 API 调用，或者使用 "await Task.Run(...)" 在后台线程上执行占用大量 CPU 的工作。 [D:\source\repos\LYBTZYZS\tests\UnitTests\Modules\Consultation.UnitTests\LYBT.Module.Consultation.Tests.csproj]
D:\source\repos\LYBTZYZS\tests\UnitTests\Modules\Consultation.UnitTests\Repositories\ConsultationRepositoryTests.cs(144,23): warning CS1998: 此异步方法缺少 "await" 运算符，将以同步方式运行。请考虑使用 "await" 运算符等待非阻止的 API 调用，或者使用 "await Task.Run(...)" 在后台线程上执行占用大量 CPU 的工作。 [D:\source\repos\LYBTZYZS\tests\UnitTests\Modules\Consultation.UnitTests\LYBT.Module.Consultation.Tests.csproj]
D:\source\repos\LYBTZYZS\tests\UnitTests\Modules\Consultation.UnitTests\Repositories\ConsultationRepositoryTests.cs(155,23): warning CS1998: 此异步方法缺少 "await" 运算符，将以同步方式运行。请考虑使用 "await" 运算符等待非阻止的 API 调用，或者使用 "await Task.Run(...)" 在后台线程上执行占用大量 CPU 的工作。 [D:\source\repos\LYBTZYZS\tests\UnitTests\Modules\Consultation.UnitTests\LYBT.Module.Consultation.Tests.csproj]
D:\source\repos\LYBTZYZS\tests\UnitTests\Modules\Consultation.UnitTests\Repositories\ConsultationRepositoryTests.cs(166,23): warning CS1998: 此异步方法缺少 "await" 运算符，将以同步方式运行。请考虑使用 "await" 运算符等待非阻止的 API 调用，或者使用 "await Task.Run(...)" 在后台线程上执行占用大量 CPU 的工作。 [D:\source\repos\LYBTZYZS\tests\UnitTests\Modules\Consultation.UnitTests\LYBT.Module.Consultation.Tests.csproj]
D:\source\repos\LYBTZYZS\tests\UnitTests\Modules\Consultation.UnitTests\Repositories\ConsultationRepositoryTests.cs(181,23): warning CS1998: 此异步方法缺少 "await" 运算符，将以同步方式运行。请考虑使用 "await" 运算符等待非阻止的 API 调用，或者使用 "await Task.Run(...)" 在后台线程上执行占用大量 CPU 的工作。 [D:\source\repos\LYBTZYZS\tests\UnitTests\Modules\Consultation.UnitTests\LYBT.Module.Consultation.Tests.csproj]
D:\source\repos\LYBTZYZS\tests\UnitTests\Modules\Consultation.UnitTests\Repositories\ConsultationRepositoryTests.cs(192,23): warning CS1998: 此异步方法缺少 "await" 运算符，将以同步方式运行。请考虑使用 "await" 运算符等待非阻止的 API 调用，或者使用 "await Task.Run(...)" 在后台线程上执行占用大量 CPU 的工作。 [D:\source\repos\LYBTZYZS\tests\UnitTests\Modules\Consultation.UnitTests\LYBT.Module.Consultation.Tests.csproj]
D:\source\repos\LYBTZYZS\tests\UnitTests\Modules\Consultation.UnitTests\Repositories\ConsultationRepositoryTests.cs(203,23): warning CS1998: 此异步方法缺少 "await" 运算符，将以同步方式运行。请考虑使用 "await" 运算符等待非阻止的 API 调用，或者使用 "await Task.Run(...)" 在后台线程上执行占用大量 CPU 的工作。 [D:\source\repos\LYBTZYZS\tests\UnitTests\Modules\Consultation.UnitTests\LYBT.Module.Consultation.Tests.csproj]
  LYBT.Module.Consultation.Tests -> D:\source\repos\LYBTZYZS\BIN\Tests\Debug\net8.0\LYBT.Module.Consultation.Tests.dll
  [coverlet] _mapping file name: 'CoverletSourceRootsMapping_LYBT.Module.Consultation.Tests'
D:\source\repos\LYBTZYZS\BIN\Tests\Debug\net8.0\LYBT.Module.Consultation.Tests.dll (.NETCoreApp,Version=v8.0)的测试运行
VSTest 版本 17.11.1 (x64)

正在启动测试执行，请稍候...
总共 1 个测试文件与指定模式相匹配。
[xUnit.net 00:00:00.37]     LYBT.Module.Consultation.Tests.Mapping.ConsultationMappingProfileTests.MappingConfiguration_Should_BeValid [FAIL]
  失败 LYBT.Module.Consultation.Tests.Mapping.ConsultationMappingProfileTests.MappingConfiguration_Should_BeValid [169 ms]
  错误消息:
   AutoMapper.AutoMapperConfigurationException : 
Unmapped members were found. Review the types and members below.
Add a custom mapping expression, ignore, add a custom resolver, or modify the source/destination type
For no matching constructor, add a no-arg ctor, add optional arguments, or map all of the constructor parameters
=====================================================================================================
Consultation -> ConsultationDto (Destination member list)
LYBT.Entities.Consultation.Consultation -> LYBT.Shared.Models.Contracts.Consultation.ConsultationDto (Destination member list)

Unmapped properties:
PatientId
UserId
===========================================================================================================
Consultation -> ConsultationDetailDto (Destination member list)
LYBT.Entities.Consultation.Consultation -> LYBT.Shared.Models.Contracts.Consultation.ConsultationDetailDto (Destination member list)

Unmapped properties:
PatientId
UserId

  堆栈跟踪:
     at LYBT.Module.Consultation.Tests.Mapping.ConsultationMappingProfileTests.MappingConfiguration_Should_BeValid() in D:\source\repos\LYBTZYZS\tests\UnitTests\Modules\Consultation.UnitTests\Mapping\ConsultationMappingProfileTests.cs:line 38
   at System.RuntimeMethodHandle.InvokeMethod(Object target, Void** arguments, Signature sig, Boolean isConstructor)
   at System.Reflection.MethodBaseInvoker.InvokeWithNoArgs(Object obj, BindingFlags invokeAttr)
[xUnit.net 00:00:00.45]     LYBT.UnitTests.Core.Services.ConsultationServiceTests.CreateAsync_ShouldReturnFailure_BecauseObsolete [FAIL]
  失败 LYBT.UnitTests.Core.Services.ConsultationServiceTests.CreateAsync_ShouldReturnFailure_BecauseObsolete [74 ms]
  错误消息:
   Expected result.IsSuccess to be false, but found True.
  堆栈跟踪:
     at FluentAssertions.Execution.XUnit2TestFramework.Throw(String message)
   at FluentAssertions.Execution.TestFrameworkProvider.Throw(String message)
   at FluentAssertions.Execution.DefaultAssertionStrategy.HandleFailure(String message)
   at FluentAssertions.Execution.AssertionScope.FailWith(Func`1 failReasonFunc)
   at FluentAssertions.Execution.AssertionScope.FailWith(Func`1 failReasonFunc)
   at FluentAssertions.Execution.AssertionScope.FailWith(String message, Object[] args)
   at FluentAssertions.Primitives.BooleanAssertions`1.BeFalse(String because, Object[] becauseArgs)
   at LYBT.UnitTests.Core.Services.ConsultationServiceTests.CreateAsync_ShouldReturnFailure_BecauseObsolete() in D:\source\repos\LYBTZYZS\tests\UnitTests\Modules\Consultation.UnitTests\Services\ConsultationServiceTests.cs:line 123
--- End of stack trace from previous location ---

失败!  - 失败:     2，通过:    39，已跳过:     0，总计:    41，持续时间: 770 ms - LYBT.Module.Consultation.Tests.dll (net8.0)

附件:
  D:\source\repos\LYBTZYZS\TestResults\2686c9bb-8d98-42d5-839e-617d24d8f5c9\coverage.cobertura.xml
